Archive member included to satisfy reference by file (symbol)

.\CortexM3\ARM_GCC_541\Debug\periodicity.a(GPIOJ11.o)
                              .\CortexM3\ARM_GCC_541\Debug\main.o (GPIOJ11_Write)
.\CortexM3\ARM_GCC_541\Debug\periodicity.a(GPIOJ12.o)
                              .\CortexM3\ARM_GCC_541\Debug\main.o (GPIOJ12_Write)
.\CortexM3\ARM_GCC_541\Debug\periodicity.a(GPIOJ13.o)
                              .\CortexM3\ARM_GCC_541\Debug\main.o (GPIOJ13_Write)
.\CortexM3\ARM_GCC_541\Debug\periodicity.a(CyLib.o)
                              .\CortexM3\ARM_GCC_541\Debug\Cm3Start.o (CyHalt)
.\CortexM3\ARM_GCC_541\Debug\periodicity.a(cyPm.o)
                              .\CortexM3\ARM_GCC_541\Debug\periodicity.a(CyLib.o) (CyPmReadStatus)
.\CortexM3\ARM_GCC_541\Debug\periodicity.a(CyBootAsmGnu.o)
                              .\CortexM3\ARM_GCC_541\Debug\cyfitter_cfg.o (CyDelayCycles)
.\CortexM3\ARM_GCC_541\Debug\periodicity.a(CyFlash.o)
                              .\CortexM3\ARM_GCC_541\Debug\periodicity.a(cyPm.o) (CyFlash_SetWaitCycles)
.\CortexM3\ARM_GCC_541\Debug\periodicity.a(CySpc.o)
                              .\CortexM3\ARM_GCC_541\Debug\periodicity.a(CyFlash.o) (CySpcStart)
d:/cypress/psoc creator/4.4/psoc creator/import/gnu/arm/5.4.1/bin/../lib/gcc/arm-none-eabi/5.4.1/../../../../arm-none-eabi/lib/armv7-m\libg_nano.a(lib_a-errno.o)
                              .\CortexM3\ARM_GCC_541\Debug\Cm3Start.o (__errno)
d:/cypress/psoc creator/4.4/psoc creator/import/gnu/arm/5.4.1/bin/../lib/gcc/arm-none-eabi/5.4.1/../../../../arm-none-eabi/lib/armv7-m\libg_nano.a(lib_a-exit.o)
                              d:/cypress/psoc creator/4.4/psoc creator/import/gnu/arm/5.4.1/bin/../lib/gcc/arm-none-eabi/5.4.1/../../../../arm-none-eabi/lib/armv7-m/crt0.o (exit)
d:/cypress/psoc creator/4.4/psoc creator/import/gnu/arm/5.4.1/bin/../lib/gcc/arm-none-eabi/5.4.1/../../../../arm-none-eabi/lib/armv7-m\libg_nano.a(lib_a-impure.o)
                              d:/cypress/psoc creator/4.4/psoc creator/import/gnu/arm/5.4.1/bin/../lib/gcc/arm-none-eabi/5.4.1/../../../../arm-none-eabi/lib/armv7-m\libg_nano.a(lib_a-exit.o) (_global_impure_ptr)
d:/cypress/psoc creator/4.4/psoc creator/import/gnu/arm/5.4.1/bin/../lib/gcc/arm-none-eabi/5.4.1/../../../../arm-none-eabi/lib/armv7-m\libg_nano.a(lib_a-init.o)
                              d:/cypress/psoc creator/4.4/psoc creator/import/gnu/arm/5.4.1/bin/../lib/gcc/arm-none-eabi/5.4.1/../../../../arm-none-eabi/lib/armv7-m/crt0.o (__libc_init_array)
d:/cypress/psoc creator/4.4/psoc creator/import/gnu/arm/5.4.1/bin/../lib/gcc/arm-none-eabi/5.4.1/../../../../arm-none-eabi/lib/armv7-m\libg_nano.a(lib_a-memcpy-stub.o)
                              .\CortexM3\ARM_GCC_541\Debug\queue.o (memcpy)
d:/cypress/psoc creator/4.4/psoc creator/import/gnu/arm/5.4.1/bin/../lib/gcc/arm-none-eabi/5.4.1/../../../../arm-none-eabi/lib/armv7-m\libg_nano.a(lib_a-memset.o)
                              d:/cypress/psoc creator/4.4/psoc creator/import/gnu/arm/5.4.1/bin/../lib/gcc/arm-none-eabi/5.4.1/../../../../arm-none-eabi/lib/armv7-m/crt0.o (memset)

Allocating common symbols
Common symbol       size              file

task1Handler        0x4               .\CortexM3\ARM_GCC_541\Debug\main.o
xQueueRegistry      0x50              .\CortexM3\ARM_GCC_541\Debug\queue.o
task3Handler        0x4               .\CortexM3\ARM_GCC_541\Debug\main.o
task2Handler        0x4               .\CortexM3\ARM_GCC_541\Debug\main.o
dieTemperature      0x2               .\CortexM3\ARM_GCC_541\Debug\periodicity.a(CyFlash.o)

Discarded input sections

 .text          0x00000000        0x0 d:/cypress/psoc creator/4.4/psoc creator/import/gnu/arm/5.4.1/bin/../lib/gcc/arm-none-eabi/5.4.1/armv7-m/crti.o
 .data          0x00000000        0x0 d:/cypress/psoc creator/4.4/psoc creator/import/gnu/arm/5.4.1/bin/../lib/gcc/arm-none-eabi/5.4.1/armv7-m/crti.o
 .bss           0x00000000        0x0 d:/cypress/psoc creator/4.4/psoc creator/import/gnu/arm/5.4.1/bin/../lib/gcc/arm-none-eabi/5.4.1/armv7-m/crti.o
 .data          0x00000000        0x4 d:/cypress/psoc creator/4.4/psoc creator/import/gnu/arm/5.4.1/bin/../lib/gcc/arm-none-eabi/5.4.1/armv7-m/crtbegin.o
 .text          0x00000000       0x74 d:/cypress/psoc creator/4.4/psoc creator/import/gnu/arm/5.4.1/bin/../lib/gcc/arm-none-eabi/5.4.1/../../../../arm-none-eabi/lib/armv7-m/crt0.o
 .data          0x00000000        0x0 d:/cypress/psoc creator/4.4/psoc creator/import/gnu/arm/5.4.1/bin/../lib/gcc/arm-none-eabi/5.4.1/../../../../arm-none-eabi/lib/armv7-m/crt0.o
 .bss           0x00000000        0x0 d:/cypress/psoc creator/4.4/psoc creator/import/gnu/arm/5.4.1/bin/../lib/gcc/arm-none-eabi/5.4.1/../../../../arm-none-eabi/lib/armv7-m/crt0.o
 .ARM.extab     0x00000000        0x0 d:/cypress/psoc creator/4.4/psoc creator/import/gnu/arm/5.4.1/bin/../lib/gcc/arm-none-eabi/5.4.1/../../../../arm-none-eabi/lib/armv7-m/crt0.o
[...]
Memory Configuration

Name             Origin             Length             Attributes
rom              0x00000000         0x00040000         xr
ram              0x1fff8000         0x00010000         xrw
*default*        0x00000000         0xffffffff

Linker script and memory map

LOAD d:/cypress/psoc creator/4.4/psoc creator/import/gnu/arm/5.4.1/bin/../lib/gcc/arm-none-eabi/5.4.1/armv7-m/crti.o
LOAD d:/cypress/psoc creator/4.4/psoc creator/import/gnu/arm/5.4.1/bin/../lib/gcc/arm-none-eabi/5.4.1/armv7-m/crtbegin.o
LOAD d:/cypress/psoc creator/4.4/psoc creator/import/gnu/arm/5.4.1/bin/../lib/gcc/arm-none-eabi/5.4.1/../../../../arm-none-eabi/lib/armv7-m/crt0.o
START GROUP
LOAD .\CortexM3\ARM_GCC_541\Debug\croutine.o
LOAD .\CortexM3\ARM_GCC_541\Debug\event_groups.o
LOAD .\CortexM3\ARM_GCC_541\Debug\list.o
LOAD .\CortexM3\ARM_GCC_541\Debug\mpu_wrappers.o
LOAD .\CortexM3\ARM_GCC_541\Debug\port.o
LOAD .\CortexM3\ARM_GCC_541\Debug\queue.o
LOAD .\CortexM3\ARM_GCC_541\Debug\stream_buffer.o
LOAD .\CortexM3\ARM_GCC_541\Debug\tasks.o
LOAD .\CortexM3\ARM_GCC_541\Debug\timers.o
LOAD .\CortexM3\ARM_GCC_541\Debug\heap_2.o
LOAD .\CortexM3\ARM_GCC_541\Debug\main.o
LOAD .\CortexM3\ARM_GCC_541\Debug\cyfitter_cfg.o
LOAD .\CortexM3\ARM_GCC_541\Debug\cymetadata.o
LOAD .\CortexM3\ARM_GCC_541\Debug\Cm3Start.o
LOAD .\CortexM3\ARM_GCC_541\Debug\periodicity.a
LOAD D:\Cypress\PSoC Creator\4.4\PSoC Creator\psoc\content\cycomponentlibrary\CyComponentLibrary.cylib\CortexM3\ARM_GCC_541\Debug\CyComponentLibrary.a
LOAD d:/cypress/psoc creator/4.4/psoc creator/import/gnu/arm/5.4.1/bin/../lib/gcc/arm-none-eabi/5.4.1/../../../../arm-none-eabi/lib/armv7-m\libm.a
END GROUP
START GROUP
LOAD d:/cypress/psoc creator/4.4/psoc creator/import/gnu/arm/5.4.1/bin/../lib/gcc/arm-none-eabi/5.4.1/armv7-m\libgcc.a
LOAD d:/cypress/psoc creator/4.4/psoc creator/import/gnu/arm/5.4.1/bin/../lib/gcc/arm-none-eabi/5.4.1/../../../../arm-none-eabi/lib/armv7-m\libg_nano.a
LOAD d:/cypress/psoc creator/4.4/psoc creator/import/gnu/arm/5.4.1/bin/../lib/gcc/arm-none-eabi/5.4.1/../../../../arm-none-eabi/lib/armv7-m\libc_nano.a
END GROUP
START GROUP
LOAD d:/cypress/psoc creator/4.4/psoc creator/import/gnu/arm/5.4.1/bin/../lib/gcc/arm-none-eabi/5.4.1/armv7-m\libgcc.a
LOAD d:/cypress/psoc creator/4.4/psoc creator/import/gnu/arm/5.4.1/bin/../lib/gcc/arm-none-eabi/5.4.1/../../../../arm-none-eabi/lib/armv7-m\libc_nano.a
END GROUP
LOAD d:/cypress/psoc creator/4.4/psoc creator/import/gnu/arm/5.4.1/bin/../lib/gcc/arm-none-eabi/5.4.1/armv7-m/crtend.o
LOAD d:/cypress/psoc creator/4.4/psoc creator/import/gnu/arm/5.4.1/bin/../lib/gcc/arm-none-eabi/5.4.1/armv7-m/crtn.o
START GROUP
LOAD d:/cypress/psoc creator/4.4/psoc creator/import/gnu/arm/5.4.1/bin/../lib/gcc/arm-none-eabi/5.4.1/armv7-m\libgcc.a
LOAD d:/cypress/psoc creator/4.4/psoc creator/import/gnu/arm/5.4.1/bin/../lib/gcc/arm-none-eabi/5.4.1/../../../../arm-none-eabi/lib/armv7-m\libc.a
LOAD d:/cypress/psoc creator/4.4/psoc creator/import/gnu/arm/5.4.1/bin/../lib/gcc/arm-none-eabi/5.4.1/../../../../arm-none-eabi/lib/armv7-m\libnosys.a
END GROUP
                0x00000000                CY_APPL_ORIGIN = 0x0
                0x00000100                CY_FLASH_ROW_SIZE = 0x100
                0x00000020                CY_ECC_ROW_SIZE = 0x20
                0x00000000                CY_EE_IN_BTLDR = 0x0
                0x00000000                CY_APPL_LOADABLE = 0x0
                0x00000800                CY_EE_SIZE = 0x800
                0x00000001                CY_APPL_NUM = 0x1
                0x00000001                CY_APPL_MAX = 0x1
                0x00000040                CY_METADATA_SIZE = 0x40
                0x00000000                CY_APPL_LOADABLE = 0x0
                0x00000000                CY_CHECKSUM_EXCLUDE_SIZE = ALIGN (0x0, CY_FLASH_ROW_SIZE)
                [!provide]                PROVIDE (__cy_heap_start, _end)
                0x00000001                PROVIDE (__cy_region_num, ((__cy_regions_end - __cy_regions) / 0x10))
                0x20008000                PROVIDE (__cy_stack, (ORIGIN (ram) + LENGTH (ram)))
                [!provide]                PROVIDE (__cy_heap_end, (__cy_stack - 0x800))

.cybootloader   0x00000000        0x0
 *(.cybootloader)
                0x00000000                appl1_start = CY_APPL_ORIGIN?CY_APPL_ORIGIN:ALIGN (CY_FLASH_ROW_SIZE)
                0x0001ff00                appl2_start = (appl1_start + ALIGN ((((LENGTH (rom) - appl1_start) - (0x2 * CY_FLASH_ROW_SIZE)) / 0x2), CY_FLASH_ROW_SIZE))
                0x00000000                appl_start = (CY_APPL_NUM == 0x1)?appl1_start:appl2_start
                0x00000000                ecc_offset = ((appl_start / CY_FLASH_ROW_SIZE) * CY_ECC_ROW_SIZE)
                0x00000000                ee_offset = (CY_APPL_LOADABLE && ! (CY_EE_IN_BTLDR))?((CY_EE_SIZE / CY_APPL_MAX) * (CY_APPL_NUM - 0x1)):0x0
                0x00000800                ee_size = (CY_APPL_LOADABLE && ! (CY_EE_IN_BTLDR))?(CY_EE_SIZE / CY_APPL_MAX):CY_EE_SIZE
                [!provide]                PROVIDE (CY_ECC_OFFSET, ecc_offset)

.text           0x00000000     0x18be
 CREATE_OBJECT_SYMBOLS
                0x00000000                PROVIDE (__cy_interrupt_vector, RomVectors)
 *(.romvectors)
 .romvectors    0x00000000       0x10 .\CortexM3\ARM_GCC_541\Debug\Cm3Start.o
                0x00000000                RomVectors
                0x00000001                ASSERT ((. != __cy_interrupt_vector), No interrupt vector)
                0x00000001                ASSERT (CY_APPL_ORIGIN?(SIZEOF (.cybootloader) <= CY_APPL_ORIGIN):0x1, Wrong image location)
                0x00000010                PROVIDE (__cy_reset, Reset)
 *(.text.Reset)
 .text.Reset    0x00000010       0x18 .\CortexM3\ARM_GCC_541\Debug\Cm3Start.o
                0x00000010                Reset
                0x00000001                ASSERT ((. != __cy_reset), No reset code)
 *(.dma_init)
                0x00000001                ASSERT ((((appl_start + .) <= 0x10000) || 0x1), DMA Init must be within the first 64k of flash)
 *(.text .text.* .gnu.linkonce.t.*)
 .text          0x00000028       0x5c d:/cypress/psoc creator/4.4/psoc creator/import/gnu/arm/5.4.1/bin/../lib/gcc/arm-none-eabi/5.4.1/armv7-m/crtbegin.o
 .text.vListInitialise
                0x00000084       0x18 .\CortexM3\ARM_GCC_541\Debug\list.o
                0x00000084                vListInitialise
 .text.vListInitialiseItem
                0x0000009c        0x8 .\CortexM3\ARM_GCC_541\Debug\list.o
                0x0000009c                vListInitialiseItem
 .text.vListInsertEnd
                0x000000a4       0x18 .\CortexM3\ARM_GCC_541\Debug\list.o
                0x000000a4                vListInsertEnd
 .text.vListInsert
                0x000000bc       0x34 .\CortexM3\ARM_GCC_541\Debug\list.o
                0x000000bc                vListInsert
 .text.uxListRemove
                0x000000f0       0x28 .\CortexM3\ARM_GCC_541\Debug\list.o
                0x000000f0                uxListRemove
 .text.prvTaskExitError
                0x00000118       0x20 .\CortexM3\ARM_GCC_541\Debug\port.o
 .text.prvPortStartFirstTask
                0x00000138       0x20 .\CortexM3\ARM_GCC_541\Debug\port.o
 .text.pxPortInitialiseStack
                0x00000158       0x24 .\CortexM3\ARM_GCC_541\Debug\port.o
                0x00000158                pxPortInitialiseStack
 *fill*         0x0000017c        0x4 
 .text.vPortSVCHandler
                0x00000180       0x24 .\CortexM3\ARM_GCC_541\Debug\port.o
                0x00000180                vPortSVCHandler
 .text.vPortEnterCritical
                0x000001a4       0x20 .\CortexM3\ARM_GCC_541\Debug\port.o
                0x000001a4                vPortEnterCritical
 .text.vPortExitCritical
                0x000001c4       0x14 .\CortexM3\ARM_GCC_541\Debug\port.o
                0x000001c4                vPortExitCritical
 *fill*         0x000001d8        0x8 
 .text.xPortPendSVHandler
                0x000001e0       0x44 .\CortexM3\ARM_GCC_541\Debug\port.o
                0x000001e0                xPortPendSVHandler
 .text.xPortSysTickHandler
                0x00000224       0x2c .\CortexM3\ARM_GCC_541\Debug\port.o
                0x00000224                xPortSysTickHandler
 .text.vPortSetupTimerInterrupt
                0x00000250       0x24 .\CortexM3\ARM_GCC_541\Debug\port.o
                0x00000250                vPortSetupTimerInterrupt
 .text.xPortStartScheduler
                0x00000274       0x38 .\CortexM3\ARM_GCC_541\Debug\port.o
                0x00000274                xPortStartScheduler
 .text.prvIsQueueFull
                0x000002ac       0x20 .\CortexM3\ARM_GCC_541\Debug\queue.o
 .text.prvIsQueueEmpty
                0x000002cc       0x1c .\CortexM3\ARM_GCC_541\Debug\queue.o
 .text.prvCopyDataToQueue
                0x000002e8       0x78 .\CortexM3\ARM_GCC_541\Debug\queue.o
 .text.prvCopyDataFromQueue
                0x00000360       0x24 .\CortexM3\ARM_GCC_541\Debug\queue.o
 .text.prvUnlockQueue
                0x00000384       0x68 .\CortexM3\ARM_GCC_541\Debug\queue.o
 .text.xQueueGenericReset
                0x000003ec       0x6c .\CortexM3\ARM_GCC_541\Debug\queue.o
                0x000003ec                xQueueGenericReset
 .text.prvInitialiseNewQueue
                0x00000458       0x1c .\CortexM3\ARM_GCC_541\Debug\queue.o
 .text.xQueueGenericCreate
                0x00000474       0x34 .\CortexM3\ARM_GCC_541\Debug\queue.o
                0x00000474                xQueueGenericCreate
 .text.xQueueGenericSend
                0x000004a8      0x108 .\CortexM3\ARM_GCC_541\Debug\queue.o
                0x000004a8                xQueueGenericSend
 .text.xQueueGenericSendFromISR
                0x000005b0       0x70 .\CortexM3\ARM_GCC_541\Debug\queue.o
                0x000005b0                xQueueGenericSendFromISR
 .text.xQueueReceive
                0x00000620       0xf8 .\CortexM3\ARM_GCC_541\Debug\queue.o
                0x00000620                xQueueReceive
 .text.vQueueAddToRegistry
                0x00000718       0x28 .\CortexM3\ARM_GCC_541\Debug\queue.o
                0x00000718                vQueueAddToRegistry
 .text.vQueueWaitForMessageRestricted
                0x00000740       0x4c .\CortexM3\ARM_GCC_541\Debug\queue.o
                0x00000740                vQueueWaitForMessageRestricted
 .text.prvResetNextTaskUnblockTime
                0x0000078c       0x24 .\CortexM3\ARM_GCC_541\Debug\tasks.o
 .text.prvDeleteTCB
                0x000007b0       0x14 .\CortexM3\ARM_GCC_541\Debug\tasks.o
 .text.prvInitialiseNewTask
                0x000007c4       0x90 .\CortexM3\ARM_GCC_541\Debug\tasks.o
 .text.prvInitialiseTaskLists
                0x00000854       0x58 .\CortexM3\ARM_GCC_541\Debug\tasks.o
 .text.prvAddNewTaskToReadyList
                0x000008ac       0xac .\CortexM3\ARM_GCC_541\Debug\tasks.o
 .text.prvCheckTasksWaitingTermination
                0x00000958       0x44 .\CortexM3\ARM_GCC_541\Debug\tasks.o
 .text.prvIdleTask
                0x0000099c        0x8 .\CortexM3\ARM_GCC_541\Debug\tasks.o
 .text.prvAddCurrentTaskToDelayedList
                0x000009a4       0x84 .\CortexM3\ARM_GCC_541\Debug\tasks.o
 .text.xTaskCreate
                0x00000a28       0x64 .\CortexM3\ARM_GCC_541\Debug\tasks.o
                0x00000a28                xTaskCreate
 .text.vTaskStartScheduler
                0x00000a8c       0x60 .\CortexM3\ARM_GCC_541\Debug\tasks.o
                0x00000a8c                vTaskStartScheduler
 .text.vTaskSuspendAll
                0x00000aec       0x14 .\CortexM3\ARM_GCC_541\Debug\tasks.o
                0x00000aec                vTaskSuspendAll
 .text.xTaskGetTickCount
                0x00000b00        0xc .\CortexM3\ARM_GCC_541\Debug\tasks.o
                0x00000b00                xTaskGetTickCount
 .text.xTaskIncrementTick
                0x00000b0c      0x100 .\CortexM3\ARM_GCC_541\Debug\tasks.o
                0x00000b0c                xTaskIncrementTick
 .text.xTaskResumeAll
                0x00000c0c       0xd8 .\CortexM3\ARM_GCC_541\Debug\tasks.o
                0x00000c0c                xTaskResumeAll
 .text.vTaskDelay
                0x00000ce4       0x34 .\CortexM3\ARM_GCC_541\Debug\tasks.o
                0x00000ce4                vTaskDelay
 .text.vTaskSwitchContext
                0x00000d18       0x70 .\CortexM3\ARM_GCC_541\Debug\tasks.o
                0x00000d18                vTaskSwitchContext
 .text.vTaskPlaceOnEventList
                0x00000d88       0x20 .\CortexM3\ARM_GCC_541\Debug\tasks.o
                0x00000d88                vTaskPlaceOnEventList
 .text.vTaskPlaceOnEventListRestricted
                0x00000da8       0x28 .\CortexM3\ARM_GCC_541\Debug\tasks.o
                0x00000da8                vTaskPlaceOnEventListRestricted
 .text.xTaskRemoveFromEventList
                0x00000dd0       0x74 .\CortexM3\ARM_GCC_541\Debug\tasks.o
                0x00000dd0                xTaskRemoveFromEventList
 .text.vTaskInternalSetTimeOutState
                0x00000e44       0x14 .\CortexM3\ARM_GCC_541\Debug\tasks.o
                0x00000e44                vTaskInternalSetTimeOutState
 .text.xTaskCheckForTimeOut
                0x00000e58       0x58 .\CortexM3\ARM_GCC_541\Debug\tasks.o
                0x00000e58                xTaskCheckForTimeOut
 .text.vTaskMissedYield
                0x00000eb0       0x10 .\CortexM3\ARM_GCC_541\Debug\tasks.o
                0x00000eb0                vTaskMissedYield
 .text.xTaskGetSchedulerState
                0x00000ec0       0x20 .\CortexM3\ARM_GCC_541\Debug\tasks.o
                0x00000ec0                xTaskGetSchedulerState
 .text.xTaskPriorityDisinherit
                0x00000ee0       0x88 .\CortexM3\ARM_GCC_541\Debug\tasks.o
                0x00000ee0                xTaskPriorityDisinherit
 .text.prvGetNextExpireTime
                0x00000f68       0x20 .\CortexM3\ARM_GCC_541\Debug\timers.o
 .text.prvInsertTimerInActiveList
                0x00000f88       0x44 .\CortexM3\ARM_GCC_541\Debug\timers.o
 .text.prvCheckForValidListAndQueue
                0x00000fcc       0x48 .\CortexM3\ARM_GCC_541\Debug\timers.o
 .text.xTimerCreateTimerTask
                0x00001014       0x40 .\CortexM3\ARM_GCC_541\Debug\timers.o
                0x00001014                xTimerCreateTimerTask
 .text.xTimerGenericCommand
                0x00001054       0x58 .\CortexM3\ARM_GCC_541\Debug\timers.o
                0x00001054                xTimerGenericCommand
 .text.prvSwitchTimerLists
                0x000010ac       0x60 .\CortexM3\ARM_GCC_541\Debug\timers.o
 .text.prvSampleTimeNow
                0x0000110c       0x2c .\CortexM3\ARM_GCC_541\Debug\timers.o
 .text.prvProcessExpiredTimer
                0x00001138       0x48 .\CortexM3\ARM_GCC_541\Debug\timers.o
 .text.prvProcessTimerOrBlockTask
                0x00001180       0x70 .\CortexM3\ARM_GCC_541\Debug\timers.o
 .text.prvProcessReceivedCommands
                0x000011f0       0x94 .\CortexM3\ARM_GCC_541\Debug\timers.o
 .text.prvTimerTask
                0x00001284       0x18 .\CortexM3\ARM_GCC_541\Debug\timers.o
 .text.prvHeapInit
                0x0000129c       0x30 .\CortexM3\ARM_GCC_541\Debug\heap_2.o
 .text.pvPortMalloc
                0x000012cc       0xac .\CortexM3\ARM_GCC_541\Debug\heap_2.o
                0x000012cc                pvPortMalloc
 .text.vPortFree
                0x00001378       0x44 .\CortexM3\ARM_GCC_541\Debug\heap_2.o
                0x00001378                vPortFree
 .text.freeRTOSInit
                0x000013bc       0x20 .\CortexM3\ARM_GCC_541\Debug\main.o
 .text.task1    0x000013dc       0x4c .\CortexM3\ARM_GCC_541\Debug\main.o
                0x000013dc                task1
 .text.task2    0x00001428       0x48 .\CortexM3\ARM_GCC_541\Debug\main.o
                0x00001428                task2
 .text.task3    0x00001470       0x48 .\CortexM3\ARM_GCC_541\Debug\main.o
                0x00001470                task3
 .text.main     0x000014b8       0x74 .\CortexM3\ARM_GCC_541\Debug\main.o
                0x000014b8                main
 .text.CyClockStartupError
                0x0000152c        0x4 .\CortexM3\ARM_GCC_541\Debug\cyfitter_cfg.o
 .text.AnalogSetDefault
                0x00001530       0x28 .\CortexM3\ARM_GCC_541\Debug\cyfitter_cfg.o
 .text.CYMEMZERO
                0x00001558        0xc .\CortexM3\ARM_GCC_541\Debug\cyfitter_cfg.o
 .text.ClockSetup
                0x00001564       0x9c .\CortexM3\ARM_GCC_541\Debug\cyfitter_cfg.o
 .text.CYCONFIGCPY
                0x00001600        0x8 .\CortexM3\ARM_GCC_541\Debug\cyfitter_cfg.o
 .text.cyfitter_cfg
                0x00001608       0xd8 .\CortexM3\ARM_GCC_541\Debug\cyfitter_cfg.o
                0x00001608                cyfitter_cfg
 .text.IntDefaultHandler
                0x000016e0       0x10 .\CortexM3\ARM_GCC_541\Debug\Cm3Start.o
                0x000016e0                IntDefaultHandler
 .text.Start_c  0x000016f0       0x4c .\CortexM3\ARM_GCC_541\Debug\Cm3Start.o
                0x000016f0                Start_c
 .text.initialize_psoc
                0x0000173c       0x68 .\CortexM3\ARM_GCC_541\Debug\Cm3Start.o
                0x0000173c                initialize_psoc
 .text.GPIOJ11_Write
                0x000017a4       0x18 .\CortexM3\ARM_GCC_541\Debug\periodicity.a(GPIOJ11.o)
                0x000017a4                GPIOJ11_Write
 .text.GPIOJ11_Read
                0x000017bc       0x10 .\CortexM3\ARM_GCC_541\Debug\periodicity.a(GPIOJ11.o)
                0x000017bc                GPIOJ11_Read
 .text.GPIOJ12_Write
                0x000017cc       0x18 .\CortexM3\ARM_GCC_541\Debug\periodicity.a(GPIOJ12.o)
                0x000017cc                GPIOJ12_Write
 .text.GPIOJ12_Read
                0x000017e4       0x10 .\CortexM3\ARM_GCC_541\Debug\periodicity.a(GPIOJ12.o)
                0x000017e4                GPIOJ12_Read
 .text.GPIOJ13_Write
                0x000017f4       0x18 .\CortexM3\ARM_GCC_541\Debug\periodicity.a(GPIOJ13.o)
                0x000017f4                GPIOJ13_Write
 .text.GPIOJ13_Read
                0x0000180c       0x10 .\CortexM3\ARM_GCC_541\Debug\periodicity.a(GPIOJ13.o)
                0x0000180c                GPIOJ13_Read
 *fill*         0x0000181c        0x4 
 .text          0x00001820       0x20 .\CortexM3\ARM_GCC_541\Debug\periodicity.a(CyBootAsmGnu.o)
                0x00001820                CyDelayCycles
                0x00001830                CyEnterCriticalSection
                0x00001838                CyExitCriticalSection
 .text.__errno  0x00001840        0xc d:/cypress/psoc creator/4.4/psoc creator/import/gnu/arm/5.4.1/bin/../lib/gcc/arm-none-eabi/5.4.1/../../../../arm-none-eabi/lib/armv7-m\libg_nano.a(lib_a-errno.o)
                0x00001840                __errno
 .text.__libc_init_array
                0x0000184c       0x4c d:/cypress/psoc creator/4.4/psoc creator/import/gnu/arm/5.4.1/bin/../lib/gcc/arm-none-eabi/5.4.1/../../../../arm-none-eabi/lib/armv7-m\libg_nano.a(lib_a-init.o)
                0x0000184c                __libc_init_array
 .text.memcpy   0x00001898       0x16 d:/cypress/psoc creator/4.4/psoc creator/import/gnu/arm/5.4.1/bin/../lib/gcc/arm-none-eabi/5.4.1/../../../../arm-none-eabi/lib/armv7-m\libg_nano.a(lib_a-memcpy-stub.o)
                0x00001898                memcpy
 .text.memset   0x000018ae       0x10 d:/cypress/psoc creator/4.4/psoc creator/import/gnu/arm/5.4.1/bin/../lib/gcc/arm-none-eabi/5.4.1/../../../../arm-none-eabi/lib/armv7-m\libg_nano.a(lib_a-memset.o)
                0x000018ae                memset
 *(.plt)
 *(.gnu.warning)
 *(.glue_7t)
 .glue_7t       0x000018be        0x0 linker stubs
 *(.glue_7)
 .glue_7        0x000018be        0x0 linker stubs
 *(.vfp11_veneer)
 .vfp11_veneer  0x000018be        0x0 linker stubs
 *(.bootloader)
 *(.ARM.extab* .gnu.linkonce.armextab.*)
 *(.gcc_except_table)

.v4_bx          0x000018c0        0x0
 .v4_bx         0x000018c0        0x0 linker stubs

.iplt           0x000018c0        0x0
 .iplt          0x000018c0        0x0 d:/cypress/psoc creator/4.4/psoc creator/import/gnu/arm/5.4.1/bin/../lib/gcc/arm-none-eabi/5.4.1/armv7-m/crtbegin.o

.eh_frame_hdr
 *(.eh_frame_hdr)

.eh_frame       0x000018c0        0x4
 *(.eh_frame)
 .eh_frame      0x000018c0        0x0 d:/cypress/psoc creator/4.4/psoc creator/import/gnu/arm/5.4.1/bin/../lib/gcc/arm-none-eabi/5.4.1/armv7-m/crtbegin.o
 .eh_frame      0x000018c0        0x4 d:/cypress/psoc creator/4.4/psoc creator/import/gnu/arm/5.4.1/bin/../lib/gcc/arm-none-eabi/5.4.1/armv7-m/crtend.o
                [!provide]                PROVIDE (__exidx_start, .)

.ARM.exidx
 *(.ARM.exidx* .gnu.linkonce.armexidx.*)
                0x000018c4                __exidx_end = .

.rodata         0x000018c4       0x8c
 *(.rodata .rodata.* .gnu.linkonce.r.*)
 .rodata.str1.4
                0x000018c4        0x5 .\CortexM3\ARM_GCC_541\Debug\tasks.o
 *fill*         0x000018c9        0x3 
 .rodata.str1.4
                0x000018cc       0x10 .\CortexM3\ARM_GCC_541\Debug\timers.o
 .rodata.str1.4
                0x000018dc       0x18 .\CortexM3\ARM_GCC_541\Debug\main.o
                                 0x17 (size before relaxing)
 .rodata        0x000018f4       0x24 .\CortexM3\ARM_GCC_541\Debug\cyfitter_cfg.o
 .rodata.str1.1
                0x00001918        0x2 d:/cypress/psoc creator/4.4/psoc creator/import/gnu/arm/5.4.1/bin/../lib/gcc/arm-none-eabi/5.4.1/../../../../arm-none-eabi/lib/armv7-m\libg_nano.a(lib_a-impure.o)
                0x0000191c                . = ALIGN (0x4)
 *fill*         0x0000191a        0x2 
 *(.init)
 .init          0x0000191c        0x4 d:/cypress/psoc creator/4.4/psoc creator/import/gnu/arm/5.4.1/bin/../lib/gcc/arm-none-eabi/5.4.1/armv7-m/crti.o
                0x0000191c                _init
 .init          0x00001920        0x8 d:/cypress/psoc creator/4.4/psoc creator/import/gnu/arm/5.4.1/bin/../lib/gcc/arm-none-eabi/5.4.1/armv7-m/crtn.o
                0x00001928                . = ALIGN (0x4)
                0x00001928                __preinit_array_start = .
 *(.preinit_array)
                0x00001928                __preinit_array_end = .
                0x00001928                . = ALIGN (0x4)
                0x00001928                __init_array_start = .
 *(SORT(.init_array.*))
 *(.init_array)
 .init_array    0x00001928        0x4 d:/cypress/psoc creator/4.4/psoc creator/import/gnu/arm/5.4.1/bin/../lib/gcc/arm-none-eabi/5.4.1/armv7-m/crtbegin.o
 .init_array    0x0000192c        0x4 .\CortexM3\ARM_GCC_541\Debug\Cm3Start.o
                0x00001930                __init_array_end = .
                0x00001930                . = ALIGN (0x4)
 *(.fini)
 .fini          0x00001930        0x4 d:/cypress/psoc creator/4.4/psoc creator/import/gnu/arm/5.4.1/bin/../lib/gcc/arm-none-eabi/5.4.1/armv7-m/crti.o
                0x00001930                _fini
 .fini          0x00001934        0x8 d:/cypress/psoc creator/4.4/psoc creator/import/gnu/arm/5.4.1/bin/../lib/gcc/arm-none-eabi/5.4.1/armv7-m/crtn.o
                0x0000193c                . = ALIGN (0x4)
                0x0000193c                __fini_array_start = .
 *(.fini_array)
 .fini_array    0x0000193c        0x4 d:/cypress/psoc creator/4.4/psoc creator/import/gnu/arm/5.4.1/bin/../lib/gcc/arm-none-eabi/5.4.1/armv7-m/crtbegin.o
 *(SORT(.fini_array.*))
                0x00001940                __fini_array_end = .
                0x00001940                . = ALIGN (0x4)
 *crtbegin.o(.ctors)
 *(EXCLUDE_FILE(*crtend.o) .ctors)
 *(SORT(.ctors.*))
 *crtend.o(.ctors)
                0x00001940                . = ALIGN (0x4)
 *crtbegin.o(.dtors)
 *(EXCLUDE_FILE(*crtend.o) .dtors)
 *(SORT(.dtors.*))
 *crtend.o(.dtors)
                0x00001940                . = ALIGN (0x4)
                0x00001940                __cy_regions = .
                0x00001940        0x4 LONG 0x1950 __cy_region_init_ram
                0x00001944        0x4 LONG 0x1fff80c8 __cy_region_start_data
                0x00001948        0x4 LONG 0x70 __cy_region_init_size_ram
                0x0000194c        0x4 LONG 0x83e8 __cy_region_zero_size_ram
                0x00001950                __cy_regions_end = .
                0x00001950                . = ALIGN (0x8)
                0x00001950                _etext = .

.cy_checksum_exclude
                0x00001950        0x0
 *(.cy_checksum_exclude)

.ramvectors     0x1fff8000       0xc0
                0x1fff8000                __cy_region_start_ram = .
 *(.ramvectors)
 .ramvectors    0x1fff8000       0xc0 .\CortexM3\ARM_GCC_541\Debug\Cm3Start.o
                0x1fff8000                CyRamVectors

.noinit         0x1fff80c0        0x1
 *(.noinit)
 .noinit        0x1fff80c0        0x1 .\CortexM3\ARM_GCC_541\Debug\periodicity.a(CyLib.o)
                0x1fff80c0                CyResetStatus

.data           0x1fff80c8       0x70 load address 0x00001950
                0x1fff80c8                __cy_region_start_data = .
 *(.jcr)
 .jcr           0x1fff80c8        0x0 d:/cypress/psoc creator/4.4/psoc creator/import/gnu/arm/5.4.1/bin/../lib/gcc/arm-none-eabi/5.4.1/armv7-m/crtbegin.o
 .jcr           0x1fff80c8        0x4 d:/cypress/psoc creator/4.4/psoc creator/import/gnu/arm/5.4.1/bin/../lib/gcc/arm-none-eabi/5.4.1/armv7-m/crtend.o
 *(.got.plt)
 *(.got)
 *(.shdata)
 *(.data .data.* .gnu.linkonce.d.*)
 .data          0x1fff80cc        0x4 .\CortexM3\ARM_GCC_541\Debug\port.o
 .data          0x1fff80d0        0x4 .\CortexM3\ARM_GCC_541\Debug\heap_2.o
 .data.impure_data
                0x1fff80d4       0x60 d:/cypress/psoc creator/4.4/psoc creator/import/gnu/arm/5.4.1/bin/../lib/gcc/arm-none-eabi/5.4.1/../../../../arm-none-eabi/lib/armv7-m\libg_nano.a(lib_a-impure.o)
 .data._impure_ptr
                0x1fff8134        0x4 d:/cypress/psoc creator/4.4/psoc creator/import/gnu/arm/5.4.1/bin/../lib/gcc/arm-none-eabi/5.4.1/../../../../arm-none-eabi/lib/armv7-m\libg_nano.a(lib_a-impure.o)
                0x1fff8134                _impure_ptr
                0x1fff8138                . = ALIGN (0x8)
 *(.ram)
                0x1fff8138                _edata = .

.igot.plt       0x1fff8138        0x0 load address 0x000019c0
 .igot.plt      0x1fff8138        0x0 d:/cypress/psoc creator/4.4/psoc creator/import/gnu/arm/5.4.1/bin/../lib/gcc/arm-none-eabi/5.4.1/armv7-m/crtbegin.o

.bss            0x1fff8138     0x83e8 load address 0x000019c0
                0x1fff8138                PROVIDE (__bss_start__, .)
 *(.shbss)
 *(.bss .bss.* .gnu.linkonce.b.*)
 .bss           0x1fff8138       0x1c d:/cypress/psoc creator/4.4/psoc creator/import/gnu/arm/5.4.1/bin/../lib/gcc/arm-none-eabi/5.4.1/armv7-m/crtbegin.o
 .bss           0x1fff8154      0x320 .\CortexM3\ARM_GCC_541\Debug\tasks.o
                0x1fff8448                pxCurrentTCB
 .bss           0x1fff8474       0x3c .\CortexM3\ARM_GCC_541\Debug\timers.o
 .bss           0x1fff84b0     0x8014 .\CortexM3\ARM_GCC_541\Debug\heap_2.o
 *(COMMON)
 COMMON         0x200004c4       0x50 .\CortexM3\ARM_GCC_541\Debug\queue.o
                0x200004c4                xQueueRegistry
 COMMON         0x20000514        0xc .\CortexM3\ARM_GCC_541\Debug\main.o
                0x20000514                task1Handler
                0x20000518                task3Handler
                0x2000051c                task2Handler
                0x20000520                . = ALIGN (0x8)
 *(.ram.b)
                0x20000520                _end = .
                0x20000520                __end = .
                0x20000520                PROVIDE (end, .)
                0x20000520                PROVIDE (__bss_end__, .)
                0x00001950                __cy_region_init_ram = LOADADDR (.data)
                0x00000070                __cy_region_init_size_ram = (_edata - ADDR (.data))
                0x000083e8                __cy_region_zero_size_ram = (_end - _edata)

.heap           0x20000520       0x80 load address 0x000019c0
                0x20000520                . = _end
                0x200005a0                . = (. + 0x80)
 *fill*         0x20000520       0x80 
                0x200005a0                __cy_heap_limit = .

.stack          0x20007800      0x800
                0x20007800                __cy_stack_limit = .
                0x20008000                . = (. + 0x800)
 *fill*         0x20007800      0x800 
                0x00000001                ASSERT ((__cy_stack_limit >= __cy_heap_limit), region RAM overflowed with stack)
                0x00000000                cy_checksum_exclude_size = (CY_APPL_LOADABLE == 0x1)?SIZEOF (.cy_checksum_exclude):0x0
                0x00000001                ASSERT ((cy_checksum_exclude_size <= CY_CHECKSUM_EXCLUDE_SIZE), CY_BOOT: Section .cy_checksum_exclude size exceedes specified limit.)

.cyloadermeta
 *(.cyloadermeta)

.cyloadablemeta
 *(.cyloadablemeta)

.cyconfigecc    0x80000000       0x20
 *(.cyconfigecc)
 .cyconfigecc   0x80000000       0x20 .\CortexM3\ARM_GCC_541\Debug\cymetadata.o
                0x80000000                cy_meta_configecc

.cycustnvl      0x90000000        0x4
 *(.cycustnvl)
 .cycustnvl     0x90000000        0x4 .\CortexM3\ARM_GCC_541\Debug\cymetadata.o
                0x90000000                cy_meta_custnvl

.cywolatch      0x90100000        0x4
 *(.cywolatch)
 .cywolatch     0x90100000        0x4 .\CortexM3\ARM_GCC_541\Debug\cymetadata.o
                0x90100000                cy_meta_wonvl

.cyeeprom       0x90200000        0x0
 *(.cyeeprom)
                0x00000001                ASSERT ((. <= ((0x90200000 + ee_offset) + ee_size)), .cyeeprom data will not fit in EEPROM)

.cyflashprotect
                0x90400000      0x100
 *(.cyflashprotect)
 .cyflashprotect
                0x90400000      0x100 .\CortexM3\ARM_GCC_541\Debug\cymetadata.o
                0x90400000                cy_meta_flashprotect

.cymeta         0x90500000        0xc
 *(.cymeta)
 .cymeta        0x90500000        0xc .\CortexM3\ARM_GCC_541\Debug\cymetadata.o
                0x90500000                cy_metadata

.rel.dyn        0x000019c0        0x0 load address 0x9050000c
 .rel.iplt      0x000019c0        0x0 d:/cypress/psoc creator/4.4/psoc creator/import/gnu/arm/5.4.1/bin/../lib/gcc/arm-none-eabi/5.4.1/armv7-m/crtbegin.o

.stab
 *(.stab)

.stabstr
 *(.stabstr)

.debug
 *(.debug)

.line
 *(.line)

.debug_srcinfo
 *(.debug_srcinfo)

.debug_sfnames
 *(.debug_sfnames)

.debug_aranges  0x00000000      0xe20
 *(.debug_aranges)
 .debug_aranges
                0x00000000       0x18 .\CortexM3\ARM_GCC_541\Debug\croutine.o
 .debug_aranges
                0x00000018       0x68 .\CortexM3\ARM_GCC_541\Debug\event_groups.o
 .debug_aranges
                0x00000080       0x40 .\CortexM3\ARM_GCC_541\Debug\list.o
 .debug_aranges
                0x000000c0      0x260 .\CortexM3\ARM_GCC_541\Debug\mpu_wrappers.o
 .debug_aranges
                0x00000320       0x70 .\CortexM3\ARM_GCC_541\Debug\port.o
 .debug_aranges
                0x00000390      0x118 .\CortexM3\ARM_GCC_541\Debug\queue.o
 .debug_aranges
                0x000004a8       0xc0 .\CortexM3\ARM_GCC_541\Debug\stream_buffer.o
 .debug_aranges
                0x00000568      0x1c8 .\CortexM3\ARM_GCC_541\Debug\tasks.o
 .debug_aranges
                0x00000730       0xb8 .\CortexM3\ARM_GCC_541\Debug\timers.o
 .debug_aranges
                0x000007e8       0x40 .\CortexM3\ARM_GCC_541\Debug\heap_2.o
 .debug_aranges
                0x00000828       0x40 .\CortexM3\ARM_GCC_541\Debug\main.o
 .debug_aranges
                0x00000868       0x50 .\CortexM3\ARM_GCC_541\Debug\cyfitter_cfg.o
 .debug_aranges
                0x000008b8       0x18 .\CortexM3\ARM_GCC_541\Debug\cymetadata.o
 .debug_aranges
                0x000008d0       0x48 .\CortexM3\ARM_GCC_541\Debug\Cm3Start.o
 .debug_aranges
                0x00000918       0x38 .\CortexM3\ARM_GCC_541\Debug\periodicity.a(GPIOJ11.o)
 .debug_aranges
                0x00000950       0x38 .\CortexM3\ARM_GCC_541\Debug\periodicity.a(GPIOJ12.o)
 .debug_aranges
                0x00000988       0x38 .\CortexM3\ARM_GCC_541\Debug\periodicity.a(GPIOJ13.o)
 .debug_aranges
                0x000009c0      0x2a0 .\CortexM3\ARM_GCC_541\Debug\periodicity.a(CyLib.o)
 .debug_aranges
                0x00000c60       0x98 .\CortexM3\ARM_GCC_541\Debug\periodicity.a(cyPm.o)
 .debug_aranges
                0x00000cf8       0x20 .\CortexM3\ARM_GCC_541\Debug\periodicity.a(CyBootAsmGnu.o)
 .debug_aranges
                0x00000d18       0x88 .\CortexM3\ARM_GCC_541\Debug\periodicity.a(CyFlash.o)
 .debug_aranges
                0x00000da0       0x80 .\CortexM3\ARM_GCC_541\Debug\periodicity.a(CySpc.o)

.debug_pubnames
 *(.debug_pubnames)

.debug_info     0x00000000     0xd961
 *(.debug_info .gnu.linkonce.wi.*)
 .debug_info    0x00000000       0x79 .\CortexM3\ARM_GCC_541\Debug\croutine.o
 .debug_info    0x00000079      0x8f1 .\CortexM3\ARM_GCC_541\Debug\event_groups.o
 .debug_info    0x0000096a      0x2ac .\CortexM3\ARM_GCC_541\Debug\list.o
 .debug_info    0x00000c16     0x3182 .\CortexM3\ARM_GCC_541\Debug\mpu_wrappers.o
 .debug_info    0x00003d98      0x32e .\CortexM3\ARM_GCC_541\Debug\port.o
 .debug_info    0x000040c6     0x19c8 .\CortexM3\ARM_GCC_541\Debug\queue.o
 .debug_info    0x00005a8e     0x123f .\CortexM3\ARM_GCC_541\Debug\stream_buffer.o
 .debug_info    0x00006ccd     0x206f .\CortexM3\ARM_GCC_541\Debug\tasks.o
 .debug_info    0x00008d3c      0xe72 .\CortexM3\ARM_GCC_541\Debug\timers.o
 .debug_info    0x00009bae      0x32e .\CortexM3\ARM_GCC_541\Debug\heap_2.o
 .debug_info    0x00009edc      0x450 .\CortexM3\ARM_GCC_541\Debug\main.o
 .debug_info    0x0000a32c      0x41b .\CortexM3\ARM_GCC_541\Debug\cyfitter_cfg.o
 .debug_info    0x0000a747      0x134 .\CortexM3\ARM_GCC_541\Debug\cymetadata.o
 .debug_info    0x0000a87b      0x3bb .\CortexM3\ARM_GCC_541\Debug\Cm3Start.o
 .debug_info    0x0000ac36      0x11f .\CortexM3\ARM_GCC_541\Debug\periodicity.a(GPIOJ11.o)
 .debug_info    0x0000ad55      0x11f .\CortexM3\ARM_GCC_541\Debug\periodicity.a(GPIOJ12.o)
 .debug_info    0x0000ae74      0x11f .\CortexM3\ARM_GCC_541\Debug\periodicity.a(GPIOJ13.o)
 .debug_info    0x0000af93     0x1374 .\CortexM3\ARM_GCC_541\Debug\periodicity.a(CyLib.o)
 .debug_info    0x0000c307      0xa2a .\CortexM3\ARM_GCC_541\Debug\periodicity.a(cyPm.o)
 .debug_info    0x0000cd31       0x93 .\CortexM3\ARM_GCC_541\Debug\periodicity.a(CyBootAsmGnu.o)
 .debug_info    0x0000cdc4      0x64d .\CortexM3\ARM_GCC_541\Debug\periodicity.a(CyFlash.o)
 .debug_info    0x0000d411      0x550 .\CortexM3\ARM_GCC_541\Debug\periodicity.a(CySpc.o)

.debug_abbrev   0x00000000     0x211d
 *(.debug_abbrev)
 .debug_abbrev  0x00000000       0x26 .\CortexM3\ARM_GCC_541\Debug\croutine.o
 .debug_abbrev  0x00000026      0x215 .\CortexM3\ARM_GCC_541\Debug\event_groups.o
 .debug_abbrev  0x0000023b       0xe3 .\CortexM3\ARM_GCC_541\Debug\list.o
 .debug_abbrev  0x0000031e      0x201 .\CortexM3\ARM_GCC_541\Debug\mpu_wrappers.o
 .debug_abbrev  0x0000051f      0x1ca .\CortexM3\ARM_GCC_541\Debug\port.o
 .debug_abbrev  0x000006e9      0x2b7 .\CortexM3\ARM_GCC_541\Debug\queue.o
 .debug_abbrev  0x000009a0      0x264 .\CortexM3\ARM_GCC_541\Debug\stream_buffer.o
 .debug_abbrev  0x00000c04      0x2f1 .\CortexM3\ARM_GCC_541\Debug\tasks.o
 .debug_abbrev  0x00000ef5      0x23a .\CortexM3\ARM_GCC_541\Debug\timers.o
 .debug_abbrev  0x0000112f      0x17f .\CortexM3\ARM_GCC_541\Debug\heap_2.o
 .debug_abbrev  0x000012ae      0x180 .\CortexM3\ARM_GCC_541\Debug\main.o
 .debug_abbrev  0x0000142e      0x1ac .\CortexM3\ARM_GCC_541\Debug\cyfitter_cfg.o
 .debug_abbrev  0x000015da       0x5d .\CortexM3\ARM_GCC_541\Debug\cymetadata.o
 .debug_abbrev  0x00001637      0x1e8 .\CortexM3\ARM_GCC_541\Debug\Cm3Start.o
 .debug_abbrev  0x0000181f       0x90 .\CortexM3\ARM_GCC_541\Debug\periodicity.a(GPIOJ11.o)
 .debug_abbrev  0x000018af       0x90 .\CortexM3\ARM_GCC_541\Debug\periodicity.a(GPIOJ12.o)
 .debug_abbrev  0x0000193f       0x90 .\CortexM3\ARM_GCC_541\Debug\periodicity.a(GPIOJ13.o)
 .debug_abbrev  0x000019cf      0x254 .\CortexM3\ARM_GCC_541\Debug\periodicity.a(CyLib.o)
 .debug_abbrev  0x00001c23      0x1ab .\CortexM3\ARM_GCC_541\Debug\periodicity.a(cyPm.o)
 .debug_abbrev  0x00001dce       0x14 .\CortexM3\ARM_GCC_541\Debug\periodicity.a(CyBootAsmGnu.o)
 .debug_abbrev  0x00001de2      0x1a7 .\CortexM3\ARM_GCC_541\Debug\periodicity.a(CyFlash.o)
 .debug_abbrev  0x00001f89      0x194 .\CortexM3\ARM_GCC_541\Debug\periodicity.a(CySpc.o)

.debug_line     0x00000000     0x42e3
 *(.debug_line)
 .debug_line    0x00000000       0x1d .\CortexM3\ARM_GCC_541\Debug\croutine.o
 .debug_line    0x0000001d      0x2cd .\CortexM3\ARM_GCC_541\Debug\event_groups.o
 .debug_line    0x000002ea      0x1b1 .\CortexM3\ARM_GCC_541\Debug\list.o
 .debug_line    0x0000049b      0x7a5 .\CortexM3\ARM_GCC_541\Debug\mpu_wrappers.o
 .debug_line    0x00000c40      0x24c .\CortexM3\ARM_GCC_541\Debug\port.o
 .debug_line    0x00000e8c      0x6a4 .\CortexM3\ARM_GCC_541\Debug\queue.o
 .debug_line    0x00001530      0x4a9 .\CortexM3\ARM_GCC_541\Debug\stream_buffer.o
 .debug_line    0x000019d9      0xa4f .\CortexM3\ARM_GCC_541\Debug\tasks.o
 .debug_line    0x00002428      0x390 .\CortexM3\ARM_GCC_541\Debug\timers.o
 .debug_line    0x000027b8      0x24e .\CortexM3\ARM_GCC_541\Debug\heap_2.o
 .debug_line    0x00002a06      0x20b .\CortexM3\ARM_GCC_541\Debug\main.o
 .debug_line    0x00002c11      0x194 .\CortexM3\ARM_GCC_541\Debug\cyfitter_cfg.o
 .debug_line    0x00002da5      0x119 .\CortexM3\ARM_GCC_541\Debug\cymetadata.o
 .debug_line    0x00002ebe      0x20c .\CortexM3\ARM_GCC_541\Debug\Cm3Start.o
 .debug_line    0x000030ca       0x94 .\CortexM3\ARM_GCC_541\Debug\periodicity.a(GPIOJ11.o)
 .debug_line    0x0000315e       0x94 .\CortexM3\ARM_GCC_541\Debug\periodicity.a(GPIOJ12.o)
 .debug_line    0x000031f2       0x94 .\CortexM3\ARM_GCC_541\Debug\periodicity.a(GPIOJ13.o)
 .debug_line    0x00003286      0x816 .\CortexM3\ARM_GCC_541\Debug\periodicity.a(CyLib.o)
 .debug_line    0x00003a9c      0x367 .\CortexM3\ARM_GCC_541\Debug\periodicity.a(cyPm.o)
 .debug_line    0x00003e03       0x66 .\CortexM3\ARM_GCC_541\Debug\periodicity.a(CyBootAsmGnu.o)
 .debug_line    0x00003e69      0x21a .\CortexM3\ARM_GCC_541\Debug\periodicity.a(CyFlash.o)
 .debug_line    0x00004083      0x260 .\CortexM3\ARM_GCC_541\Debug\periodicity.a(CySpc.o)

.debug_frame    0x00000000     0x2c34
 *(.debug_frame)
 .debug_frame   0x00000000      0x13c .\CortexM3\ARM_GCC_541\Debug\event_groups.o
 .debug_frame   0x0000013c       0x70 .\CortexM3\ARM_GCC_541\Debug\list.o
 .debug_frame   0x000001ac      0x9b8 .\CortexM3\ARM_GCC_541\Debug\mpu_wrappers.o
 .debug_frame   0x00000b64       0xe0 .\CortexM3\ARM_GCC_541\Debug\port.o
 .debug_frame   0x00000c44      0x3c0 .\CortexM3\ARM_GCC_541\Debug\queue.o
 .debug_frame   0x00001004      0x2f0 .\CortexM3\ARM_GCC_541\Debug\stream_buffer.o
 .debug_frame   0x000012f4      0x664 .\CortexM3\ARM_GCC_541\Debug\tasks.o
 .debug_frame   0x00001958      0x260 .\CortexM3\ARM_GCC_541\Debug\timers.o
 .debug_frame   0x00001bb8       0x8c .\CortexM3\ARM_GCC_541\Debug\heap_2.o
 .debug_frame   0x00001c44       0x90 .\CortexM3\ARM_GCC_541\Debug\main.o
 .debug_frame   0x00001cd4       0xb8 .\CortexM3\ARM_GCC_541\Debug\cyfitter_cfg.o
 .debug_frame   0x00001d8c       0xb8 .\CortexM3\ARM_GCC_541\Debug\Cm3Start.o
 .debug_frame   0x00001e44       0x50 .\CortexM3\ARM_GCC_541\Debug\periodicity.a(GPIOJ11.o)
 .debug_frame   0x00001e94       0x50 .\CortexM3\ARM_GCC_541\Debug\periodicity.a(GPIOJ12.o)
 .debug_frame   0x00001ee4       0x50 .\CortexM3\ARM_GCC_541\Debug\periodicity.a(GPIOJ13.o)
 .debug_frame   0x00001f34      0x738 .\CortexM3\ARM_GCC_541\Debug\periodicity.a(CyLib.o)
 .debug_frame   0x0000266c      0x1f8 .\CortexM3\ARM_GCC_541\Debug\periodicity.a(cyPm.o)
 .debug_frame   0x00002864      0x194 .\CortexM3\ARM_GCC_541\Debug\periodicity.a(CyFlash.o)
 .debug_frame   0x000029f8      0x180 .\CortexM3\ARM_GCC_541\Debug\periodicity.a(CySpc.o)
 .debug_frame   0x00002b78       0x20 d:/cypress/psoc creator/4.4/psoc creator/import/gnu/arm/5.4.1/bin/../lib/gcc/arm-none-eabi/5.4.1/../../../../arm-none-eabi/lib/armv7-m\libg_nano.a(lib_a-errno.o)
 .debug_frame   0x00002b98       0x28 d:/cypress/psoc creator/4.4/psoc creator/import/gnu/arm/5.4.1/bin/../lib/gcc/arm-none-eabi/5.4.1/../../../../arm-none-eabi/lib/armv7-m\libg_nano.a(lib_a-exit.o)
 .debug_frame   0x00002bc0       0x2c d:/cypress/psoc creator/4.4/psoc creator/import/gnu/arm/5.4.1/bin/../lib/gcc/arm-none-eabi/5.4.1/../../../../arm-none-eabi/lib/armv7-m\libg_nano.a(lib_a-init.o)
 .debug_frame   0x00002bec       0x28 d:/cypress/psoc creator/4.4/psoc creator/import/gnu/arm/5.4.1/bin/../lib/gcc/arm-none-eabi/5.4.1/../../../../arm-none-eabi/lib/armv7-m\libg_nano.a(lib_a-memcpy-stub.o)
 .debug_frame   0x00002c14       0x20 d:/cypress/psoc creator/4.4/psoc creator/import/gnu/arm/5.4.1/bin/../lib/gcc/arm-none-eabi/5.4.1/../../../../arm-none-eabi/lib/armv7-m\libg_nano.a(lib_a-memset.o)

.debug_str      0x00000000     0x362c
 *(.debug_str)
 .debug_str     0x00000000      0x150 .\CortexM3\ARM_GCC_541\Debug\croutine.o
                                0x189 (size before relaxing)
 .debug_str     0x00000150      0x3a9 .\CortexM3\ARM_GCC_541\Debug\event_groups.o
                                0x60a (size before relaxing)
 .debug_str     0x000004f9       0x91 .\CortexM3\ARM_GCC_541\Debug\list.o
                                0x2d8 (size before relaxing)
 .debug_str     0x0000058a      0xc48 .\CortexM3\ARM_GCC_541\Debug\mpu_wrappers.o
                               0x1476 (size before relaxing)
 .debug_str     0x000011d2      0x12d .\CortexM3\ARM_GCC_541\Debug\port.o
                                0x34d (size before relaxing)
 .debug_str     0x000012ff      0x4bf .\CortexM3\ARM_GCC_541\Debug\queue.o
                                0xa9d (size before relaxing)
 .debug_str     0x000017be      0x254 .\CortexM3\ARM_GCC_541\Debug\stream_buffer.o
                                0x83e (size before relaxing)
 .debug_str     0x00001a12      0x5b8 .\CortexM3\ARM_GCC_541\Debug\tasks.o
                                0xfb7 (size before relaxing)
 .debug_str     0x00001fca      0x2b3 .\CortexM3\ARM_GCC_541\Debug\timers.o
                                0x868 (size before relaxing)
 .debug_str     0x0000227d       0xff .\CortexM3\ARM_GCC_541\Debug\heap_2.o
                                0x331 (size before relaxing)
 .debug_str     0x0000237c       0xda .\CortexM3\ARM_GCC_541\Debug\main.o
                                0x2ef (size before relaxing)
 .debug_str     0x00002456      0x11b .\CortexM3\ARM_GCC_541\Debug\cyfitter_cfg.o
                                0x2bb (size before relaxing)
 .debug_str     0x00002571       0x75 .\CortexM3\ARM_GCC_541\Debug\cymetadata.o
                                0x1e7 (size before relaxing)
 .debug_str     0x000025e6      0x130 .\CortexM3\ARM_GCC_541\Debug\Cm3Start.o
                                0x30d (size before relaxing)
 .debug_str     0x00002716       0x60 .\CortexM3\ARM_GCC_541\Debug\periodicity.a(GPIOJ11.o)
                                0x1ef (size before relaxing)
 .debug_str     0x00002776       0x4a .\CortexM3\ARM_GCC_541\Debug\periodicity.a(GPIOJ12.o)
                                0x1ef (size before relaxing)
 .debug_str     0x000027c0       0x4a .\CortexM3\ARM_GCC_541\Debug\periodicity.a(GPIOJ13.o)
                                0x1ef (size before relaxing)
 .debug_str     0x0000280a      0x84f .\CortexM3\ARM_GCC_541\Debug\periodicity.a(CyLib.o)
                                0xa4a (size before relaxing)
 .debug_str     0x00003059      0x365 .\CortexM3\ARM_GCC_541\Debug\periodicity.a(cyPm.o)
                                0x736 (size before relaxing)
 .debug_str     0x000033be      0x1bb .\CortexM3\ARM_GCC_541\Debug\periodicity.a(CyFlash.o)
                                0x3c3 (size before relaxing)
 .debug_str     0x00003579       0xb3 .\CortexM3\ARM_GCC_541\Debug\periodicity.a(CySpc.o)
                                0x33b (size before relaxing)

.debug_loc      0x00000000     0x8ab8
 *(.debug_loc)
 .debug_loc     0x00000000      0x6e0 .\CortexM3\ARM_GCC_541\Debug\event_groups.o
 .debug_loc     0x000006e0       0x65 .\CortexM3\ARM_GCC_541\Debug\list.o
 .debug_loc     0x00000745     0x2060 .\CortexM3\ARM_GCC_541\Debug\mpu_wrappers.o
 .debug_loc     0x000027a5       0xa8 .\CortexM3\ARM_GCC_541\Debug\port.o
 .debug_loc     0x0000284d     0x146c .\CortexM3\ARM_GCC_541\Debug\queue.o
 .debug_loc     0x00003cb9     0x10b5 .\CortexM3\ARM_GCC_541\Debug\stream_buffer.o
 .debug_loc     0x00004d6e     0x16c9 .\CortexM3\ARM_GCC_541\Debug\tasks.o
 .debug_loc     0x00006437      0x9d7 .\CortexM3\ARM_GCC_541\Debug\timers.o
 .debug_loc     0x00006e0e      0x1cc .\CortexM3\ARM_GCC_541\Debug\heap_2.o
 .debug_loc     0x00006fda       0xc0 .\CortexM3\ARM_GCC_541\Debug\main.o
 .debug_loc     0x0000709a      0x168 .\CortexM3\ARM_GCC_541\Debug\cyfitter_cfg.o
 .debug_loc     0x00007202      0x144 .\CortexM3\ARM_GCC_541\Debug\Cm3Start.o
 .debug_loc     0x00007346       0x42 .\CortexM3\ARM_GCC_541\Debug\periodicity.a(GPIOJ11.o)
 .debug_loc     0x00007388       0x42 .\CortexM3\ARM_GCC_541\Debug\periodicity.a(GPIOJ12.o)
 .debug_loc     0x000073ca       0x42 .\CortexM3\ARM_GCC_541\Debug\periodicity.a(GPIOJ13.o)
 .debug_loc     0x0000740c      0xa11 .\CortexM3\ARM_GCC_541\Debug\periodicity.a(CyLib.o)
 .debug_loc     0x00007e1d      0x1e4 .\CortexM3\ARM_GCC_541\Debug\periodicity.a(cyPm.o)
 .debug_loc     0x00008001      0x3b2 .\CortexM3\ARM_GCC_541\Debug\periodicity.a(CyFlash.o)
 .debug_loc     0x000083b3      0x705 .\CortexM3\ARM_GCC_541\Debug\periodicity.a(CySpc.o)

.debug_macinfo
 *(.debug_macinfo)

.debug_ranges   0x00000000      0xd40
 *(.debug_ranges)
 .debug_ranges  0x00000000       0x70 .\CortexM3\ARM_GCC_541\Debug\event_groups.o
 .debug_ranges  0x00000070       0x30 .\CortexM3\ARM_GCC_541\Debug\list.o
 .debug_ranges  0x000000a0      0x250 .\CortexM3\ARM_GCC_541\Debug\mpu_wrappers.o
 .debug_ranges  0x000002f0       0x60 .\CortexM3\ARM_GCC_541\Debug\port.o
 .debug_ranges  0x00000350      0x150 .\CortexM3\ARM_GCC_541\Debug\queue.o
 .debug_ranges  0x000004a0       0xb0 .\CortexM3\ARM_GCC_541\Debug\stream_buffer.o
 .debug_ranges  0x00000550      0x1f8 .\CortexM3\ARM_GCC_541\Debug\tasks.o
 .debug_ranges  0x00000748       0xa8 .\CortexM3\ARM_GCC_541\Debug\timers.o
 .debug_ranges  0x000007f0       0x30 .\CortexM3\ARM_GCC_541\Debug\heap_2.o
 .debug_ranges  0x00000820       0x30 .\CortexM3\ARM_GCC_541\Debug\main.o
 .debug_ranges  0x00000850       0x40 .\CortexM3\ARM_GCC_541\Debug\cyfitter_cfg.o
 .debug_ranges  0x00000890       0x38 .\CortexM3\ARM_GCC_541\Debug\Cm3Start.o
 .debug_ranges  0x000008c8       0x28 .\CortexM3\ARM_GCC_541\Debug\periodicity.a(GPIOJ11.o)
 .debug_ranges  0x000008f0       0x28 .\CortexM3\ARM_GCC_541\Debug\periodicity.a(GPIOJ12.o)
 .debug_ranges  0x00000918       0x28 .\CortexM3\ARM_GCC_541\Debug\periodicity.a(GPIOJ13.o)
 .debug_ranges  0x00000940      0x290 .\CortexM3\ARM_GCC_541\Debug\periodicity.a(CyLib.o)
 .debug_ranges  0x00000bd0       0x88 .\CortexM3\ARM_GCC_541\Debug\periodicity.a(cyPm.o)
 .debug_ranges  0x00000c58       0x78 .\CortexM3\ARM_GCC_541\Debug\periodicity.a(CyFlash.o)
 .debug_ranges  0x00000cd0       0x70 .\CortexM3\ARM_GCC_541\Debug\periodicity.a(CySpc.o)

.comment        0x00000000       0x6e
 .comment       0x00000000       0x6e .\CortexM3\ARM_GCC_541\Debug\croutine.o
                                 0x6f (size before relaxing)
 .comment       0x0000006e       0x6f .\CortexM3\ARM_GCC_541\Debug\event_groups.o
 .comment       0x0000006e       0x6f .\CortexM3\ARM_GCC_541\Debug\list.o
 .comment       0x0000006e       0x6f .\CortexM3\ARM_GCC_541\Debug\mpu_wrappers.o
 .comment       0x0000006e       0x6f .\CortexM3\ARM_GCC_541\Debug\port.o
 .comment       0x0000006e       0x6f .\CortexM3\ARM_GCC_541\Debug\queue.o
 .comment       0x0000006e       0x6f .\CortexM3\ARM_GCC_541\Debug\stream_buffer.o
 .comment       0x0000006e       0x6f .\CortexM3\ARM_GCC_541\Debug\tasks.o
 .comment       0x0000006e       0x6f .\CortexM3\ARM_GCC_541\Debug\timers.o
 .comment       0x0000006e       0x6f .\CortexM3\ARM_GCC_541\Debug\heap_2.o
 .comment       0x0000006e       0x6f .\CortexM3\ARM_GCC_541\Debug\main.o
 .comment       0x0000006e       0x6f .\CortexM3\ARM_GCC_541\Debug\cyfitter_cfg.o
 .comment       0x0000006e       0x6f .\CortexM3\ARM_GCC_541\Debug\cymetadata.o
 .comment       0x0000006e       0x6f .\CortexM3\ARM_GCC_541\Debug\Cm3Start.o
 .comment       0x0000006e       0x6f .\CortexM3\ARM_GCC_541\Debug\periodicity.a(GPIOJ11.o)
 .comment       0x0000006e       0x6f .\CortexM3\ARM_GCC_541\Debug\periodicity.a(GPIOJ12.o)
 .comment       0x0000006e       0x6f .\CortexM3\ARM_GCC_541\Debug\periodicity.a(GPIOJ13.o)
 .comment       0x0000006e       0x6f .\CortexM3\ARM_GCC_541\Debug\periodicity.a(CyLib.o)
 .comment       0x0000006e       0x6f .\CortexM3\ARM_GCC_541\Debug\periodicity.a(cyPm.o)
 .comment       0x0000006e       0x6f .\CortexM3\ARM_GCC_541\Debug\periodicity.a(CyFlash.o)
 .comment       0x0000006e       0x6f .\CortexM3\ARM_GCC_541\Debug\periodicity.a(CySpc.o)

.debug_weaknames
 *(.debug_weaknames)

.debug_funcnames
 *(.debug_funcnames)

.debug_typenames
 *(.debug_typenames)

.debug_varnames
 *(.debug_varnames)

.note.gnu.arm.ident
 *(.note.gnu.arm.ident)

.ARM.attributes
                0x00000000       0x29
 *(.ARM.attributes)
 .ARM.attributes
                0x00000000       0x1d d:/cypress/psoc creator/4.4/psoc creator/import/gnu/arm/5.4.1/bin/../lib/gcc/arm-none-eabi/5.4.1/armv7-m/crti.o
 .ARM.attributes
                0x0000001d       0x2d d:/cypress/psoc creator/4.4/psoc creator/import/gnu/arm/5.4.1/bin/../lib/gcc/arm-none-eabi/5.4.1/armv7-m/crtbegin.o
 .ARM.attributes
                0x0000004a       0x1b d:/cypress/psoc creator/4.4/psoc creator/import/gnu/arm/5.4.1/bin/../lib/gcc/arm-none-eabi/5.4.1/../../../../arm-none-eabi/lib/armv7-m/crt0.o
 .ARM.attributes
                0x00000065       0x33 .\CortexM3\ARM_GCC_541\Debug\croutine.o
 .ARM.attributes
                0x00000098       0x33 .\CortexM3\ARM_GCC_541\Debug\event_groups.o
 .ARM.attributes
                0x000000cb       0x33 .\CortexM3\ARM_GCC_541\Debug\list.o
 .ARM.attributes
                0x000000fe       0x33 .\CortexM3\ARM_GCC_541\Debug\mpu_wrappers.o
 .ARM.attributes
                0x00000131       0x33 .\CortexM3\ARM_GCC_541\Debug\port.o
 .ARM.attributes
                0x00000164       0x33 .\CortexM3\ARM_GCC_541\Debug\queue.o
 .ARM.attributes
                0x00000197       0x33 .\CortexM3\ARM_GCC_541\Debug\stream_buffer.o
 .ARM.attributes
                0x000001ca       0x33 .\CortexM3\ARM_GCC_541\Debug\tasks.o
 .ARM.attributes
                0x000001fd       0x33 .\CortexM3\ARM_GCC_541\Debug\timers.o
 .ARM.attributes
                0x00000230       0x33 .\CortexM3\ARM_GCC_541\Debug\heap_2.o
 .ARM.attributes
                0x00000263       0x33 .\CortexM3\ARM_GCC_541\Debug\main.o
 .ARM.attributes
                0x00000296       0x33 .\CortexM3\ARM_GCC_541\Debug\cyfitter_cfg.o
 .ARM.attributes
                0x000002c9       0x33 .\CortexM3\ARM_GCC_541\Debug\cymetadata.o
 .ARM.attributes
                0x000002fc       0x33 .\CortexM3\ARM_GCC_541\Debug\Cm3Start.o
 .ARM.attributes
                0x0000032f       0x33 .\CortexM3\ARM_GCC_541\Debug\periodicity.a(GPIOJ11.o)
 .ARM.attributes
                0x00000362       0x33 .\CortexM3\ARM_GCC_541\Debug\periodicity.a(GPIOJ12.o)
 .ARM.attributes
                0x00000395       0x33 .\CortexM3\ARM_GCC_541\Debug\periodicity.a(GPIOJ13.o)
 .ARM.attributes
                0x000003c8       0x33 .\CortexM3\ARM_GCC_541\Debug\periodicity.a(CyLib.o)
 .ARM.attributes
                0x000003fb       0x33 .\CortexM3\ARM_GCC_541\Debug\periodicity.a(cyPm.o)
 .ARM.attributes
                0x0000042e       0x21 .\CortexM3\ARM_GCC_541\Debug\periodicity.a(CyBootAsmGnu.o)
 .ARM.attributes
                0x0000044f       0x33 .\CortexM3\ARM_GCC_541\Debug\periodicity.a(CyFlash.o)
 .ARM.attributes
                0x00000482       0x33 .\CortexM3\ARM_GCC_541\Debug\periodicity.a(CySpc.o)
 .ARM.attributes
                0x000004b5       0x2d d:/cypress/psoc creator/4.4/psoc creator/import/gnu/arm/5.4.1/bin/../lib/gcc/arm-none-eabi/5.4.1/../../../../arm-none-eabi/lib/armv7-m\libg_nano.a(lib_a-errno.o)
 .ARM.attributes
                0x000004e2       0x2d d:/cypress/psoc creator/4.4/psoc creator/import/gnu/arm/5.4.1/bin/../lib/gcc/arm-none-eabi/5.4.1/../../../../arm-none-eabi/lib/armv7-m\libg_nano.a(lib_a-exit.o)
 .ARM.attributes
                0x0000050f       0x2d d:/cypress/psoc creator/4.4/psoc creator/import/gnu/arm/5.4.1/bin/../lib/gcc/arm-none-eabi/5.4.1/../../../../arm-none-eabi/lib/armv7-m\libg_nano.a(lib_a-impure.o)
 .ARM.attributes
                0x0000053c       0x2d d:/cypress/psoc creator/4.4/psoc creator/import/gnu/arm/5.4.1/bin/../lib/gcc/arm-none-eabi/5.4.1/../../../../arm-none-eabi/lib/armv7-m\libg_nano.a(lib_a-init.o)
 .ARM.attributes
                0x00000569       0x2d d:/cypress/psoc creator/4.4/psoc creator/import/gnu/arm/5.4.1/bin/../lib/gcc/arm-none-eabi/5.4.1/../../../../arm-none-eabi/lib/armv7-m\libg_nano.a(lib_a-memcpy-stub.o)
 .ARM.attributes
                0x00000596       0x2d d:/cypress/psoc creator/4.4/psoc creator/import/gnu/arm/5.4.1/bin/../lib/gcc/arm-none-eabi/5.4.1/../../../../arm-none-eabi/lib/armv7-m\libg_nano.a(lib_a-memset.o)
 .ARM.attributes
                0x000005c3       0x2d d:/cypress/psoc creator/4.4/psoc creator/import/gnu/arm/5.4.1/bin/../lib/gcc/arm-none-eabi/5.4.1/armv7-m/crtend.o
 .ARM.attributes
                0x000005f0       0x1d d:/cypress/psoc creator/4.4/psoc creator/import/gnu/arm/5.4.1/bin/../lib/gcc/arm-none-eabi/5.4.1/armv7-m/crtn.o

/DISCARD/
 *(.note.GNU-stack)
OUTPUT(D:\Notes 202324\ELECH410\Labs\Lab3\ex2_periodicity\periodicity.cydsn\CortexM3\ARM_GCC_541\Debug\periodicity.elf elf32-littlearm)
