Archive member included to satisfy reference by file (symbol)

.\CortexM3\ARM_GCC_541\Debug\Lab1.a(keyboard_keyboard.o)
                              .\CortexM3\ARM_GCC_541\Debug\main.o (keyboard_Start)
.\CortexM3\ARM_GCC_541\Debug\Lab1.a(GPIOJ11.o)
                              .\CortexM3\ARM_GCC_541\Debug\main.o (GPIOJ11_Write)
.\CortexM3\ARM_GCC_541\Debug\Lab1.a(GPIOJ12.o)
                              .\CortexM3\ARM_GCC_541\Debug\main.o (GPIOJ12_Write)
.\CortexM3\ARM_GCC_541\Debug\Lab1.a(SW1.o)
                              .\CortexM3\ARM_GCC_541\Debug\main.o (SW1_Read)
.\CortexM3\ARM_GCC_541\Debug\Lab1.a(SW2.o)
                              .\CortexM3\ARM_GCC_541\Debug\main.o (SW2_Read)
.\CortexM3\ARM_GCC_541\Debug\Lab1.a(SW3.o)
                              .\CortexM3\ARM_GCC_541\Debug\main.o (SW3_Read)
.\CortexM3\ARM_GCC_541\Debug\Lab1.a(SW4.o)
                              .\CortexM3\ARM_GCC_541\Debug\main.o (SW4_Read)
.\CortexM3\ARM_GCC_541\Debug\Lab1.a(LED1.o)
                              .\CortexM3\ARM_GCC_541\Debug\main.o (LED1_Write)
.\CortexM3\ARM_GCC_541\Debug\Lab1.a(LED2.o)
                              .\CortexM3\ARM_GCC_541\Debug\main.o (LED2_Write)
.\CortexM3\ARM_GCC_541\Debug\Lab1.a(LED3.o)
                              .\CortexM3\ARM_GCC_541\Debug\main.o (LED3_Write)
.\CortexM3\ARM_GCC_541\Debug\Lab1.a(LED4.o)
                              .\CortexM3\ARM_GCC_541\Debug\main.o (LED4_Write)
.\CortexM3\ARM_GCC_541\Debug\Lab1.a(LCD.o)
                              .\CortexM3\ARM_GCC_541\Debug\main.o (LCD_PrintString)
.\CortexM3\ARM_GCC_541\Debug\Lab1.a(keyboard_KeyboardCol1.o)
                              .\CortexM3\ARM_GCC_541\Debug\Lab1.a(keyboard_keyboard.o) (keyboard_KeyboardCol1_Write)
.\CortexM3\ARM_GCC_541\Debug\Lab1.a(keyboard_KeyboardCol3.o)
                              .\CortexM3\ARM_GCC_541\Debug\Lab1.a(keyboard_keyboard.o) (keyboard_KeyboardCol3_Write)
.\CortexM3\ARM_GCC_541\Debug\Lab1.a(keyboard_KeyboardCol2.o)
                              .\CortexM3\ARM_GCC_541\Debug\Lab1.a(keyboard_keyboard.o) (keyboard_KeyboardCol2_Write)
.\CortexM3\ARM_GCC_541\Debug\Lab1.a(keyboard_KeyboardRow0.o)
                              .\CortexM3\ARM_GCC_541\Debug\Lab1.a(keyboard_keyboard.o) (keyboard_KeyboardRow0_Read)
.\CortexM3\ARM_GCC_541\Debug\Lab1.a(keyboard_KeyboardRow1.o)
                              .\CortexM3\ARM_GCC_541\Debug\Lab1.a(keyboard_keyboard.o) (keyboard_KeyboardRow1_Read)
.\CortexM3\ARM_GCC_541\Debug\Lab1.a(keyboard_KeyboardRow2.o)
                              .\CortexM3\ARM_GCC_541\Debug\Lab1.a(keyboard_keyboard.o) (keyboard_KeyboardRow2_Read)
.\CortexM3\ARM_GCC_541\Debug\Lab1.a(keyboard_KeyboardRow3.o)
                              .\CortexM3\ARM_GCC_541\Debug\Lab1.a(keyboard_keyboard.o) (keyboard_KeyboardRow3_Read)
.\CortexM3\ARM_GCC_541\Debug\Lab1.a(CyLib.o)
                              .\CortexM3\ARM_GCC_541\Debug\Cm3Start.o (CyHalt)
.\CortexM3\ARM_GCC_541\Debug\Lab1.a(cyPm.o)
                              .\CortexM3\ARM_GCC_541\Debug\Lab1.a(CyLib.o) (CyPmReadStatus)
.\CortexM3\ARM_GCC_541\Debug\Lab1.a(CyBootAsmGnu.o)
                              .\CortexM3\ARM_GCC_541\Debug\cyfitter_cfg.o (CyDelayCycles)
.\CortexM3\ARM_GCC_541\Debug\Lab1.a(CyFlash.o)
                              .\CortexM3\ARM_GCC_541\Debug\Lab1.a(cyPm.o) (CyFlash_SetWaitCycles)
.\CortexM3\ARM_GCC_541\Debug\Lab1.a(CySpc.o)
                              .\CortexM3\ARM_GCC_541\Debug\Lab1.a(CyFlash.o) (CySpcStart)
d:/cypress/psoc creator/4.4/psoc creator/import/gnu/arm/5.4.1/bin/../lib/gcc/arm-none-eabi/5.4.1/../../../../arm-none-eabi/lib/armv7-m\libg_nano.a(lib_a-errno.o)
                              .\CortexM3\ARM_GCC_541\Debug\Cm3Start.o (__errno)
d:/cypress/psoc creator/4.4/psoc creator/import/gnu/arm/5.4.1/bin/../lib/gcc/arm-none-eabi/5.4.1/../../../../arm-none-eabi/lib/armv7-m\libg_nano.a(lib_a-exit.o)
                              d:/cypress/psoc creator/4.4/psoc creator/import/gnu/arm/5.4.1/bin/../lib/gcc/arm-none-eabi/5.4.1/../../../../arm-none-eabi/lib/armv7-m/crt0.o (exit)
d:/cypress/psoc creator/4.4/psoc creator/import/gnu/arm/5.4.1/bin/../lib/gcc/arm-none-eabi/5.4.1/../../../../arm-none-eabi/lib/armv7-m\libg_nano.a(lib_a-impure.o)
                              d:/cypress/psoc creator/4.4/psoc creator/import/gnu/arm/5.4.1/bin/../lib/gcc/arm-none-eabi/5.4.1/../../../../arm-none-eabi/lib/armv7-m\libg_nano.a(lib_a-exit.o) (_global_impure_ptr)
d:/cypress/psoc creator/4.4/psoc creator/import/gnu/arm/5.4.1/bin/../lib/gcc/arm-none-eabi/5.4.1/../../../../arm-none-eabi/lib/armv7-m\libg_nano.a(lib_a-init.o)
                              d:/cypress/psoc creator/4.4/psoc creator/import/gnu/arm/5.4.1/bin/../lib/gcc/arm-none-eabi/5.4.1/../../../../arm-none-eabi/lib/armv7-m/crt0.o (__libc_init_array)
d:/cypress/psoc creator/4.4/psoc creator/import/gnu/arm/5.4.1/bin/../lib/gcc/arm-none-eabi/5.4.1/../../../../arm-none-eabi/lib/armv7-m\libg_nano.a(lib_a-memcpy-stub.o)
                              .\CortexM3\ARM_GCC_541\Debug\cyfitter_cfg.o (memcpy)
d:/cypress/psoc creator/4.4/psoc creator/import/gnu/arm/5.4.1/bin/../lib/gcc/arm-none-eabi/5.4.1/../../../../arm-none-eabi/lib/armv7-m\libg_nano.a(lib_a-memset.o)
                              d:/cypress/psoc creator/4.4/psoc creator/import/gnu/arm/5.4.1/bin/../lib/gcc/arm-none-eabi/5.4.1/../../../../arm-none-eabi/lib/armv7-m/crt0.o (memset)

Allocating common symbols
Common symbol       size              file

dieTemperature      0x2               .\CortexM3\ARM_GCC_541\Debug\Lab1.a(CyFlash.o)

Discarded input sections

 .text          0x00000000        0x0 d:/cypress/psoc creator/4.4/psoc creator/import/gnu/arm/5.4.1/bin/../lib/gcc/arm-none-eabi/5.4.1/armv7-m/crti.o
 .data          0x00000000        0x0 d:/cypress/psoc creator/4.4/psoc creator/import/gnu/arm/5.4.1/bin/../lib/gcc/arm-none-eabi/5.4.1/armv7-m/crti.o
 .bss           0x00000000        0x0 d:/cypress/psoc creator/4.4/psoc creator/import/gnu/arm/5.4.1/bin/../lib/gcc/arm-none-eabi/5.4.1/armv7-m/crti.o
 .data          0x00000000        0x4 d:/cypress/psoc creator/4.4/psoc creator/import/gnu/arm/5.4.1/bin/../lib/gcc/arm-none-eabi/5.4.1/armv7-m/crtbegin.o
 .text          0x00000000       0x74 d:/cypress/psoc creator/4.4/psoc creator/import/gnu/arm/5.4.1/bin/../lib/gcc/arm-none-eabi/5.4.1/../../../../arm-none-eabi/lib/armv7-m/crt0.o
 .data          0x00000000        0x0 d:/cypress/psoc creator/4.4/psoc creator/import/gnu/arm/5.4.1/bin/../lib/gcc/arm-none-eabi/5.4.1/../../../../arm-none-eabi/lib/armv7-m/crt0.o
 .bss           0x00000000        0x0 d:/cypress/psoc creator/4.4/psoc creator/import/gnu/arm/5.4.1/bin/../lib/gcc/arm-none-eabi/5.4.1/../../../../arm-none-eabi/lib/armv7-m/crt0.o
 .ARM.extab     0x00000000        0x0 d:/cypress/psoc creator/4.4/psoc creator/import/gnu/arm/5.4.1/bin/../lib/gcc/arm-none-eabi/5.4.1/../../../../arm-none-eabi/lib/armv7-m/crt0.o
 .ARM.exidx     0x00000000        0x8 d:/cypress/psoc creator/4.4/psoc creator/import/gnu/arm/5.4.1/bin/../lib/gcc/arm-none-eabi/5.4.1/../../../../arm-none-eabi/lib/armv7-m/crt0.o
 .text          0x00000000        0x0 .\CortexM3\ARM_GCC_541\Debug\main.o
 .data          0x00000000        0x0 .\CortexM3\ARM_GCC_541\Debug\main.o
 .text.exo1_loop
                0x00000000       0x24 .\CortexM3\ARM_GCC_541\Debug\main.o
 .text.exo2_setup
                0x00000000        0x8 .\CortexM3\ARM_GCC_541\Debug\main.o
 .text.exo2_loop
                0x00000000       0x58 .\CortexM3\ARM_GCC_541\Debug\main.o
 .text.exo3_init
                0x00000000        0xc .\CortexM3\ARM_GCC_541\Debug\main.o
 .text.exo3_loop
                0x00000000       0x1c .\CortexM3\ARM_GCC_541\Debug\main.o
 .rodata.str1.4
                0x00000000       0x10 .\CortexM3\ARM_GCC_541\Debug\main.o
 .text          0x00000000        0x0 .\CortexM3\ARM_GCC_541\Debug\cyfitter_cfg.o
 .data          0x00000000        0x0 .\CortexM3\ARM_GCC_541\Debug\cyfitter_cfg.o
 .bss           0x00000000        0x0 .\CortexM3\ARM_GCC_541\Debug\cyfitter_cfg.o
 .text.SetAnalogRoutingPumps
                0x00000000       0x10 .\CortexM3\ARM_GCC_541\Debug\cyfitter_cfg.o
 .text          0x00000000        0x0 .\CortexM3\ARM_GCC_541\Debug\cymetadata.o
 .data          0x00000000        0x0 .\CortexM3\ARM_GCC_541\Debug\cymetadata.o
 .bss           0x00000000        0x0 .\CortexM3\ARM_GCC_541\Debug\cymetadata.o
 .text          0x00000000        0x0 .\CortexM3\ARM_GCC_541\Debug\Cm3Start.o
 .data          0x00000000        0x4 .\CortexM3\ARM_GCC_541\Debug\Cm3Start.o
 .bss           0x00000000        0x0 .\CortexM3\ARM_GCC_541\Debug\Cm3Start.o
 .text._exit    0x00000000        0xc .\CortexM3\ARM_GCC_541\Debug\Cm3Start.o
 .text._sbrk    0x00000000       0x30 .\CortexM3\ARM_GCC_541\Debug\Cm3Start.o
 .text          0x00000000        0x0 .\CortexM3\ARM_GCC_541\Debug\Lab1.a(keyboard_keyboard.o)
 .data          0x00000000        0x0 .\CortexM3\ARM_GCC_541\Debug\Lab1.a(keyboard_keyboard.o)
 .bss           0x00000000        0x0 .\CortexM3\ARM_GCC_541\Debug\Lab1.a(keyboard_keyboard.o)
 .text.keyboard_Test
                0x00000000        0x4 .\CortexM3\ARM_GCC_541\Debug\Lab1.a(keyboard_keyboard.o)
 .text.keyboard_Start
                0x00000000       0x18 .\CortexM3\ARM_GCC_541\Debug\Lab1.a(keyboard_keyboard.o)
 .text.keyboard_Scan
                0x00000000       0xfc .\CortexM3\ARM_GCC_541\Debug\Lab1.a(keyboard_keyboard.o)
 .text          0x00000000        0x0 .\CortexM3\ARM_GCC_541\Debug\Lab1.a(GPIOJ11.o)
 .data          0x00000000        0x0 .\CortexM3\ARM_GCC_541\Debug\Lab1.a(GPIOJ11.o)
 .bss           0x00000000        0x0 .\CortexM3\ARM_GCC_541\Debug\Lab1.a(GPIOJ11.o)
 .text.GPIOJ11_SetDriveMode
                0x00000000       0x18 .\CortexM3\ARM_GCC_541\Debug\Lab1.a(GPIOJ11.o)
 .text.GPIOJ11_Read
                0x00000000       0x10 .\CortexM3\ARM_GCC_541\Debug\Lab1.a(GPIOJ11.o)
 .text.GPIOJ11_ReadDataReg
                0x00000000       0x10 .\CortexM3\ARM_GCC_541\Debug\Lab1.a(GPIOJ11.o)
 .text          0x00000000        0x0 .\CortexM3\ARM_GCC_541\Debug\Lab1.a(GPIOJ12.o)
 .data          0x00000000        0x0 .\CortexM3\ARM_GCC_541\Debug\Lab1.a(GPIOJ12.o)
 .bss           0x00000000        0x0 .\CortexM3\ARM_GCC_541\Debug\Lab1.a(GPIOJ12.o)
 .text.GPIOJ12_SetDriveMode
                0x00000000       0x18 .\CortexM3\ARM_GCC_541\Debug\Lab1.a(GPIOJ12.o)
 .text.GPIOJ12_Read
                0x00000000       0x10 .\CortexM3\ARM_GCC_541\Debug\Lab1.a(GPIOJ12.o)
 .text.GPIOJ12_ReadDataReg
                0x00000000       0x10 .\CortexM3\ARM_GCC_541\Debug\Lab1.a(GPIOJ12.o)
 .text          0x00000000        0x0 .\CortexM3\ARM_GCC_541\Debug\Lab1.a(SW1.o)
 .data          0x00000000        0x0 .\CortexM3\ARM_GCC_541\Debug\Lab1.a(SW1.o)
 .bss           0x00000000        0x0 .\CortexM3\ARM_GCC_541\Debug\Lab1.a(SW1.o)
 .text.SW1_Write
                0x00000000       0x18 .\CortexM3\ARM_GCC_541\Debug\Lab1.a(SW1.o)
 .text.SW1_SetDriveMode
                0x00000000       0x18 .\CortexM3\ARM_GCC_541\Debug\Lab1.a(SW1.o)
 .text.SW1_Read
                0x00000000       0x10 .\CortexM3\ARM_GCC_541\Debug\Lab1.a(SW1.o)
 .text.SW1_ReadDataReg
                0x00000000       0x10 .\CortexM3\ARM_GCC_541\Debug\Lab1.a(SW1.o)
 .text          0x00000000        0x0 .\CortexM3\ARM_GCC_541\Debug\Lab1.a(SW2.o)
 .data          0x00000000        0x0 .\CortexM3\ARM_GCC_541\Debug\Lab1.a(SW2.o)
 .bss           0x00000000        0x0 .\CortexM3\ARM_GCC_541\Debug\Lab1.a(SW2.o)
 .text.SW2_Write
                0x00000000       0x18 .\CortexM3\ARM_GCC_541\Debug\Lab1.a(SW2.o)
 .text.SW2_SetDriveMode
                0x00000000       0x18 .\CortexM3\ARM_GCC_541\Debug\Lab1.a(SW2.o)
 .text.SW2_Read
                0x00000000       0x10 .\CortexM3\ARM_GCC_541\Debug\Lab1.a(SW2.o)
 .text.SW2_ReadDataReg
                0x00000000       0x10 .\CortexM3\ARM_GCC_541\Debug\Lab1.a(SW2.o)
 .text          0x00000000        0x0 .\CortexM3\ARM_GCC_541\Debug\Lab1.a(SW3.o)
 .data          0x00000000        0x0 .\CortexM3\ARM_GCC_541\Debug\Lab1.a(SW3.o)
 .bss           0x00000000        0x0 .\CortexM3\ARM_GCC_541\Debug\Lab1.a(SW3.o)
 .text.SW3_Write
                0x00000000       0x18 .\CortexM3\ARM_GCC_541\Debug\Lab1.a(SW3.o)
 .text.SW3_SetDriveMode
                0x00000000       0x18 .\CortexM3\ARM_GCC_541\Debug\Lab1.a(SW3.o)
 .text.SW3_Read
                0x00000000       0x10 .\CortexM3\ARM_GCC_541\Debug\Lab1.a(SW3.o)
 .text.SW3_ReadDataReg
                0x00000000       0x10 .\CortexM3\ARM_GCC_541\Debug\Lab1.a(SW3.o)
 .text          0x00000000        0x0 .\CortexM3\ARM_GCC_541\Debug\Lab1.a(SW4.o)
 .data          0x00000000        0x0 .\CortexM3\ARM_GCC_541\Debug\Lab1.a(SW4.o)
 .bss           0x00000000        0x0 .\CortexM3\ARM_GCC_541\Debug\Lab1.a(SW4.o)
 .text.SW4_Write
                0x00000000       0x18 .\CortexM3\ARM_GCC_541\Debug\Lab1.a(SW4.o)
 .text.SW4_SetDriveMode
                0x00000000       0x18 .\CortexM3\ARM_GCC_541\Debug\Lab1.a(SW4.o)
 .text.SW4_ReadDataReg
                0x00000000       0x10 .\CortexM3\ARM_GCC_541\Debug\Lab1.a(SW4.o)
 .text          0x00000000        0x0 .\CortexM3\ARM_GCC_541\Debug\Lab1.a(LED1.o)
 .data          0x00000000        0x0 .\CortexM3\ARM_GCC_541\Debug\Lab1.a(LED1.o)
 .bss           0x00000000        0x0 .\CortexM3\ARM_GCC_541\Debug\Lab1.a(LED1.o)
 .text.LED1_Write
                0x00000000       0x18 .\CortexM3\ARM_GCC_541\Debug\Lab1.a(LED1.o)
 .text.LED1_SetDriveMode
                0x00000000       0x18 .\CortexM3\ARM_GCC_541\Debug\Lab1.a(LED1.o)
 .text.LED1_Read
                0x00000000       0x10 .\CortexM3\ARM_GCC_541\Debug\Lab1.a(LED1.o)
 .text.LED1_ReadDataReg
                0x00000000       0x10 .\CortexM3\ARM_GCC_541\Debug\Lab1.a(LED1.o)
 .text          0x00000000        0x0 .\CortexM3\ARM_GCC_541\Debug\Lab1.a(LED2.o)
 .data          0x00000000        0x0 .\CortexM3\ARM_GCC_541\Debug\Lab1.a(LED2.o)
 .bss           0x00000000        0x0 .\CortexM3\ARM_GCC_541\Debug\Lab1.a(LED2.o)
 .text.LED2_Write
                0x00000000       0x18 .\CortexM3\ARM_GCC_541\Debug\Lab1.a(LED2.o)
 .text.LED2_SetDriveMode
                0x00000000       0x18 .\CortexM3\ARM_GCC_541\Debug\Lab1.a(LED2.o)
 .text.LED2_Read
                0x00000000       0x10 .\CortexM3\ARM_GCC_541\Debug\Lab1.a(LED2.o)
 .text.LED2_ReadDataReg
                0x00000000       0x10 .\CortexM3\ARM_GCC_541\Debug\Lab1.a(LED2.o)
 .text          0x00000000        0x0 .\CortexM3\ARM_GCC_541\Debug\Lab1.a(LED3.o)
 .data          0x00000000        0x0 .\CortexM3\ARM_GCC_541\Debug\Lab1.a(LED3.o)
 .bss           0x00000000        0x0 .\CortexM3\ARM_GCC_541\Debug\Lab1.a(LED3.o)
 .text.LED3_Write
                0x00000000       0x18 .\CortexM3\ARM_GCC_541\Debug\Lab1.a(LED3.o)
 .text.LED3_SetDriveMode
                0x00000000       0x18 .\CortexM3\ARM_GCC_541\Debug\Lab1.a(LED3.o)
 .text.LED3_Read
                0x00000000       0x10 .\CortexM3\ARM_GCC_541\Debug\Lab1.a(LED3.o)
 .text.LED3_ReadDataReg
                0x00000000       0x10 .\CortexM3\ARM_GCC_541\Debug\Lab1.a(LED3.o)
 .text          0x00000000        0x0 .\CortexM3\ARM_GCC_541\Debug\Lab1.a(LED4.o)
 .data          0x00000000        0x0 .\CortexM3\ARM_GCC_541\Debug\Lab1.a(LED4.o)
 .bss           0x00000000        0x0 .\CortexM3\ARM_GCC_541\Debug\Lab1.a(LED4.o)
 .text.LED4_Write
                0x00000000       0x18 .\CortexM3\ARM_GCC_541\Debug\Lab1.a(LED4.o)
 .text.LED4_SetDriveMode
                0x00000000       0x18 .\CortexM3\ARM_GCC_541\Debug\Lab1.a(LED4.o)
 .text.LED4_Read
                0x00000000       0x10 .\CortexM3\ARM_GCC_541\Debug\Lab1.a(LED4.o)
 .text.LED4_ReadDataReg
                0x00000000       0x10 .\CortexM3\ARM_GCC_541\Debug\Lab1.a(LED4.o)
 .text          0x00000000        0x0 .\CortexM3\ARM_GCC_541\Debug\Lab1.a(LCD.o)
 .data          0x00000000        0x0 .\CortexM3\ARM_GCC_541\Debug\Lab1.a(LCD.o)
 .bss           0x00000000        0x2 .\CortexM3\ARM_GCC_541\Debug\Lab1.a(LCD.o)
 .text.LCD_WrCntrlNib
                0x00000000       0x34 .\CortexM3\ARM_GCC_541\Debug\Lab1.a(LCD.o)
 .text.LCD_WrDatNib
                0x00000000       0x44 .\CortexM3\ARM_GCC_541\Debug\Lab1.a(LCD.o)
 .text.LCD_IsReady
                0x00000000       0xe4 .\CortexM3\ARM_GCC_541\Debug\Lab1.a(LCD.o)
 .text.LCD_WriteData
                0x00000000       0x18 .\CortexM3\ARM_GCC_541\Debug\Lab1.a(LCD.o)
 .text.LCD_PrintString
                0x00000000       0x1c .\CortexM3\ARM_GCC_541\Debug\Lab1.a(LCD.o)
 .text.LCD_PutChar
                0x00000000        0x8 .\CortexM3\ARM_GCC_541\Debug\Lab1.a(LCD.o)
 .text.LCD_WriteControl
                0x00000000       0x18 .\CortexM3\ARM_GCC_541\Debug\Lab1.a(LCD.o)
 .text.LCD_Init
                0x00000000       0x6c .\CortexM3\ARM_GCC_541\Debug\Lab1.a(LCD.o)
 .text.LCD_Enable
                0x00000000       0x14 .\CortexM3\ARM_GCC_541\Debug\Lab1.a(LCD.o)
 .text.LCD_Start
                0x00000000       0x1c .\CortexM3\ARM_GCC_541\Debug\Lab1.a(LCD.o)
 .text.LCD_Stop
                0x00000000       0x14 .\CortexM3\ARM_GCC_541\Debug\Lab1.a(LCD.o)
 .text.LCD_Position
                0x00000000       0x3c .\CortexM3\ARM_GCC_541\Debug\Lab1.a(LCD.o)
 .text.LCD_PrintInt8
                0x00000000       0x20 .\CortexM3\ARM_GCC_541\Debug\Lab1.a(LCD.o)
 .text.LCD_PrintInt16
                0x00000000       0x14 .\CortexM3\ARM_GCC_541\Debug\Lab1.a(LCD.o)
 .text.LCD_PrintInt32
                0x00000000       0x1c .\CortexM3\ARM_GCC_541\Debug\Lab1.a(LCD.o)
 .text.LCD_PrintU32Number
                0x00000000       0x64 .\CortexM3\ARM_GCC_541\Debug\Lab1.a(LCD.o)
 .rodata        0x00000000       0x10 .\CortexM3\ARM_GCC_541\Debug\Lab1.a(LCD.o)
 .text          0x00000000        0x0 .\CortexM3\ARM_GCC_541\Debug\Lab1.a(keyboard_KeyboardCol1.o)
 .data          0x00000000        0x0 .\CortexM3\ARM_GCC_541\Debug\Lab1.a(keyboard_KeyboardCol1.o)
 .bss           0x00000000        0x0 .\CortexM3\ARM_GCC_541\Debug\Lab1.a(keyboard_KeyboardCol1.o)
 .text.keyboard_KeyboardCol1_Write
                0x00000000       0x18 .\CortexM3\ARM_GCC_541\Debug\Lab1.a(keyboard_KeyboardCol1.o)
 .text.keyboard_KeyboardCol1_SetDriveMode
                0x00000000       0x18 .\CortexM3\ARM_GCC_541\Debug\Lab1.a(keyboard_KeyboardCol1.o)
 .text.keyboard_KeyboardCol1_Read
                0x00000000       0x10 .\CortexM3\ARM_GCC_541\Debug\Lab1.a(keyboard_KeyboardCol1.o)
 .text.keyboard_KeyboardCol1_ReadDataReg
                0x00000000       0x10 .\CortexM3\ARM_GCC_541\Debug\Lab1.a(keyboard_KeyboardCol1.o)
 .text          0x00000000        0x0 .\CortexM3\ARM_GCC_541\Debug\Lab1.a(keyboard_KeyboardCol3.o)
 .data          0x00000000        0x0 .\CortexM3\ARM_GCC_541\Debug\Lab1.a(keyboard_KeyboardCol3.o)
 .bss           0x00000000        0x0 .\CortexM3\ARM_GCC_541\Debug\Lab1.a(keyboard_KeyboardCol3.o)
 .text.keyboard_KeyboardCol3_Write
                0x00000000       0x18 .\CortexM3\ARM_GCC_541\Debug\Lab1.a(keyboard_KeyboardCol3.o)
 .text.keyboard_KeyboardCol3_SetDriveMode
                0x00000000       0x18 .\CortexM3\ARM_GCC_541\Debug\Lab1.a(keyboard_KeyboardCol3.o)
 .text.keyboard_KeyboardCol3_Read
                0x00000000       0x10 .\CortexM3\ARM_GCC_541\Debug\Lab1.a(keyboard_KeyboardCol3.o)
 .text.keyboard_KeyboardCol3_ReadDataReg
                0x00000000       0x10 .\CortexM3\ARM_GCC_541\Debug\Lab1.a(keyboard_KeyboardCol3.o)
 .text          0x00000000        0x0 .\CortexM3\ARM_GCC_541\Debug\Lab1.a(keyboard_KeyboardCol2.o)
 .data          0x00000000        0x0 .\CortexM3\ARM_GCC_541\Debug\Lab1.a(keyboard_KeyboardCol2.o)
 .bss           0x00000000        0x0 .\CortexM3\ARM_GCC_541\Debug\Lab1.a(keyboard_KeyboardCol2.o)
 .text.keyboard_KeyboardCol2_Write
                0x00000000       0x18 .\CortexM3\ARM_GCC_541\Debug\Lab1.a(keyboard_KeyboardCol2.o)
 .text.keyboard_KeyboardCol2_SetDriveMode
                0x00000000       0x18 .\CortexM3\ARM_GCC_541\Debug\Lab1.a(keyboard_KeyboardCol2.o)
 .text.keyboard_KeyboardCol2_Read
                0x00000000       0x10 .\CortexM3\ARM_GCC_541\Debug\Lab1.a(keyboard_KeyboardCol2.o)
 .text.keyboard_KeyboardCol2_ReadDataReg
                0x00000000       0x10 .\CortexM3\ARM_GCC_541\Debug\Lab1.a(keyboard_KeyboardCol2.o)
 .text          0x00000000        0x0 .\CortexM3\ARM_GCC_541\Debug\Lab1.a(keyboard_KeyboardRow0.o)
 .data          0x00000000        0x0 .\CortexM3\ARM_GCC_541\Debug\Lab1.a(keyboard_KeyboardRow0.o)
 .bss           0x00000000        0x0 .\CortexM3\ARM_GCC_541\Debug\Lab1.a(keyboard_KeyboardRow0.o)
 .text.keyboard_KeyboardRow0_Write
                0x00000000       0x18 .\CortexM3\ARM_GCC_541\Debug\Lab1.a(keyboard_KeyboardRow0.o)
 .text.keyboard_KeyboardRow0_SetDriveMode
                0x00000000       0x18 .\CortexM3\ARM_GCC_541\Debug\Lab1.a(keyboard_KeyboardRow0.o)
 .text.keyboard_KeyboardRow0_Read
                0x00000000       0x10 .\CortexM3\ARM_GCC_541\Debug\Lab1.a(keyboard_KeyboardRow0.o)
 .text.keyboard_KeyboardRow0_ReadDataReg
                0x00000000       0x10 .\CortexM3\ARM_GCC_541\Debug\Lab1.a(keyboard_KeyboardRow0.o)
 .text          0x00000000        0x0 .\CortexM3\ARM_GCC_541\Debug\Lab1.a(keyboard_KeyboardRow1.o)
 .data          0x00000000        0x0 .\CortexM3\ARM_GCC_541\Debug\Lab1.a(keyboard_KeyboardRow1.o)
 .bss           0x00000000        0x0 .\CortexM3\ARM_GCC_541\Debug\Lab1.a(keyboard_KeyboardRow1.o)
 .text.keyboard_KeyboardRow1_Write
                0x00000000       0x18 .\CortexM3\ARM_GCC_541\Debug\Lab1.a(keyboard_KeyboardRow1.o)
 .text.keyboard_KeyboardRow1_SetDriveMode
                0x00000000       0x18 .\CortexM3\ARM_GCC_541\Debug\Lab1.a(keyboard_KeyboardRow1.o)
 .text.keyboard_KeyboardRow1_Read
                0x00000000       0x10 .\CortexM3\ARM_GCC_541\Debug\Lab1.a(keyboard_KeyboardRow1.o)
 .text.keyboard_KeyboardRow1_ReadDataReg
                0x00000000       0x10 .\CortexM3\ARM_GCC_541\Debug\Lab1.a(keyboard_KeyboardRow1.o)
 .text          0x00000000        0x0 .\CortexM3\ARM_GCC_541\Debug\Lab1.a(keyboard_KeyboardRow2.o)
 .data          0x00000000        0x0 .\CortexM3\ARM_GCC_541\Debug\Lab1.a(keyboard_KeyboardRow2.o)
 .bss           0x00000000        0x0 .\CortexM3\ARM_GCC_541\Debug\Lab1.a(keyboard_KeyboardRow2.o)
 .text.keyboard_KeyboardRow2_Write
                0x00000000       0x18 .\CortexM3\ARM_GCC_541\Debug\Lab1.a(keyboard_KeyboardRow2.o)
 .text.keyboard_KeyboardRow2_SetDriveMode
                0x00000000       0x18 .\CortexM3\ARM_GCC_541\Debug\Lab1.a(keyboard_KeyboardRow2.o)
 .text.keyboard_KeyboardRow2_Read
                0x00000000       0x10 .\CortexM3\ARM_GCC_541\Debug\Lab1.a(keyboard_KeyboardRow2.o)
 .text.keyboard_KeyboardRow2_ReadDataReg
                0x00000000       0x10 .\CortexM3\ARM_GCC_541\Debug\Lab1.a(keyboard_KeyboardRow2.o)
 .text          0x00000000        0x0 .\CortexM3\ARM_GCC_541\Debug\Lab1.a(keyboard_KeyboardRow3.o)
 .data          0x00000000        0x0 .\CortexM3\ARM_GCC_541\Debug\Lab1.a(keyboard_KeyboardRow3.o)
 .bss           0x00000000        0x0 .\CortexM3\ARM_GCC_541\Debug\Lab1.a(keyboard_KeyboardRow3.o)
 .text.keyboard_KeyboardRow3_Write
                0x00000000       0x18 .\CortexM3\ARM_GCC_541\Debug\Lab1.a(keyboard_KeyboardRow3.o)
 .text.keyboard_KeyboardRow3_SetDriveMode
                0x00000000       0x18 .\CortexM3\ARM_GCC_541\Debug\Lab1.a(keyboard_KeyboardRow3.o)
 .text.keyboard_KeyboardRow3_Read
                0x00000000        0xc .\CortexM3\ARM_GCC_541\Debug\Lab1.a(keyboard_KeyboardRow3.o)
 .text.keyboard_KeyboardRow3_ReadDataReg
                0x00000000        0xc .\CortexM3\ARM_GCC_541\Debug\Lab1.a(keyboard_KeyboardRow3.o)
 .text          0x00000000        0x0 .\CortexM3\ARM_GCC_541\Debug\Lab1.a(CyLib.o)
 .bss           0x00000000       0x1c .\CortexM3\ARM_GCC_541\Debug\Lab1.a(CyLib.o)
 .text.CyUSB_PowerOnCheck
                0x00000000       0x48 .\CortexM3\ARM_GCC_541\Debug\Lab1.a(CyLib.o)
 .text.CyBusClk_Internal_SetDivider
                0x00000000       0x48 .\CortexM3\ARM_GCC_541\Debug\Lab1.a(CyLib.o)
 .text.CyPLL_OUT_Stop
                0x00000000       0x10 .\CortexM3\ARM_GCC_541\Debug\Lab1.a(CyLib.o)
 .text.CyIMO_Stop
                0x00000000       0x1c .\CortexM3\ARM_GCC_541\Debug\Lab1.a(CyLib.o)
 .text.CyIMO_EnableDoubler
                0x00000000       0x10 .\CortexM3\ARM_GCC_541\Debug\Lab1.a(CyLib.o)
 .text.CyIMO_DisableDoubler
                0x00000000       0x10 .\CortexM3\ARM_GCC_541\Debug\Lab1.a(CyLib.o)
 .text.CyMasterClk_SetSource
                0x00000000       0x18 .\CortexM3\ARM_GCC_541\Debug\Lab1.a(CyLib.o)
 .text.CyMasterClk_SetDivider
                0x00000000        0xc .\CortexM3\ARM_GCC_541\Debug\Lab1.a(CyLib.o)
 .text.CyBusClk_SetDivider
                0x00000000       0x70 .\CortexM3\ARM_GCC_541\Debug\Lab1.a(CyLib.o)
 .text.CyUsbClk_SetSource
                0x00000000       0x18 .\CortexM3\ARM_GCC_541\Debug\Lab1.a(CyLib.o)
 .text.CyILO_Start1K
                0x00000000       0x10 .\CortexM3\ARM_GCC_541\Debug\Lab1.a(CyLib.o)
 .text.CyILO_Stop1K
                0x00000000       0x10 .\CortexM3\ARM_GCC_541\Debug\Lab1.a(CyLib.o)
 .text.CyILO_Start100K
                0x00000000       0x10 .\CortexM3\ARM_GCC_541\Debug\Lab1.a(CyLib.o)
 .text.CyILO_Stop100K
                0x00000000       0x10 .\CortexM3\ARM_GCC_541\Debug\Lab1.a(CyLib.o)
 .text.CyPLL_OUT_Start
                0x00000000       0x78 .\CortexM3\ARM_GCC_541\Debug\Lab1.a(CyLib.o)
 .text.CyIMO_Start
                0x00000000       0x60 .\CortexM3\ARM_GCC_541\Debug\Lab1.a(CyLib.o)
 .text.CyILO_Enable33K
                0x00000000       0x10 .\CortexM3\ARM_GCC_541\Debug\Lab1.a(CyLib.o)
 .text.CyILO_Disable33K
                0x00000000       0x10 .\CortexM3\ARM_GCC_541\Debug\Lab1.a(CyLib.o)
 .text.CyILO_SetSource
                0x00000000       0x18 .\CortexM3\ARM_GCC_541\Debug\Lab1.a(CyLib.o)
 .text.CyILO_SetPowerMode
                0x00000000       0x24 .\CortexM3\ARM_GCC_541\Debug\Lab1.a(CyLib.o)
 .text.CyXTAL_32KHZ_Stop
                0x00000000       0x30 .\CortexM3\ARM_GCC_541\Debug\Lab1.a(CyLib.o)
 .text.CyXTAL_32KHZ_ReadStatus
                0x00000000       0x10 .\CortexM3\ARM_GCC_541\Debug\Lab1.a(CyLib.o)
 .text.CyXTAL_Start
                0x00000000       0xac .\CortexM3\ARM_GCC_541\Debug\Lab1.a(CyLib.o)
 .text.CyXTAL_Stop
                0x00000000       0x10 .\CortexM3\ARM_GCC_541\Debug\Lab1.a(CyLib.o)
 .text.CyXTAL_EnableErrStatus
                0x00000000       0x10 .\CortexM3\ARM_GCC_541\Debug\Lab1.a(CyLib.o)
 .text.CyXTAL_DisableErrStatus
                0x00000000       0x10 .\CortexM3\ARM_GCC_541\Debug\Lab1.a(CyLib.o)
 .text.CyXTAL_ReadStatus
                0x00000000       0x18 .\CortexM3\ARM_GCC_541\Debug\Lab1.a(CyLib.o)
 .text.CyXTAL_EnableFaultRecovery
                0x00000000       0x10 .\CortexM3\ARM_GCC_541\Debug\Lab1.a(CyLib.o)
 .text.CyXTAL_DisableFaultRecovery
                0x00000000       0x10 .\CortexM3\ARM_GCC_541\Debug\Lab1.a(CyLib.o)
 .text.CyXTAL_SetStartup
                0x00000000       0x18 .\CortexM3\ARM_GCC_541\Debug\Lab1.a(CyLib.o)
 .text.CyXTAL_SetFbVoltage
                0x00000000       0x18 .\CortexM3\ARM_GCC_541\Debug\Lab1.a(CyLib.o)
 .text.CyXTAL_SetWdVoltage
                0x00000000       0x18 .\CortexM3\ARM_GCC_541\Debug\Lab1.a(CyLib.o)
 .text.CyHalt   0x00000000        0x4 .\CortexM3\ARM_GCC_541\Debug\Lab1.a(CyLib.o)
 .text.CyPLL_OUT_SetPQ
                0x00000000       0x60 .\CortexM3\ARM_GCC_541\Debug\Lab1.a(CyLib.o)
 .text.CyPLL_OUT_SetSource
                0x00000000       0x34 .\CortexM3\ARM_GCC_541\Debug\Lab1.a(CyLib.o)
 .text.CyIMO_SetTrimValue
                0x00000000       0xcc .\CortexM3\ARM_GCC_541\Debug\Lab1.a(CyLib.o)
 .text.CyIMO_SetFreq
                0x00000000       0xf4 .\CortexM3\ARM_GCC_541\Debug\Lab1.a(CyLib.o)
 .text.CyIMO_SetSource
                0x00000000       0x58 .\CortexM3\ARM_GCC_541\Debug\Lab1.a(CyLib.o)
 .text.CySoftwareReset
                0x00000000       0x10 .\CortexM3\ARM_GCC_541\Debug\Lab1.a(CyLib.o)
 .text.CyDelayUs
                0x00000000       0x14 .\CortexM3\ARM_GCC_541\Debug\Lab1.a(CyLib.o)
 .text.CyXTAL_32KHZ_SetPowerMode
                0x00000000       0x84 .\CortexM3\ARM_GCC_541\Debug\Lab1.a(CyLib.o)
 .text.CyXTAL_32KHZ_Start
                0x00000000       0x74 .\CortexM3\ARM_GCC_541\Debug\Lab1.a(CyLib.o)
 .text.CyDelayFreq
                0x00000000       0x4c .\CortexM3\ARM_GCC_541\Debug\Lab1.a(CyLib.o)
 .text.CyWdtStart
                0x00000000       0x40 .\CortexM3\ARM_GCC_541\Debug\Lab1.a(CyLib.o)
 .text.CyWdtClear
                0x00000000        0xc .\CortexM3\ARM_GCC_541\Debug\Lab1.a(CyLib.o)
 .text.CyVdStickyStatus
                0x00000000       0x2c .\CortexM3\ARM_GCC_541\Debug\Lab1.a(CyLib.o)
 .text.CyVdLvDigitEnable
                0x00000000       0x84 .\CortexM3\ARM_GCC_541\Debug\Lab1.a(CyLib.o)
 .text.CyVdLvAnalogEnable
                0x00000000       0x80 .\CortexM3\ARM_GCC_541\Debug\Lab1.a(CyLib.o)
 .text.CyVdLvDigitDisable
                0x00000000       0x30 .\CortexM3\ARM_GCC_541\Debug\Lab1.a(CyLib.o)
 .text.CyVdLvAnalogDisable
                0x00000000       0x28 .\CortexM3\ARM_GCC_541\Debug\Lab1.a(CyLib.o)
 .text.CyVdHvAnalogEnable
                0x00000000       0x54 .\CortexM3\ARM_GCC_541\Debug\Lab1.a(CyLib.o)
 .text.CyVdHvAnalogDisable
                0x00000000       0x20 .\CortexM3\ARM_GCC_541\Debug\Lab1.a(CyLib.o)
 .text.CyVdRealTimeStatus
                0x00000000       0x1c .\CortexM3\ARM_GCC_541\Debug\Lab1.a(CyLib.o)
 .text.CyDisableInts
                0x00000000       0x1c .\CortexM3\ARM_GCC_541\Debug\Lab1.a(CyLib.o)
 .text.CyEnableInts
                0x00000000       0x18 .\CortexM3\ARM_GCC_541\Debug\Lab1.a(CyLib.o)
 .text.CyFlushCache
                0x00000000       0x44 .\CortexM3\ARM_GCC_541\Debug\Lab1.a(CyLib.o)
 .text.CyIntSetSysVector
                0x00000000       0x28 .\CortexM3\ARM_GCC_541\Debug\Lab1.a(CyLib.o)
 .text.CyIntGetSysVector
                0x00000000       0x20 .\CortexM3\ARM_GCC_541\Debug\Lab1.a(CyLib.o)
 .text.CyIntSetVector
                0x00000000       0x28 .\CortexM3\ARM_GCC_541\Debug\Lab1.a(CyLib.o)
 .text.CyIntGetVector
                0x00000000       0x24 .\CortexM3\ARM_GCC_541\Debug\Lab1.a(CyLib.o)
 .text.CyIntSetPriority
                0x00000000       0x30 .\CortexM3\ARM_GCC_541\Debug\Lab1.a(CyLib.o)
 .text.CyIntGetPriority
                0x00000000       0x20 .\CortexM3\ARM_GCC_541\Debug\Lab1.a(CyLib.o)
 .text.CyIntGetState
                0x00000000       0x24 .\CortexM3\ARM_GCC_541\Debug\Lab1.a(CyLib.o)
 .text.CySysTickStop
                0x00000000       0x10 .\CortexM3\ARM_GCC_541\Debug\Lab1.a(CyLib.o)
 .text.CySysTickEnableInterrupt
                0x00000000       0x10 .\CortexM3\ARM_GCC_541\Debug\Lab1.a(CyLib.o)
 .text.CySysTickEnable
                0x00000000       0x18 .\CortexM3\ARM_GCC_541\Debug\Lab1.a(CyLib.o)
 .text.CySysTickDisableInterrupt
                0x00000000       0x10 .\CortexM3\ARM_GCC_541\Debug\Lab1.a(CyLib.o)
 .text.CySysTickSetReload
                0x00000000       0x10 .\CortexM3\ARM_GCC_541\Debug\Lab1.a(CyLib.o)
 .text.CySysTickGetReload
                0x00000000       0x10 .\CortexM3\ARM_GCC_541\Debug\Lab1.a(CyLib.o)
 .text.CySysTickGetValue
                0x00000000       0x10 .\CortexM3\ARM_GCC_541\Debug\Lab1.a(CyLib.o)
 .text.CySysTickSetClockSource
                0x00000000       0x20 .\CortexM3\ARM_GCC_541\Debug\Lab1.a(CyLib.o)
 .text.CySysTickGetClockSource
                0x00000000       0x10 .\CortexM3\ARM_GCC_541\Debug\Lab1.a(CyLib.o)
 .text.CySysTickGetCountFlag
                0x00000000       0x10 .\CortexM3\ARM_GCC_541\Debug\Lab1.a(CyLib.o)
 .text.CySysTickServiceCallbacks
                0x00000000       0x28 .\CortexM3\ARM_GCC_541\Debug\Lab1.a(CyLib.o)
 .text.CySysTickClear
                0x00000000        0xc .\CortexM3\ARM_GCC_541\Debug\Lab1.a(CyLib.o)
 .text.CySysTickInit
                0x00000000       0x58 .\CortexM3\ARM_GCC_541\Debug\Lab1.a(CyLib.o)
 .text.CySysTickStart
                0x00000000       0x1c .\CortexM3\ARM_GCC_541\Debug\Lab1.a(CyLib.o)
 .text.CySysTickSetCallback
                0x00000000       0x10 .\CortexM3\ARM_GCC_541\Debug\Lab1.a(CyLib.o)
 .text.CySysTickGetCallback
                0x00000000       0x10 .\CortexM3\ARM_GCC_541\Debug\Lab1.a(CyLib.o)
 .text.CyGetUniqueId
                0x00000000       0x70 .\CortexM3\ARM_GCC_541\Debug\Lab1.a(CyLib.o)
 .text          0x00000000        0x0 .\CortexM3\ARM_GCC_541\Debug\Lab1.a(cyPm.o)
 .data          0x00000000        0x0 .\CortexM3\ARM_GCC_541\Debug\Lab1.a(cyPm.o)
 .bss           0x00000000       0x43 .\CortexM3\ARM_GCC_541\Debug\Lab1.a(cyPm.o)
 .text.CyPmHibSlpSaveSet
                0x00000000      0x1dc .\CortexM3\ARM_GCC_541\Debug\Lab1.a(cyPm.o)
 .text.CyPmHibSlpRestore
                0x00000000       0xd8 .\CortexM3\ARM_GCC_541\Debug\Lab1.a(cyPm.o)
 .text.CyPmHviLviSaveDisable
                0x00000000       0xa0 .\CortexM3\ARM_GCC_541\Debug\Lab1.a(cyPm.o)
 .text.CyPmHibSaveSet
                0x00000000       0x98 .\CortexM3\ARM_GCC_541\Debug\Lab1.a(cyPm.o)
 .text.CyPmHviLviRestore
                0x00000000       0x48 .\CortexM3\ARM_GCC_541\Debug\Lab1.a(cyPm.o)
 .text.CyPmHibRestore
                0x00000000       0x60 .\CortexM3\ARM_GCC_541\Debug\Lab1.a(cyPm.o)
 .text.CyPmSaveClocks
                0x00000000      0x218 .\CortexM3\ARM_GCC_541\Debug\Lab1.a(cyPm.o)
 .text.CyPmRestoreClocks
                0x00000000      0x24c .\CortexM3\ARM_GCC_541\Debug\Lab1.a(cyPm.o)
 .text.CyPmAltAct
                0x00000000       0x6c .\CortexM3\ARM_GCC_541\Debug\Lab1.a(cyPm.o)
 .text.CyPmSleep
                0x00000000       0xf4 .\CortexM3\ARM_GCC_541\Debug\Lab1.a(cyPm.o)
 .text.CyPmHibernateEx
                0x00000000       0xf4 .\CortexM3\ARM_GCC_541\Debug\Lab1.a(cyPm.o)
 .text.CyPmHibernate
                0x00000000        0xc .\CortexM3\ARM_GCC_541\Debug\Lab1.a(cyPm.o)
 .text.CyPmReadStatus
                0x00000000       0x30 .\CortexM3\ARM_GCC_541\Debug\Lab1.a(cyPm.o)
 .text.CyPmCtwSetInterval
                0x00000000       0x5c .\CortexM3\ARM_GCC_541\Debug\Lab1.a(cyPm.o)
 .text.CyPmOppsSet
                0x00000000       0x2c .\CortexM3\ARM_GCC_541\Debug\Lab1.a(cyPm.o)
 .text.CyPmFtwSetInterval
                0x00000000       0x5c .\CortexM3\ARM_GCC_541\Debug\Lab1.a(cyPm.o)
 .rodata        0x00000000        0xf .\CortexM3\ARM_GCC_541\Debug\Lab1.a(cyPm.o)
 .data          0x00000000        0x0 .\CortexM3\ARM_GCC_541\Debug\Lab1.a(CyBootAsmGnu.o)
 .bss           0x00000000        0x0 .\CortexM3\ARM_GCC_541\Debug\Lab1.a(CyBootAsmGnu.o)
 .text          0x00000000        0x0 .\CortexM3\ARM_GCC_541\Debug\Lab1.a(CyFlash.o)
 .data          0x00000000        0x0 .\CortexM3\ARM_GCC_541\Debug\Lab1.a(CyFlash.o)
 .bss           0x00000000        0x0 .\CortexM3\ARM_GCC_541\Debug\Lab1.a(CyFlash.o)
 .text.CySetTempInt
                0x00000000       0x60 .\CortexM3\ARM_GCC_541\Debug\Lab1.a(CyFlash.o)
 .text.CyFlash_Start
                0x00000000       0x54 .\CortexM3\ARM_GCC_541\Debug\Lab1.a(CyFlash.o)
 .text.CyFlash_Stop
                0x00000000       0x24 .\CortexM3\ARM_GCC_541\Debug\Lab1.a(CyFlash.o)
 .text.CyFlash_EraseRow
                0x00000000       0x78 .\CortexM3\ARM_GCC_541\Debug\Lab1.a(CyFlash.o)
 .text.CyFlashGetSpcAlgorithm
                0x00000000       0x4c .\CortexM3\ARM_GCC_541\Debug\Lab1.a(CyFlash.o)
 .text.CySetTemp
                0x00000000       0x14 .\CortexM3\ARM_GCC_541\Debug\Lab1.a(CyFlash.o)
 .text.CySetFlashEEBuffer
                0x00000000       0x20 .\CortexM3\ARM_GCC_541\Debug\Lab1.a(CyFlash.o)
 .text.CyWriteRowFull
                0x00000000       0xf8 .\CortexM3\ARM_GCC_541\Debug\Lab1.a(CyFlash.o)
 .text.CyWriteRowData
                0x00000000       0x14 .\CortexM3\ARM_GCC_541\Debug\Lab1.a(CyFlash.o)
 .text.CyFlash_SetWaitCycles
                0x00000000       0x7c .\CortexM3\ARM_GCC_541\Debug\Lab1.a(CyFlash.o)
 .text.CyEEPROM_Start
                0x00000000       0x54 .\CortexM3\ARM_GCC_541\Debug\Lab1.a(CyFlash.o)
 .text.CyEEPROM_Stop
                0x00000000       0x24 .\CortexM3\ARM_GCC_541\Debug\Lab1.a(CyFlash.o)
 .text.CyEEPROM_ReadReserve
                0x00000000       0x1c .\CortexM3\ARM_GCC_541\Debug\Lab1.a(CyFlash.o)
 .text.CyEEPROM_ReadRelease
                0x00000000       0x10 .\CortexM3\ARM_GCC_541\Debug\Lab1.a(CyFlash.o)
 COMMON         0x00000000        0x2 .\CortexM3\ARM_GCC_541\Debug\Lab1.a(CyFlash.o)
 .text          0x00000000        0x0 .\CortexM3\ARM_GCC_541\Debug\Lab1.a(CySpc.o)
 .data          0x00000000        0x0 .\CortexM3\ARM_GCC_541\Debug\Lab1.a(CySpc.o)
 .bss           0x00000000        0x8 .\CortexM3\ARM_GCC_541\Debug\Lab1.a(CySpc.o)
 .text.CySpcStart
                0x00000000       0x24 .\CortexM3\ARM_GCC_541\Debug\Lab1.a(CySpc.o)
 .text.CySpcStop
                0x00000000       0x24 .\CortexM3\ARM_GCC_541\Debug\Lab1.a(CySpc.o)
 .text.CySpcReadData
                0x00000000       0x34 .\CortexM3\ARM_GCC_541\Debug\Lab1.a(CySpc.o)
 .text.CySpcLoadMultiByte
                0x00000000       0x78 .\CortexM3\ARM_GCC_541\Debug\Lab1.a(CySpc.o)
 .text.CySpcLoadRow
                0x00000000       0x50 .\CortexM3\ARM_GCC_541\Debug\Lab1.a(CySpc.o)
 .text.CySpcLoadRowFull
                0x00000000       0x80 .\CortexM3\ARM_GCC_541\Debug\Lab1.a(CySpc.o)
 .text.CySpcWriteRow
                0x00000000       0x4c .\CortexM3\ARM_GCC_541\Debug\Lab1.a(CySpc.o)
 .text.CySpcEraseSector
                0x00000000       0x3c .\CortexM3\ARM_GCC_541\Debug\Lab1.a(CySpc.o)
 .text.CySpcEraseRow
                0x00000000       0x4c .\CortexM3\ARM_GCC_541\Debug\Lab1.a(CySpc.o)
 .text.CySpcGetTemp
                0x00000000       0x3c .\CortexM3\ARM_GCC_541\Debug\Lab1.a(CySpc.o)
 .text.CySpcLock
                0x00000000       0x4c .\CortexM3\ARM_GCC_541\Debug\Lab1.a(CySpc.o)
 .text.CySpcUnlock
                0x00000000       0x38 .\CortexM3\ARM_GCC_541\Debug\Lab1.a(CySpc.o)
 .text.CySpcGetAlgorithm
                0x00000000       0x28 .\CortexM3\ARM_GCC_541\Debug\Lab1.a(CySpc.o)
 .text          0x00000000        0x0 d:/cypress/psoc creator/4.4/psoc creator/import/gnu/arm/5.4.1/bin/../lib/gcc/arm-none-eabi/5.4.1/../../../../arm-none-eabi/lib/armv7-m\libg_nano.a(lib_a-errno.o)
 .data          0x00000000        0x0 d:/cypress/psoc creator/4.4/psoc creator/import/gnu/arm/5.4.1/bin/../lib/gcc/arm-none-eabi/5.4.1/../../../../arm-none-eabi/lib/armv7-m\libg_nano.a(lib_a-errno.o)
 .bss           0x00000000        0x0 d:/cypress/psoc creator/4.4/psoc creator/import/gnu/arm/5.4.1/bin/../lib/gcc/arm-none-eabi/5.4.1/../../../../arm-none-eabi/lib/armv7-m\libg_nano.a(lib_a-errno.o)
 .text          0x00000000        0x0 d:/cypress/psoc creator/4.4/psoc creator/import/gnu/arm/5.4.1/bin/../lib/gcc/arm-none-eabi/5.4.1/../../../../arm-none-eabi/lib/armv7-m\libg_nano.a(lib_a-exit.o)
 .data          0x00000000        0x0 d:/cypress/psoc creator/4.4/psoc creator/import/gnu/arm/5.4.1/bin/../lib/gcc/arm-none-eabi/5.4.1/../../../../arm-none-eabi/lib/armv7-m\libg_nano.a(lib_a-exit.o)
 .bss           0x00000000        0x0 d:/cypress/psoc creator/4.4/psoc creator/import/gnu/arm/5.4.1/bin/../lib/gcc/arm-none-eabi/5.4.1/../../../../arm-none-eabi/lib/armv7-m\libg_nano.a(lib_a-exit.o)
 .text.exit     0x00000000       0x28 d:/cypress/psoc creator/4.4/psoc creator/import/gnu/arm/5.4.1/bin/../lib/gcc/arm-none-eabi/5.4.1/../../../../arm-none-eabi/lib/armv7-m\libg_nano.a(lib_a-exit.o)
 .text          0x00000000        0x0 d:/cypress/psoc creator/4.4/psoc creator/import/gnu/arm/5.4.1/bin/../lib/gcc/arm-none-eabi/5.4.1/../../../../arm-none-eabi/lib/armv7-m\libg_nano.a(lib_a-impure.o)
 .data          0x00000000        0x0 d:/cypress/psoc creator/4.4/psoc creator/import/gnu/arm/5.4.1/bin/../lib/gcc/arm-none-eabi/5.4.1/../../../../arm-none-eabi/lib/armv7-m\libg_nano.a(lib_a-impure.o)
 .bss           0x00000000        0x0 d:/cypress/psoc creator/4.4/psoc creator/import/gnu/arm/5.4.1/bin/../lib/gcc/arm-none-eabi/5.4.1/../../../../arm-none-eabi/lib/armv7-m\libg_nano.a(lib_a-impure.o)
 .rodata._global_impure_ptr
                0x00000000        0x4 d:/cypress/psoc creator/4.4/psoc creator/import/gnu/arm/5.4.1/bin/../lib/gcc/arm-none-eabi/5.4.1/../../../../arm-none-eabi/lib/armv7-m\libg_nano.a(lib_a-impure.o)
 .text          0x00000000        0x0 d:/cypress/psoc creator/4.4/psoc creator/import/gnu/arm/5.4.1/bin/../lib/gcc/arm-none-eabi/5.4.1/../../../../arm-none-eabi/lib/armv7-m\libg_nano.a(lib_a-init.o)
 .data          0x00000000        0x0 d:/cypress/psoc creator/4.4/psoc creator/import/gnu/arm/5.4.1/bin/../lib/gcc/arm-none-eabi/5.4.1/../../../../arm-none-eabi/lib/armv7-m\libg_nano.a(lib_a-init.o)
 .bss           0x00000000        0x0 d:/cypress/psoc creator/4.4/psoc creator/import/gnu/arm/5.4.1/bin/../lib/gcc/arm-none-eabi/5.4.1/../../../../arm-none-eabi/lib/armv7-m\libg_nano.a(lib_a-init.o)
 .text          0x00000000        0x0 d:/cypress/psoc creator/4.4/psoc creator/import/gnu/arm/5.4.1/bin/../lib/gcc/arm-none-eabi/5.4.1/../../../../arm-none-eabi/lib/armv7-m\libg_nano.a(lib_a-memcpy-stub.o)
 .data          0x00000000        0x0 d:/cypress/psoc creator/4.4/psoc creator/import/gnu/arm/5.4.1/bin/../lib/gcc/arm-none-eabi/5.4.1/../../../../arm-none-eabi/lib/armv7-m\libg_nano.a(lib_a-memcpy-stub.o)
 .bss           0x00000000        0x0 d:/cypress/psoc creator/4.4/psoc creator/import/gnu/arm/5.4.1/bin/../lib/gcc/arm-none-eabi/5.4.1/../../../../arm-none-eabi/lib/armv7-m\libg_nano.a(lib_a-memcpy-stub.o)
 .text          0x00000000        0x0 d:/cypress/psoc creator/4.4/psoc creator/import/gnu/arm/5.4.1/bin/../lib/gcc/arm-none-eabi/5.4.1/../../../../arm-none-eabi/lib/armv7-m\libg_nano.a(lib_a-memset.o)
 .data          0x00000000        0x0 d:/cypress/psoc creator/4.4/psoc creator/import/gnu/arm/5.4.1/bin/../lib/gcc/arm-none-eabi/5.4.1/../../../../arm-none-eabi/lib/armv7-m\libg_nano.a(lib_a-memset.o)
 .bss           0x00000000        0x0 d:/cypress/psoc creator/4.4/psoc creator/import/gnu/arm/5.4.1/bin/../lib/gcc/arm-none-eabi/5.4.1/../../../../arm-none-eabi/lib/armv7-m\libg_nano.a(lib_a-memset.o)
 .text          0x00000000        0x0 d:/cypress/psoc creator/4.4/psoc creator/import/gnu/arm/5.4.1/bin/../lib/gcc/arm-none-eabi/5.4.1/armv7-m/crtend.o
 .data          0x00000000        0x0 d:/cypress/psoc creator/4.4/psoc creator/import/gnu/arm/5.4.1/bin/../lib/gcc/arm-none-eabi/5.4.1/armv7-m/crtend.o
 .bss           0x00000000        0x0 d:/cypress/psoc creator/4.4/psoc creator/import/gnu/arm/5.4.1/bin/../lib/gcc/arm-none-eabi/5.4.1/armv7-m/crtend.o
 .text          0x00000000        0x0 d:/cypress/psoc creator/4.4/psoc creator/import/gnu/arm/5.4.1/bin/../lib/gcc/arm-none-eabi/5.4.1/armv7-m/crtn.o
 .data          0x00000000        0x0 d:/cypress/psoc creator/4.4/psoc creator/import/gnu/arm/5.4.1/bin/../lib/gcc/arm-none-eabi/5.4.1/armv7-m/crtn.o
 .bss           0x00000000        0x0 d:/cypress/psoc creator/4.4/psoc creator/import/gnu/arm/5.4.1/bin/../lib/gcc/arm-none-eabi/5.4.1/armv7-m/crtn.o

Memory Configuration

Name             Origin             Length             Attributes
rom              0x00000000         0x00040000         xr
ram              0x1fff8000         0x00010000         xrw
*default*        0x00000000         0xffffffff

Linker script and memory map

LOAD d:/cypress/psoc creator/4.4/psoc creator/import/gnu/arm/5.4.1/bin/../lib/gcc/arm-none-eabi/5.4.1/armv7-m/crti.o
LOAD d:/cypress/psoc creator/4.4/psoc creator/import/gnu/arm/5.4.1/bin/../lib/gcc/arm-none-eabi/5.4.1/armv7-m/crtbegin.o
LOAD d:/cypress/psoc creator/4.4/psoc creator/import/gnu/arm/5.4.1/bin/../lib/gcc/arm-none-eabi/5.4.1/../../../../arm-none-eabi/lib/armv7-m/crt0.o
START GROUP
LOAD .\CortexM3\ARM_GCC_541\Debug\main.o
LOAD .\CortexM3\ARM_GCC_541\Debug\cyfitter_cfg.o
LOAD .\CortexM3\ARM_GCC_541\Debug\cymetadata.o
LOAD .\CortexM3\ARM_GCC_541\Debug\Cm3Start.o
LOAD .\CortexM3\ARM_GCC_541\Debug\Lab1.a
LOAD D:\Cypress\PSoC Creator\4.4\PSoC Creator\psoc\content\cycomponentlibrary\CyComponentLibrary.cylib\CortexM3\ARM_GCC_541\Debug\CyComponentLibrary.a
END GROUP
START GROUP
LOAD d:/cypress/psoc creator/4.4/psoc creator/import/gnu/arm/5.4.1/bin/../lib/gcc/arm-none-eabi/5.4.1/armv7-m\libgcc.a
LOAD d:/cypress/psoc creator/4.4/psoc creator/import/gnu/arm/5.4.1/bin/../lib/gcc/arm-none-eabi/5.4.1/../../../../arm-none-eabi/lib/armv7-m\libg_nano.a
LOAD d:/cypress/psoc creator/4.4/psoc creator/import/gnu/arm/5.4.1/bin/../lib/gcc/arm-none-eabi/5.4.1/../../../../arm-none-eabi/lib/armv7-m\libc_nano.a
END GROUP
START GROUP
LOAD d:/cypress/psoc creator/4.4/psoc creator/import/gnu/arm/5.4.1/bin/../lib/gcc/arm-none-eabi/5.4.1/armv7-m\libgcc.a
LOAD d:/cypress/psoc creator/4.4/psoc creator/import/gnu/arm/5.4.1/bin/../lib/gcc/arm-none-eabi/5.4.1/../../../../arm-none-eabi/lib/armv7-m\libc_nano.a
END GROUP
LOAD d:/cypress/psoc creator/4.4/psoc creator/import/gnu/arm/5.4.1/bin/../lib/gcc/arm-none-eabi/5.4.1/armv7-m/crtend.o
LOAD d:/cypress/psoc creator/4.4/psoc creator/import/gnu/arm/5.4.1/bin/../lib/gcc/arm-none-eabi/5.4.1/armv7-m/crtn.o
START GROUP
LOAD d:/cypress/psoc creator/4.4/psoc creator/import/gnu/arm/5.4.1/bin/../lib/gcc/arm-none-eabi/5.4.1/armv7-m\libgcc.a
LOAD d:/cypress/psoc creator/4.4/psoc creator/import/gnu/arm/5.4.1/bin/../lib/gcc/arm-none-eabi/5.4.1/../../../../arm-none-eabi/lib/armv7-m\libc.a
LOAD d:/cypress/psoc creator/4.4/psoc creator/import/gnu/arm/5.4.1/bin/../lib/gcc/arm-none-eabi/5.4.1/../../../../arm-none-eabi/lib/armv7-m\libnosys.a
END GROUP
                0x00000000                CY_APPL_ORIGIN = 0x0
                0x00000100                CY_FLASH_ROW_SIZE = 0x100
                0x00000020                CY_ECC_ROW_SIZE = 0x20
                0x00000000                CY_EE_IN_BTLDR = 0x0
                0x00000000                CY_APPL_LOADABLE = 0x0
                0x00000800                CY_EE_SIZE = 0x800
                0x00000001                CY_APPL_NUM = 0x1
                0x00000001                CY_APPL_MAX = 0x1
                0x00000040                CY_METADATA_SIZE = 0x40
                0x00000000                CY_APPL_LOADABLE = 0x0
                0x00000000                CY_CHECKSUM_EXCLUDE_SIZE = ALIGN (0x0, CY_FLASH_ROW_SIZE)
                [!provide]                PROVIDE (__cy_heap_start, _end)
                0x00000001                PROVIDE (__cy_region_num, ((__cy_regions_end - __cy_regions) / 0x10))
                0x20008000                PROVIDE (__cy_stack, (ORIGIN (ram) + LENGTH (ram)))
                [!provide]                PROVIDE (__cy_heap_end, (__cy_stack - 0x800))

.cybootloader   0x00000000        0x0
 *(.cybootloader)
                0x00000000                appl1_start = CY_APPL_ORIGIN?CY_APPL_ORIGIN:ALIGN (CY_FLASH_ROW_SIZE)
                0x0001ff00                appl2_start = (appl1_start + ALIGN ((((LENGTH (rom) - appl1_start) - (0x2 * CY_FLASH_ROW_SIZE)) / 0x2), CY_FLASH_ROW_SIZE))
                0x00000000                appl_start = (CY_APPL_NUM == 0x1)?appl1_start:appl2_start
                0x00000000                ecc_offset = ((appl_start / CY_FLASH_ROW_SIZE) * CY_ECC_ROW_SIZE)
                0x00000000                ee_offset = (CY_APPL_LOADABLE && ! (CY_EE_IN_BTLDR))?((CY_EE_SIZE / CY_APPL_MAX) * (CY_APPL_NUM - 0x1)):0x0
                0x00000800                ee_size = (CY_APPL_LOADABLE && ! (CY_EE_IN_BTLDR))?(CY_EE_SIZE / CY_APPL_MAX):CY_EE_SIZE
                [!provide]                PROVIDE (CY_ECC_OFFSET, ecc_offset)

.text           0x00000000      0x476
 CREATE_OBJECT_SYMBOLS
                0x00000000                PROVIDE (__cy_interrupt_vector, RomVectors)
 *(.romvectors)
 .romvectors    0x00000000       0x10 .\CortexM3\ARM_GCC_541\Debug\Cm3Start.o
                0x00000000                RomVectors
                0x00000001                ASSERT ((. != __cy_interrupt_vector), No interrupt vector)
                0x00000001                ASSERT (CY_APPL_ORIGIN?(SIZEOF (.cybootloader) <= CY_APPL_ORIGIN):0x1, Wrong image location)
                0x00000010                PROVIDE (__cy_reset, Reset)
 *(.text.Reset)
 .text.Reset    0x00000010       0x18 .\CortexM3\ARM_GCC_541\Debug\Cm3Start.o
                0x00000010                Reset
                0x00000001                ASSERT ((. != __cy_reset), No reset code)
 *(.dma_init)
                0x00000001                ASSERT ((((appl_start + .) <= 0x10000) || 0x1), DMA Init must be within the first 64k of flash)
 *(.text .text.* .gnu.linkonce.t.*)
 .text          0x00000028       0x5c d:/cypress/psoc creator/4.4/psoc creator/import/gnu/arm/5.4.1/bin/../lib/gcc/arm-none-eabi/5.4.1/armv7-m/crtbegin.o
 .text.exo4     0x00000084       0x2c .\CortexM3\ARM_GCC_541\Debug\main.o
                0x00000084                exo4
 .text.exo5     0x000000b0        0xc .\CortexM3\ARM_GCC_541\Debug\main.o
                0x000000b0                exo5
 .text.main     0x000000bc       0x10 .\CortexM3\ARM_GCC_541\Debug\main.o
                0x000000bc                main
 .text.CyClockStartupError
                0x000000cc        0x4 .\CortexM3\ARM_GCC_541\Debug\cyfitter_cfg.o
 .text.AnalogSetDefault
                0x000000d0       0x28 .\CortexM3\ARM_GCC_541\Debug\cyfitter_cfg.o
 .text.CYMEMZERO
                0x000000f8        0xc .\CortexM3\ARM_GCC_541\Debug\cyfitter_cfg.o
 .text.ClockSetup
                0x00000104       0x9c .\CortexM3\ARM_GCC_541\Debug\cyfitter_cfg.o
 .text.CYCONFIGCPY
                0x000001a0        0x8 .\CortexM3\ARM_GCC_541\Debug\cyfitter_cfg.o
 .text.cyfitter_cfg
                0x000001a8       0xfc .\CortexM3\ARM_GCC_541\Debug\cyfitter_cfg.o
                0x000001a8                cyfitter_cfg
 .text.IntDefaultHandler
                0x000002a4       0x10 .\CortexM3\ARM_GCC_541\Debug\Cm3Start.o
                0x000002a4                IntDefaultHandler
 .text.Start_c  0x000002b4       0x4c .\CortexM3\ARM_GCC_541\Debug\Cm3Start.o
                0x000002b4                Start_c
 .text.initialize_psoc
                0x00000300       0x68 .\CortexM3\ARM_GCC_541\Debug\Cm3Start.o
                0x00000300                initialize_psoc
 .text.GPIOJ11_Write
                0x00000368       0x18 .\CortexM3\ARM_GCC_541\Debug\Lab1.a(GPIOJ11.o)
                0x00000368                GPIOJ11_Write
 .text.GPIOJ12_Write
                0x00000380       0x18 .\CortexM3\ARM_GCC_541\Debug\Lab1.a(GPIOJ12.o)
                0x00000380                GPIOJ12_Write
 .text.SW4_Read
                0x00000398       0x10 .\CortexM3\ARM_GCC_541\Debug\Lab1.a(SW4.o)
                0x00000398                SW4_Read
 .text.CyDelay  0x000003a8       0x2c .\CortexM3\ARM_GCC_541\Debug\Lab1.a(CyLib.o)
                0x000003a8                CyDelay
 *fill*         0x000003d4        0x4 
 .text          0x000003d8       0x20 .\CortexM3\ARM_GCC_541\Debug\Lab1.a(CyBootAsmGnu.o)
                0x000003d8                CyDelayCycles
                0x000003e8                CyEnterCriticalSection
                0x000003f0                CyExitCriticalSection
 .text.__errno  0x000003f8        0xc d:/cypress/psoc creator/4.4/psoc creator/import/gnu/arm/5.4.1/bin/../lib/gcc/arm-none-eabi/5.4.1/../../../../arm-none-eabi/lib/armv7-m\libg_nano.a(lib_a-errno.o)
                0x000003f8                __errno
 .text.__libc_init_array
                0x00000404       0x4c d:/cypress/psoc creator/4.4/psoc creator/import/gnu/arm/5.4.1/bin/../lib/gcc/arm-none-eabi/5.4.1/../../../../arm-none-eabi/lib/armv7-m\libg_nano.a(lib_a-init.o)
                0x00000404                __libc_init_array
 .text.memcpy   0x00000450       0x16 d:/cypress/psoc creator/4.4/psoc creator/import/gnu/arm/5.4.1/bin/../lib/gcc/arm-none-eabi/5.4.1/../../../../arm-none-eabi/lib/armv7-m\libg_nano.a(lib_a-memcpy-stub.o)
                0x00000450                memcpy
 .text.memset   0x00000466       0x10 d:/cypress/psoc creator/4.4/psoc creator/import/gnu/arm/5.4.1/bin/../lib/gcc/arm-none-eabi/5.4.1/../../../../arm-none-eabi/lib/armv7-m\libg_nano.a(lib_a-memset.o)
                0x00000466                memset
 *(.plt)
 *(.gnu.warning)
 *(.glue_7t)
 .glue_7t       0x00000476        0x0 linker stubs
 *(.glue_7)
 .glue_7        0x00000476        0x0 linker stubs
 *(.vfp11_veneer)
 .vfp11_veneer  0x00000476        0x0 linker stubs
 *(.bootloader)
 *(.ARM.extab* .gnu.linkonce.armextab.*)
 *(.gcc_except_table)

.v4_bx          0x00000478        0x0
 .v4_bx         0x00000478        0x0 linker stubs

.iplt           0x00000478        0x0
 .iplt          0x00000478        0x0 d:/cypress/psoc creator/4.4/psoc creator/import/gnu/arm/5.4.1/bin/../lib/gcc/arm-none-eabi/5.4.1/armv7-m/crtbegin.o

.eh_frame_hdr
 *(.eh_frame_hdr)

.eh_frame       0x00000478        0x4
 *(.eh_frame)
 .eh_frame      0x00000478        0x0 d:/cypress/psoc creator/4.4/psoc creator/import/gnu/arm/5.4.1/bin/../lib/gcc/arm-none-eabi/5.4.1/armv7-m/crtbegin.o
 .eh_frame      0x00000478        0x4 d:/cypress/psoc creator/4.4/psoc creator/import/gnu/arm/5.4.1/bin/../lib/gcc/arm-none-eabi/5.4.1/armv7-m/crtend.o
                [!provide]                PROVIDE (__exidx_start, .)

.ARM.exidx
 *(.ARM.exidx* .gnu.linkonce.armexidx.*)
                0x0000047c                __exidx_end = .

.rodata         0x0000047c       0x5c
 *(.rodata .rodata.* .gnu.linkonce.r.*)
 .rodata        0x0000047c       0x24 .\CortexM3\ARM_GCC_541\Debug\cyfitter_cfg.o
 .rodata.str1.1
                0x000004a0        0x2 d:/cypress/psoc creator/4.4/psoc creator/import/gnu/arm/5.4.1/bin/../lib/gcc/arm-none-eabi/5.4.1/../../../../arm-none-eabi/lib/armv7-m\libg_nano.a(lib_a-impure.o)
                0x000004a4                . = ALIGN (0x4)
 *fill*         0x000004a2        0x2 
 *(.init)
 .init          0x000004a4        0x4 d:/cypress/psoc creator/4.4/psoc creator/import/gnu/arm/5.4.1/bin/../lib/gcc/arm-none-eabi/5.4.1/armv7-m/crti.o
                0x000004a4                _init
 .init          0x000004a8        0x8 d:/cypress/psoc creator/4.4/psoc creator/import/gnu/arm/5.4.1/bin/../lib/gcc/arm-none-eabi/5.4.1/armv7-m/crtn.o
                0x000004b0                . = ALIGN (0x4)
                0x000004b0                __preinit_array_start = .
 *(.preinit_array)
                0x000004b0                __preinit_array_end = .
                0x000004b0                . = ALIGN (0x4)
                0x000004b0                __init_array_start = .
 *(SORT(.init_array.*))
 *(.init_array)
 .init_array    0x000004b0        0x4 d:/cypress/psoc creator/4.4/psoc creator/import/gnu/arm/5.4.1/bin/../lib/gcc/arm-none-eabi/5.4.1/armv7-m/crtbegin.o
 .init_array    0x000004b4        0x4 .\CortexM3\ARM_GCC_541\Debug\Cm3Start.o
                0x000004b8                __init_array_end = .
                0x000004b8                . = ALIGN (0x4)
 *(.fini)
 .fini          0x000004b8        0x4 d:/cypress/psoc creator/4.4/psoc creator/import/gnu/arm/5.4.1/bin/../lib/gcc/arm-none-eabi/5.4.1/armv7-m/crti.o
                0x000004b8                _fini
 .fini          0x000004bc        0x8 d:/cypress/psoc creator/4.4/psoc creator/import/gnu/arm/5.4.1/bin/../lib/gcc/arm-none-eabi/5.4.1/armv7-m/crtn.o
                0x000004c4                . = ALIGN (0x4)
                0x000004c4                __fini_array_start = .
 *(.fini_array)
 .fini_array    0x000004c4        0x4 d:/cypress/psoc creator/4.4/psoc creator/import/gnu/arm/5.4.1/bin/../lib/gcc/arm-none-eabi/5.4.1/armv7-m/crtbegin.o
 *(SORT(.fini_array.*))
                0x000004c8                __fini_array_end = .
                0x000004c8                . = ALIGN (0x4)
 *crtbegin.o(.ctors)
 *(EXCLUDE_FILE(*crtend.o) .ctors)
 *(SORT(.ctors.*))
 *crtend.o(.ctors)
                0x000004c8                . = ALIGN (0x4)
 *crtbegin.o(.dtors)
 *(EXCLUDE_FILE(*crtend.o) .dtors)
 *(SORT(.dtors.*))
 *crtend.o(.dtors)
                0x000004c8                . = ALIGN (0x4)
                0x000004c8                __cy_regions = .
                0x000004c8        0x4 LONG 0x4d8 __cy_region_init_ram
                0x000004cc        0x4 LONG 0x1fff80c8 __cy_region_start_data
                0x000004d0        0x4 LONG 0x78 __cy_region_init_size_ram
                0x000004d4        0x4 LONG 0x20 __cy_region_zero_size_ram
                0x000004d8                __cy_regions_end = .
                0x000004d8                . = ALIGN (0x8)
                0x000004d8                _etext = .

.cy_checksum_exclude
                0x000004d8        0x0
 *(.cy_checksum_exclude)

.ramvectors     0x1fff8000       0xc0
                0x1fff8000                __cy_region_start_ram = .
 *(.ramvectors)
 .ramvectors    0x1fff8000       0xc0 .\CortexM3\ARM_GCC_541\Debug\Cm3Start.o
                0x1fff8000                CyRamVectors

.noinit         0x1fff80c0        0x1
 *(.noinit)
 .noinit        0x1fff80c0        0x1 .\CortexM3\ARM_GCC_541\Debug\Lab1.a(CyLib.o)
                0x1fff80c0                CyResetStatus

.data           0x1fff80c8       0x78 load address 0x000004d8
                0x1fff80c8                __cy_region_start_data = .
 *(.jcr)
 .jcr           0x1fff80c8        0x0 d:/cypress/psoc creator/4.4/psoc creator/import/gnu/arm/5.4.1/bin/../lib/gcc/arm-none-eabi/5.4.1/armv7-m/crtbegin.o
 .jcr           0x1fff80c8        0x4 d:/cypress/psoc creator/4.4/psoc creator/import/gnu/arm/5.4.1/bin/../lib/gcc/arm-none-eabi/5.4.1/armv7-m/crtend.o
 *(.got.plt)
 *(.got)
 *(.shdata)
 *(.data .data.* .gnu.linkonce.d.*)
 .data          0x1fff80cc       0x10 .\CortexM3\ARM_GCC_541\Debug\Lab1.a(CyLib.o)
                0x1fff80cc                cydelay_32k_ms
                0x1fff80d0                cydelay_freq_khz
                0x1fff80d4                cydelay_freq_mhz
                0x1fff80d8                cydelay_freq_hz
 .data.impure_data
                0x1fff80dc       0x60 d:/cypress/psoc creator/4.4/psoc creator/import/gnu/arm/5.4.1/bin/../lib/gcc/arm-none-eabi/5.4.1/../../../../arm-none-eabi/lib/armv7-m\libg_nano.a(lib_a-impure.o)
 .data._impure_ptr
                0x1fff813c        0x4 d:/cypress/psoc creator/4.4/psoc creator/import/gnu/arm/5.4.1/bin/../lib/gcc/arm-none-eabi/5.4.1/../../../../arm-none-eabi/lib/armv7-m\libg_nano.a(lib_a-impure.o)
                0x1fff813c                _impure_ptr
                0x1fff8140                . = ALIGN (0x8)
 *(.ram)
                0x1fff8140                _edata = .

.igot.plt       0x1fff8140        0x0 load address 0x00000550
 .igot.plt      0x1fff8140        0x0 d:/cypress/psoc creator/4.4/psoc creator/import/gnu/arm/5.4.1/bin/../lib/gcc/arm-none-eabi/5.4.1/armv7-m/crtbegin.o

.bss            0x1fff8140       0x20 load address 0x00000550
                0x1fff8140                PROVIDE (__bss_start__, .)
 *(.shbss)
 *(.bss .bss.* .gnu.linkonce.b.*)
 .bss           0x1fff8140       0x1c d:/cypress/psoc creator/4.4/psoc creator/import/gnu/arm/5.4.1/bin/../lib/gcc/arm-none-eabi/5.4.1/armv7-m/crtbegin.o
 .bss           0x1fff815c        0x2 .\CortexM3\ARM_GCC_541\Debug\main.o
                0x1fff815c                SW_counter
                0x1fff815d                val
 *(COMMON)
                0x1fff8160                . = ALIGN (0x8)
 *fill*         0x1fff815e        0x2 
 *(.ram.b)
                0x1fff8160                _end = .
                0x1fff8160                __end = .
                0x1fff8160                PROVIDE (end, .)
                0x1fff8160                PROVIDE (__bss_end__, .)
                0x000004d8                __cy_region_init_ram = LOADADDR (.data)
                0x00000078                __cy_region_init_size_ram = (_edata - ADDR (.data))
                0x00000020                __cy_region_zero_size_ram = (_end - _edata)

.heap           0x1fff8160       0x80 load address 0x00000550
                0x1fff8160                . = _end
                0x1fff81e0                . = (. + 0x80)
 *fill*         0x1fff8160       0x80 
                0x1fff81e0                __cy_heap_limit = .

.stack          0x20007800      0x800
                0x20007800                __cy_stack_limit = .
                0x20008000                . = (. + 0x800)
 *fill*         0x20007800      0x800 
                0x00000001                ASSERT ((__cy_stack_limit >= __cy_heap_limit), region RAM overflowed with stack)
                0x00000000                cy_checksum_exclude_size = (CY_APPL_LOADABLE == 0x1)?SIZEOF (.cy_checksum_exclude):0x0
                0x00000001                ASSERT ((cy_checksum_exclude_size <= CY_CHECKSUM_EXCLUDE_SIZE), CY_BOOT: Section .cy_checksum_exclude size exceedes specified limit.)

.cyloadermeta
 *(.cyloadermeta)

.cyloadablemeta
 *(.cyloadablemeta)

.cyconfigecc    0x80000000       0x34
 *(.cyconfigecc)
 .cyconfigecc   0x80000000       0x34 .\CortexM3\ARM_GCC_541\Debug\cymetadata.o
                0x80000000                cy_meta_configecc

.cycustnvl      0x90000000        0x4
 *(.cycustnvl)
 .cycustnvl     0x90000000        0x4 .\CortexM3\ARM_GCC_541\Debug\cymetadata.o
                0x90000000                cy_meta_custnvl

.cywolatch      0x90100000        0x4
 *(.cywolatch)
 .cywolatch     0x90100000        0x4 .\CortexM3\ARM_GCC_541\Debug\cymetadata.o
                0x90100000                cy_meta_wonvl

.cyeeprom       0x90200000        0x0
 *(.cyeeprom)
                0x00000001                ASSERT ((. <= ((0x90200000 + ee_offset) + ee_size)), .cyeeprom data will not fit in EEPROM)

.cyflashprotect
                0x90400000      0x100
 *(.cyflashprotect)
 .cyflashprotect
                0x90400000      0x100 .\CortexM3\ARM_GCC_541\Debug\cymetadata.o
                0x90400000                cy_meta_flashprotect

.cymeta         0x90500000        0xc
 *(.cymeta)
 .cymeta        0x90500000        0xc .\CortexM3\ARM_GCC_541\Debug\cymetadata.o
                0x90500000                cy_metadata

.rel.dyn        0x00000550        0x0 load address 0x9050000c
 .rel.iplt      0x00000550        0x0 d:/cypress/psoc creator/4.4/psoc creator/import/gnu/arm/5.4.1/bin/../lib/gcc/arm-none-eabi/5.4.1/armv7-m/crtbegin.o

.stab
 *(.stab)

.stabstr
 *(.stabstr)

.debug
 *(.debug)

.line
 *(.line)

.debug_srcinfo
 *(.debug_srcinfo)

.debug_sfnames
 *(.debug_sfnames)

.debug_aranges  0x00000000      0x9e8
 *(.debug_aranges)
 .debug_aranges
                0x00000000       0x58 .\CortexM3\ARM_GCC_541\Debug\main.o
 .debug_aranges
                0x00000058       0x50 .\CortexM3\ARM_GCC_541\Debug\cyfitter_cfg.o
 .debug_aranges
                0x000000a8       0x18 .\CortexM3\ARM_GCC_541\Debug\cymetadata.o
 .debug_aranges
                0x000000c0       0x48 .\CortexM3\ARM_GCC_541\Debug\Cm3Start.o
 .debug_aranges
                0x00000108       0x30 .\CortexM3\ARM_GCC_541\Debug\Lab1.a(keyboard_keyboard.o)
 .debug_aranges
                0x00000138       0x38 .\CortexM3\ARM_GCC_541\Debug\Lab1.a(GPIOJ11.o)
 .debug_aranges
                0x00000170       0x38 .\CortexM3\ARM_GCC_541\Debug\Lab1.a(GPIOJ12.o)
 .debug_aranges
                0x000001a8       0x38 .\CortexM3\ARM_GCC_541\Debug\Lab1.a(SW1.o)
 .debug_aranges
                0x000001e0       0x38 .\CortexM3\ARM_GCC_541\Debug\Lab1.a(SW2.o)
 .debug_aranges
                0x00000218       0x38 .\CortexM3\ARM_GCC_541\Debug\Lab1.a(SW3.o)
 .debug_aranges
                0x00000250       0x38 .\CortexM3\ARM_GCC_541\Debug\Lab1.a(SW4.o)
 .debug_aranges
                0x00000288       0x38 .\CortexM3\ARM_GCC_541\Debug\Lab1.a(LED1.o)
 .debug_aranges
                0x000002c0       0x38 .\CortexM3\ARM_GCC_541\Debug\Lab1.a(LED2.o)
 .debug_aranges
                0x000002f8       0x38 .\CortexM3\ARM_GCC_541\Debug\Lab1.a(LED3.o)
 .debug_aranges
                0x00000330       0x38 .\CortexM3\ARM_GCC_541\Debug\Lab1.a(LED4.o)
 .debug_aranges
                0x00000368       0x98 .\CortexM3\ARM_GCC_541\Debug\Lab1.a(LCD.o)
 .debug_aranges
                0x00000400       0x38 .\CortexM3\ARM_GCC_541\Debug\Lab1.a(keyboard_KeyboardCol1.o)
 .debug_aranges
                0x00000438       0x38 .\CortexM3\ARM_GCC_541\Debug\Lab1.a(keyboard_KeyboardCol3.o)
 .debug_aranges
                0x00000470       0x38 .\CortexM3\ARM_GCC_541\Debug\Lab1.a(keyboard_KeyboardCol2.o)
 .debug_aranges
                0x000004a8       0x38 .\CortexM3\ARM_GCC_541\Debug\Lab1.a(keyboard_KeyboardRow0.o)
 .debug_aranges
                0x000004e0       0x38 .\CortexM3\ARM_GCC_541\Debug\Lab1.a(keyboard_KeyboardRow1.o)
 .debug_aranges
                0x00000518       0x38 .\CortexM3\ARM_GCC_541\Debug\Lab1.a(keyboard_KeyboardRow2.o)
 .debug_aranges
                0x00000550       0x38 .\CortexM3\ARM_GCC_541\Debug\Lab1.a(keyboard_KeyboardRow3.o)
 .debug_aranges
                0x00000588      0x2a0 .\CortexM3\ARM_GCC_541\Debug\Lab1.a(CyLib.o)
 .debug_aranges
                0x00000828       0x98 .\CortexM3\ARM_GCC_541\Debug\Lab1.a(cyPm.o)
 .debug_aranges
                0x000008c0       0x20 .\CortexM3\ARM_GCC_541\Debug\Lab1.a(CyBootAsmGnu.o)
 .debug_aranges
                0x000008e0       0x88 .\CortexM3\ARM_GCC_541\Debug\Lab1.a(CyFlash.o)
 .debug_aranges
                0x00000968       0x80 .\CortexM3\ARM_GCC_541\Debug\Lab1.a(CySpc.o)

.debug_pubnames
 *(.debug_pubnames)

.debug_info     0x00000000     0x54d1
 *(.debug_info .gnu.linkonce.wi.*)
 .debug_info    0x00000000      0x438 .\CortexM3\ARM_GCC_541\Debug\main.o
 .debug_info    0x00000438      0x465 .\CortexM3\ARM_GCC_541\Debug\cyfitter_cfg.o
 .debug_info    0x0000089d      0x134 .\CortexM3\ARM_GCC_541\Debug\cymetadata.o
 .debug_info    0x000009d1      0x3bb .\CortexM3\ARM_GCC_541\Debug\Cm3Start.o
 .debug_info    0x00000d8c      0x36a .\CortexM3\ARM_GCC_541\Debug\Lab1.a(keyboard_keyboard.o)
 .debug_info    0x000010f6      0x11f .\CortexM3\ARM_GCC_541\Debug\Lab1.a(GPIOJ11.o)
 .debug_info    0x00001215      0x11f .\CortexM3\ARM_GCC_541\Debug\Lab1.a(GPIOJ12.o)
 .debug_info    0x00001334      0x11f .\CortexM3\ARM_GCC_541\Debug\Lab1.a(SW1.o)
 .debug_info    0x00001453      0x11f .\CortexM3\ARM_GCC_541\Debug\Lab1.a(SW2.o)
 .debug_info    0x00001572      0x11f .\CortexM3\ARM_GCC_541\Debug\Lab1.a(SW3.o)
 .debug_info    0x00001691      0x11f .\CortexM3\ARM_GCC_541\Debug\Lab1.a(SW4.o)
 .debug_info    0x000017b0      0x11f .\CortexM3\ARM_GCC_541\Debug\Lab1.a(LED1.o)
 .debug_info    0x000018cf      0x11f .\CortexM3\ARM_GCC_541\Debug\Lab1.a(LED2.o)
 .debug_info    0x000019ee      0x11f .\CortexM3\ARM_GCC_541\Debug\Lab1.a(LED3.o)
 .debug_info    0x00001b0d      0x11f .\CortexM3\ARM_GCC_541\Debug\Lab1.a(LED4.o)
 .debug_info    0x00001c2c      0x715 .\CortexM3\ARM_GCC_541\Debug\Lab1.a(LCD.o)
 .debug_info    0x00002341      0x11f .\CortexM3\ARM_GCC_541\Debug\Lab1.a(keyboard_KeyboardCol1.o)
 .debug_info    0x00002460      0x11f .\CortexM3\ARM_GCC_541\Debug\Lab1.a(keyboard_KeyboardCol3.o)
 .debug_info    0x0000257f      0x11f .\CortexM3\ARM_GCC_541\Debug\Lab1.a(keyboard_KeyboardCol2.o)
 .debug_info    0x0000269e      0x11f .\CortexM3\ARM_GCC_541\Debug\Lab1.a(keyboard_KeyboardRow0.o)
 .debug_info    0x000027bd      0x11f .\CortexM3\ARM_GCC_541\Debug\Lab1.a(keyboard_KeyboardRow1.o)
 .debug_info    0x000028dc      0x11f .\CortexM3\ARM_GCC_541\Debug\Lab1.a(keyboard_KeyboardRow2.o)
 .debug_info    0x000029fb      0x11f .\CortexM3\ARM_GCC_541\Debug\Lab1.a(keyboard_KeyboardRow3.o)
 .debug_info    0x00002b1a     0x1374 .\CortexM3\ARM_GCC_541\Debug\Lab1.a(CyLib.o)
 .debug_info    0x00003e8e      0xa2a .\CortexM3\ARM_GCC_541\Debug\Lab1.a(cyPm.o)
 .debug_info    0x000048b8       0x7c .\CortexM3\ARM_GCC_541\Debug\Lab1.a(CyBootAsmGnu.o)
 .debug_info    0x00004934      0x64d .\CortexM3\ARM_GCC_541\Debug\Lab1.a(CyFlash.o)
 .debug_info    0x00004f81      0x550 .\CortexM3\ARM_GCC_541\Debug\Lab1.a(CySpc.o)

.debug_abbrev   0x00000000     0x17fe
 *(.debug_abbrev)
 .debug_abbrev  0x00000000      0x113 .\CortexM3\ARM_GCC_541\Debug\main.o
 .debug_abbrev  0x00000113      0x1ac .\CortexM3\ARM_GCC_541\Debug\cyfitter_cfg.o
 .debug_abbrev  0x000002bf       0x5d .\CortexM3\ARM_GCC_541\Debug\cymetadata.o
 .debug_abbrev  0x0000031c      0x1e8 .\CortexM3\ARM_GCC_541\Debug\Cm3Start.o
 .debug_abbrev  0x00000504       0xc5 .\CortexM3\ARM_GCC_541\Debug\Lab1.a(keyboard_keyboard.o)
 .debug_abbrev  0x000005c9       0x90 .\CortexM3\ARM_GCC_541\Debug\Lab1.a(GPIOJ11.o)
 .debug_abbrev  0x00000659       0x90 .\CortexM3\ARM_GCC_541\Debug\Lab1.a(GPIOJ12.o)
 .debug_abbrev  0x000006e9       0x90 .\CortexM3\ARM_GCC_541\Debug\Lab1.a(SW1.o)
 .debug_abbrev  0x00000779       0x90 .\CortexM3\ARM_GCC_541\Debug\Lab1.a(SW2.o)
 .debug_abbrev  0x00000809       0x90 .\CortexM3\ARM_GCC_541\Debug\Lab1.a(SW3.o)
 .debug_abbrev  0x00000899       0x90 .\CortexM3\ARM_GCC_541\Debug\Lab1.a(SW4.o)
 .debug_abbrev  0x00000929       0x90 .\CortexM3\ARM_GCC_541\Debug\Lab1.a(LED1.o)
 .debug_abbrev  0x000009b9       0x90 .\CortexM3\ARM_GCC_541\Debug\Lab1.a(LED2.o)
 .debug_abbrev  0x00000a49       0x90 .\CortexM3\ARM_GCC_541\Debug\Lab1.a(LED3.o)
 .debug_abbrev  0x00000ad9       0x90 .\CortexM3\ARM_GCC_541\Debug\Lab1.a(LED4.o)
 .debug_abbrev  0x00000b69      0x157 .\CortexM3\ARM_GCC_541\Debug\Lab1.a(LCD.o)
 .debug_abbrev  0x00000cc0       0x90 .\CortexM3\ARM_GCC_541\Debug\Lab1.a(keyboard_KeyboardCol1.o)
 .debug_abbrev  0x00000d50       0x90 .\CortexM3\ARM_GCC_541\Debug\Lab1.a(keyboard_KeyboardCol3.o)
 .debug_abbrev  0x00000de0       0x90 .\CortexM3\ARM_GCC_541\Debug\Lab1.a(keyboard_KeyboardCol2.o)
 .debug_abbrev  0x00000e70       0x90 .\CortexM3\ARM_GCC_541\Debug\Lab1.a(keyboard_KeyboardRow0.o)
 .debug_abbrev  0x00000f00       0x90 .\CortexM3\ARM_GCC_541\Debug\Lab1.a(keyboard_KeyboardRow1.o)
 .debug_abbrev  0x00000f90       0x90 .\CortexM3\ARM_GCC_541\Debug\Lab1.a(keyboard_KeyboardRow2.o)
 .debug_abbrev  0x00001020       0x90 .\CortexM3\ARM_GCC_541\Debug\Lab1.a(keyboard_KeyboardRow3.o)
 .debug_abbrev  0x000010b0      0x254 .\CortexM3\ARM_GCC_541\Debug\Lab1.a(CyLib.o)
 .debug_abbrev  0x00001304      0x1ab .\CortexM3\ARM_GCC_541\Debug\Lab1.a(cyPm.o)
 .debug_abbrev  0x000014af       0x14 .\CortexM3\ARM_GCC_541\Debug\Lab1.a(CyBootAsmGnu.o)
 .debug_abbrev  0x000014c3      0x1a7 .\CortexM3\ARM_GCC_541\Debug\Lab1.a(CyFlash.o)
 .debug_abbrev  0x0000166a      0x194 .\CortexM3\ARM_GCC_541\Debug\Lab1.a(CySpc.o)

.debug_line     0x00000000     0x25c3
 *(.debug_line)
 .debug_line    0x00000000      0x26d .\CortexM3\ARM_GCC_541\Debug\main.o
 .debug_line    0x0000026d      0x196 .\CortexM3\ARM_GCC_541\Debug\cyfitter_cfg.o
 .debug_line    0x00000403      0x119 .\CortexM3\ARM_GCC_541\Debug\cymetadata.o
 .debug_line    0x0000051c      0x20c .\CortexM3\ARM_GCC_541\Debug\Cm3Start.o
 .debug_line    0x00000728      0x248 .\CortexM3\ARM_GCC_541\Debug\Lab1.a(keyboard_keyboard.o)
 .debug_line    0x00000970       0x94 .\CortexM3\ARM_GCC_541\Debug\Lab1.a(GPIOJ11.o)
 .debug_line    0x00000a04       0x94 .\CortexM3\ARM_GCC_541\Debug\Lab1.a(GPIOJ12.o)
 .debug_line    0x00000a98       0x90 .\CortexM3\ARM_GCC_541\Debug\Lab1.a(SW1.o)
 .debug_line    0x00000b28       0x90 .\CortexM3\ARM_GCC_541\Debug\Lab1.a(SW2.o)
 .debug_line    0x00000bb8       0x90 .\CortexM3\ARM_GCC_541\Debug\Lab1.a(SW3.o)
 .debug_line    0x00000c48       0x90 .\CortexM3\ARM_GCC_541\Debug\Lab1.a(SW4.o)
 .debug_line    0x00000cd8       0x91 .\CortexM3\ARM_GCC_541\Debug\Lab1.a(LED1.o)
 .debug_line    0x00000d69       0x91 .\CortexM3\ARM_GCC_541\Debug\Lab1.a(LED2.o)
 .debug_line    0x00000dfa       0x91 .\CortexM3\ARM_GCC_541\Debug\Lab1.a(LED3.o)
 .debug_line    0x00000e8b       0x91 .\CortexM3\ARM_GCC_541\Debug\Lab1.a(LED4.o)
 .debug_line    0x00000f1c      0x1dc .\CortexM3\ARM_GCC_541\Debug\Lab1.a(LCD.o)
 .debug_line    0x000010f8       0xa2 .\CortexM3\ARM_GCC_541\Debug\Lab1.a(keyboard_KeyboardCol1.o)
 .debug_line    0x0000119a       0xa2 .\CortexM3\ARM_GCC_541\Debug\Lab1.a(keyboard_KeyboardCol3.o)
 .debug_line    0x0000123c       0xa2 .\CortexM3\ARM_GCC_541\Debug\Lab1.a(keyboard_KeyboardCol2.o)
 .debug_line    0x000012de       0xa2 .\CortexM3\ARM_GCC_541\Debug\Lab1.a(keyboard_KeyboardRow0.o)
 .debug_line    0x00001380       0xa2 .\CortexM3\ARM_GCC_541\Debug\Lab1.a(keyboard_KeyboardRow1.o)
 .debug_line    0x00001422       0xa2 .\CortexM3\ARM_GCC_541\Debug\Lab1.a(keyboard_KeyboardRow2.o)
 .debug_line    0x000014c4       0xa2 .\CortexM3\ARM_GCC_541\Debug\Lab1.a(keyboard_KeyboardRow3.o)
 .debug_line    0x00001566      0x816 .\CortexM3\ARM_GCC_541\Debug\Lab1.a(CyLib.o)
 .debug_line    0x00001d7c      0x367 .\CortexM3\ARM_GCC_541\Debug\Lab1.a(cyPm.o)
 .debug_line    0x000020e3       0x66 .\CortexM3\ARM_GCC_541\Debug\Lab1.a(CyBootAsmGnu.o)
 .debug_line    0x00002149      0x21a .\CortexM3\ARM_GCC_541\Debug\Lab1.a(CyFlash.o)
 .debug_line    0x00002363      0x260 .\CortexM3\ARM_GCC_541\Debug\Lab1.a(CySpc.o)

.debug_frame    0x00000000     0x16f0
 *(.debug_frame)
 .debug_frame   0x00000000       0xf0 .\CortexM3\ARM_GCC_541\Debug\main.o
 .debug_frame   0x000000f0       0xb8 .\CortexM3\ARM_GCC_541\Debug\cyfitter_cfg.o
 .debug_frame   0x000001a8       0xb8 .\CortexM3\ARM_GCC_541\Debug\Cm3Start.o
 .debug_frame   0x00000260       0x58 .\CortexM3\ARM_GCC_541\Debug\Lab1.a(keyboard_keyboard.o)
 .debug_frame   0x000002b8       0x50 .\CortexM3\ARM_GCC_541\Debug\Lab1.a(GPIOJ11.o)
 .debug_frame   0x00000308       0x50 .\CortexM3\ARM_GCC_541\Debug\Lab1.a(GPIOJ12.o)
 .debug_frame   0x00000358       0x50 .\CortexM3\ARM_GCC_541\Debug\Lab1.a(SW1.o)
 .debug_frame   0x000003a8       0x50 .\CortexM3\ARM_GCC_541\Debug\Lab1.a(SW2.o)
 .debug_frame   0x000003f8       0x50 .\CortexM3\ARM_GCC_541\Debug\Lab1.a(SW3.o)
 .debug_frame   0x00000448       0x50 .\CortexM3\ARM_GCC_541\Debug\Lab1.a(SW4.o)
 .debug_frame   0x00000498       0x50 .\CortexM3\ARM_GCC_541\Debug\Lab1.a(LED1.o)
 .debug_frame   0x000004e8       0x50 .\CortexM3\ARM_GCC_541\Debug\Lab1.a(LED2.o)
 .debug_frame   0x00000538       0x50 .\CortexM3\ARM_GCC_541\Debug\Lab1.a(LED3.o)
 .debug_frame   0x00000588       0x50 .\CortexM3\ARM_GCC_541\Debug\Lab1.a(LED4.o)
 .debug_frame   0x000005d8      0x1e8 .\CortexM3\ARM_GCC_541\Debug\Lab1.a(LCD.o)
 .debug_frame   0x000007c0       0x50 .\CortexM3\ARM_GCC_541\Debug\Lab1.a(keyboard_KeyboardCol1.o)
 .debug_frame   0x00000810       0x50 .\CortexM3\ARM_GCC_541\Debug\Lab1.a(keyboard_KeyboardCol3.o)
 .debug_frame   0x00000860       0x50 .\CortexM3\ARM_GCC_541\Debug\Lab1.a(keyboard_KeyboardCol2.o)
 .debug_frame   0x000008b0       0x50 .\CortexM3\ARM_GCC_541\Debug\Lab1.a(keyboard_KeyboardRow0.o)
 .debug_frame   0x00000900       0x50 .\CortexM3\ARM_GCC_541\Debug\Lab1.a(keyboard_KeyboardRow1.o)
 .debug_frame   0x00000950       0x50 .\CortexM3\ARM_GCC_541\Debug\Lab1.a(keyboard_KeyboardRow2.o)
 .debug_frame   0x000009a0       0x50 .\CortexM3\ARM_GCC_541\Debug\Lab1.a(keyboard_KeyboardRow3.o)
 .debug_frame   0x000009f0      0x738 .\CortexM3\ARM_GCC_541\Debug\Lab1.a(CyLib.o)
 .debug_frame   0x00001128      0x1f8 .\CortexM3\ARM_GCC_541\Debug\Lab1.a(cyPm.o)
 .debug_frame   0x00001320      0x194 .\CortexM3\ARM_GCC_541\Debug\Lab1.a(CyFlash.o)
 .debug_frame   0x000014b4      0x180 .\CortexM3\ARM_GCC_541\Debug\Lab1.a(CySpc.o)
 .debug_frame   0x00001634       0x20 d:/cypress/psoc creator/4.4/psoc creator/import/gnu/arm/5.4.1/bin/../lib/gcc/arm-none-eabi/5.4.1/../../../../arm-none-eabi/lib/armv7-m\libg_nano.a(lib_a-errno.o)
 .debug_frame   0x00001654       0x28 d:/cypress/psoc creator/4.4/psoc creator/import/gnu/arm/5.4.1/bin/../lib/gcc/arm-none-eabi/5.4.1/../../../../arm-none-eabi/lib/armv7-m\libg_nano.a(lib_a-exit.o)
 .debug_frame   0x0000167c       0x2c d:/cypress/psoc creator/4.4/psoc creator/import/gnu/arm/5.4.1/bin/../lib/gcc/arm-none-eabi/5.4.1/../../../../arm-none-eabi/lib/armv7-m\libg_nano.a(lib_a-init.o)
 .debug_frame   0x000016a8       0x28 d:/cypress/psoc creator/4.4/psoc creator/import/gnu/arm/5.4.1/bin/../lib/gcc/arm-none-eabi/5.4.1/../../../../arm-none-eabi/lib/armv7-m\libg_nano.a(lib_a-memcpy-stub.o)
 .debug_frame   0x000016d0       0x20 d:/cypress/psoc creator/4.4/psoc creator/import/gnu/arm/5.4.1/bin/../lib/gcc/arm-none-eabi/5.4.1/../../../../arm-none-eabi/lib/armv7-m\libg_nano.a(lib_a-memset.o)

.debug_str      0x00000000     0x1c96
 *(.debug_str)
 .debug_str     0x00000000      0x293 .\CortexM3\ARM_GCC_541\Debug\main.o
                                0x2db (size before relaxing)
 .debug_str     0x00000293      0x123 .\CortexM3\ARM_GCC_541\Debug\cyfitter_cfg.o
                                0x2a4 (size before relaxing)
 .debug_str     0x000003b6       0x7f .\CortexM3\ARM_GCC_541\Debug\cymetadata.o
                                0x1d0 (size before relaxing)
 .debug_str     0x00000435      0x145 .\CortexM3\ARM_GCC_541\Debug\Cm3Start.o
                                0x2f6 (size before relaxing)
 .debug_str     0x0000057a       0xf9 .\CortexM3\ARM_GCC_541\Debug\Lab1.a(keyboard_keyboard.o)
                                0x297 (size before relaxing)
 .debug_str     0x00000673       0x6d .\CortexM3\ARM_GCC_541\Debug\Lab1.a(GPIOJ11.o)
                                0x1d8 (size before relaxing)
 .debug_str     0x000006e0       0x57 .\CortexM3\ARM_GCC_541\Debug\Lab1.a(GPIOJ12.o)
                                0x1d8 (size before relaxing)
 .debug_str     0x00000737       0x48 .\CortexM3\ARM_GCC_541\Debug\Lab1.a(SW1.o)
                                0x1c4 (size before relaxing)
 .debug_str     0x0000077f       0x48 .\CortexM3\ARM_GCC_541\Debug\Lab1.a(SW2.o)
                                0x1c4 (size before relaxing)
 .debug_str     0x000007c7       0x48 .\CortexM3\ARM_GCC_541\Debug\Lab1.a(SW3.o)
                                0x1c4 (size before relaxing)
 .debug_str     0x0000080f       0x48 .\CortexM3\ARM_GCC_541\Debug\Lab1.a(SW4.o)
                                0x1c4 (size before relaxing)
 .debug_str     0x00000857       0x4b .\CortexM3\ARM_GCC_541\Debug\Lab1.a(LED1.o)
                                0x1c9 (size before relaxing)
 .debug_str     0x000008a2       0x4b .\CortexM3\ARM_GCC_541\Debug\Lab1.a(LED2.o)
                                0x1c9 (size before relaxing)
 .debug_str     0x000008ed       0x4b .\CortexM3\ARM_GCC_541\Debug\Lab1.a(LED3.o)
                                0x1c9 (size before relaxing)
 .debug_str     0x00000938       0x4b .\CortexM3\ARM_GCC_541\Debug\Lab1.a(LED4.o)
                                0x1c9 (size before relaxing)
 .debug_str     0x00000983      0x125 .\CortexM3\ARM_GCC_541\Debug\Lab1.a(LCD.o)
                                0x317 (size before relaxing)
 .debug_str     0x00000aa8       0x8f .\CortexM3\ARM_GCC_541\Debug\Lab1.a(keyboard_KeyboardCol1.o)
                                0x21e (size before relaxing)
 .debug_str     0x00000b37       0x8f .\CortexM3\ARM_GCC_541\Debug\Lab1.a(keyboard_KeyboardCol3.o)
                                0x21e (size before relaxing)
 .debug_str     0x00000bc6       0x8f .\CortexM3\ARM_GCC_541\Debug\Lab1.a(keyboard_KeyboardCol2.o)
                                0x21e (size before relaxing)
 .debug_str     0x00000c55       0x90 .\CortexM3\ARM_GCC_541\Debug\Lab1.a(keyboard_KeyboardRow0.o)
                                0x21e (size before relaxing)
 .debug_str     0x00000ce5       0x90 .\CortexM3\ARM_GCC_541\Debug\Lab1.a(keyboard_KeyboardRow1.o)
                                0x21e (size before relaxing)
 .debug_str     0x00000d75       0x90 .\CortexM3\ARM_GCC_541\Debug\Lab1.a(keyboard_KeyboardRow2.o)
                                0x21e (size before relaxing)
 .debug_str     0x00000e05       0x90 .\CortexM3\ARM_GCC_541\Debug\Lab1.a(keyboard_KeyboardRow3.o)
                                0x21e (size before relaxing)
 .debug_str     0x00000e95      0x82e .\CortexM3\ARM_GCC_541\Debug\Lab1.a(CyLib.o)
                                0xa33 (size before relaxing)
 .debug_str     0x000016c3      0x365 .\CortexM3\ARM_GCC_541\Debug\Lab1.a(cyPm.o)
                                0x71f (size before relaxing)
 .debug_str     0x00001a28      0x1bb .\CortexM3\ARM_GCC_541\Debug\Lab1.a(CyFlash.o)
                                0x3ac (size before relaxing)
 .debug_str     0x00001be3       0xb3 .\CortexM3\ARM_GCC_541\Debug\Lab1.a(CySpc.o)
                                0x324 (size before relaxing)

.debug_loc      0x00000000     0x21df
 *(.debug_loc)
 .debug_loc     0x00000000       0x5f .\CortexM3\ARM_GCC_541\Debug\main.o
 .debug_loc     0x0000005f      0x168 .\CortexM3\ARM_GCC_541\Debug\cyfitter_cfg.o
 .debug_loc     0x000001c7      0x144 .\CortexM3\ARM_GCC_541\Debug\Cm3Start.o
 .debug_loc     0x0000030b       0x42 .\CortexM3\ARM_GCC_541\Debug\Lab1.a(GPIOJ11.o)
 .debug_loc     0x0000034d       0x42 .\CortexM3\ARM_GCC_541\Debug\Lab1.a(GPIOJ12.o)
 .debug_loc     0x0000038f       0x42 .\CortexM3\ARM_GCC_541\Debug\Lab1.a(SW1.o)
 .debug_loc     0x000003d1       0x42 .\CortexM3\ARM_GCC_541\Debug\Lab1.a(SW2.o)
 .debug_loc     0x00000413       0x42 .\CortexM3\ARM_GCC_541\Debug\Lab1.a(SW3.o)
 .debug_loc     0x00000455       0x42 .\CortexM3\ARM_GCC_541\Debug\Lab1.a(SW4.o)
 .debug_loc     0x00000497       0x42 .\CortexM3\ARM_GCC_541\Debug\Lab1.a(LED1.o)
 .debug_loc     0x000004d9       0x42 .\CortexM3\ARM_GCC_541\Debug\Lab1.a(LED2.o)
 .debug_loc     0x0000051b       0x42 .\CortexM3\ARM_GCC_541\Debug\Lab1.a(LED3.o)
 .debug_loc     0x0000055d       0x42 .\CortexM3\ARM_GCC_541\Debug\Lab1.a(LED4.o)
 .debug_loc     0x0000059f      0x3c6 .\CortexM3\ARM_GCC_541\Debug\Lab1.a(LCD.o)
 .debug_loc     0x00000965       0x42 .\CortexM3\ARM_GCC_541\Debug\Lab1.a(keyboard_KeyboardCol1.o)
 .debug_loc     0x000009a7       0x42 .\CortexM3\ARM_GCC_541\Debug\Lab1.a(keyboard_KeyboardCol3.o)
 .debug_loc     0x000009e9       0x42 .\CortexM3\ARM_GCC_541\Debug\Lab1.a(keyboard_KeyboardCol2.o)
 .debug_loc     0x00000a2b       0x42 .\CortexM3\ARM_GCC_541\Debug\Lab1.a(keyboard_KeyboardRow0.o)
 .debug_loc     0x00000a6d       0x42 .\CortexM3\ARM_GCC_541\Debug\Lab1.a(keyboard_KeyboardRow1.o)
 .debug_loc     0x00000aaf       0x42 .\CortexM3\ARM_GCC_541\Debug\Lab1.a(keyboard_KeyboardRow2.o)
 .debug_loc     0x00000af1       0x42 .\CortexM3\ARM_GCC_541\Debug\Lab1.a(keyboard_KeyboardRow3.o)
 .debug_loc     0x00000b33      0xa11 .\CortexM3\ARM_GCC_541\Debug\Lab1.a(CyLib.o)
 .debug_loc     0x00001544      0x1e4 .\CortexM3\ARM_GCC_541\Debug\Lab1.a(cyPm.o)
 .debug_loc     0x00001728      0x3b2 .\CortexM3\ARM_GCC_541\Debug\Lab1.a(CyFlash.o)
 .debug_loc     0x00001ada      0x705 .\CortexM3\ARM_GCC_541\Debug\Lab1.a(CySpc.o)

.debug_macinfo
 *(.debug_macinfo)

.debug_ranges   0x00000000      0x810
 *(.debug_ranges)
 .debug_ranges  0x00000000       0x48 .\CortexM3\ARM_GCC_541\Debug\main.o
 .debug_ranges  0x00000048       0x40 .\CortexM3\ARM_GCC_541\Debug\cyfitter_cfg.o
 .debug_ranges  0x00000088       0x38 .\CortexM3\ARM_GCC_541\Debug\Cm3Start.o
 .debug_ranges  0x000000c0       0x20 .\CortexM3\ARM_GCC_541\Debug\Lab1.a(keyboard_keyboard.o)
 .debug_ranges  0x000000e0       0x28 .\CortexM3\ARM_GCC_541\Debug\Lab1.a(GPIOJ11.o)
 .debug_ranges  0x00000108       0x28 .\CortexM3\ARM_GCC_541\Debug\Lab1.a(GPIOJ12.o)
 .debug_ranges  0x00000130       0x28 .\CortexM3\ARM_GCC_541\Debug\Lab1.a(SW1.o)
 .debug_ranges  0x00000158       0x28 .\CortexM3\ARM_GCC_541\Debug\Lab1.a(SW2.o)
 .debug_ranges  0x00000180       0x28 .\CortexM3\ARM_GCC_541\Debug\Lab1.a(SW3.o)
 .debug_ranges  0x000001a8       0x28 .\CortexM3\ARM_GCC_541\Debug\Lab1.a(SW4.o)
 .debug_ranges  0x000001d0       0x28 .\CortexM3\ARM_GCC_541\Debug\Lab1.a(LED1.o)
 .debug_ranges  0x000001f8       0x28 .\CortexM3\ARM_GCC_541\Debug\Lab1.a(LED2.o)
 .debug_ranges  0x00000220       0x28 .\CortexM3\ARM_GCC_541\Debug\Lab1.a(LED3.o)
 .debug_ranges  0x00000248       0x28 .\CortexM3\ARM_GCC_541\Debug\Lab1.a(LED4.o)
 .debug_ranges  0x00000270       0x88 .\CortexM3\ARM_GCC_541\Debug\Lab1.a(LCD.o)
 .debug_ranges  0x000002f8       0x28 .\CortexM3\ARM_GCC_541\Debug\Lab1.a(keyboard_KeyboardCol1.o)
 .debug_ranges  0x00000320       0x28 .\CortexM3\ARM_GCC_541\Debug\Lab1.a(keyboard_KeyboardCol3.o)
 .debug_ranges  0x00000348       0x28 .\CortexM3\ARM_GCC_541\Debug\Lab1.a(keyboard_KeyboardCol2.o)
 .debug_ranges  0x00000370       0x28 .\CortexM3\ARM_GCC_541\Debug\Lab1.a(keyboard_KeyboardRow0.o)
 .debug_ranges  0x00000398       0x28 .\CortexM3\ARM_GCC_541\Debug\Lab1.a(keyboard_KeyboardRow1.o)
 .debug_ranges  0x000003c0       0x28 .\CortexM3\ARM_GCC_541\Debug\Lab1.a(keyboard_KeyboardRow2.o)
 .debug_ranges  0x000003e8       0x28 .\CortexM3\ARM_GCC_541\Debug\Lab1.a(keyboard_KeyboardRow3.o)
 .debug_ranges  0x00000410      0x290 .\CortexM3\ARM_GCC_541\Debug\Lab1.a(CyLib.o)
 .debug_ranges  0x000006a0       0x88 .\CortexM3\ARM_GCC_541\Debug\Lab1.a(cyPm.o)
 .debug_ranges  0x00000728       0x78 .\CortexM3\ARM_GCC_541\Debug\Lab1.a(CyFlash.o)
 .debug_ranges  0x000007a0       0x70 .\CortexM3\ARM_GCC_541\Debug\Lab1.a(CySpc.o)

.comment        0x00000000       0x6e
 .comment       0x00000000       0x6e .\CortexM3\ARM_GCC_541\Debug\main.o
                                 0x6f (size before relaxing)
 .comment       0x0000006e       0x6f .\CortexM3\ARM_GCC_541\Debug\cyfitter_cfg.o
 .comment       0x0000006e       0x6f .\CortexM3\ARM_GCC_541\Debug\cymetadata.o
 .comment       0x0000006e       0x6f .\CortexM3\ARM_GCC_541\Debug\Cm3Start.o
 .comment       0x0000006e       0x6f .\CortexM3\ARM_GCC_541\Debug\Lab1.a(keyboard_keyboard.o)
 .comment       0x0000006e       0x6f .\CortexM3\ARM_GCC_541\Debug\Lab1.a(GPIOJ11.o)
 .comment       0x0000006e       0x6f .\CortexM3\ARM_GCC_541\Debug\Lab1.a(GPIOJ12.o)
 .comment       0x0000006e       0x6f .\CortexM3\ARM_GCC_541\Debug\Lab1.a(SW1.o)
 .comment       0x0000006e       0x6f .\CortexM3\ARM_GCC_541\Debug\Lab1.a(SW2.o)
 .comment       0x0000006e       0x6f .\CortexM3\ARM_GCC_541\Debug\Lab1.a(SW3.o)
 .comment       0x0000006e       0x6f .\CortexM3\ARM_GCC_541\Debug\Lab1.a(SW4.o)
 .comment       0x0000006e       0x6f .\CortexM3\ARM_GCC_541\Debug\Lab1.a(LED1.o)
 .comment       0x0000006e       0x6f .\CortexM3\ARM_GCC_541\Debug\Lab1.a(LED2.o)
 .comment       0x0000006e       0x6f .\CortexM3\ARM_GCC_541\Debug\Lab1.a(LED3.o)
 .comment       0x0000006e       0x6f .\CortexM3\ARM_GCC_541\Debug\Lab1.a(LED4.o)
 .comment       0x0000006e       0x6f .\CortexM3\ARM_GCC_541\Debug\Lab1.a(LCD.o)
 .comment       0x0000006e       0x6f .\CortexM3\ARM_GCC_541\Debug\Lab1.a(keyboard_KeyboardCol1.o)
 .comment       0x0000006e       0x6f .\CortexM3\ARM_GCC_541\Debug\Lab1.a(keyboard_KeyboardCol3.o)
 .comment       0x0000006e       0x6f .\CortexM3\ARM_GCC_541\Debug\Lab1.a(keyboard_KeyboardCol2.o)
 .comment       0x0000006e       0x6f .\CortexM3\ARM_GCC_541\Debug\Lab1.a(keyboard_KeyboardRow0.o)
 .comment       0x0000006e       0x6f .\CortexM3\ARM_GCC_541\Debug\Lab1.a(keyboard_KeyboardRow1.o)
 .comment       0x0000006e       0x6f .\CortexM3\ARM_GCC_541\Debug\Lab1.a(keyboard_KeyboardRow2.o)
 .comment       0x0000006e       0x6f .\CortexM3\ARM_GCC_541\Debug\Lab1.a(keyboard_KeyboardRow3.o)
 .comment       0x0000006e       0x6f .\CortexM3\ARM_GCC_541\Debug\Lab1.a(CyLib.o)
 .comment       0x0000006e       0x6f .\CortexM3\ARM_GCC_541\Debug\Lab1.a(cyPm.o)
 .comment       0x0000006e       0x6f .\CortexM3\ARM_GCC_541\Debug\Lab1.a(CyFlash.o)
 .comment       0x0000006e       0x6f .\CortexM3\ARM_GCC_541\Debug\Lab1.a(CySpc.o)

.debug_weaknames
 *(.debug_weaknames)

.debug_funcnames
 *(.debug_funcnames)

.debug_typenames
 *(.debug_typenames)

.debug_varnames
 *(.debug_varnames)

.note.gnu.arm.ident
 *(.note.gnu.arm.ident)

.ARM.attributes
                0x00000000       0x29
 *(.ARM.attributes)
 .ARM.attributes
                0x00000000       0x1d d:/cypress/psoc creator/4.4/psoc creator/import/gnu/arm/5.4.1/bin/../lib/gcc/arm-none-eabi/5.4.1/armv7-m/crti.o
 .ARM.attributes
                0x0000001d       0x2d d:/cypress/psoc creator/4.4/psoc creator/import/gnu/arm/5.4.1/bin/../lib/gcc/arm-none-eabi/5.4.1/armv7-m/crtbegin.o
 .ARM.attributes
                0x0000004a       0x1b d:/cypress/psoc creator/4.4/psoc creator/import/gnu/arm/5.4.1/bin/../lib/gcc/arm-none-eabi/5.4.1/../../../../arm-none-eabi/lib/armv7-m/crt0.o
 .ARM.attributes
                0x00000065       0x33 .\CortexM3\ARM_GCC_541\Debug\main.o
 .ARM.attributes
                0x00000098       0x33 .\CortexM3\ARM_GCC_541\Debug\cyfitter_cfg.o
 .ARM.attributes
                0x000000cb       0x33 .\CortexM3\ARM_GCC_541\Debug\cymetadata.o
 .ARM.attributes
                0x000000fe       0x33 .\CortexM3\ARM_GCC_541\Debug\Cm3Start.o
 .ARM.attributes
                0x00000131       0x33 .\CortexM3\ARM_GCC_541\Debug\Lab1.a(keyboard_keyboard.o)
 .ARM.attributes
                0x00000164       0x33 .\CortexM3\ARM_GCC_541\Debug\Lab1.a(GPIOJ11.o)
 .ARM.attributes
                0x00000197       0x33 .\CortexM3\ARM_GCC_541\Debug\Lab1.a(GPIOJ12.o)
 .ARM.attributes
                0x000001ca       0x33 .\CortexM3\ARM_GCC_541\Debug\Lab1.a(SW1.o)
 .ARM.attributes
                0x000001fd       0x33 .\CortexM3\ARM_GCC_541\Debug\Lab1.a(SW2.o)
 .ARM.attributes
                0x00000230       0x33 .\CortexM3\ARM_GCC_541\Debug\Lab1.a(SW3.o)
 .ARM.attributes
                0x00000263       0x33 .\CortexM3\ARM_GCC_541\Debug\Lab1.a(SW4.o)
 .ARM.attributes
                0x00000296       0x33 .\CortexM3\ARM_GCC_541\Debug\Lab1.a(LED1.o)
 .ARM.attributes
                0x000002c9       0x33 .\CortexM3\ARM_GCC_541\Debug\Lab1.a(LED2.o)
 .ARM.attributes
                0x000002fc       0x33 .\CortexM3\ARM_GCC_541\Debug\Lab1.a(LED3.o)
 .ARM.attributes
                0x0000032f       0x33 .\CortexM3\ARM_GCC_541\Debug\Lab1.a(LED4.o)
 .ARM.attributes
                0x00000362       0x33 .\CortexM3\ARM_GCC_541\Debug\Lab1.a(LCD.o)
 .ARM.attributes
                0x00000395       0x33 .\CortexM3\ARM_GCC_541\Debug\Lab1.a(keyboard_KeyboardCol1.o)
 .ARM.attributes
                0x000003c8       0x33 .\CortexM3\ARM_GCC_541\Debug\Lab1.a(keyboard_KeyboardCol3.o)
 .ARM.attributes
                0x000003fb       0x33 .\CortexM3\ARM_GCC_541\Debug\Lab1.a(keyboard_KeyboardCol2.o)
 .ARM.attributes
                0x0000042e       0x33 .\CortexM3\ARM_GCC_541\Debug\Lab1.a(keyboard_KeyboardRow0.o)
 .ARM.attributes
                0x00000461       0x33 .\CortexM3\ARM_GCC_541\Debug\Lab1.a(keyboard_KeyboardRow1.o)
 .ARM.attributes
                0x00000494       0x33 .\CortexM3\ARM_GCC_541\Debug\Lab1.a(keyboard_KeyboardRow2.o)
 .ARM.attributes
                0x000004c7       0x33 .\CortexM3\ARM_GCC_541\Debug\Lab1.a(keyboard_KeyboardRow3.o)
 .ARM.attributes
                0x000004fa       0x33 .\CortexM3\ARM_GCC_541\Debug\Lab1.a(CyLib.o)
 .ARM.attributes
                0x0000052d       0x33 .\CortexM3\ARM_GCC_541\Debug\Lab1.a(cyPm.o)
 .ARM.attributes
                0x00000560       0x21 .\CortexM3\ARM_GCC_541\Debug\Lab1.a(CyBootAsmGnu.o)
 .ARM.attributes
                0x00000581       0x33 .\CortexM3\ARM_GCC_541\Debug\Lab1.a(CyFlash.o)
 .ARM.attributes
                0x000005b4       0x33 .\CortexM3\ARM_GCC_541\Debug\Lab1.a(CySpc.o)
 .ARM.attributes
                0x000005e7       0x2d d:/cypress/psoc creator/4.4/psoc creator/import/gnu/arm/5.4.1/bin/../lib/gcc/arm-none-eabi/5.4.1/../../../../arm-none-eabi/lib/armv7-m\libg_nano.a(lib_a-errno.o)
 .ARM.attributes
                0x00000614       0x2d d:/cypress/psoc creator/4.4/psoc creator/import/gnu/arm/5.4.1/bin/../lib/gcc/arm-none-eabi/5.4.1/../../../../arm-none-eabi/lib/armv7-m\libg_nano.a(lib_a-exit.o)
 .ARM.attributes
                0x00000641       0x2d d:/cypress/psoc creator/4.4/psoc creator/import/gnu/arm/5.4.1/bin/../lib/gcc/arm-none-eabi/5.4.1/../../../../arm-none-eabi/lib/armv7-m\libg_nano.a(lib_a-impure.o)
 .ARM.attributes
                0x0000066e       0x2d d:/cypress/psoc creator/4.4/psoc creator/import/gnu/arm/5.4.1/bin/../lib/gcc/arm-none-eabi/5.4.1/../../../../arm-none-eabi/lib/armv7-m\libg_nano.a(lib_a-init.o)
 .ARM.attributes
                0x0000069b       0x2d d:/cypress/psoc creator/4.4/psoc creator/import/gnu/arm/5.4.1/bin/../lib/gcc/arm-none-eabi/5.4.1/../../../../arm-none-eabi/lib/armv7-m\libg_nano.a(lib_a-memcpy-stub.o)
 .ARM.attributes
                0x000006c8       0x2d d:/cypress/psoc creator/4.4/psoc creator/import/gnu/arm/5.4.1/bin/../lib/gcc/arm-none-eabi/5.4.1/../../../../arm-none-eabi/lib/armv7-m\libg_nano.a(lib_a-memset.o)
 .ARM.attributes
                0x000006f5       0x2d d:/cypress/psoc creator/4.4/psoc creator/import/gnu/arm/5.4.1/bin/../lib/gcc/arm-none-eabi/5.4.1/armv7-m/crtend.o
 .ARM.attributes
                0x00000722       0x1d d:/cypress/psoc creator/4.4/psoc creator/import/gnu/arm/5.4.1/bin/../lib/gcc/arm-none-eabi/5.4.1/armv7-m/crtn.o

/DISCARD/
 *(.note.GNU-stack)
OUTPUT(D:\Notes 202324\ELECH410\Labs\Lab1\Lab1.cydsn\CortexM3\ARM_GCC_541\Debug\Lab1.elf elf32-littlearm)
