Archive member included to satisfy reference by file (symbol)

.\CortexM3\ARM_GCC_541\Debug\blinky.a(LED1.o)
                              .\CortexM3\ARM_GCC_541\Debug\main.o (LED1_Write)
.\CortexM3\ARM_GCC_541\Debug\blinky.a(LED2.o)
                              .\CortexM3\ARM_GCC_541\Debug\main.o (LED2_Write)
.\CortexM3\ARM_GCC_541\Debug\blinky.a(CyLib.o)
                              .\CortexM3\ARM_GCC_541\Debug\Cm3Start.o (CyHalt)
.\CortexM3\ARM_GCC_541\Debug\blinky.a(cyPm.o)
                              .\CortexM3\ARM_GCC_541\Debug\blinky.a(CyLib.o) (CyPmReadStatus)
.\CortexM3\ARM_GCC_541\Debug\blinky.a(CyBootAsmGnu.o)
                              .\CortexM3\ARM_GCC_541\Debug\cyfitter_cfg.o (CyDelayCycles)
.\CortexM3\ARM_GCC_541\Debug\blinky.a(CyFlash.o)
                              .\CortexM3\ARM_GCC_541\Debug\blinky.a(cyPm.o) (CyFlash_SetWaitCycles)
.\CortexM3\ARM_GCC_541\Debug\blinky.a(CySpc.o)
                              .\CortexM3\ARM_GCC_541\Debug\blinky.a(CyFlash.o) (CySpcStart)
d:/cypress/psoc creator/4.4/psoc creator/import/gnu/arm/5.4.1/bin/../lib/gcc/arm-none-eabi/5.4.1/../../../../arm-none-eabi/lib/armv7-m\libg_nano.a(lib_a-errno.o)
                              .\CortexM3\ARM_GCC_541\Debug\Cm3Start.o (__errno)
d:/cypress/psoc creator/4.4/psoc creator/import/gnu/arm/5.4.1/bin/../lib/gcc/arm-none-eabi/5.4.1/../../../../arm-none-eabi/lib/armv7-m\libg_nano.a(lib_a-exit.o)
                              d:/cypress/psoc creator/4.4/psoc creator/import/gnu/arm/5.4.1/bin/../lib/gcc/arm-none-eabi/5.4.1/../../../../arm-none-eabi/lib/armv7-m/crt0.o (exit)
d:/cypress/psoc creator/4.4/psoc creator/import/gnu/arm/5.4.1/bin/../lib/gcc/arm-none-eabi/5.4.1/../../../../arm-none-eabi/lib/armv7-m\libg_nano.a(lib_a-impure.o)
                              d:/cypress/psoc creator/4.4/psoc creator/import/gnu/arm/5.4.1/bin/../lib/gcc/arm-none-eabi/5.4.1/../../../../arm-none-eabi/lib/armv7-m\libg_nano.a(lib_a-exit.o) (_global_impure_ptr)
d:/cypress/psoc creator/4.4/psoc creator/import/gnu/arm/5.4.1/bin/../lib/gcc/arm-none-eabi/5.4.1/../../../../arm-none-eabi/lib/armv7-m\libg_nano.a(lib_a-init.o)
                              d:/cypress/psoc creator/4.4/psoc creator/import/gnu/arm/5.4.1/bin/../lib/gcc/arm-none-eabi/5.4.1/../../../../arm-none-eabi/lib/armv7-m/crt0.o (__libc_init_array)
d:/cypress/psoc creator/4.4/psoc creator/import/gnu/arm/5.4.1/bin/../lib/gcc/arm-none-eabi/5.4.1/../../../../arm-none-eabi/lib/armv7-m\libg_nano.a(lib_a-memcpy-stub.o)
                              .\CortexM3\ARM_GCC_541\Debug\queue.o (memcpy)
d:/cypress/psoc creator/4.4/psoc creator/import/gnu/arm/5.4.1/bin/../lib/gcc/arm-none-eabi/5.4.1/../../../../arm-none-eabi/lib/armv7-m\libg_nano.a(lib_a-memset.o)
                              d:/cypress/psoc creator/4.4/psoc creator/import/gnu/arm/5.4.1/bin/../lib/gcc/arm-none-eabi/5.4.1/../../../../arm-none-eabi/lib/armv7-m/crt0.o (memset)

Allocating common symbols
Common symbol       size              file

xQueueRegistry      0x50              .\CortexM3\ARM_GCC_541\Debug\queue.o
blinkyHandler       0x4               .\CortexM3\ARM_GCC_541\Debug\main.o
dieTemperature      0x2               .\CortexM3\ARM_GCC_541\Debug\blinky.a(CyFlash.o)

Discarded input sections

 .text          0x00000000        0x0 d:/cypress/psoc creator/4.4/psoc creator/import/gnu/arm/5.4.1/bin/../lib/gcc/arm-none-eabi/5.4.1/armv7-m/crti.o
 .data          0x00000000        0x0 d:/cypress/psoc creator/4.4/psoc creator/import/gnu/arm/5.4.1/bin/../lib/gcc/arm-none-eabi/5.4.1/armv7-m/crti.o
 .bss           0x00000000        0x0 d:/cypress/psoc creator/4.4/psoc creator/import/gnu/arm/5.4.1/bin/../lib/gcc/arm-none-eabi/5.4.1/armv7-m/crti.o
 .data          0x00000000        0x4 d:/cypress/psoc creator/4.4/psoc creator/import/gnu/arm/5.4.1/bin/../lib/gcc/arm-none-eabi/5.4.1/armv7-m/crtbegin.o
 .text          0x00000000       0x74 d:/cypress/psoc creator/4.4/psoc creator/import/gnu/arm/5.4.1/bin/../lib/gcc/arm-none-eabi/5.4.1/../../../../arm-none-eabi/lib/armv7-m/crt0.o
 .data          0x00000000        0x0 d:/cypress/psoc creator/4.4/psoc creator/import/gnu/arm/5.4.1/bin/../lib/gcc/arm-none-eabi/5.4.1/../../../../arm-none-eabi/lib/armv7-m/crt0.o
 .bss           0x00000000        0x0 d:/cypress/psoc creator/4.4/psoc creator/import/gnu/arm/5.4.1/bin/../lib/gcc/arm-none-eabi/5.4.1/../../../../arm-none-eabi/lib/armv7-m/crt0.o
 .ARM.extab     0x00000000        0x0 d:/cypress/psoc creator/4.4/psoc creator/import/gnu/arm/5.4.1/bin/../lib/gcc/arm-none-eabi/5.4.1/../../../../arm-none-eabi/lib/armv7-m/crt0.o
 .ARM.exidx     0x00000000        0x8 d:/cypress/psoc creator/4.4/psoc creator/import/gnu/arm/5.4.1/bin/../lib/gcc/arm-none-eabi/5.4.1/../../../../arm-none-eabi/lib/armv7-m/crt0.o
 .text          0x00000000        0x0 .\CortexM3\ARM_GCC_541\Debug\croutine.o
 .data          0x00000000        0x0 .\CortexM3\ARM_GCC_541\Debug\croutine.o
 .bss           0x00000000        0x0 .\CortexM3\ARM_GCC_541\Debug\croutine.o
 .text          0x00000000        0x0 .\CortexM3\ARM_GCC_541\Debug\event_groups.o
 .data          0x00000000        0x0 .\CortexM3\ARM_GCC_541\Debug\event_groups.o
 .bss           0x00000000        0x0 .\CortexM3\ARM_GCC_541\Debug\event_groups.o
 .text.prvTestWaitCondition
                0x00000000       0x1c .\CortexM3\ARM_GCC_541\Debug\event_groups.o
 .text.xEventGroupCreate
                0x00000000       0x1c .\CortexM3\ARM_GCC_541\Debug\event_groups.o
 .text.xEventGroupWaitBits
                0x00000000       0xb0 .\CortexM3\ARM_GCC_541\Debug\event_groups.o
 .text.xEventGroupClearBits
                0x00000000       0x1c .\CortexM3\ARM_GCC_541\Debug\event_groups.o
 .text.xEventGroupGetBitsFromISR
                0x00000000       0x1c .\CortexM3\ARM_GCC_541\Debug\event_groups.o
 .text.xEventGroupSetBits
                0x00000000       0x70 .\CortexM3\ARM_GCC_541\Debug\event_groups.o
 .text.xEventGroupSync
                0x00000000       0x90 .\CortexM3\ARM_GCC_541\Debug\event_groups.o
 .text.vEventGroupDelete
                0x00000000       0x28 .\CortexM3\ARM_GCC_541\Debug\event_groups.o
 .text.vEventGroupSetBitsCallback
                0x00000000        0x8 .\CortexM3\ARM_GCC_541\Debug\event_groups.o
 .text.vEventGroupClearBitsCallback
                0x00000000        0x8 .\CortexM3\ARM_GCC_541\Debug\event_groups.o
 .text          0x00000000        0x0 .\CortexM3\ARM_GCC_541\Debug\list.o
 .data          0x00000000        0x0 .\CortexM3\ARM_GCC_541\Debug\list.o
 .bss           0x00000000        0x0 .\CortexM3\ARM_GCC_541\Debug\list.o
 .text          0x00000000        0x0 .\CortexM3\ARM_GCC_541\Debug\mpu_wrappers.o
 .data          0x00000000        0x0 .\CortexM3\ARM_GCC_541\Debug\mpu_wrappers.o
 .bss           0x00000000        0x0 .\CortexM3\ARM_GCC_541\Debug\mpu_wrappers.o
 .text.MPU_xTaskCreateRestricted
                0x00000000       0x20 .\CortexM3\ARM_GCC_541\Debug\mpu_wrappers.o
 .text.MPU_xTaskCreate
                0x00000000       0x38 .\CortexM3\ARM_GCC_541\Debug\mpu_wrappers.o
 .text.MPU_vTaskAllocateMPURegions
                0x00000000       0x1c .\CortexM3\ARM_GCC_541\Debug\mpu_wrappers.o
 .text.MPU_vTaskDelete
                0x00000000       0x18 .\CortexM3\ARM_GCC_541\Debug\mpu_wrappers.o
 .text.MPU_vTaskDelayUntil
                0x00000000       0x1c .\CortexM3\ARM_GCC_541\Debug\mpu_wrappers.o
 .text.MPU_vTaskDelay
                0x00000000       0x18 .\CortexM3\ARM_GCC_541\Debug\mpu_wrappers.o
 .text.MPU_uxTaskPriorityGet
                0x00000000       0x1c .\CortexM3\ARM_GCC_541\Debug\mpu_wrappers.o
 .text.MPU_vTaskPrioritySet
                0x00000000       0x1c .\CortexM3\ARM_GCC_541\Debug\mpu_wrappers.o
 .text.MPU_eTaskGetState
                0x00000000       0x1c .\CortexM3\ARM_GCC_541\Debug\mpu_wrappers.o
 .text.MPU_vTaskSuspend
                0x00000000       0x18 .\CortexM3\ARM_GCC_541\Debug\mpu_wrappers.o
 .text.MPU_vTaskResume
                0x00000000       0x18 .\CortexM3\ARM_GCC_541\Debug\mpu_wrappers.o
 .text.MPU_vTaskSuspendAll
                0x00000000       0x14 .\CortexM3\ARM_GCC_541\Debug\mpu_wrappers.o
 .text.MPU_xTaskResumeAll
                0x00000000       0x18 .\CortexM3\ARM_GCC_541\Debug\mpu_wrappers.o
 .text.MPU_xTaskGetTickCount
                0x00000000       0x18 .\CortexM3\ARM_GCC_541\Debug\mpu_wrappers.o
 .text.MPU_uxTaskGetNumberOfTasks
                0x00000000       0x18 .\CortexM3\ARM_GCC_541\Debug\mpu_wrappers.o
 .text.MPU_pcTaskGetName
                0x00000000       0x1c .\CortexM3\ARM_GCC_541\Debug\mpu_wrappers.o
 .text.MPU_uxTaskGetStackHighWaterMark
                0x00000000       0x1c .\CortexM3\ARM_GCC_541\Debug\mpu_wrappers.o
 .text.MPU_vTaskSetTimeOutState
                0x00000000       0x18 .\CortexM3\ARM_GCC_541\Debug\mpu_wrappers.o
 .text.MPU_xTaskCheckForTimeOut
                0x00000000       0x20 .\CortexM3\ARM_GCC_541\Debug\mpu_wrappers.o
 .text.MPU_xTaskGenericNotify
                0x00000000       0x2c .\CortexM3\ARM_GCC_541\Debug\mpu_wrappers.o
 .text.MPU_xTaskNotifyWait
                0x00000000       0x2c .\CortexM3\ARM_GCC_541\Debug\mpu_wrappers.o
 .text.MPU_ulTaskNotifyTake
                0x00000000       0x20 .\CortexM3\ARM_GCC_541\Debug\mpu_wrappers.o
 .text.MPU_xTaskNotifyStateClear
                0x00000000       0x1c .\CortexM3\ARM_GCC_541\Debug\mpu_wrappers.o
 .text.MPU_xQueueGenericCreate
                0x00000000       0x24 .\CortexM3\ARM_GCC_541\Debug\mpu_wrappers.o
 .text.MPU_xQueueGenericReset
                0x00000000       0x20 .\CortexM3\ARM_GCC_541\Debug\mpu_wrappers.o
 .text.MPU_xQueueGenericSend
                0x00000000       0x2c .\CortexM3\ARM_GCC_541\Debug\mpu_wrappers.o
 .text.MPU_uxQueueMessagesWaiting
                0x00000000       0x1c .\CortexM3\ARM_GCC_541\Debug\mpu_wrappers.o
 .text.MPU_uxQueueSpacesAvailable
                0x00000000       0x1c .\CortexM3\ARM_GCC_541\Debug\mpu_wrappers.o
 .text.MPU_xQueueReceive
                0x00000000       0x24 .\CortexM3\ARM_GCC_541\Debug\mpu_wrappers.o
 .text.MPU_xQueuePeek
                0x00000000       0x24 .\CortexM3\ARM_GCC_541\Debug\mpu_wrappers.o
 .text.MPU_xQueueSemaphoreTake
                0x00000000       0x20 .\CortexM3\ARM_GCC_541\Debug\mpu_wrappers.o
 .text.MPU_xQueuePeekFromISR
                0x00000000       0x20 .\CortexM3\ARM_GCC_541\Debug\mpu_wrappers.o
 .text.MPU_xQueueGetMutexHolder
                0x00000000       0x1c .\CortexM3\ARM_GCC_541\Debug\mpu_wrappers.o
 .text.MPU_xQueueCreateMutex
                0x00000000       0x1c .\CortexM3\ARM_GCC_541\Debug\mpu_wrappers.o
 .text.MPU_xQueueCreateCountingSemaphore
                0x00000000       0x20 .\CortexM3\ARM_GCC_541\Debug\mpu_wrappers.o
 .text.MPU_xQueueTakeMutexRecursive
                0x00000000       0x20 .\CortexM3\ARM_GCC_541\Debug\mpu_wrappers.o
 .text.MPU_xQueueGiveMutexRecursive
                0x00000000       0x1c .\CortexM3\ARM_GCC_541\Debug\mpu_wrappers.o
 .text.MPU_vQueueAddToRegistry
                0x00000000       0x1c .\CortexM3\ARM_GCC_541\Debug\mpu_wrappers.o
 .text.MPU_vQueueUnregisterQueue
                0x00000000       0x18 .\CortexM3\ARM_GCC_541\Debug\mpu_wrappers.o
 .text.MPU_pcQueueGetName
                0x00000000       0x1c .\CortexM3\ARM_GCC_541\Debug\mpu_wrappers.o
 .text.MPU_vQueueDelete
                0x00000000       0x18 .\CortexM3\ARM_GCC_541\Debug\mpu_wrappers.o
 .text.MPU_pvPortMalloc
                0x00000000       0x1c .\CortexM3\ARM_GCC_541\Debug\mpu_wrappers.o
 .text.MPU_vPortFree
                0x00000000       0x18 .\CortexM3\ARM_GCC_541\Debug\mpu_wrappers.o
 .text.MPU_vPortInitialiseBlocks
                0x00000000       0x14 .\CortexM3\ARM_GCC_541\Debug\mpu_wrappers.o
 .text.MPU_xPortGetFreeHeapSize
                0x00000000       0x18 .\CortexM3\ARM_GCC_541\Debug\mpu_wrappers.o
 .text.MPU_xTimerCreate
                0x00000000       0x34 .\CortexM3\ARM_GCC_541\Debug\mpu_wrappers.o
 .text.MPU_pvTimerGetTimerID
                0x00000000       0x1c .\CortexM3\ARM_GCC_541\Debug\mpu_wrappers.o
 .text.MPU_vTimerSetTimerID
                0x00000000       0x1c .\CortexM3\ARM_GCC_541\Debug\mpu_wrappers.o
 .text.MPU_xTimerIsTimerActive
                0x00000000       0x1c .\CortexM3\ARM_GCC_541\Debug\mpu_wrappers.o
 .text.MPU_xTimerGetTimerDaemonTaskHandle
                0x00000000       0x18 .\CortexM3\ARM_GCC_541\Debug\mpu_wrappers.o
 .text.MPU_pcTimerGetName
                0x00000000       0x1c .\CortexM3\ARM_GCC_541\Debug\mpu_wrappers.o
 .text.MPU_xTimerGetPeriod
                0x00000000       0x1c .\CortexM3\ARM_GCC_541\Debug\mpu_wrappers.o
 .text.MPU_xTimerGetExpiryTime
                0x00000000       0x1c .\CortexM3\ARM_GCC_541\Debug\mpu_wrappers.o
 .text.MPU_xTimerGenericCommand
                0x00000000       0x34 .\CortexM3\ARM_GCC_541\Debug\mpu_wrappers.o
 .text.MPU_xEventGroupCreate
                0x00000000       0x18 .\CortexM3\ARM_GCC_541\Debug\mpu_wrappers.o
 .text.MPU_xEventGroupWaitBits
                0x00000000       0x34 .\CortexM3\ARM_GCC_541\Debug\mpu_wrappers.o
 .text.MPU_xEventGroupClearBits
                0x00000000       0x20 .\CortexM3\ARM_GCC_541\Debug\mpu_wrappers.o
 .text.MPU_xEventGroupSetBits
                0x00000000       0x20 .\CortexM3\ARM_GCC_541\Debug\mpu_wrappers.o
 .text.MPU_xEventGroupSync
                0x00000000       0x2c .\CortexM3\ARM_GCC_541\Debug\mpu_wrappers.o
 .text.MPU_vEventGroupDelete
                0x00000000       0x18 .\CortexM3\ARM_GCC_541\Debug\mpu_wrappers.o
 .text.MPU_xStreamBufferSend
                0x00000000       0x2c .\CortexM3\ARM_GCC_541\Debug\mpu_wrappers.o
 .text.MPU_xStreamBufferSendFromISR
                0x00000000       0x2c .\CortexM3\ARM_GCC_541\Debug\mpu_wrappers.o
 .text.MPU_xStreamBufferNextMessageLengthBytes
                0x00000000       0x1c .\CortexM3\ARM_GCC_541\Debug\mpu_wrappers.o
 .text.MPU_xStreamBufferReceive
                0x00000000       0x2c .\CortexM3\ARM_GCC_541\Debug\mpu_wrappers.o
 .text.MPU_xStreamBufferReceiveFromISR
                0x00000000       0x2c .\CortexM3\ARM_GCC_541\Debug\mpu_wrappers.o
 .text.MPU_vStreamBufferDelete
                0x00000000       0x18 .\CortexM3\ARM_GCC_541\Debug\mpu_wrappers.o
 .text.MPU_xStreamBufferIsFull
                0x00000000       0x1c .\CortexM3\ARM_GCC_541\Debug\mpu_wrappers.o
 .text.MPU_xStreamBufferIsEmpty
                0x00000000       0x1c .\CortexM3\ARM_GCC_541\Debug\mpu_wrappers.o
 .text.MPU_xStreamBufferReset
                0x00000000       0x1c .\CortexM3\ARM_GCC_541\Debug\mpu_wrappers.o
 .text.MPU_xStreamBufferSpacesAvailable
                0x00000000       0x1c .\CortexM3\ARM_GCC_541\Debug\mpu_wrappers.o
 .text.MPU_xStreamBufferBytesAvailable
                0x00000000       0x1c .\CortexM3\ARM_GCC_541\Debug\mpu_wrappers.o
 .text.MPU_xStreamBufferSetTriggerLevel
                0x00000000       0x20 .\CortexM3\ARM_GCC_541\Debug\mpu_wrappers.o
 .text.MPU_xStreamBufferGenericCreate
                0x00000000       0x24 .\CortexM3\ARM_GCC_541\Debug\mpu_wrappers.o
 .text          0x00000000        0x0 .\CortexM3\ARM_GCC_541\Debug\port.o
 .bss           0x00000000        0x0 .\CortexM3\ARM_GCC_541\Debug\port.o
 .text.vPortEndScheduler
                0x00000000        0x4 .\CortexM3\ARM_GCC_541\Debug\port.o
 .text          0x00000000        0x0 .\CortexM3\ARM_GCC_541\Debug\queue.o
 .data          0x00000000        0x0 .\CortexM3\ARM_GCC_541\Debug\queue.o
 .bss           0x00000000        0x0 .\CortexM3\ARM_GCC_541\Debug\queue.o
 .text.prvGetDisinheritPriorityAfterTimeout
                0x00000000       0x14 .\CortexM3\ARM_GCC_541\Debug\queue.o
 .text.xQueueCreateCountingSemaphore
                0x00000000       0x18 .\CortexM3\ARM_GCC_541\Debug\queue.o
 .text.prvInitialiseMutex
                0x00000000       0x18 .\CortexM3\ARM_GCC_541\Debug\queue.o
 .text.xQueueCreateMutex
                0x00000000       0x18 .\CortexM3\ARM_GCC_541\Debug\queue.o
 .text.xQueueGiveMutexRecursive
                0x00000000       0x2c .\CortexM3\ARM_GCC_541\Debug\queue.o
 .text.xQueueGiveFromISR
                0x00000000       0x64 .\CortexM3\ARM_GCC_541\Debug\queue.o
 .text.xQueueSemaphoreTake
                0x00000000      0x128 .\CortexM3\ARM_GCC_541\Debug\queue.o
 .text.xQueueTakeMutexRecursive
                0x00000000       0x30 .\CortexM3\ARM_GCC_541\Debug\queue.o
 .text.xQueuePeek
                0x00000000       0xf8 .\CortexM3\ARM_GCC_541\Debug\queue.o
 .text.xQueueReceiveFromISR
                0x00000000       0x74 .\CortexM3\ARM_GCC_541\Debug\queue.o
 .text.xQueuePeekFromISR
                0x00000000       0x30 .\CortexM3\ARM_GCC_541\Debug\queue.o
 .text.uxQueueMessagesWaiting
                0x00000000       0x14 .\CortexM3\ARM_GCC_541\Debug\queue.o
 .text.uxQueueSpacesAvailable
                0x00000000       0x18 .\CortexM3\ARM_GCC_541\Debug\queue.o
 .text.uxQueueMessagesWaitingFromISR
                0x00000000        0x4 .\CortexM3\ARM_GCC_541\Debug\queue.o
 .text.xQueueIsQueueEmptyFromISR
                0x00000000        0xc .\CortexM3\ARM_GCC_541\Debug\queue.o
 .text.xQueueIsQueueFullFromISR
                0x00000000       0x10 .\CortexM3\ARM_GCC_541\Debug\queue.o
 .text.pcQueueGetName
                0x00000000       0x28 .\CortexM3\ARM_GCC_541\Debug\queue.o
 .text.vQueueUnregisterQueue
                0x00000000       0x2c .\CortexM3\ARM_GCC_541\Debug\queue.o
 .text.vQueueDelete
                0x00000000       0x10 .\CortexM3\ARM_GCC_541\Debug\queue.o
 .text          0x00000000        0x0 .\CortexM3\ARM_GCC_541\Debug\stream_buffer.o
 .data          0x00000000        0x0 .\CortexM3\ARM_GCC_541\Debug\stream_buffer.o
 .bss           0x00000000        0x0 .\CortexM3\ARM_GCC_541\Debug\stream_buffer.o
 .text.prvBytesInBuffer
                0x00000000       0x14 .\CortexM3\ARM_GCC_541\Debug\stream_buffer.o
 .text.prvInitialiseNewStreamBuffer
                0x00000000       0x20 .\CortexM3\ARM_GCC_541\Debug\stream_buffer.o
 .text.prvWriteBytesToBuffer
                0x00000000       0x44 .\CortexM3\ARM_GCC_541\Debug\stream_buffer.o
 .text.prvWriteMessageToBuffer
                0x00000000       0x54 .\CortexM3\ARM_GCC_541\Debug\stream_buffer.o
 .text.prvReadBytesFromBuffer
                0x00000000       0x4c .\CortexM3\ARM_GCC_541\Debug\stream_buffer.o
 .text.prvReadMessageFromBuffer
                0x00000000       0x44 .\CortexM3\ARM_GCC_541\Debug\stream_buffer.o
 .text.xStreamBufferGenericCreate
                0x00000000       0x34 .\CortexM3\ARM_GCC_541\Debug\stream_buffer.o
 .text.vStreamBufferDelete
                0x00000000       0x1c .\CortexM3\ARM_GCC_541\Debug\stream_buffer.o
 .text.xStreamBufferReset
                0x00000000       0x38 .\CortexM3\ARM_GCC_541\Debug\stream_buffer.o
 .text.xStreamBufferSetTriggerLevel
                0x00000000       0x18 .\CortexM3\ARM_GCC_541\Debug\stream_buffer.o
 .text.xStreamBufferSpacesAvailable
                0x00000000       0x14 .\CortexM3\ARM_GCC_541\Debug\stream_buffer.o
 .text.xStreamBufferBytesAvailable
                0x00000000        0x8 .\CortexM3\ARM_GCC_541\Debug\stream_buffer.o
 .text.xStreamBufferSend
                0x00000000       0xbc .\CortexM3\ARM_GCC_541\Debug\stream_buffer.o
 .text.xStreamBufferSendFromISR
                0x00000000       0x78 .\CortexM3\ARM_GCC_541\Debug\stream_buffer.o
 .text.xStreamBufferReceive
                0x00000000       0xa4 .\CortexM3\ARM_GCC_541\Debug\stream_buffer.o
 .text.xStreamBufferNextMessageLengthBytes
                0x00000000       0x38 .\CortexM3\ARM_GCC_541\Debug\stream_buffer.o
 .text.xStreamBufferReceiveFromISR
                0x00000000       0x74 .\CortexM3\ARM_GCC_541\Debug\stream_buffer.o
 .text.xStreamBufferIsEmpty
                0x00000000       0x10 .\CortexM3\ARM_GCC_541\Debug\stream_buffer.o
 .text.xStreamBufferIsFull
                0x00000000       0x20 .\CortexM3\ARM_GCC_541\Debug\stream_buffer.o
 .text.xStreamBufferSendCompletedFromISR
                0x00000000       0x40 .\CortexM3\ARM_GCC_541\Debug\stream_buffer.o
 .text.xStreamBufferReceiveCompletedFromISR
                0x00000000       0x40 .\CortexM3\ARM_GCC_541\Debug\stream_buffer.o
 .text          0x00000000        0x0 .\CortexM3\ARM_GCC_541\Debug\tasks.o
 .data          0x00000000        0x0 .\CortexM3\ARM_GCC_541\Debug\tasks.o
 .text.prvTaskIsTaskSuspended
                0x00000000       0x2c .\CortexM3\ARM_GCC_541\Debug\tasks.o
 .text.prvTaskCheckFreeStackSpace
                0x00000000       0x14 .\CortexM3\ARM_GCC_541\Debug\tasks.o
 .text.vTaskDelete
                0x00000000       0xbc .\CortexM3\ARM_GCC_541\Debug\tasks.o
 .text.eTaskGetState
                0x00000000       0x70 .\CortexM3\ARM_GCC_541\Debug\tasks.o
 .text.uxTaskPriorityGet
                0x00000000       0x20 .\CortexM3\ARM_GCC_541\Debug\tasks.o
 .text.uxTaskPriorityGetFromISR
                0x00000000       0x28 .\CortexM3\ARM_GCC_541\Debug\tasks.o
 .text.vTaskPrioritySet
                0x00000000       0xe0 .\CortexM3\ARM_GCC_541\Debug\tasks.o
 .text.vTaskResume
                0x00000000       0x78 .\CortexM3\ARM_GCC_541\Debug\tasks.o
 .text.xTaskResumeFromISR
                0x00000000       0x88 .\CortexM3\ARM_GCC_541\Debug\tasks.o
 .text.vTaskEndScheduler
                0x00000000       0x24 .\CortexM3\ARM_GCC_541\Debug\tasks.o
 .text.xTaskGetTickCountFromISR
                0x00000000        0xc .\CortexM3\ARM_GCC_541\Debug\tasks.o
 .text.uxTaskGetNumberOfTasks
                0x00000000        0xc .\CortexM3\ARM_GCC_541\Debug\tasks.o
 .text.pcTaskGetName
                0x00000000       0x14 .\CortexM3\ARM_GCC_541\Debug\tasks.o
 .text.vTaskDelayUntil
                0x00000000       0x6c .\CortexM3\ARM_GCC_541\Debug\tasks.o
 .text.vTaskSuspend
                0x00000000       0xc0 .\CortexM3\ARM_GCC_541\Debug\tasks.o
 .text.vTaskPlaceOnUnorderedEventList
                0x00000000       0x28 .\CortexM3\ARM_GCC_541\Debug\tasks.o
 .text.vTaskRemoveFromUnorderedEventList
                0x00000000       0x54 .\CortexM3\ARM_GCC_541\Debug\tasks.o
 .text.vTaskSetTimeOutState
                0x00000000       0x20 .\CortexM3\ARM_GCC_541\Debug\tasks.o
 .text.uxTaskGetStackHighWaterMark
                0x00000000       0x18 .\CortexM3\ARM_GCC_541\Debug\tasks.o
 .text.xTaskGetCurrentTaskHandle
                0x00000000        0xc .\CortexM3\ARM_GCC_541\Debug\tasks.o
 .text.xTaskPriorityInherit
                0x00000000       0xc8 .\CortexM3\ARM_GCC_541\Debug\tasks.o
 .text.vTaskPriorityDisinheritAfterTimeout
                0x00000000       0x98 .\CortexM3\ARM_GCC_541\Debug\tasks.o
 .text.uxTaskResetEventItemValue
                0x00000000       0x20 .\CortexM3\ARM_GCC_541\Debug\tasks.o
 .text.pvTaskIncrementMutexHeldCount
                0x00000000       0x20 .\CortexM3\ARM_GCC_541\Debug\tasks.o
 .text.ulTaskNotifyTake
                0x00000000       0x80 .\CortexM3\ARM_GCC_541\Debug\tasks.o
 .text.xTaskNotifyWait
                0x00000000       0xa4 .\CortexM3\ARM_GCC_541\Debug\tasks.o
 .text.xTaskGenericNotify
                0x00000000       0xb8 .\CortexM3\ARM_GCC_541\Debug\tasks.o
 .text.xTaskGenericNotifyFromISR
                0x00000000       0xd8 .\CortexM3\ARM_GCC_541\Debug\tasks.o
 .text.vTaskNotifyGiveFromISR
                0x00000000       0x9c .\CortexM3\ARM_GCC_541\Debug\tasks.o
 .text.xTaskNotifyStateClear
                0x00000000       0x34 .\CortexM3\ARM_GCC_541\Debug\tasks.o
 .text          0x00000000        0x0 .\CortexM3\ARM_GCC_541\Debug\timers.o
 .data          0x00000000        0x0 .\CortexM3\ARM_GCC_541\Debug\timers.o
 .text.prvInitialiseNewTimer
                0x00000000       0x2c .\CortexM3\ARM_GCC_541\Debug\timers.o
 .text.xTimerCreate
                0x00000000       0x34 .\CortexM3\ARM_GCC_541\Debug\timers.o
 .text.xTimerGetTimerDaemonTaskHandle
                0x00000000        0xc .\CortexM3\ARM_GCC_541\Debug\timers.o
 .text.xTimerGetPeriod
                0x00000000        0x4 .\CortexM3\ARM_GCC_541\Debug\timers.o
 .text.xTimerGetExpiryTime
                0x00000000        0x4 .\CortexM3\ARM_GCC_541\Debug\timers.o
 .text.pcTimerGetName
                0x00000000        0x4 .\CortexM3\ARM_GCC_541\Debug\timers.o
 .text.xTimerIsTimerActive
                0x00000000       0x1c .\CortexM3\ARM_GCC_541\Debug\timers.o
 .text.pvTimerGetTimerID
                0x00000000       0x14 .\CortexM3\ARM_GCC_541\Debug\timers.o
 .text.vTimerSetTimerID
                0x00000000       0x14 .\CortexM3\ARM_GCC_541\Debug\timers.o
 .text          0x00000000        0x0 .\CortexM3\ARM_GCC_541\Debug\heap_2.o
 .text.xPortGetFreeHeapSize
                0x00000000        0xc .\CortexM3\ARM_GCC_541\Debug\heap_2.o
 .text.vPortInitialiseBlocks
                0x00000000        0x4 .\CortexM3\ARM_GCC_541\Debug\heap_2.o
 .text          0x00000000        0x0 .\CortexM3\ARM_GCC_541\Debug\main.o
 .data          0x00000000        0x0 .\CortexM3\ARM_GCC_541\Debug\main.o
 .bss           0x00000000        0x0 .\CortexM3\ARM_GCC_541\Debug\main.o
 .text          0x00000000        0x0 .\CortexM3\ARM_GCC_541\Debug\cyfitter_cfg.o
 .data          0x00000000        0x0 .\CortexM3\ARM_GCC_541\Debug\cyfitter_cfg.o
 .bss           0x00000000        0x0 .\CortexM3\ARM_GCC_541\Debug\cyfitter_cfg.o
 .text.SetAnalogRoutingPumps
                0x00000000       0x10 .\CortexM3\ARM_GCC_541\Debug\cyfitter_cfg.o
 .text          0x00000000        0x0 .\CortexM3\ARM_GCC_541\Debug\cymetadata.o
 .data          0x00000000        0x0 .\CortexM3\ARM_GCC_541\Debug\cymetadata.o
 .bss           0x00000000        0x0 .\CortexM3\ARM_GCC_541\Debug\cymetadata.o
 .text          0x00000000        0x0 .\CortexM3\ARM_GCC_541\Debug\Cm3Start.o
 .data          0x00000000        0x4 .\CortexM3\ARM_GCC_541\Debug\Cm3Start.o
 .bss           0x00000000        0x0 .\CortexM3\ARM_GCC_541\Debug\Cm3Start.o
 .text._exit    0x00000000        0xc .\CortexM3\ARM_GCC_541\Debug\Cm3Start.o
 .text._sbrk    0x00000000       0x30 .\CortexM3\ARM_GCC_541\Debug\Cm3Start.o
 .text          0x00000000        0x0 .\CortexM3\ARM_GCC_541\Debug\blinky.a(LED1.o)
 .data          0x00000000        0x0 .\CortexM3\ARM_GCC_541\Debug\blinky.a(LED1.o)
 .bss           0x00000000        0x0 .\CortexM3\ARM_GCC_541\Debug\blinky.a(LED1.o)
 .text.LED1_SetDriveMode
                0x00000000       0x18 .\CortexM3\ARM_GCC_541\Debug\blinky.a(LED1.o)
 .text.LED1_ReadDataReg
                0x00000000       0x10 .\CortexM3\ARM_GCC_541\Debug\blinky.a(LED1.o)
 .text          0x00000000        0x0 .\CortexM3\ARM_GCC_541\Debug\blinky.a(LED2.o)
 .data          0x00000000        0x0 .\CortexM3\ARM_GCC_541\Debug\blinky.a(LED2.o)
 .bss           0x00000000        0x0 .\CortexM3\ARM_GCC_541\Debug\blinky.a(LED2.o)
 .text.LED2_SetDriveMode
                0x00000000       0x18 .\CortexM3\ARM_GCC_541\Debug\blinky.a(LED2.o)
 .text.LED2_ReadDataReg
                0x00000000       0x10 .\CortexM3\ARM_GCC_541\Debug\blinky.a(LED2.o)
 .text          0x00000000        0x0 .\CortexM3\ARM_GCC_541\Debug\blinky.a(CyLib.o)
 .data          0x00000000       0x10 .\CortexM3\ARM_GCC_541\Debug\blinky.a(CyLib.o)
 .bss           0x00000000       0x1c .\CortexM3\ARM_GCC_541\Debug\blinky.a(CyLib.o)
 .text.CyUSB_PowerOnCheck
                0x00000000       0x48 .\CortexM3\ARM_GCC_541\Debug\blinky.a(CyLib.o)
 .text.CyBusClk_Internal_SetDivider
                0x00000000       0x48 .\CortexM3\ARM_GCC_541\Debug\blinky.a(CyLib.o)
 .text.CyPLL_OUT_Stop
                0x00000000       0x10 .\CortexM3\ARM_GCC_541\Debug\blinky.a(CyLib.o)
 .text.CyIMO_Stop
                0x00000000       0x1c .\CortexM3\ARM_GCC_541\Debug\blinky.a(CyLib.o)
 .text.CyIMO_EnableDoubler
                0x00000000       0x10 .\CortexM3\ARM_GCC_541\Debug\blinky.a(CyLib.o)
 .text.CyIMO_DisableDoubler
                0x00000000       0x10 .\CortexM3\ARM_GCC_541\Debug\blinky.a(CyLib.o)
 .text.CyMasterClk_SetSource
                0x00000000       0x18 .\CortexM3\ARM_GCC_541\Debug\blinky.a(CyLib.o)
 .text.CyMasterClk_SetDivider
                0x00000000        0xc .\CortexM3\ARM_GCC_541\Debug\blinky.a(CyLib.o)
 .text.CyBusClk_SetDivider
                0x00000000       0x70 .\CortexM3\ARM_GCC_541\Debug\blinky.a(CyLib.o)
 .text.CyUsbClk_SetSource
                0x00000000       0x18 .\CortexM3\ARM_GCC_541\Debug\blinky.a(CyLib.o)
 .text.CyILO_Start1K
                0x00000000       0x10 .\CortexM3\ARM_GCC_541\Debug\blinky.a(CyLib.o)
 .text.CyILO_Stop1K
                0x00000000       0x10 .\CortexM3\ARM_GCC_541\Debug\blinky.a(CyLib.o)
 .text.CyILO_Start100K
                0x00000000       0x10 .\CortexM3\ARM_GCC_541\Debug\blinky.a(CyLib.o)
 .text.CyILO_Stop100K
                0x00000000       0x10 .\CortexM3\ARM_GCC_541\Debug\blinky.a(CyLib.o)
 .text.CyPLL_OUT_Start
                0x00000000       0x78 .\CortexM3\ARM_GCC_541\Debug\blinky.a(CyLib.o)
 .text.CyIMO_Start
                0x00000000       0x60 .\CortexM3\ARM_GCC_541\Debug\blinky.a(CyLib.o)
 .text.CyILO_Enable33K
                0x00000000       0x10 .\CortexM3\ARM_GCC_541\Debug\blinky.a(CyLib.o)
 .text.CyILO_Disable33K
                0x00000000       0x10 .\CortexM3\ARM_GCC_541\Debug\blinky.a(CyLib.o)
 .text.CyILO_SetSource
                0x00000000       0x18 .\CortexM3\ARM_GCC_541\Debug\blinky.a(CyLib.o)
 .text.CyILO_SetPowerMode
                0x00000000       0x24 .\CortexM3\ARM_GCC_541\Debug\blinky.a(CyLib.o)
 .text.CyXTAL_32KHZ_Stop
                0x00000000       0x30 .\CortexM3\ARM_GCC_541\Debug\blinky.a(CyLib.o)
 .text.CyXTAL_32KHZ_ReadStatus
                0x00000000       0x10 .\CortexM3\ARM_GCC_541\Debug\blinky.a(CyLib.o)
 .text.CyXTAL_Start
                0x00000000       0xac .\CortexM3\ARM_GCC_541\Debug\blinky.a(CyLib.o)
 .text.CyXTAL_Stop
                0x00000000       0x10 .\CortexM3\ARM_GCC_541\Debug\blinky.a(CyLib.o)
 .text.CyXTAL_EnableErrStatus
                0x00000000       0x10 .\CortexM3\ARM_GCC_541\Debug\blinky.a(CyLib.o)
 .text.CyXTAL_DisableErrStatus
                0x00000000       0x10 .\CortexM3\ARM_GCC_541\Debug\blinky.a(CyLib.o)
 .text.CyXTAL_ReadStatus
                0x00000000       0x18 .\CortexM3\ARM_GCC_541\Debug\blinky.a(CyLib.o)
 .text.CyXTAL_EnableFaultRecovery
                0x00000000       0x10 .\CortexM3\ARM_GCC_541\Debug\blinky.a(CyLib.o)
 .text.CyXTAL_DisableFaultRecovery
                0x00000000       0x10 .\CortexM3\ARM_GCC_541\Debug\blinky.a(CyLib.o)
 .text.CyXTAL_SetStartup
                0x00000000       0x18 .\CortexM3\ARM_GCC_541\Debug\blinky.a(CyLib.o)
 .text.CyXTAL_SetFbVoltage
                0x00000000       0x18 .\CortexM3\ARM_GCC_541\Debug\blinky.a(CyLib.o)
 .text.CyXTAL_SetWdVoltage
                0x00000000       0x18 .\CortexM3\ARM_GCC_541\Debug\blinky.a(CyLib.o)
 .text.CyHalt   0x00000000        0x4 .\CortexM3\ARM_GCC_541\Debug\blinky.a(CyLib.o)
 .text.CyPLL_OUT_SetPQ
                0x00000000       0x60 .\CortexM3\ARM_GCC_541\Debug\blinky.a(CyLib.o)
 .text.CyPLL_OUT_SetSource
                0x00000000       0x34 .\CortexM3\ARM_GCC_541\Debug\blinky.a(CyLib.o)
 .text.CyIMO_SetTrimValue
                0x00000000       0xcc .\CortexM3\ARM_GCC_541\Debug\blinky.a(CyLib.o)
 .text.CyIMO_SetFreq
                0x00000000       0xf4 .\CortexM3\ARM_GCC_541\Debug\blinky.a(CyLib.o)
 .text.CyIMO_SetSource
                0x00000000       0x58 .\CortexM3\ARM_GCC_541\Debug\blinky.a(CyLib.o)
 .text.CySoftwareReset
                0x00000000       0x10 .\CortexM3\ARM_GCC_541\Debug\blinky.a(CyLib.o)
 .text.CyDelay  0x00000000       0x2c .\CortexM3\ARM_GCC_541\Debug\blinky.a(CyLib.o)
 .text.CyDelayUs
                0x00000000       0x14 .\CortexM3\ARM_GCC_541\Debug\blinky.a(CyLib.o)
 .text.CyXTAL_32KHZ_SetPowerMode
                0x00000000       0x84 .\CortexM3\ARM_GCC_541\Debug\blinky.a(CyLib.o)
 .text.CyXTAL_32KHZ_Start
                0x00000000       0x74 .\CortexM3\ARM_GCC_541\Debug\blinky.a(CyLib.o)
 .text.CyDelayFreq
                0x00000000       0x4c .\CortexM3\ARM_GCC_541\Debug\blinky.a(CyLib.o)
 .text.CyWdtStart
                0x00000000       0x40 .\CortexM3\ARM_GCC_541\Debug\blinky.a(CyLib.o)
 .text.CyWdtClear
                0x00000000        0xc .\CortexM3\ARM_GCC_541\Debug\blinky.a(CyLib.o)
 .text.CyVdStickyStatus
                0x00000000       0x2c .\CortexM3\ARM_GCC_541\Debug\blinky.a(CyLib.o)
 .text.CyVdLvDigitEnable
                0x00000000       0x84 .\CortexM3\ARM_GCC_541\Debug\blinky.a(CyLib.o)
 .text.CyVdLvAnalogEnable
                0x00000000       0x80 .\CortexM3\ARM_GCC_541\Debug\blinky.a(CyLib.o)
 .text.CyVdLvDigitDisable
                0x00000000       0x30 .\CortexM3\ARM_GCC_541\Debug\blinky.a(CyLib.o)
 .text.CyVdLvAnalogDisable
                0x00000000       0x28 .\CortexM3\ARM_GCC_541\Debug\blinky.a(CyLib.o)
 .text.CyVdHvAnalogEnable
                0x00000000       0x54 .\CortexM3\ARM_GCC_541\Debug\blinky.a(CyLib.o)
 .text.CyVdHvAnalogDisable
                0x00000000       0x20 .\CortexM3\ARM_GCC_541\Debug\blinky.a(CyLib.o)
 .text.CyVdRealTimeStatus
                0x00000000       0x1c .\CortexM3\ARM_GCC_541\Debug\blinky.a(CyLib.o)
 .text.CyDisableInts
                0x00000000       0x1c .\CortexM3\ARM_GCC_541\Debug\blinky.a(CyLib.o)
 .text.CyEnableInts
                0x00000000       0x18 .\CortexM3\ARM_GCC_541\Debug\blinky.a(CyLib.o)
 .text.CyFlushCache
                0x00000000       0x44 .\CortexM3\ARM_GCC_541\Debug\blinky.a(CyLib.o)
 .text.CyIntSetSysVector
                0x00000000       0x28 .\CortexM3\ARM_GCC_541\Debug\blinky.a(CyLib.o)
 .text.CyIntGetSysVector
                0x00000000       0x20 .\CortexM3\ARM_GCC_541\Debug\blinky.a(CyLib.o)
 .text.CyIntSetVector
                0x00000000       0x28 .\CortexM3\ARM_GCC_541\Debug\blinky.a(CyLib.o)
 .text.CyIntGetVector
                0x00000000       0x24 .\CortexM3\ARM_GCC_541\Debug\blinky.a(CyLib.o)
 .text.CyIntSetPriority
                0x00000000       0x30 .\CortexM3\ARM_GCC_541\Debug\blinky.a(CyLib.o)
 .text.CyIntGetPriority
                0x00000000       0x20 .\CortexM3\ARM_GCC_541\Debug\blinky.a(CyLib.o)
 .text.CyIntGetState
                0x00000000       0x24 .\CortexM3\ARM_GCC_541\Debug\blinky.a(CyLib.o)
 .text.CySysTickStop
                0x00000000       0x10 .\CortexM3\ARM_GCC_541\Debug\blinky.a(CyLib.o)
 .text.CySysTickEnableInterrupt
                0x00000000       0x10 .\CortexM3\ARM_GCC_541\Debug\blinky.a(CyLib.o)
 .text.CySysTickEnable
                0x00000000       0x18 .\CortexM3\ARM_GCC_541\Debug\blinky.a(CyLib.o)
 .text.CySysTickDisableInterrupt
                0x00000000       0x10 .\CortexM3\ARM_GCC_541\Debug\blinky.a(CyLib.o)
 .text.CySysTickSetReload
                0x00000000       0x10 .\CortexM3\ARM_GCC_541\Debug\blinky.a(CyLib.o)
 .text.CySysTickGetReload
                0x00000000       0x10 .\CortexM3\ARM_GCC_541\Debug\blinky.a(CyLib.o)
 .text.CySysTickGetValue
                0x00000000       0x10 .\CortexM3\ARM_GCC_541\Debug\blinky.a(CyLib.o)
 .text.CySysTickSetClockSource
                0x00000000       0x20 .\CortexM3\ARM_GCC_541\Debug\blinky.a(CyLib.o)
 .text.CySysTickGetClockSource
                0x00000000       0x10 .\CortexM3\ARM_GCC_541\Debug\blinky.a(CyLib.o)
 .text.CySysTickGetCountFlag
                0x00000000       0x10 .\CortexM3\ARM_GCC_541\Debug\blinky.a(CyLib.o)
 .text.CySysTickServiceCallbacks
                0x00000000       0x28 .\CortexM3\ARM_GCC_541\Debug\blinky.a(CyLib.o)
 .text.CySysTickClear
                0x00000000        0xc .\CortexM3\ARM_GCC_541\Debug\blinky.a(CyLib.o)
 .text.CySysTickInit
                0x00000000       0x58 .\CortexM3\ARM_GCC_541\Debug\blinky.a(CyLib.o)
 .text.CySysTickStart
                0x00000000       0x1c .\CortexM3\ARM_GCC_541\Debug\blinky.a(CyLib.o)
 .text.CySysTickSetCallback
                0x00000000       0x10 .\CortexM3\ARM_GCC_541\Debug\blinky.a(CyLib.o)
 .text.CySysTickGetCallback
                0x00000000       0x10 .\CortexM3\ARM_GCC_541\Debug\blinky.a(CyLib.o)
 .text.CyGetUniqueId
                0x00000000       0x70 .\CortexM3\ARM_GCC_541\Debug\blinky.a(CyLib.o)
 .text          0x00000000        0x0 .\CortexM3\ARM_GCC_541\Debug\blinky.a(cyPm.o)
 .data          0x00000000        0x0 .\CortexM3\ARM_GCC_541\Debug\blinky.a(cyPm.o)
 .bss           0x00000000       0x43 .\CortexM3\ARM_GCC_541\Debug\blinky.a(cyPm.o)
 .text.CyPmHibSlpSaveSet
                0x00000000      0x1dc .\CortexM3\ARM_GCC_541\Debug\blinky.a(cyPm.o)
 .text.CyPmHibSlpRestore
                0x00000000       0xd8 .\CortexM3\ARM_GCC_541\Debug\blinky.a(cyPm.o)
 .text.CyPmHviLviSaveDisable
                0x00000000       0xa0 .\CortexM3\ARM_GCC_541\Debug\blinky.a(cyPm.o)
 .text.CyPmHibSaveSet
                0x00000000       0x98 .\CortexM3\ARM_GCC_541\Debug\blinky.a(cyPm.o)
 .text.CyPmHviLviRestore
                0x00000000       0x48 .\CortexM3\ARM_GCC_541\Debug\blinky.a(cyPm.o)
 .text.CyPmHibRestore
                0x00000000       0x60 .\CortexM3\ARM_GCC_541\Debug\blinky.a(cyPm.o)
 .text.CyPmSaveClocks
                0x00000000      0x218 .\CortexM3\ARM_GCC_541\Debug\blinky.a(cyPm.o)
 .text.CyPmRestoreClocks
                0x00000000      0x24c .\CortexM3\ARM_GCC_541\Debug\blinky.a(cyPm.o)
 .text.CyPmAltAct
                0x00000000       0x6c .\CortexM3\ARM_GCC_541\Debug\blinky.a(cyPm.o)
 .text.CyPmSleep
                0x00000000       0xf4 .\CortexM3\ARM_GCC_541\Debug\blinky.a(cyPm.o)
 .text.CyPmHibernateEx
                0x00000000       0xf4 .\CortexM3\ARM_GCC_541\Debug\blinky.a(cyPm.o)
 .text.CyPmHibernate
                0x00000000        0xc .\CortexM3\ARM_GCC_541\Debug\blinky.a(cyPm.o)
 .text.CyPmReadStatus
                0x00000000       0x30 .\CortexM3\ARM_GCC_541\Debug\blinky.a(cyPm.o)
 .text.CyPmCtwSetInterval
                0x00000000       0x5c .\CortexM3\ARM_GCC_541\Debug\blinky.a(cyPm.o)
 .text.CyPmOppsSet
                0x00000000       0x2c .\CortexM3\ARM_GCC_541\Debug\blinky.a(cyPm.o)
 .text.CyPmFtwSetInterval
                0x00000000       0x5c .\CortexM3\ARM_GCC_541\Debug\blinky.a(cyPm.o)
 .rodata        0x00000000        0xf .\CortexM3\ARM_GCC_541\Debug\blinky.a(cyPm.o)
 .data          0x00000000        0x0 .\CortexM3\ARM_GCC_541\Debug\blinky.a(CyBootAsmGnu.o)
 .bss           0x00000000        0x0 .\CortexM3\ARM_GCC_541\Debug\blinky.a(CyBootAsmGnu.o)
 .text          0x00000000        0x0 .\CortexM3\ARM_GCC_541\Debug\blinky.a(CyFlash.o)
 .data          0x00000000        0x0 .\CortexM3\ARM_GCC_541\Debug\blinky.a(CyFlash.o)
 .bss           0x00000000        0x0 .\CortexM3\ARM_GCC_541\Debug\blinky.a(CyFlash.o)
 .text.CySetTempInt
                0x00000000       0x60 .\CortexM3\ARM_GCC_541\Debug\blinky.a(CyFlash.o)
 .text.CyFlash_Start
                0x00000000       0x54 .\CortexM3\ARM_GCC_541\Debug\blinky.a(CyFlash.o)
 .text.CyFlash_Stop
                0x00000000       0x24 .\CortexM3\ARM_GCC_541\Debug\blinky.a(CyFlash.o)
 .text.CyFlash_EraseRow
                0x00000000       0x78 .\CortexM3\ARM_GCC_541\Debug\blinky.a(CyFlash.o)
 .text.CyFlashGetSpcAlgorithm
                0x00000000       0x4c .\CortexM3\ARM_GCC_541\Debug\blinky.a(CyFlash.o)
 .text.CySetTemp
                0x00000000       0x14 .\CortexM3\ARM_GCC_541\Debug\blinky.a(CyFlash.o)
 .text.CySetFlashEEBuffer
                0x00000000       0x20 .\CortexM3\ARM_GCC_541\Debug\blinky.a(CyFlash.o)
 .text.CyWriteRowFull
                0x00000000       0xf8 .\CortexM3\ARM_GCC_541\Debug\blinky.a(CyFlash.o)
 .text.CyWriteRowData
                0x00000000       0x14 .\CortexM3\ARM_GCC_541\Debug\blinky.a(CyFlash.o)
 .text.CyFlash_SetWaitCycles
                0x00000000       0x7c .\CortexM3\ARM_GCC_541\Debug\blinky.a(CyFlash.o)
 .text.CyEEPROM_Start
                0x00000000       0x54 .\CortexM3\ARM_GCC_541\Debug\blinky.a(CyFlash.o)
 .text.CyEEPROM_Stop
                0x00000000       0x24 .\CortexM3\ARM_GCC_541\Debug\blinky.a(CyFlash.o)
 .text.CyEEPROM_ReadReserve
                0x00000000       0x1c .\CortexM3\ARM_GCC_541\Debug\blinky.a(CyFlash.o)
 .text.CyEEPROM_ReadRelease
                0x00000000       0x10 .\CortexM3\ARM_GCC_541\Debug\blinky.a(CyFlash.o)
 COMMON         0x00000000        0x2 .\CortexM3\ARM_GCC_541\Debug\blinky.a(CyFlash.o)
 .text          0x00000000        0x0 .\CortexM3\ARM_GCC_541\Debug\blinky.a(CySpc.o)
 .data          0x00000000        0x0 .\CortexM3\ARM_GCC_541\Debug\blinky.a(CySpc.o)
 .bss           0x00000000        0x8 .\CortexM3\ARM_GCC_541\Debug\blinky.a(CySpc.o)
 .text.CySpcStart
                0x00000000       0x24 .\CortexM3\ARM_GCC_541\Debug\blinky.a(CySpc.o)
 .text.CySpcStop
                0x00000000       0x24 .\CortexM3\ARM_GCC_541\Debug\blinky.a(CySpc.o)
 .text.CySpcReadData
                0x00000000       0x34 .\CortexM3\ARM_GCC_541\Debug\blinky.a(CySpc.o)
 .text.CySpcLoadMultiByte
                0x00000000       0x78 .\CortexM3\ARM_GCC_541\Debug\blinky.a(CySpc.o)
 .text.CySpcLoadRow
                0x00000000       0x50 .\CortexM3\ARM_GCC_541\Debug\blinky.a(CySpc.o)
 .text.CySpcLoadRowFull
                0x00000000       0x80 .\CortexM3\ARM_GCC_541\Debug\blinky.a(CySpc.o)
 .text.CySpcWriteRow
                0x00000000       0x4c .\CortexM3\ARM_GCC_541\Debug\blinky.a(CySpc.o)
 .text.CySpcEraseSector
                0x00000000       0x3c .\CortexM3\ARM_GCC_541\Debug\blinky.a(CySpc.o)
 .text.CySpcEraseRow
                0x00000000       0x4c .\CortexM3\ARM_GCC_541\Debug\blinky.a(CySpc.o)
 .text.CySpcGetTemp
                0x00000000       0x3c .\CortexM3\ARM_GCC_541\Debug\blinky.a(CySpc.o)
 .text.CySpcLock
                0x00000000       0x4c .\CortexM3\ARM_GCC_541\Debug\blinky.a(CySpc.o)
 .text.CySpcUnlock
                0x00000000       0x38 .\CortexM3\ARM_GCC_541\Debug\blinky.a(CySpc.o)
 .text.CySpcGetAlgorithm
                0x00000000       0x28 .\CortexM3\ARM_GCC_541\Debug\blinky.a(CySpc.o)
 .text          0x00000000        0x0 d:/cypress/psoc creator/4.4/psoc creator/import/gnu/arm/5.4.1/bin/../lib/gcc/arm-none-eabi/5.4.1/../../../../arm-none-eabi/lib/armv7-m\libg_nano.a(lib_a-errno.o)
 .data          0x00000000        0x0 d:/cypress/psoc creator/4.4/psoc creator/import/gnu/arm/5.4.1/bin/../lib/gcc/arm-none-eabi/5.4.1/../../../../arm-none-eabi/lib/armv7-m\libg_nano.a(lib_a-errno.o)
 .bss           0x00000000        0x0 d:/cypress/psoc creator/4.4/psoc creator/import/gnu/arm/5.4.1/bin/../lib/gcc/arm-none-eabi/5.4.1/../../../../arm-none-eabi/lib/armv7-m\libg_nano.a(lib_a-errno.o)
 .text          0x00000000        0x0 d:/cypress/psoc creator/4.4/psoc creator/import/gnu/arm/5.4.1/bin/../lib/gcc/arm-none-eabi/5.4.1/../../../../arm-none-eabi/lib/armv7-m\libg_nano.a(lib_a-exit.o)
 .data          0x00000000        0x0 d:/cypress/psoc creator/4.4/psoc creator/import/gnu/arm/5.4.1/bin/../lib/gcc/arm-none-eabi/5.4.1/../../../../arm-none-eabi/lib/armv7-m\libg_nano.a(lib_a-exit.o)
 .bss           0x00000000        0x0 d:/cypress/psoc creator/4.4/psoc creator/import/gnu/arm/5.4.1/bin/../lib/gcc/arm-none-eabi/5.4.1/../../../../arm-none-eabi/lib/armv7-m\libg_nano.a(lib_a-exit.o)
 .text.exit     0x00000000       0x28 d:/cypress/psoc creator/4.4/psoc creator/import/gnu/arm/5.4.1/bin/../lib/gcc/arm-none-eabi/5.4.1/../../../../arm-none-eabi/lib/armv7-m\libg_nano.a(lib_a-exit.o)
 .text          0x00000000        0x0 d:/cypress/psoc creator/4.4/psoc creator/import/gnu/arm/5.4.1/bin/../lib/gcc/arm-none-eabi/5.4.1/../../../../arm-none-eabi/lib/armv7-m\libg_nano.a(lib_a-impure.o)
 .data          0x00000000        0x0 d:/cypress/psoc creator/4.4/psoc creator/import/gnu/arm/5.4.1/bin/../lib/gcc/arm-none-eabi/5.4.1/../../../../arm-none-eabi/lib/armv7-m\libg_nano.a(lib_a-impure.o)
 .bss           0x00000000        0x0 d:/cypress/psoc creator/4.4/psoc creator/import/gnu/arm/5.4.1/bin/../lib/gcc/arm-none-eabi/5.4.1/../../../../arm-none-eabi/lib/armv7-m\libg_nano.a(lib_a-impure.o)
 .rodata._global_impure_ptr
                0x00000000        0x4 d:/cypress/psoc creator/4.4/psoc creator/import/gnu/arm/5.4.1/bin/../lib/gcc/arm-none-eabi/5.4.1/../../../../arm-none-eabi/lib/armv7-m\libg_nano.a(lib_a-impure.o)
 .text          0x00000000        0x0 d:/cypress/psoc creator/4.4/psoc creator/import/gnu/arm/5.4.1/bin/../lib/gcc/arm-none-eabi/5.4.1/../../../../arm-none-eabi/lib/armv7-m\libg_nano.a(lib_a-init.o)
 .data          0x00000000        0x0 d:/cypress/psoc creator/4.4/psoc creator/import/gnu/arm/5.4.1/bin/../lib/gcc/arm-none-eabi/5.4.1/../../../../arm-none-eabi/lib/armv7-m\libg_nano.a(lib_a-init.o)
 .bss           0x00000000        0x0 d:/cypress/psoc creator/4.4/psoc creator/import/gnu/arm/5.4.1/bin/../lib/gcc/arm-none-eabi/5.4.1/../../../../arm-none-eabi/lib/armv7-m\libg_nano.a(lib_a-init.o)
 .text          0x00000000        0x0 d:/cypress/psoc creator/4.4/psoc creator/import/gnu/arm/5.4.1/bin/../lib/gcc/arm-none-eabi/5.4.1/../../../../arm-none-eabi/lib/armv7-m\libg_nano.a(lib_a-memcpy-stub.o)
 .data          0x00000000        0x0 d:/cypress/psoc creator/4.4/psoc creator/import/gnu/arm/5.4.1/bin/../lib/gcc/arm-none-eabi/5.4.1/../../../../arm-none-eabi/lib/armv7-m\libg_nano.a(lib_a-memcpy-stub.o)
 .bss           0x00000000        0x0 d:/cypress/psoc creator/4.4/psoc creator/import/gnu/arm/5.4.1/bin/../lib/gcc/arm-none-eabi/5.4.1/../../../../arm-none-eabi/lib/armv7-m\libg_nano.a(lib_a-memcpy-stub.o)
 .text          0x00000000        0x0 d:/cypress/psoc creator/4.4/psoc creator/import/gnu/arm/5.4.1/bin/../lib/gcc/arm-none-eabi/5.4.1/../../../../arm-none-eabi/lib/armv7-m\libg_nano.a(lib_a-memset.o)
 .data          0x00000000        0x0 d:/cypress/psoc creator/4.4/psoc creator/import/gnu/arm/5.4.1/bin/../lib/gcc/arm-none-eabi/5.4.1/../../../../arm-none-eabi/lib/armv7-m\libg_nano.a(lib_a-memset.o)
 .bss           0x00000000        0x0 d:/cypress/psoc creator/4.4/psoc creator/import/gnu/arm/5.4.1/bin/../lib/gcc/arm-none-eabi/5.4.1/../../../../arm-none-eabi/lib/armv7-m\libg_nano.a(lib_a-memset.o)
 .text          0x00000000        0x0 d:/cypress/psoc creator/4.4/psoc creator/import/gnu/arm/5.4.1/bin/../lib/gcc/arm-none-eabi/5.4.1/armv7-m/crtend.o
 .data          0x00000000        0x0 d:/cypress/psoc creator/4.4/psoc creator/import/gnu/arm/5.4.1/bin/../lib/gcc/arm-none-eabi/5.4.1/armv7-m/crtend.o
 .bss           0x00000000        0x0 d:/cypress/psoc creator/4.4/psoc creator/import/gnu/arm/5.4.1/bin/../lib/gcc/arm-none-eabi/5.4.1/armv7-m/crtend.o
 .text          0x00000000        0x0 d:/cypress/psoc creator/4.4/psoc creator/import/gnu/arm/5.4.1/bin/../lib/gcc/arm-none-eabi/5.4.1/armv7-m/crtn.o
 .data          0x00000000        0x0 d:/cypress/psoc creator/4.4/psoc creator/import/gnu/arm/5.4.1/bin/../lib/gcc/arm-none-eabi/5.4.1/armv7-m/crtn.o
 .bss           0x00000000        0x0 d:/cypress/psoc creator/4.4/psoc creator/import/gnu/arm/5.4.1/bin/../lib/gcc/arm-none-eabi/5.4.1/armv7-m/crtn.o

Memory Configuration

Name             Origin             Length             Attributes
rom              0x00000000         0x00040000         xr
ram              0x1fff8000         0x00010000         xrw
*default*        0x00000000         0xffffffff

Linker script and memory map

LOAD d:/cypress/psoc creator/4.4/psoc creator/import/gnu/arm/5.4.1/bin/../lib/gcc/arm-none-eabi/5.4.1/armv7-m/crti.o
LOAD d:/cypress/psoc creator/4.4/psoc creator/import/gnu/arm/5.4.1/bin/../lib/gcc/arm-none-eabi/5.4.1/armv7-m/crtbegin.o
LOAD d:/cypress/psoc creator/4.4/psoc creator/import/gnu/arm/5.4.1/bin/../lib/gcc/arm-none-eabi/5.4.1/../../../../arm-none-eabi/lib/armv7-m/crt0.o
START GROUP
LOAD .\CortexM3\ARM_GCC_541\Debug\croutine.o
LOAD .\CortexM3\ARM_GCC_541\Debug\event_groups.o
LOAD .\CortexM3\ARM_GCC_541\Debug\list.o
LOAD .\CortexM3\ARM_GCC_541\Debug\mpu_wrappers.o
LOAD .\CortexM3\ARM_GCC_541\Debug\port.o
LOAD .\CortexM3\ARM_GCC_541\Debug\queue.o
LOAD .\CortexM3\ARM_GCC_541\Debug\stream_buffer.o
LOAD .\CortexM3\ARM_GCC_541\Debug\tasks.o
LOAD .\CortexM3\ARM_GCC_541\Debug\timers.o
LOAD .\CortexM3\ARM_GCC_541\Debug\heap_2.o
LOAD .\CortexM3\ARM_GCC_541\Debug\main.o
LOAD .\CortexM3\ARM_GCC_541\Debug\cyfitter_cfg.o
LOAD .\CortexM3\ARM_GCC_541\Debug\cymetadata.o
LOAD .\CortexM3\ARM_GCC_541\Debug\Cm3Start.o
LOAD .\CortexM3\ARM_GCC_541\Debug\blinky.a
LOAD D:\Cypress\PSoC Creator\4.4\PSoC Creator\psoc\content\cycomponentlibrary\CyComponentLibrary.cylib\CortexM3\ARM_GCC_541\Debug\CyComponentLibrary.a
LOAD d:/cypress/psoc creator/4.4/psoc creator/import/gnu/arm/5.4.1/bin/../lib/gcc/arm-none-eabi/5.4.1/../../../../arm-none-eabi/lib/armv7-m\libm.a
END GROUP
START GROUP
LOAD d:/cypress/psoc creator/4.4/psoc creator/import/gnu/arm/5.4.1/bin/../lib/gcc/arm-none-eabi/5.4.1/armv7-m\libgcc.a
LOAD d:/cypress/psoc creator/4.4/psoc creator/import/gnu/arm/5.4.1/bin/../lib/gcc/arm-none-eabi/5.4.1/../../../../arm-none-eabi/lib/armv7-m\libg_nano.a
LOAD d:/cypress/psoc creator/4.4/psoc creator/import/gnu/arm/5.4.1/bin/../lib/gcc/arm-none-eabi/5.4.1/../../../../arm-none-eabi/lib/armv7-m\libc_nano.a
END GROUP
START GROUP
LOAD d:/cypress/psoc creator/4.4/psoc creator/import/gnu/arm/5.4.1/bin/../lib/gcc/arm-none-eabi/5.4.1/armv7-m\libgcc.a
LOAD d:/cypress/psoc creator/4.4/psoc creator/import/gnu/arm/5.4.1/bin/../lib/gcc/arm-none-eabi/5.4.1/../../../../arm-none-eabi/lib/armv7-m\libc_nano.a
END GROUP
LOAD d:/cypress/psoc creator/4.4/psoc creator/import/gnu/arm/5.4.1/bin/../lib/gcc/arm-none-eabi/5.4.1/armv7-m/crtend.o
LOAD d:/cypress/psoc creator/4.4/psoc creator/import/gnu/arm/5.4.1/bin/../lib/gcc/arm-none-eabi/5.4.1/armv7-m/crtn.o
START GROUP
LOAD d:/cypress/psoc creator/4.4/psoc creator/import/gnu/arm/5.4.1/bin/../lib/gcc/arm-none-eabi/5.4.1/armv7-m\libgcc.a
LOAD d:/cypress/psoc creator/4.4/psoc creator/import/gnu/arm/5.4.1/bin/../lib/gcc/arm-none-eabi/5.4.1/../../../../arm-none-eabi/lib/armv7-m\libc.a
LOAD d:/cypress/psoc creator/4.4/psoc creator/import/gnu/arm/5.4.1/bin/../lib/gcc/arm-none-eabi/5.4.1/../../../../arm-none-eabi/lib/armv7-m\libnosys.a
END GROUP
                0x00000000                CY_APPL_ORIGIN = 0x0
                0x00000100                CY_FLASH_ROW_SIZE = 0x100
                0x00000020                CY_ECC_ROW_SIZE = 0x20
                0x00000000                CY_EE_IN_BTLDR = 0x0
                0x00000000                CY_APPL_LOADABLE = 0x0
                0x00000800                CY_EE_SIZE = 0x800
                0x00000001                CY_APPL_NUM = 0x1
                0x00000001                CY_APPL_MAX = 0x1
                0x00000040                CY_METADATA_SIZE = 0x40
                0x00000000                CY_APPL_LOADABLE = 0x0
                0x00000000                CY_CHECKSUM_EXCLUDE_SIZE = ALIGN (0x0, CY_FLASH_ROW_SIZE)
                [!provide]                PROVIDE (__cy_heap_start, _end)
                0x00000001                PROVIDE (__cy_region_num, ((__cy_regions_end - __cy_regions) / 0x10))
                0x20008000                PROVIDE (__cy_stack, (ORIGIN (ram) + LENGTH (ram)))
                [!provide]                PROVIDE (__cy_heap_end, (__cy_stack - 0x800))

.cybootloader   0x00000000        0x0
 *(.cybootloader)
                0x00000000                appl1_start = CY_APPL_ORIGIN?CY_APPL_ORIGIN:ALIGN (CY_FLASH_ROW_SIZE)
                0x0001ff00                appl2_start = (appl1_start + ALIGN ((((LENGTH (rom) - appl1_start) - (0x2 * CY_FLASH_ROW_SIZE)) / 0x2), CY_FLASH_ROW_SIZE))
                0x00000000                appl_start = (CY_APPL_NUM == 0x1)?appl1_start:appl2_start
                0x00000000                ecc_offset = ((appl_start / CY_FLASH_ROW_SIZE) * CY_ECC_ROW_SIZE)
                0x00000000                ee_offset = (CY_APPL_LOADABLE && ! (CY_EE_IN_BTLDR))?((CY_EE_SIZE / CY_APPL_MAX) * (CY_APPL_NUM - 0x1)):0x0
                0x00000800                ee_size = (CY_APPL_LOADABLE && ! (CY_EE_IN_BTLDR))?(CY_EE_SIZE / CY_APPL_MAX):CY_EE_SIZE
                [!provide]                PROVIDE (CY_ECC_OFFSET, ecc_offset)

.text           0x00000000     0x17e6
 CREATE_OBJECT_SYMBOLS
                0x00000000                PROVIDE (__cy_interrupt_vector, RomVectors)
 *(.romvectors)
 .romvectors    0x00000000       0x10 .\CortexM3\ARM_GCC_541\Debug\Cm3Start.o
                0x00000000                RomVectors
                0x00000001                ASSERT ((. != __cy_interrupt_vector), No interrupt vector)
                0x00000001                ASSERT (CY_APPL_ORIGIN?(SIZEOF (.cybootloader) <= CY_APPL_ORIGIN):0x1, Wrong image location)
                0x00000010                PROVIDE (__cy_reset, Reset)
 *(.text.Reset)
 .text.Reset    0x00000010       0x18 .\CortexM3\ARM_GCC_541\Debug\Cm3Start.o
                0x00000010                Reset
                0x00000001                ASSERT ((. != __cy_reset), No reset code)
 *(.dma_init)
                0x00000001                ASSERT ((((appl_start + .) <= 0x10000) || 0x1), DMA Init must be within the first 64k of flash)
 *(.text .text.* .gnu.linkonce.t.*)
 .text          0x00000028       0x5c d:/cypress/psoc creator/4.4/psoc creator/import/gnu/arm/5.4.1/bin/../lib/gcc/arm-none-eabi/5.4.1/armv7-m/crtbegin.o
 .text.vListInitialise
                0x00000084       0x18 .\CortexM3\ARM_GCC_541\Debug\list.o
                0x00000084                vListInitialise
 .text.vListInitialiseItem
                0x0000009c        0x8 .\CortexM3\ARM_GCC_541\Debug\list.o
                0x0000009c                vListInitialiseItem
 .text.vListInsertEnd
                0x000000a4       0x18 .\CortexM3\ARM_GCC_541\Debug\list.o
                0x000000a4                vListInsertEnd
 .text.vListInsert
                0x000000bc       0x34 .\CortexM3\ARM_GCC_541\Debug\list.o
                0x000000bc                vListInsert
 .text.uxListRemove
                0x000000f0       0x28 .\CortexM3\ARM_GCC_541\Debug\list.o
                0x000000f0                uxListRemove
 .text.prvTaskExitError
                0x00000118       0x20 .\CortexM3\ARM_GCC_541\Debug\port.o
 .text.prvPortStartFirstTask
                0x00000138       0x20 .\CortexM3\ARM_GCC_541\Debug\port.o
 .text.pxPortInitialiseStack
                0x00000158       0x24 .\CortexM3\ARM_GCC_541\Debug\port.o
                0x00000158                pxPortInitialiseStack
 *fill*         0x0000017c        0x4 
 .text.vPortSVCHandler
                0x00000180       0x24 .\CortexM3\ARM_GCC_541\Debug\port.o
                0x00000180                vPortSVCHandler
 .text.vPortEnterCritical
                0x000001a4       0x20 .\CortexM3\ARM_GCC_541\Debug\port.o
                0x000001a4                vPortEnterCritical
 .text.vPortExitCritical
                0x000001c4       0x14 .\CortexM3\ARM_GCC_541\Debug\port.o
                0x000001c4                vPortExitCritical
 *fill*         0x000001d8        0x8 
 .text.xPortPendSVHandler
                0x000001e0       0x44 .\CortexM3\ARM_GCC_541\Debug\port.o
                0x000001e0                xPortPendSVHandler
 .text.xPortSysTickHandler
                0x00000224       0x2c .\CortexM3\ARM_GCC_541\Debug\port.o
                0x00000224                xPortSysTickHandler
 .text.vPortSetupTimerInterrupt
                0x00000250       0x24 .\CortexM3\ARM_GCC_541\Debug\port.o
                0x00000250                vPortSetupTimerInterrupt
 .text.xPortStartScheduler
                0x00000274       0x38 .\CortexM3\ARM_GCC_541\Debug\port.o
                0x00000274                xPortStartScheduler
 .text.prvIsQueueFull
                0x000002ac       0x20 .\CortexM3\ARM_GCC_541\Debug\queue.o
 .text.prvIsQueueEmpty
                0x000002cc       0x1c .\CortexM3\ARM_GCC_541\Debug\queue.o
 .text.prvCopyDataToQueue
                0x000002e8       0x78 .\CortexM3\ARM_GCC_541\Debug\queue.o
 .text.prvCopyDataFromQueue
                0x00000360       0x24 .\CortexM3\ARM_GCC_541\Debug\queue.o
 .text.prvUnlockQueue
                0x00000384       0x68 .\CortexM3\ARM_GCC_541\Debug\queue.o
 .text.xQueueGenericReset
                0x000003ec       0x6c .\CortexM3\ARM_GCC_541\Debug\queue.o
                0x000003ec                xQueueGenericReset
 .text.prvInitialiseNewQueue
                0x00000458       0x1c .\CortexM3\ARM_GCC_541\Debug\queue.o
 .text.xQueueGenericCreate
                0x00000474       0x34 .\CortexM3\ARM_GCC_541\Debug\queue.o
                0x00000474                xQueueGenericCreate
 .text.xQueueGenericSend
                0x000004a8      0x108 .\CortexM3\ARM_GCC_541\Debug\queue.o
                0x000004a8                xQueueGenericSend
 .text.xQueueGenericSendFromISR
                0x000005b0       0x70 .\CortexM3\ARM_GCC_541\Debug\queue.o
                0x000005b0                xQueueGenericSendFromISR
 .text.xQueueReceive
                0x00000620       0xf8 .\CortexM3\ARM_GCC_541\Debug\queue.o
                0x00000620                xQueueReceive
 .text.vQueueAddToRegistry
                0x00000718       0x28 .\CortexM3\ARM_GCC_541\Debug\queue.o
                0x00000718                vQueueAddToRegistry
 .text.vQueueWaitForMessageRestricted
                0x00000740       0x4c .\CortexM3\ARM_GCC_541\Debug\queue.o
                0x00000740                vQueueWaitForMessageRestricted
 .text.prvResetNextTaskUnblockTime
                0x0000078c       0x24 .\CortexM3\ARM_GCC_541\Debug\tasks.o
 .text.prvDeleteTCB
                0x000007b0       0x14 .\CortexM3\ARM_GCC_541\Debug\tasks.o
 .text.prvInitialiseNewTask
                0x000007c4       0x90 .\CortexM3\ARM_GCC_541\Debug\tasks.o
 .text.prvInitialiseTaskLists
                0x00000854       0x58 .\CortexM3\ARM_GCC_541\Debug\tasks.o
 .text.prvAddNewTaskToReadyList
                0x000008ac       0xac .\CortexM3\ARM_GCC_541\Debug\tasks.o
 .text.prvCheckTasksWaitingTermination
                0x00000958       0x44 .\CortexM3\ARM_GCC_541\Debug\tasks.o
 .text.prvIdleTask
                0x0000099c        0x8 .\CortexM3\ARM_GCC_541\Debug\tasks.o
 .text.prvAddCurrentTaskToDelayedList
                0x000009a4       0x84 .\CortexM3\ARM_GCC_541\Debug\tasks.o
 .text.xTaskCreate
                0x00000a28       0x64 .\CortexM3\ARM_GCC_541\Debug\tasks.o
                0x00000a28                xTaskCreate
 .text.vTaskStartScheduler
                0x00000a8c       0x60 .\CortexM3\ARM_GCC_541\Debug\tasks.o
                0x00000a8c                vTaskStartScheduler
 .text.vTaskSuspendAll
                0x00000aec       0x14 .\CortexM3\ARM_GCC_541\Debug\tasks.o
                0x00000aec                vTaskSuspendAll
 .text.xTaskGetTickCount
                0x00000b00        0xc .\CortexM3\ARM_GCC_541\Debug\tasks.o
                0x00000b00                xTaskGetTickCount
 .text.xTaskIncrementTick
                0x00000b0c      0x100 .\CortexM3\ARM_GCC_541\Debug\tasks.o
                0x00000b0c                xTaskIncrementTick
 .text.xTaskResumeAll
                0x00000c0c       0xd8 .\CortexM3\ARM_GCC_541\Debug\tasks.o
                0x00000c0c                xTaskResumeAll
 .text.vTaskDelay
                0x00000ce4       0x34 .\CortexM3\ARM_GCC_541\Debug\tasks.o
                0x00000ce4                vTaskDelay
 .text.vTaskSwitchContext
                0x00000d18       0x70 .\CortexM3\ARM_GCC_541\Debug\tasks.o
                0x00000d18                vTaskSwitchContext
 .text.vTaskPlaceOnEventList
                0x00000d88       0x20 .\CortexM3\ARM_GCC_541\Debug\tasks.o
                0x00000d88                vTaskPlaceOnEventList
 .text.vTaskPlaceOnEventListRestricted
                0x00000da8       0x28 .\CortexM3\ARM_GCC_541\Debug\tasks.o
                0x00000da8                vTaskPlaceOnEventListRestricted
 .text.xTaskRemoveFromEventList
                0x00000dd0       0x74 .\CortexM3\ARM_GCC_541\Debug\tasks.o
                0x00000dd0                xTaskRemoveFromEventList
 .text.vTaskInternalSetTimeOutState
                0x00000e44       0x14 .\CortexM3\ARM_GCC_541\Debug\tasks.o
                0x00000e44                vTaskInternalSetTimeOutState
 .text.xTaskCheckForTimeOut
                0x00000e58       0x58 .\CortexM3\ARM_GCC_541\Debug\tasks.o
                0x00000e58                xTaskCheckForTimeOut
 .text.vTaskMissedYield
                0x00000eb0       0x10 .\CortexM3\ARM_GCC_541\Debug\tasks.o
                0x00000eb0                vTaskMissedYield
 .text.xTaskGetSchedulerState
                0x00000ec0       0x20 .\CortexM3\ARM_GCC_541\Debug\tasks.o
                0x00000ec0                xTaskGetSchedulerState
 .text.xTaskPriorityDisinherit
                0x00000ee0       0x88 .\CortexM3\ARM_GCC_541\Debug\tasks.o
                0x00000ee0                xTaskPriorityDisinherit
 .text.prvGetNextExpireTime
                0x00000f68       0x20 .\CortexM3\ARM_GCC_541\Debug\timers.o
 .text.prvInsertTimerInActiveList
                0x00000f88       0x44 .\CortexM3\ARM_GCC_541\Debug\timers.o
 .text.prvCheckForValidListAndQueue
                0x00000fcc       0x48 .\CortexM3\ARM_GCC_541\Debug\timers.o
 .text.xTimerCreateTimerTask
                0x00001014       0x40 .\CortexM3\ARM_GCC_541\Debug\timers.o
                0x00001014                xTimerCreateTimerTask
 .text.xTimerGenericCommand
                0x00001054       0x58 .\CortexM3\ARM_GCC_541\Debug\timers.o
                0x00001054                xTimerGenericCommand
 .text.prvSwitchTimerLists
                0x000010ac       0x60 .\CortexM3\ARM_GCC_541\Debug\timers.o
 .text.prvSampleTimeNow
                0x0000110c       0x2c .\CortexM3\ARM_GCC_541\Debug\timers.o
 .text.prvProcessExpiredTimer
                0x00001138       0x48 .\CortexM3\ARM_GCC_541\Debug\timers.o
 .text.prvProcessTimerOrBlockTask
                0x00001180       0x70 .\CortexM3\ARM_GCC_541\Debug\timers.o
 .text.prvProcessReceivedCommands
                0x000011f0       0x94 .\CortexM3\ARM_GCC_541\Debug\timers.o
 .text.prvTimerTask
                0x00001284       0x18 .\CortexM3\ARM_GCC_541\Debug\timers.o
 .text.prvHeapInit
                0x0000129c       0x30 .\CortexM3\ARM_GCC_541\Debug\heap_2.o
 .text.pvPortMalloc
                0x000012cc       0xac .\CortexM3\ARM_GCC_541\Debug\heap_2.o
                0x000012cc                pvPortMalloc
 .text.vPortFree
                0x00001378       0x44 .\CortexM3\ARM_GCC_541\Debug\heap_2.o
                0x00001378                vPortFree
 .text.freeRTOSInit
                0x000013bc       0x20 .\CortexM3\ARM_GCC_541\Debug\main.o
 .text.blinkyTask
                0x000013dc       0x2c .\CortexM3\ARM_GCC_541\Debug\main.o
                0x000013dc                blinkyTask
 .text.blinkyTask2
                0x00001408       0x2c .\CortexM3\ARM_GCC_541\Debug\main.o
                0x00001408                blinkyTask2
 .text.main     0x00001434       0x4c .\CortexM3\ARM_GCC_541\Debug\main.o
                0x00001434                main
 .text.CyClockStartupError
                0x00001480        0x4 .\CortexM3\ARM_GCC_541\Debug\cyfitter_cfg.o
 .text.AnalogSetDefault
                0x00001484       0x28 .\CortexM3\ARM_GCC_541\Debug\cyfitter_cfg.o
 .text.CYMEMZERO
                0x000014ac        0xc .\CortexM3\ARM_GCC_541\Debug\cyfitter_cfg.o
 .text.ClockSetup
                0x000014b8       0x9c .\CortexM3\ARM_GCC_541\Debug\cyfitter_cfg.o
 .text.CYCONFIGCPY
                0x00001554        0x8 .\CortexM3\ARM_GCC_541\Debug\cyfitter_cfg.o
 .text.cyfitter_cfg
                0x0000155c       0xd8 .\CortexM3\ARM_GCC_541\Debug\cyfitter_cfg.o
                0x0000155c                cyfitter_cfg
 .text.IntDefaultHandler
                0x00001634       0x10 .\CortexM3\ARM_GCC_541\Debug\Cm3Start.o
                0x00001634                IntDefaultHandler
 .text.Start_c  0x00001644       0x4c .\CortexM3\ARM_GCC_541\Debug\Cm3Start.o
                0x00001644                Start_c
 .text.initialize_psoc
                0x00001690       0x68 .\CortexM3\ARM_GCC_541\Debug\Cm3Start.o
                0x00001690                initialize_psoc
 .text.LED1_Write
                0x000016f8       0x18 .\CortexM3\ARM_GCC_541\Debug\blinky.a(LED1.o)
                0x000016f8                LED1_Write
 .text.LED1_Read
                0x00001710       0x10 .\CortexM3\ARM_GCC_541\Debug\blinky.a(LED1.o)
                0x00001710                LED1_Read
 .text.LED2_Write
                0x00001720       0x18 .\CortexM3\ARM_GCC_541\Debug\blinky.a(LED2.o)
                0x00001720                LED2_Write
 .text.LED2_Read
                0x00001738       0x10 .\CortexM3\ARM_GCC_541\Debug\blinky.a(LED2.o)
                0x00001738                LED2_Read
 .text          0x00001748       0x20 .\CortexM3\ARM_GCC_541\Debug\blinky.a(CyBootAsmGnu.o)
                0x00001748                CyDelayCycles
                0x00001758                CyEnterCriticalSection
                0x00001760                CyExitCriticalSection
 .text.__errno  0x00001768        0xc d:/cypress/psoc creator/4.4/psoc creator/import/gnu/arm/5.4.1/bin/../lib/gcc/arm-none-eabi/5.4.1/../../../../arm-none-eabi/lib/armv7-m\libg_nano.a(lib_a-errno.o)
                0x00001768                __errno
 .text.__libc_init_array
                0x00001774       0x4c d:/cypress/psoc creator/4.4/psoc creator/import/gnu/arm/5.4.1/bin/../lib/gcc/arm-none-eabi/5.4.1/../../../../arm-none-eabi/lib/armv7-m\libg_nano.a(lib_a-init.o)
                0x00001774                __libc_init_array
 .text.memcpy   0x000017c0       0x16 d:/cypress/psoc creator/4.4/psoc creator/import/gnu/arm/5.4.1/bin/../lib/gcc/arm-none-eabi/5.4.1/../../../../arm-none-eabi/lib/armv7-m\libg_nano.a(lib_a-memcpy-stub.o)
                0x000017c0                memcpy
 .text.memset   0x000017d6       0x10 d:/cypress/psoc creator/4.4/psoc creator/import/gnu/arm/5.4.1/bin/../lib/gcc/arm-none-eabi/5.4.1/../../../../arm-none-eabi/lib/armv7-m\libg_nano.a(lib_a-memset.o)
                0x000017d6                memset
 *(.plt)
 *(.gnu.warning)
 *(.glue_7t)
 .glue_7t       0x000017e6        0x0 linker stubs
 *(.glue_7)
 .glue_7        0x000017e6        0x0 linker stubs
 *(.vfp11_veneer)
 .vfp11_veneer  0x000017e6        0x0 linker stubs
 *(.bootloader)
 *(.ARM.extab* .gnu.linkonce.armextab.*)
 *(.gcc_except_table)

.v4_bx          0x000017e8        0x0
 .v4_bx         0x000017e8        0x0 linker stubs

.iplt           0x000017e8        0x0
 .iplt          0x000017e8        0x0 d:/cypress/psoc creator/4.4/psoc creator/import/gnu/arm/5.4.1/bin/../lib/gcc/arm-none-eabi/5.4.1/armv7-m/crtbegin.o

.eh_frame_hdr
 *(.eh_frame_hdr)

.eh_frame       0x000017e8        0x4
 *(.eh_frame)
 .eh_frame      0x000017e8        0x0 d:/cypress/psoc creator/4.4/psoc creator/import/gnu/arm/5.4.1/bin/../lib/gcc/arm-none-eabi/5.4.1/armv7-m/crtbegin.o
 .eh_frame      0x000017e8        0x4 d:/cypress/psoc creator/4.4/psoc creator/import/gnu/arm/5.4.1/bin/../lib/gcc/arm-none-eabi/5.4.1/armv7-m/crtend.o
                [!provide]                PROVIDE (__exidx_start, .)

.ARM.exidx
 *(.ARM.exidx* .gnu.linkonce.armexidx.*)
                0x000017ec                __exidx_end = .

.rodata         0x000017ec       0x84
 *(.rodata .rodata.* .gnu.linkonce.r.*)
 .rodata.str1.4
                0x000017ec        0x5 .\CortexM3\ARM_GCC_541\Debug\tasks.o
 *fill*         0x000017f1        0x3 
 .rodata.str1.4
                0x000017f4       0x10 .\CortexM3\ARM_GCC_541\Debug\timers.o
 .rodata.str1.4
                0x00001804       0x10 .\CortexM3\ARM_GCC_541\Debug\main.o
 .rodata        0x00001814       0x24 .\CortexM3\ARM_GCC_541\Debug\cyfitter_cfg.o
 .rodata.str1.1
                0x00001838        0x2 d:/cypress/psoc creator/4.4/psoc creator/import/gnu/arm/5.4.1/bin/../lib/gcc/arm-none-eabi/5.4.1/../../../../arm-none-eabi/lib/armv7-m\libg_nano.a(lib_a-impure.o)
                0x0000183c                . = ALIGN (0x4)
 *fill*         0x0000183a        0x2 
 *(.init)
 .init          0x0000183c        0x4 d:/cypress/psoc creator/4.4/psoc creator/import/gnu/arm/5.4.1/bin/../lib/gcc/arm-none-eabi/5.4.1/armv7-m/crti.o
                0x0000183c                _init
 .init          0x00001840        0x8 d:/cypress/psoc creator/4.4/psoc creator/import/gnu/arm/5.4.1/bin/../lib/gcc/arm-none-eabi/5.4.1/armv7-m/crtn.o
                0x00001848                . = ALIGN (0x4)
                0x00001848                __preinit_array_start = .
 *(.preinit_array)
                0x00001848                __preinit_array_end = .
                0x00001848                . = ALIGN (0x4)
                0x00001848                __init_array_start = .
 *(SORT(.init_array.*))
 *(.init_array)
 .init_array    0x00001848        0x4 d:/cypress/psoc creator/4.4/psoc creator/import/gnu/arm/5.4.1/bin/../lib/gcc/arm-none-eabi/5.4.1/armv7-m/crtbegin.o
 .init_array    0x0000184c        0x4 .\CortexM3\ARM_GCC_541\Debug\Cm3Start.o
                0x00001850                __init_array_end = .
                0x00001850                . = ALIGN (0x4)
 *(.fini)
 .fini          0x00001850        0x4 d:/cypress/psoc creator/4.4/psoc creator/import/gnu/arm/5.4.1/bin/../lib/gcc/arm-none-eabi/5.4.1/armv7-m/crti.o
                0x00001850                _fini
 .fini          0x00001854        0x8 d:/cypress/psoc creator/4.4/psoc creator/import/gnu/arm/5.4.1/bin/../lib/gcc/arm-none-eabi/5.4.1/armv7-m/crtn.o
                0x0000185c                . = ALIGN (0x4)
                0x0000185c                __fini_array_start = .
 *(.fini_array)
 .fini_array    0x0000185c        0x4 d:/cypress/psoc creator/4.4/psoc creator/import/gnu/arm/5.4.1/bin/../lib/gcc/arm-none-eabi/5.4.1/armv7-m/crtbegin.o
 *(SORT(.fini_array.*))
                0x00001860                __fini_array_end = .
                0x00001860                . = ALIGN (0x4)
 *crtbegin.o(.ctors)
 *(EXCLUDE_FILE(*crtend.o) .ctors)
 *(SORT(.ctors.*))
 *crtend.o(.ctors)
                0x00001860                . = ALIGN (0x4)
 *crtbegin.o(.dtors)
 *(EXCLUDE_FILE(*crtend.o) .dtors)
 *(SORT(.dtors.*))
 *crtend.o(.dtors)
                0x00001860                . = ALIGN (0x4)
                0x00001860                __cy_regions = .
                0x00001860        0x4 LONG 0x1870 __cy_region_init_ram
                0x00001864        0x4 LONG 0x1fff80c8 __cy_region_start_data
                0x00001868        0x4 LONG 0x70 __cy_region_init_size_ram
                0x0000186c        0x4 LONG 0x83e0 __cy_region_zero_size_ram
                0x00001870                __cy_regions_end = .
                0x00001870                . = ALIGN (0x8)
                0x00001870                _etext = .

.cy_checksum_exclude
                0x00001870        0x0
 *(.cy_checksum_exclude)

.ramvectors     0x1fff8000       0xc0
                0x1fff8000                __cy_region_start_ram = .
 *(.ramvectors)
 .ramvectors    0x1fff8000       0xc0 .\CortexM3\ARM_GCC_541\Debug\Cm3Start.o
                0x1fff8000                CyRamVectors

.noinit         0x1fff80c0        0x1
 *(.noinit)
 .noinit        0x1fff80c0        0x1 .\CortexM3\ARM_GCC_541\Debug\blinky.a(CyLib.o)
                0x1fff80c0                CyResetStatus

.data           0x1fff80c8       0x70 load address 0x00001870
                0x1fff80c8                __cy_region_start_data = .
 *(.jcr)
 .jcr           0x1fff80c8        0x0 d:/cypress/psoc creator/4.4/psoc creator/import/gnu/arm/5.4.1/bin/../lib/gcc/arm-none-eabi/5.4.1/armv7-m/crtbegin.o
 .jcr           0x1fff80c8        0x4 d:/cypress/psoc creator/4.4/psoc creator/import/gnu/arm/5.4.1/bin/../lib/gcc/arm-none-eabi/5.4.1/armv7-m/crtend.o
 *(.got.plt)
 *(.got)
 *(.shdata)
 *(.data .data.* .gnu.linkonce.d.*)
 .data          0x1fff80cc        0x4 .\CortexM3\ARM_GCC_541\Debug\port.o
 .data          0x1fff80d0        0x4 .\CortexM3\ARM_GCC_541\Debug\heap_2.o
 .data.impure_data
                0x1fff80d4       0x60 d:/cypress/psoc creator/4.4/psoc creator/import/gnu/arm/5.4.1/bin/../lib/gcc/arm-none-eabi/5.4.1/../../../../arm-none-eabi/lib/armv7-m\libg_nano.a(lib_a-impure.o)
 .data._impure_ptr
                0x1fff8134        0x4 d:/cypress/psoc creator/4.4/psoc creator/import/gnu/arm/5.4.1/bin/../lib/gcc/arm-none-eabi/5.4.1/../../../../arm-none-eabi/lib/armv7-m\libg_nano.a(lib_a-impure.o)
                0x1fff8134                _impure_ptr
                0x1fff8138                . = ALIGN (0x8)
 *(.ram)
                0x1fff8138                _edata = .

.igot.plt       0x1fff8138        0x0 load address 0x000018e0
 .igot.plt      0x1fff8138        0x0 d:/cypress/psoc creator/4.4/psoc creator/import/gnu/arm/5.4.1/bin/../lib/gcc/arm-none-eabi/5.4.1/armv7-m/crtbegin.o

.bss            0x1fff8138     0x83e0 load address 0x000018e0
                0x1fff8138                PROVIDE (__bss_start__, .)
 *(.shbss)
 *(.bss .bss.* .gnu.linkonce.b.*)
 .bss           0x1fff8138       0x1c d:/cypress/psoc creator/4.4/psoc creator/import/gnu/arm/5.4.1/bin/../lib/gcc/arm-none-eabi/5.4.1/armv7-m/crtbegin.o
 .bss           0x1fff8154      0x320 .\CortexM3\ARM_GCC_541\Debug\tasks.o
                0x1fff8448                pxCurrentTCB
 .bss           0x1fff8474       0x3c .\CortexM3\ARM_GCC_541\Debug\timers.o
 .bss           0x1fff84b0     0x8014 .\CortexM3\ARM_GCC_541\Debug\heap_2.o
 *(COMMON)
 COMMON         0x200004c4       0x50 .\CortexM3\ARM_GCC_541\Debug\queue.o
                0x200004c4                xQueueRegistry
 COMMON         0x20000514        0x4 .\CortexM3\ARM_GCC_541\Debug\main.o
                0x20000514                blinkyHandler
                0x20000518                . = ALIGN (0x8)
 *(.ram.b)
                0x20000518                _end = .
                0x20000518                __end = .
                0x20000518                PROVIDE (end, .)
                0x20000518                PROVIDE (__bss_end__, .)
                0x00001870                __cy_region_init_ram = LOADADDR (.data)
                0x00000070                __cy_region_init_size_ram = (_edata - ADDR (.data))
                0x000083e0                __cy_region_zero_size_ram = (_end - _edata)

.heap           0x20000518       0x80 load address 0x000018e0
                0x20000518                . = _end
                0x20000598                . = (. + 0x80)
 *fill*         0x20000518       0x80 
                0x20000598                __cy_heap_limit = .

.stack          0x20007800      0x800
                0x20007800                __cy_stack_limit = .
                0x20008000                . = (. + 0x800)
 *fill*         0x20007800      0x800 
                0x00000001                ASSERT ((__cy_stack_limit >= __cy_heap_limit), region RAM overflowed with stack)
                0x00000000                cy_checksum_exclude_size = (CY_APPL_LOADABLE == 0x1)?SIZEOF (.cy_checksum_exclude):0x0
                0x00000001                ASSERT ((cy_checksum_exclude_size <= CY_CHECKSUM_EXCLUDE_SIZE), CY_BOOT: Section .cy_checksum_exclude size exceedes specified limit.)

.cyloadermeta
 *(.cyloadermeta)

.cyloadablemeta
 *(.cyloadablemeta)

.cyconfigecc    0x80000000       0x20
 *(.cyconfigecc)
 .cyconfigecc   0x80000000       0x20 .\CortexM3\ARM_GCC_541\Debug\cymetadata.o
                0x80000000                cy_meta_configecc

.cycustnvl      0x90000000        0x4
 *(.cycustnvl)
 .cycustnvl     0x90000000        0x4 .\CortexM3\ARM_GCC_541\Debug\cymetadata.o
                0x90000000                cy_meta_custnvl

.cywolatch      0x90100000        0x4
 *(.cywolatch)
 .cywolatch     0x90100000        0x4 .\CortexM3\ARM_GCC_541\Debug\cymetadata.o
                0x90100000                cy_meta_wonvl

.cyeeprom       0x90200000        0x0
 *(.cyeeprom)
                0x00000001                ASSERT ((. <= ((0x90200000 + ee_offset) + ee_size)), .cyeeprom data will not fit in EEPROM)

.cyflashprotect
                0x90400000      0x100
 *(.cyflashprotect)
 .cyflashprotect
                0x90400000      0x100 .\CortexM3\ARM_GCC_541\Debug\cymetadata.o
                0x90400000                cy_meta_flashprotect

.cymeta         0x90500000        0xc
 *(.cymeta)
 .cymeta        0x90500000        0xc .\CortexM3\ARM_GCC_541\Debug\cymetadata.o
                0x90500000                cy_metadata

.rel.dyn        0x000018e0        0x0 load address 0x9050000c
 .rel.iplt      0x000018e0        0x0 d:/cypress/psoc creator/4.4/psoc creator/import/gnu/arm/5.4.1/bin/../lib/gcc/arm-none-eabi/5.4.1/armv7-m/crtbegin.o

.stab
 *(.stab)

.stabstr
 *(.stabstr)

.debug
 *(.debug)

.line
 *(.line)

.debug_srcinfo
 *(.debug_srcinfo)

.debug_sfnames
 *(.debug_sfnames)

.debug_aranges  0x00000000      0xde0
 *(.debug_aranges)
 .debug_aranges
                0x00000000       0x18 .\CortexM3\ARM_GCC_541\Debug\croutine.o
 .debug_aranges
                0x00000018       0x68 .\CortexM3\ARM_GCC_541\Debug\event_groups.o
 .debug_aranges
                0x00000080       0x40 .\CortexM3\ARM_GCC_541\Debug\list.o
 .debug_aranges
                0x000000c0      0x260 .\CortexM3\ARM_GCC_541\Debug\mpu_wrappers.o
 .debug_aranges
                0x00000320       0x70 .\CortexM3\ARM_GCC_541\Debug\port.o
 .debug_aranges
                0x00000390      0x118 .\CortexM3\ARM_GCC_541\Debug\queue.o
 .debug_aranges
                0x000004a8       0xc0 .\CortexM3\ARM_GCC_541\Debug\stream_buffer.o
 .debug_aranges
                0x00000568      0x1c8 .\CortexM3\ARM_GCC_541\Debug\tasks.o
 .debug_aranges
                0x00000730       0xb8 .\CortexM3\ARM_GCC_541\Debug\timers.o
 .debug_aranges
                0x000007e8       0x40 .\CortexM3\ARM_GCC_541\Debug\heap_2.o
 .debug_aranges
                0x00000828       0x38 .\CortexM3\ARM_GCC_541\Debug\main.o
 .debug_aranges
                0x00000860       0x50 .\CortexM3\ARM_GCC_541\Debug\cyfitter_cfg.o
 .debug_aranges
                0x000008b0       0x18 .\CortexM3\ARM_GCC_541\Debug\cymetadata.o
 .debug_aranges
                0x000008c8       0x48 .\CortexM3\ARM_GCC_541\Debug\Cm3Start.o
 .debug_aranges
                0x00000910       0x38 .\CortexM3\ARM_GCC_541\Debug\blinky.a(LED1.o)
 .debug_aranges
                0x00000948       0x38 .\CortexM3\ARM_GCC_541\Debug\blinky.a(LED2.o)
 .debug_aranges
                0x00000980      0x2a0 .\CortexM3\ARM_GCC_541\Debug\blinky.a(CyLib.o)
 .debug_aranges
                0x00000c20       0x98 .\CortexM3\ARM_GCC_541\Debug\blinky.a(cyPm.o)
 .debug_aranges
                0x00000cb8       0x20 .\CortexM3\ARM_GCC_541\Debug\blinky.a(CyBootAsmGnu.o)
 .debug_aranges
                0x00000cd8       0x88 .\CortexM3\ARM_GCC_541\Debug\blinky.a(CyFlash.o)
 .debug_aranges
                0x00000d60       0x80 .\CortexM3\ARM_GCC_541\Debug\blinky.a(CySpc.o)

.debug_pubnames
 *(.debug_pubnames)

.debug_info     0x00000000     0xd6ae
 *(.debug_info .gnu.linkonce.wi.*)
 .debug_info    0x00000000       0x79 .\CortexM3\ARM_GCC_541\Debug\croutine.o
 .debug_info    0x00000079      0x8f1 .\CortexM3\ARM_GCC_541\Debug\event_groups.o
 .debug_info    0x0000096a      0x2ac .\CortexM3\ARM_GCC_541\Debug\list.o
 .debug_info    0x00000c16     0x3182 .\CortexM3\ARM_GCC_541\Debug\mpu_wrappers.o
 .debug_info    0x00003d98      0x32e .\CortexM3\ARM_GCC_541\Debug\port.o
 .debug_info    0x000040c6     0x19c8 .\CortexM3\ARM_GCC_541\Debug\queue.o
 .debug_info    0x00005a8e     0x123f .\CortexM3\ARM_GCC_541\Debug\stream_buffer.o
 .debug_info    0x00006ccd     0x206f .\CortexM3\ARM_GCC_541\Debug\tasks.o
 .debug_info    0x00008d3c      0xe72 .\CortexM3\ARM_GCC_541\Debug\timers.o
 .debug_info    0x00009bae      0x32e .\CortexM3\ARM_GCC_541\Debug\heap_2.o
 .debug_info    0x00009edc      0x2c6 .\CortexM3\ARM_GCC_541\Debug\main.o
 .debug_info    0x0000a1a2      0x41b .\CortexM3\ARM_GCC_541\Debug\cyfitter_cfg.o
 .debug_info    0x0000a5bd      0x134 .\CortexM3\ARM_GCC_541\Debug\cymetadata.o
 .debug_info    0x0000a6f1      0x3bb .\CortexM3\ARM_GCC_541\Debug\Cm3Start.o
 .debug_info    0x0000aaac      0x11f .\CortexM3\ARM_GCC_541\Debug\blinky.a(LED1.o)
 .debug_info    0x0000abcb      0x11f .\CortexM3\ARM_GCC_541\Debug\blinky.a(LED2.o)
 .debug_info    0x0000acea     0x1374 .\CortexM3\ARM_GCC_541\Debug\blinky.a(CyLib.o)
 .debug_info    0x0000c05e      0xa2a .\CortexM3\ARM_GCC_541\Debug\blinky.a(cyPm.o)
 .debug_info    0x0000ca88       0x89 .\CortexM3\ARM_GCC_541\Debug\blinky.a(CyBootAsmGnu.o)
 .debug_info    0x0000cb11      0x64d .\CortexM3\ARM_GCC_541\Debug\blinky.a(CyFlash.o)
 .debug_info    0x0000d15e      0x550 .\CortexM3\ARM_GCC_541\Debug\blinky.a(CySpc.o)

.debug_abbrev   0x00000000     0x2073
 *(.debug_abbrev)
 .debug_abbrev  0x00000000       0x26 .\CortexM3\ARM_GCC_541\Debug\croutine.o
 .debug_abbrev  0x00000026      0x215 .\CortexM3\ARM_GCC_541\Debug\event_groups.o
 .debug_abbrev  0x0000023b       0xe3 .\CortexM3\ARM_GCC_541\Debug\list.o
 .debug_abbrev  0x0000031e      0x201 .\CortexM3\ARM_GCC_541\Debug\mpu_wrappers.o
 .debug_abbrev  0x0000051f      0x1ca .\CortexM3\ARM_GCC_541\Debug\port.o
 .debug_abbrev  0x000006e9      0x2b7 .\CortexM3\ARM_GCC_541\Debug\queue.o
 .debug_abbrev  0x000009a0      0x264 .\CortexM3\ARM_GCC_541\Debug\stream_buffer.o
 .debug_abbrev  0x00000c04      0x2f1 .\CortexM3\ARM_GCC_541\Debug\tasks.o
 .debug_abbrev  0x00000ef5      0x23a .\CortexM3\ARM_GCC_541\Debug\timers.o
 .debug_abbrev  0x0000112f      0x17f .\CortexM3\ARM_GCC_541\Debug\heap_2.o
 .debug_abbrev  0x000012ae      0x166 .\CortexM3\ARM_GCC_541\Debug\main.o
 .debug_abbrev  0x00001414      0x1ac .\CortexM3\ARM_GCC_541\Debug\cyfitter_cfg.o
 .debug_abbrev  0x000015c0       0x5d .\CortexM3\ARM_GCC_541\Debug\cymetadata.o
 .debug_abbrev  0x0000161d      0x1e8 .\CortexM3\ARM_GCC_541\Debug\Cm3Start.o
 .debug_abbrev  0x00001805       0x90 .\CortexM3\ARM_GCC_541\Debug\blinky.a(LED1.o)
 .debug_abbrev  0x00001895       0x90 .\CortexM3\ARM_GCC_541\Debug\blinky.a(LED2.o)
 .debug_abbrev  0x00001925      0x254 .\CortexM3\ARM_GCC_541\Debug\blinky.a(CyLib.o)
 .debug_abbrev  0x00001b79      0x1ab .\CortexM3\ARM_GCC_541\Debug\blinky.a(cyPm.o)
 .debug_abbrev  0x00001d24       0x14 .\CortexM3\ARM_GCC_541\Debug\blinky.a(CyBootAsmGnu.o)
 .debug_abbrev  0x00001d38      0x1a7 .\CortexM3\ARM_GCC_541\Debug\blinky.a(CyFlash.o)
 .debug_abbrev  0x00001edf      0x194 .\CortexM3\ARM_GCC_541\Debug\blinky.a(CySpc.o)

.debug_line     0x00000000     0x41f6
 *(.debug_line)
 .debug_line    0x00000000       0x1d .\CortexM3\ARM_GCC_541\Debug\croutine.o
 .debug_line    0x0000001d      0x2cd .\CortexM3\ARM_GCC_541\Debug\event_groups.o
 .debug_line    0x000002ea      0x1b1 .\CortexM3\ARM_GCC_541\Debug\list.o
 .debug_line    0x0000049b      0x7a5 .\CortexM3\ARM_GCC_541\Debug\mpu_wrappers.o
 .debug_line    0x00000c40      0x24c .\CortexM3\ARM_GCC_541\Debug\port.o
 .debug_line    0x00000e8c      0x6a4 .\CortexM3\ARM_GCC_541\Debug\queue.o
 .debug_line    0x00001530      0x4a9 .\CortexM3\ARM_GCC_541\Debug\stream_buffer.o
 .debug_line    0x000019d9      0xa4f .\CortexM3\ARM_GCC_541\Debug\tasks.o
 .debug_line    0x00002428      0x390 .\CortexM3\ARM_GCC_541\Debug\timers.o
 .debug_line    0x000027b8      0x24e .\CortexM3\ARM_GCC_541\Debug\heap_2.o
 .debug_line    0x00002a06      0x1b8 .\CortexM3\ARM_GCC_541\Debug\main.o
 .debug_line    0x00002bbe      0x194 .\CortexM3\ARM_GCC_541\Debug\cyfitter_cfg.o
 .debug_line    0x00002d52      0x119 .\CortexM3\ARM_GCC_541\Debug\cymetadata.o
 .debug_line    0x00002e6b      0x20c .\CortexM3\ARM_GCC_541\Debug\Cm3Start.o
 .debug_line    0x00003077       0x91 .\CortexM3\ARM_GCC_541\Debug\blinky.a(LED1.o)
 .debug_line    0x00003108       0x91 .\CortexM3\ARM_GCC_541\Debug\blinky.a(LED2.o)
 .debug_line    0x00003199      0x816 .\CortexM3\ARM_GCC_541\Debug\blinky.a(CyLib.o)
 .debug_line    0x000039af      0x367 .\CortexM3\ARM_GCC_541\Debug\blinky.a(cyPm.o)
 .debug_line    0x00003d16       0x66 .\CortexM3\ARM_GCC_541\Debug\blinky.a(CyBootAsmGnu.o)
 .debug_line    0x00003d7c      0x21a .\CortexM3\ARM_GCC_541\Debug\blinky.a(CyFlash.o)
 .debug_line    0x00003f96      0x260 .\CortexM3\ARM_GCC_541\Debug\blinky.a(CySpc.o)

.debug_frame    0x00000000     0x2bc8
 *(.debug_frame)
 .debug_frame   0x00000000      0x13c .\CortexM3\ARM_GCC_541\Debug\event_groups.o
 .debug_frame   0x0000013c       0x70 .\CortexM3\ARM_GCC_541\Debug\list.o
 .debug_frame   0x000001ac      0x9b8 .\CortexM3\ARM_GCC_541\Debug\mpu_wrappers.o
 .debug_frame   0x00000b64       0xe0 .\CortexM3\ARM_GCC_541\Debug\port.o
 .debug_frame   0x00000c44      0x3c0 .\CortexM3\ARM_GCC_541\Debug\queue.o
 .debug_frame   0x00001004      0x2f0 .\CortexM3\ARM_GCC_541\Debug\stream_buffer.o
 .debug_frame   0x000012f4      0x664 .\CortexM3\ARM_GCC_541\Debug\tasks.o
 .debug_frame   0x00001958      0x260 .\CortexM3\ARM_GCC_541\Debug\timers.o
 .debug_frame   0x00001bb8       0x8c .\CortexM3\ARM_GCC_541\Debug\heap_2.o
 .debug_frame   0x00001c44       0x74 .\CortexM3\ARM_GCC_541\Debug\main.o
 .debug_frame   0x00001cb8       0xb8 .\CortexM3\ARM_GCC_541\Debug\cyfitter_cfg.o
 .debug_frame   0x00001d70       0xb8 .\CortexM3\ARM_GCC_541\Debug\Cm3Start.o
 .debug_frame   0x00001e28       0x50 .\CortexM3\ARM_GCC_541\Debug\blinky.a(LED1.o)
 .debug_frame   0x00001e78       0x50 .\CortexM3\ARM_GCC_541\Debug\blinky.a(LED2.o)
 .debug_frame   0x00001ec8      0x738 .\CortexM3\ARM_GCC_541\Debug\blinky.a(CyLib.o)
 .debug_frame   0x00002600      0x1f8 .\CortexM3\ARM_GCC_541\Debug\blinky.a(cyPm.o)
 .debug_frame   0x000027f8      0x194 .\CortexM3\ARM_GCC_541\Debug\blinky.a(CyFlash.o)
 .debug_frame   0x0000298c      0x180 .\CortexM3\ARM_GCC_541\Debug\blinky.a(CySpc.o)
 .debug_frame   0x00002b0c       0x20 d:/cypress/psoc creator/4.4/psoc creator/import/gnu/arm/5.4.1/bin/../lib/gcc/arm-none-eabi/5.4.1/../../../../arm-none-eabi/lib/armv7-m\libg_nano.a(lib_a-errno.o)
 .debug_frame   0x00002b2c       0x28 d:/cypress/psoc creator/4.4/psoc creator/import/gnu/arm/5.4.1/bin/../lib/gcc/arm-none-eabi/5.4.1/../../../../arm-none-eabi/lib/armv7-m\libg_nano.a(lib_a-exit.o)
 .debug_frame   0x00002b54       0x2c d:/cypress/psoc creator/4.4/psoc creator/import/gnu/arm/5.4.1/bin/../lib/gcc/arm-none-eabi/5.4.1/../../../../arm-none-eabi/lib/armv7-m\libg_nano.a(lib_a-init.o)
 .debug_frame   0x00002b80       0x28 d:/cypress/psoc creator/4.4/psoc creator/import/gnu/arm/5.4.1/bin/../lib/gcc/arm-none-eabi/5.4.1/../../../../arm-none-eabi/lib/armv7-m\libg_nano.a(lib_a-memcpy-stub.o)
 .debug_frame   0x00002ba8       0x20 d:/cypress/psoc creator/4.4/psoc creator/import/gnu/arm/5.4.1/bin/../lib/gcc/arm-none-eabi/5.4.1/../../../../arm-none-eabi/lib/armv7-m\libg_nano.a(lib_a-memset.o)

.debug_str      0x00000000     0x358b
 *(.debug_str)
 .debug_str     0x00000000      0x146 .\CortexM3\ARM_GCC_541\Debug\croutine.o
                                0x17f (size before relaxing)
 .debug_str     0x00000146      0x3a9 .\CortexM3\ARM_GCC_541\Debug\event_groups.o
                                0x600 (size before relaxing)
 .debug_str     0x000004ef       0x91 .\CortexM3\ARM_GCC_541\Debug\list.o
                                0x2ce (size before relaxing)
 .debug_str     0x00000580      0xc48 .\CortexM3\ARM_GCC_541\Debug\mpu_wrappers.o
                               0x146c (size before relaxing)
 .debug_str     0x000011c8      0x12d .\CortexM3\ARM_GCC_541\Debug\port.o
                                0x343 (size before relaxing)
 .debug_str     0x000012f5      0x4bf .\CortexM3\ARM_GCC_541\Debug\queue.o
                                0xa93 (size before relaxing)
 .debug_str     0x000017b4      0x254 .\CortexM3\ARM_GCC_541\Debug\stream_buffer.o
                                0x834 (size before relaxing)
 .debug_str     0x00001a08      0x5b8 .\CortexM3\ARM_GCC_541\Debug\tasks.o
                                0xfad (size before relaxing)
 .debug_str     0x00001fc0      0x2b3 .\CortexM3\ARM_GCC_541\Debug\timers.o
                                0x85e (size before relaxing)
 .debug_str     0x00002273       0xff .\CortexM3\ARM_GCC_541\Debug\heap_2.o
                                0x327 (size before relaxing)
 .debug_str     0x00002372       0x9f .\CortexM3\ARM_GCC_541\Debug\main.o
                                0x298 (size before relaxing)
 .debug_str     0x00002411      0x11b .\CortexM3\ARM_GCC_541\Debug\cyfitter_cfg.o
                                0x2b1 (size before relaxing)
 .debug_str     0x0000252c       0x75 .\CortexM3\ARM_GCC_541\Debug\cymetadata.o
                                0x1dd (size before relaxing)
 .debug_str     0x000025a1      0x130 .\CortexM3\ARM_GCC_541\Debug\Cm3Start.o
                                0x303 (size before relaxing)
 .debug_str     0x000026d1       0x57 .\CortexM3\ARM_GCC_541\Debug\blinky.a(LED1.o)
                                0x1d6 (size before relaxing)
 .debug_str     0x00002728       0x41 .\CortexM3\ARM_GCC_541\Debug\blinky.a(LED2.o)
                                0x1d6 (size before relaxing)
 .debug_str     0x00002769      0x84f .\CortexM3\ARM_GCC_541\Debug\blinky.a(CyLib.o)
                                0xa40 (size before relaxing)
 .debug_str     0x00002fb8      0x365 .\CortexM3\ARM_GCC_541\Debug\blinky.a(cyPm.o)
                                0x72c (size before relaxing)
 .debug_str     0x0000331d      0x1bb .\CortexM3\ARM_GCC_541\Debug\blinky.a(CyFlash.o)
                                0x3b9 (size before relaxing)
 .debug_str     0x000034d8       0xb3 .\CortexM3\ARM_GCC_541\Debug\blinky.a(CySpc.o)
                                0x331 (size before relaxing)

.debug_loc      0x00000000     0x89f8
 *(.debug_loc)
 .debug_loc     0x00000000      0x6e0 .\CortexM3\ARM_GCC_541\Debug\event_groups.o
 .debug_loc     0x000006e0       0x65 .\CortexM3\ARM_GCC_541\Debug\list.o
 .debug_loc     0x00000745     0x2060 .\CortexM3\ARM_GCC_541\Debug\mpu_wrappers.o
 .debug_loc     0x000027a5       0xa8 .\CortexM3\ARM_GCC_541\Debug\port.o
 .debug_loc     0x0000284d     0x146c .\CortexM3\ARM_GCC_541\Debug\queue.o
 .debug_loc     0x00003cb9     0x10b5 .\CortexM3\ARM_GCC_541\Debug\stream_buffer.o
 .debug_loc     0x00004d6e     0x16c9 .\CortexM3\ARM_GCC_541\Debug\tasks.o
 .debug_loc     0x00006437      0x9d7 .\CortexM3\ARM_GCC_541\Debug\timers.o
 .debug_loc     0x00006e0e      0x1cc .\CortexM3\ARM_GCC_541\Debug\heap_2.o
 .debug_loc     0x00006fda       0x42 .\CortexM3\ARM_GCC_541\Debug\main.o
 .debug_loc     0x0000701c      0x168 .\CortexM3\ARM_GCC_541\Debug\cyfitter_cfg.o
 .debug_loc     0x00007184      0x144 .\CortexM3\ARM_GCC_541\Debug\Cm3Start.o
 .debug_loc     0x000072c8       0x42 .\CortexM3\ARM_GCC_541\Debug\blinky.a(LED1.o)
 .debug_loc     0x0000730a       0x42 .\CortexM3\ARM_GCC_541\Debug\blinky.a(LED2.o)
 .debug_loc     0x0000734c      0xa11 .\CortexM3\ARM_GCC_541\Debug\blinky.a(CyLib.o)
 .debug_loc     0x00007d5d      0x1e4 .\CortexM3\ARM_GCC_541\Debug\blinky.a(cyPm.o)
 .debug_loc     0x00007f41      0x3b2 .\CortexM3\ARM_GCC_541\Debug\blinky.a(CyFlash.o)
 .debug_loc     0x000082f3      0x705 .\CortexM3\ARM_GCC_541\Debug\blinky.a(CySpc.o)

.debug_macinfo
 *(.debug_macinfo)

.debug_ranges   0x00000000      0xd10
 *(.debug_ranges)
 .debug_ranges  0x00000000       0x70 .\CortexM3\ARM_GCC_541\Debug\event_groups.o
 .debug_ranges  0x00000070       0x30 .\CortexM3\ARM_GCC_541\Debug\list.o
 .debug_ranges  0x000000a0      0x250 .\CortexM3\ARM_GCC_541\Debug\mpu_wrappers.o
 .debug_ranges  0x000002f0       0x60 .\CortexM3\ARM_GCC_541\Debug\port.o
 .debug_ranges  0x00000350      0x150 .\CortexM3\ARM_GCC_541\Debug\queue.o
 .debug_ranges  0x000004a0       0xb0 .\CortexM3\ARM_GCC_541\Debug\stream_buffer.o
 .debug_ranges  0x00000550      0x1f8 .\CortexM3\ARM_GCC_541\Debug\tasks.o
 .debug_ranges  0x00000748       0xa8 .\CortexM3\ARM_GCC_541\Debug\timers.o
 .debug_ranges  0x000007f0       0x30 .\CortexM3\ARM_GCC_541\Debug\heap_2.o
 .debug_ranges  0x00000820       0x28 .\CortexM3\ARM_GCC_541\Debug\main.o
 .debug_ranges  0x00000848       0x40 .\CortexM3\ARM_GCC_541\Debug\cyfitter_cfg.o
 .debug_ranges  0x00000888       0x38 .\CortexM3\ARM_GCC_541\Debug\Cm3Start.o
 .debug_ranges  0x000008c0       0x28 .\CortexM3\ARM_GCC_541\Debug\blinky.a(LED1.o)
 .debug_ranges  0x000008e8       0x28 .\CortexM3\ARM_GCC_541\Debug\blinky.a(LED2.o)
 .debug_ranges  0x00000910      0x290 .\CortexM3\ARM_GCC_541\Debug\blinky.a(CyLib.o)
 .debug_ranges  0x00000ba0       0x88 .\CortexM3\ARM_GCC_541\Debug\blinky.a(cyPm.o)
 .debug_ranges  0x00000c28       0x78 .\CortexM3\ARM_GCC_541\Debug\blinky.a(CyFlash.o)
 .debug_ranges  0x00000ca0       0x70 .\CortexM3\ARM_GCC_541\Debug\blinky.a(CySpc.o)

.comment        0x00000000       0x6e
 .comment       0x00000000       0x6e .\CortexM3\ARM_GCC_541\Debug\croutine.o
                                 0x6f (size before relaxing)
 .comment       0x0000006e       0x6f .\CortexM3\ARM_GCC_541\Debug\event_groups.o
 .comment       0x0000006e       0x6f .\CortexM3\ARM_GCC_541\Debug\list.o
 .comment       0x0000006e       0x6f .\CortexM3\ARM_GCC_541\Debug\mpu_wrappers.o
 .comment       0x0000006e       0x6f .\CortexM3\ARM_GCC_541\Debug\port.o
 .comment       0x0000006e       0x6f .\CortexM3\ARM_GCC_541\Debug\queue.o
 .comment       0x0000006e       0x6f .\CortexM3\ARM_GCC_541\Debug\stream_buffer.o
 .comment       0x0000006e       0x6f .\CortexM3\ARM_GCC_541\Debug\tasks.o
 .comment       0x0000006e       0x6f .\CortexM3\ARM_GCC_541\Debug\timers.o
 .comment       0x0000006e       0x6f .\CortexM3\ARM_GCC_541\Debug\heap_2.o
 .comment       0x0000006e       0x6f .\CortexM3\ARM_GCC_541\Debug\main.o
 .comment       0x0000006e       0x6f .\CortexM3\ARM_GCC_541\Debug\cyfitter_cfg.o
 .comment       0x0000006e       0x6f .\CortexM3\ARM_GCC_541\Debug\cymetadata.o
 .comment       0x0000006e       0x6f .\CortexM3\ARM_GCC_541\Debug\Cm3Start.o
 .comment       0x0000006e       0x6f .\CortexM3\ARM_GCC_541\Debug\blinky.a(LED1.o)
 .comment       0x0000006e       0x6f .\CortexM3\ARM_GCC_541\Debug\blinky.a(LED2.o)
 .comment       0x0000006e       0x6f .\CortexM3\ARM_GCC_541\Debug\blinky.a(CyLib.o)
 .comment       0x0000006e       0x6f .\CortexM3\ARM_GCC_541\Debug\blinky.a(cyPm.o)
 .comment       0x0000006e       0x6f .\CortexM3\ARM_GCC_541\Debug\blinky.a(CyFlash.o)
 .comment       0x0000006e       0x6f .\CortexM3\ARM_GCC_541\Debug\blinky.a(CySpc.o)

.debug_weaknames
 *(.debug_weaknames)

.debug_funcnames
 *(.debug_funcnames)

.debug_typenames
 *(.debug_typenames)

.debug_varnames
 *(.debug_varnames)

.note.gnu.arm.ident
 *(.note.gnu.arm.ident)

.ARM.attributes
                0x00000000       0x29
 *(.ARM.attributes)
 .ARM.attributes
                0x00000000       0x1d d:/cypress/psoc creator/4.4/psoc creator/import/gnu/arm/5.4.1/bin/../lib/gcc/arm-none-eabi/5.4.1/armv7-m/crti.o
 .ARM.attributes
                0x0000001d       0x2d d:/cypress/psoc creator/4.4/psoc creator/import/gnu/arm/5.4.1/bin/../lib/gcc/arm-none-eabi/5.4.1/armv7-m/crtbegin.o
 .ARM.attributes
                0x0000004a       0x1b d:/cypress/psoc creator/4.4/psoc creator/import/gnu/arm/5.4.1/bin/../lib/gcc/arm-none-eabi/5.4.1/../../../../arm-none-eabi/lib/armv7-m/crt0.o
 .ARM.attributes
                0x00000065       0x33 .\CortexM3\ARM_GCC_541\Debug\croutine.o
 .ARM.attributes
                0x00000098       0x33 .\CortexM3\ARM_GCC_541\Debug\event_groups.o
 .ARM.attributes
                0x000000cb       0x33 .\CortexM3\ARM_GCC_541\Debug\list.o
 .ARM.attributes
                0x000000fe       0x33 .\CortexM3\ARM_GCC_541\Debug\mpu_wrappers.o
 .ARM.attributes
                0x00000131       0x33 .\CortexM3\ARM_GCC_541\Debug\port.o
 .ARM.attributes
                0x00000164       0x33 .\CortexM3\ARM_GCC_541\Debug\queue.o
 .ARM.attributes
                0x00000197       0x33 .\CortexM3\ARM_GCC_541\Debug\stream_buffer.o
 .ARM.attributes
                0x000001ca       0x33 .\CortexM3\ARM_GCC_541\Debug\tasks.o
 .ARM.attributes
                0x000001fd       0x33 .\CortexM3\ARM_GCC_541\Debug\timers.o
 .ARM.attributes
                0x00000230       0x33 .\CortexM3\ARM_GCC_541\Debug\heap_2.o
 .ARM.attributes
                0x00000263       0x33 .\CortexM3\ARM_GCC_541\Debug\main.o
 .ARM.attributes
                0x00000296       0x33 .\CortexM3\ARM_GCC_541\Debug\cyfitter_cfg.o
 .ARM.attributes
                0x000002c9       0x33 .\CortexM3\ARM_GCC_541\Debug\cymetadata.o
 .ARM.attributes
                0x000002fc       0x33 .\CortexM3\ARM_GCC_541\Debug\Cm3Start.o
 .ARM.attributes
                0x0000032f       0x33 .\CortexM3\ARM_GCC_541\Debug\blinky.a(LED1.o)
 .ARM.attributes
                0x00000362       0x33 .\CortexM3\ARM_GCC_541\Debug\blinky.a(LED2.o)
 .ARM.attributes
                0x00000395       0x33 .\CortexM3\ARM_GCC_541\Debug\blinky.a(CyLib.o)
 .ARM.attributes
                0x000003c8       0x33 .\CortexM3\ARM_GCC_541\Debug\blinky.a(cyPm.o)
 .ARM.attributes
                0x000003fb       0x21 .\CortexM3\ARM_GCC_541\Debug\blinky.a(CyBootAsmGnu.o)
 .ARM.attributes
                0x0000041c       0x33 .\CortexM3\ARM_GCC_541\Debug\blinky.a(CyFlash.o)
 .ARM.attributes
                0x0000044f       0x33 .\CortexM3\ARM_GCC_541\Debug\blinky.a(CySpc.o)
 .ARM.attributes
                0x00000482       0x2d d:/cypress/psoc creator/4.4/psoc creator/import/gnu/arm/5.4.1/bin/../lib/gcc/arm-none-eabi/5.4.1/../../../../arm-none-eabi/lib/armv7-m\libg_nano.a(lib_a-errno.o)
 .ARM.attributes
                0x000004af       0x2d d:/cypress/psoc creator/4.4/psoc creator/import/gnu/arm/5.4.1/bin/../lib/gcc/arm-none-eabi/5.4.1/../../../../arm-none-eabi/lib/armv7-m\libg_nano.a(lib_a-exit.o)
 .ARM.attributes
                0x000004dc       0x2d d:/cypress/psoc creator/4.4/psoc creator/import/gnu/arm/5.4.1/bin/../lib/gcc/arm-none-eabi/5.4.1/../../../../arm-none-eabi/lib/armv7-m\libg_nano.a(lib_a-impure.o)
 .ARM.attributes
                0x00000509       0x2d d:/cypress/psoc creator/4.4/psoc creator/import/gnu/arm/5.4.1/bin/../lib/gcc/arm-none-eabi/5.4.1/../../../../arm-none-eabi/lib/armv7-m\libg_nano.a(lib_a-init.o)
 .ARM.attributes
                0x00000536       0x2d d:/cypress/psoc creator/4.4/psoc creator/import/gnu/arm/5.4.1/bin/../lib/gcc/arm-none-eabi/5.4.1/../../../../arm-none-eabi/lib/armv7-m\libg_nano.a(lib_a-memcpy-stub.o)
 .ARM.attributes
                0x00000563       0x2d d:/cypress/psoc creator/4.4/psoc creator/import/gnu/arm/5.4.1/bin/../lib/gcc/arm-none-eabi/5.4.1/../../../../arm-none-eabi/lib/armv7-m\libg_nano.a(lib_a-memset.o)
 .ARM.attributes
                0x00000590       0x2d d:/cypress/psoc creator/4.4/psoc creator/import/gnu/arm/5.4.1/bin/../lib/gcc/arm-none-eabi/5.4.1/armv7-m/crtend.o
 .ARM.attributes
                0x000005bd       0x1d d:/cypress/psoc creator/4.4/psoc creator/import/gnu/arm/5.4.1/bin/../lib/gcc/arm-none-eabi/5.4.1/armv7-m/crtn.o

/DISCARD/
 *(.note.GNU-stack)
OUTPUT(D:\Notes 202324\ELECH410\Labs\Lab3\ex1_blinky\blinky.cydsn\CortexM3\ARM_GCC_541\Debug\blinky.elf elf32-littlearm)
