Archive member included to satisfy reference by file (symbol)

.\CortexM3\ARM_GCC_541\Debug\Lab2.a(GPIOJ11.o)
                              .\CortexM3\ARM_GCC_541\Debug\main.o (GPIOJ11_Write)
.\CortexM3\ARM_GCC_541\Debug\Lab2.a(GPIOJ12.o)
                              .\CortexM3\ARM_GCC_541\Debug\main.o (GPIOJ12_Write)
.\CortexM3\ARM_GCC_541\Debug\Lab2.a(GPIOJ13.o)
                              .\CortexM3\ARM_GCC_541\Debug\main.o (GPIOJ13_Write)
.\CortexM3\ARM_GCC_541\Debug\Lab2.a(LCD.o)
                              .\CortexM3\ARM_GCC_541\Debug\main.o (LCD_PutChar)
.\CortexM3\ARM_GCC_541\Debug\Lab2.a(Timer.o)
                              .\CortexM3\ARM_GCC_541\Debug\main.o (Timer_ReadStatusRegister)
.\CortexM3\ARM_GCC_541\Debug\Lab2.a(isr_timer.o)
                              .\CortexM3\ARM_GCC_541\Debug\main.o (isr_timer_StartEx)
.\CortexM3\ARM_GCC_541\Debug\Lab2.a(ADC.o)
                              .\CortexM3\ARM_GCC_541\Debug\main.o (ADC_Start)
.\CortexM3\ARM_GCC_541\Debug\Lab2.a(ADC_INT.o)
                              .\CortexM3\ARM_GCC_541\Debug\Lab2.a(ADC.o) (ADC_ISR1)
.\CortexM3\ARM_GCC_541\Debug\Lab2.a(ADC_AMux.o)
                              .\CortexM3\ARM_GCC_541\Debug\Lab2.a(ADC.o) (ADC_AMux_Select)
.\CortexM3\ARM_GCC_541\Debug\Lab2.a(ADC_Ext_CP_Clk.o)
                              .\CortexM3\ARM_GCC_541\Debug\Lab2.a(ADC.o) (ADC_Ext_CP_Clk_SetModeRegister)
.\CortexM3\ARM_GCC_541\Debug\Lab2.a(ADC_theACLK.o)
                              .\CortexM3\ARM_GCC_541\Debug\Lab2.a(ADC.o) (ADC_theACLK_SetModeRegister)
.\CortexM3\ARM_GCC_541\Debug\Lab2.a(CyLib.o)
                              .\CortexM3\ARM_GCC_541\Debug\Cm3Start.o (CyHalt)
.\CortexM3\ARM_GCC_541\Debug\Lab2.a(cyPm.o)
                              .\CortexM3\ARM_GCC_541\Debug\Lab2.a(CyLib.o) (CyPmReadStatus)
.\CortexM3\ARM_GCC_541\Debug\Lab2.a(cyutils.o)
                              .\CortexM3\ARM_GCC_541\Debug\Lab2.a(Timer.o) (CySetReg24)
.\CortexM3\ARM_GCC_541\Debug\Lab2.a(CyBootAsmGnu.o)
                              .\CortexM3\ARM_GCC_541\Debug\cyfitter_cfg.o (CyDelayCycles)
.\CortexM3\ARM_GCC_541\Debug\Lab2.a(CyFlash.o)
                              .\CortexM3\ARM_GCC_541\Debug\Lab2.a(cyPm.o) (CyFlash_SetWaitCycles)
.\CortexM3\ARM_GCC_541\Debug\Lab2.a(CySpc.o)
                              .\CortexM3\ARM_GCC_541\Debug\Lab2.a(CyFlash.o) (CySpcStart)
d:/cypress/psoc creator/4.4/psoc creator/import/gnu/arm/5.4.1/bin/../lib/gcc/arm-none-eabi/5.4.1/armv7-m\libgcc.a(_arm_addsubdf3.o)
                              .\CortexM3\ARM_GCC_541\Debug\Lab2.a(ADC.o) (__aeabi_f2d)
d:/cypress/psoc creator/4.4/psoc creator/import/gnu/arm/5.4.1/bin/../lib/gcc/arm-none-eabi/5.4.1/armv7-m\libgcc.a(_arm_cmpdf2.o)
                              .\CortexM3\ARM_GCC_541\Debug\Lab2.a(ADC.o) (__aeabi_dcmpgt)
d:/cypress/psoc creator/4.4/psoc creator/import/gnu/arm/5.4.1/bin/../lib/gcc/arm-none-eabi/5.4.1/armv7-m\libgcc.a(_arm_addsubsf3.o)
                              .\CortexM3\ARM_GCC_541\Debug\Lab2.a(ADC.o) (__aeabi_ui2f)
d:/cypress/psoc creator/4.4/psoc creator/import/gnu/arm/5.4.1/bin/../lib/gcc/arm-none-eabi/5.4.1/armv7-m\libgcc.a(_arm_muldivsf3.o)
                              .\CortexM3\ARM_GCC_541\Debug\Lab2.a(ADC.o) (__aeabi_fmul)
d:/cypress/psoc creator/4.4/psoc creator/import/gnu/arm/5.4.1/bin/../lib/gcc/arm-none-eabi/5.4.1/armv7-m\libgcc.a(_arm_fixunssfsi.o)
                              .\CortexM3\ARM_GCC_541\Debug\Lab2.a(ADC.o) (__aeabi_f2uiz)
d:/cypress/psoc creator/4.4/psoc creator/import/gnu/arm/5.4.1/bin/../lib/gcc/arm-none-eabi/5.4.1/../../../../arm-none-eabi/lib/armv7-m\libg_nano.a(lib_a-errno.o)
                              .\CortexM3\ARM_GCC_541\Debug\Cm3Start.o (__errno)
d:/cypress/psoc creator/4.4/psoc creator/import/gnu/arm/5.4.1/bin/../lib/gcc/arm-none-eabi/5.4.1/../../../../arm-none-eabi/lib/armv7-m\libg_nano.a(lib_a-exit.o)
                              d:/cypress/psoc creator/4.4/psoc creator/import/gnu/arm/5.4.1/bin/../lib/gcc/arm-none-eabi/5.4.1/../../../../arm-none-eabi/lib/armv7-m/crt0.o (exit)
d:/cypress/psoc creator/4.4/psoc creator/import/gnu/arm/5.4.1/bin/../lib/gcc/arm-none-eabi/5.4.1/../../../../arm-none-eabi/lib/armv7-m\libg_nano.a(lib_a-impure.o)
                              d:/cypress/psoc creator/4.4/psoc creator/import/gnu/arm/5.4.1/bin/../lib/gcc/arm-none-eabi/5.4.1/../../../../arm-none-eabi/lib/armv7-m\libg_nano.a(lib_a-exit.o) (_global_impure_ptr)
d:/cypress/psoc creator/4.4/psoc creator/import/gnu/arm/5.4.1/bin/../lib/gcc/arm-none-eabi/5.4.1/../../../../arm-none-eabi/lib/armv7-m\libg_nano.a(lib_a-init.o)
                              d:/cypress/psoc creator/4.4/psoc creator/import/gnu/arm/5.4.1/bin/../lib/gcc/arm-none-eabi/5.4.1/../../../../arm-none-eabi/lib/armv7-m/crt0.o (__libc_init_array)
d:/cypress/psoc creator/4.4/psoc creator/import/gnu/arm/5.4.1/bin/../lib/gcc/arm-none-eabi/5.4.1/../../../../arm-none-eabi/lib/armv7-m\libg_nano.a(lib_a-memcpy-stub.o)
                              .\CortexM3\ARM_GCC_541\Debug\cyfitter_cfg.o (memcpy)
d:/cypress/psoc creator/4.4/psoc creator/import/gnu/arm/5.4.1/bin/../lib/gcc/arm-none-eabi/5.4.1/../../../../arm-none-eabi/lib/armv7-m\libg_nano.a(lib_a-memset.o)
                              d:/cypress/psoc creator/4.4/psoc creator/import/gnu/arm/5.4.1/bin/../lib/gcc/arm-none-eabi/5.4.1/../../../../arm-none-eabi/lib/armv7-m/crt0.o (memset)

Allocating common symbols
Common symbol       size              file

ADC_CountsPerVolt   0x4               .\CortexM3\ARM_GCC_541\Debug\Lab2.a(ADC.o)
dieTemperature      0x2               .\CortexM3\ARM_GCC_541\Debug\Lab2.a(CyFlash.o)

Discarded input sections

 .text          0x00000000        0x0 d:/cypress/psoc creator/4.4/psoc creator/import/gnu/arm/5.4.1/bin/../lib/gcc/arm-none-eabi/5.4.1/armv7-m/crti.o
 .data          0x00000000        0x0 d:/cypress/psoc creator/4.4/psoc creator/import/gnu/arm/5.4.1/bin/../lib/gcc/arm-none-eabi/5.4.1/armv7-m/crti.o
 .bss           0x00000000        0x0 d:/cypress/psoc creator/4.4/psoc creator/import/gnu/arm/5.4.1/bin/../lib/gcc/arm-none-eabi/5.4.1/armv7-m/crti.o
 .data          0x00000000        0x4 d:/cypress/psoc creator/4.4/psoc creator/import/gnu/arm/5.4.1/bin/../lib/gcc/arm-none-eabi/5.4.1/armv7-m/crtbegin.o
 .text          0x00000000       0x74 d:/cypress/psoc creator/4.4/psoc creator/import/gnu/arm/5.4.1/bin/../lib/gcc/arm-none-eabi/5.4.1/../../../../arm-none-eabi/lib/armv7-m/crt0.o
 .data          0x00000000        0x0 d:/cypress/psoc creator/4.4/psoc creator/import/gnu/arm/5.4.1/bin/../lib/gcc/arm-none-eabi/5.4.1/../../../../arm-none-eabi/lib/armv7-m/crt0.o
 .bss           0x00000000        0x0 d:/cypress/psoc creator/4.4/psoc creator/import/gnu/arm/5.4.1/bin/../lib/gcc/arm-none-eabi/5.4.1/../../../../arm-none-eabi/lib/armv7-m/crt0.o
 .ARM.extab     0x00000000        0x0 d:/cypress/psoc creator/4.4/psoc creator/import/gnu/arm/5.4.1/bin/../lib/gcc/arm-none-eabi/5.4.1/../../../../arm-none-eabi/lib/armv7-m/crt0.o
 .ARM.exidx     0x00000000        0x8 d:/cypress/psoc creator/4.4/psoc creator/import/gnu/arm/5.4.1/bin/../lib/gcc/arm-none-eabi/5.4.1/../../../../arm-none-eabi/lib/armv7-m/crt0.o
 .text          0x00000000        0x0 .\CortexM3\ARM_GCC_541\Debug\main.o
 .text.led_task
                0x00000000        0x4 .\CortexM3\ARM_GCC_541\Debug\main.o
 .text.event_sw1_task
                0x00000000        0x4 .\CortexM3\ARM_GCC_541\Debug\main.o
 .text          0x00000000        0x0 .\CortexM3\ARM_GCC_541\Debug\cyfitter_cfg.o
 .data          0x00000000        0x0 .\CortexM3\ARM_GCC_541\Debug\cyfitter_cfg.o
 .bss           0x00000000        0x0 .\CortexM3\ARM_GCC_541\Debug\cyfitter_cfg.o
 .text.SetAnalogRoutingPumps
                0x00000000       0x1c .\CortexM3\ARM_GCC_541\Debug\cyfitter_cfg.o
 .text          0x00000000        0x0 .\CortexM3\ARM_GCC_541\Debug\cymetadata.o
 .data          0x00000000        0x0 .\CortexM3\ARM_GCC_541\Debug\cymetadata.o
 .bss           0x00000000        0x0 .\CortexM3\ARM_GCC_541\Debug\cymetadata.o
 .text          0x00000000        0x0 .\CortexM3\ARM_GCC_541\Debug\Cm3Start.o
 .data          0x00000000        0x4 .\CortexM3\ARM_GCC_541\Debug\Cm3Start.o
 .bss           0x00000000        0x0 .\CortexM3\ARM_GCC_541\Debug\Cm3Start.o
 .text._exit    0x00000000        0xc .\CortexM3\ARM_GCC_541\Debug\Cm3Start.o
 .text._sbrk    0x00000000       0x30 .\CortexM3\ARM_GCC_541\Debug\Cm3Start.o
 .text          0x00000000        0x0 .\CortexM3\ARM_GCC_541\Debug\Lab2.a(GPIOJ11.o)
 .data          0x00000000        0x0 .\CortexM3\ARM_GCC_541\Debug\Lab2.a(GPIOJ11.o)
 .bss           0x00000000        0x0 .\CortexM3\ARM_GCC_541\Debug\Lab2.a(GPIOJ11.o)
 .text.GPIOJ11_SetDriveMode
                0x00000000       0x18 .\CortexM3\ARM_GCC_541\Debug\Lab2.a(GPIOJ11.o)
 .text.GPIOJ11_ReadDataReg
                0x00000000       0x10 .\CortexM3\ARM_GCC_541\Debug\Lab2.a(GPIOJ11.o)
 .text          0x00000000        0x0 .\CortexM3\ARM_GCC_541\Debug\Lab2.a(GPIOJ12.o)
 .data          0x00000000        0x0 .\CortexM3\ARM_GCC_541\Debug\Lab2.a(GPIOJ12.o)
 .bss           0x00000000        0x0 .\CortexM3\ARM_GCC_541\Debug\Lab2.a(GPIOJ12.o)
 .text.GPIOJ12_SetDriveMode
                0x00000000       0x18 .\CortexM3\ARM_GCC_541\Debug\Lab2.a(GPIOJ12.o)
 .text.GPIOJ12_ReadDataReg
                0x00000000       0x10 .\CortexM3\ARM_GCC_541\Debug\Lab2.a(GPIOJ12.o)
 .text          0x00000000        0x0 .\CortexM3\ARM_GCC_541\Debug\Lab2.a(GPIOJ13.o)
 .data          0x00000000        0x0 .\CortexM3\ARM_GCC_541\Debug\Lab2.a(GPIOJ13.o)
 .bss           0x00000000        0x0 .\CortexM3\ARM_GCC_541\Debug\Lab2.a(GPIOJ13.o)
 .text.GPIOJ13_SetDriveMode
                0x00000000       0x18 .\CortexM3\ARM_GCC_541\Debug\Lab2.a(GPIOJ13.o)
 .text.GPIOJ13_ReadDataReg
                0x00000000       0x10 .\CortexM3\ARM_GCC_541\Debug\Lab2.a(GPIOJ13.o)
 .text          0x00000000        0x0 .\CortexM3\ARM_GCC_541\Debug\Lab2.a(LCD.o)
 .data          0x00000000        0x0 .\CortexM3\ARM_GCC_541\Debug\Lab2.a(LCD.o)
 .bss           0x00000000        0x2 .\CortexM3\ARM_GCC_541\Debug\Lab2.a(LCD.o)
 .text.LCD_PrintString
                0x00000000       0x1c .\CortexM3\ARM_GCC_541\Debug\Lab2.a(LCD.o)
 .text.LCD_Enable
                0x00000000       0x14 .\CortexM3\ARM_GCC_541\Debug\Lab2.a(LCD.o)
 .text.LCD_Start
                0x00000000       0x1c .\CortexM3\ARM_GCC_541\Debug\Lab2.a(LCD.o)
 .text.LCD_Stop
                0x00000000       0x14 .\CortexM3\ARM_GCC_541\Debug\Lab2.a(LCD.o)
 .text.LCD_PrintInt8
                0x00000000       0x20 .\CortexM3\ARM_GCC_541\Debug\Lab2.a(LCD.o)
 .text.LCD_PrintInt16
                0x00000000       0x14 .\CortexM3\ARM_GCC_541\Debug\Lab2.a(LCD.o)
 .text.LCD_PrintInt32
                0x00000000       0x1c .\CortexM3\ARM_GCC_541\Debug\Lab2.a(LCD.o)
 .text.LCD_PrintU32Number
                0x00000000       0x64 .\CortexM3\ARM_GCC_541\Debug\Lab2.a(LCD.o)
 .rodata        0x00000000       0x10 .\CortexM3\ARM_GCC_541\Debug\Lab2.a(LCD.o)
 .text          0x00000000        0x0 .\CortexM3\ARM_GCC_541\Debug\Lab2.a(Timer.o)
 .data          0x00000000        0x0 .\CortexM3\ARM_GCC_541\Debug\Lab2.a(Timer.o)
 .text.Timer_Stop
                0x00000000       0x10 .\CortexM3\ARM_GCC_541\Debug\Lab2.a(Timer.o)
 .text.Timer_SoftwareCapture
                0x00000000        0xc .\CortexM3\ARM_GCC_541\Debug\Lab2.a(Timer.o)
 .text.Timer_ReadControlRegister
                0x00000000        0xc .\CortexM3\ARM_GCC_541\Debug\Lab2.a(Timer.o)
 .text.Timer_WriteControlRegister
                0x00000000        0xc .\CortexM3\ARM_GCC_541\Debug\Lab2.a(Timer.o)
 .text.Timer_ReadPeriod
                0x00000000       0x10 .\CortexM3\ARM_GCC_541\Debug\Lab2.a(Timer.o)
 .text.Timer_ReadCounter
                0x00000000       0x18 .\CortexM3\ARM_GCC_541\Debug\Lab2.a(Timer.o)
 .text          0x00000000        0x0 .\CortexM3\ARM_GCC_541\Debug\Lab2.a(isr_timer.o)
 .data          0x00000000        0x0 .\CortexM3\ARM_GCC_541\Debug\Lab2.a(isr_timer.o)
 .bss           0x00000000        0x0 .\CortexM3\ARM_GCC_541\Debug\Lab2.a(isr_timer.o)
 .text.isr_timer_Interrupt
                0x00000000        0x4 .\CortexM3\ARM_GCC_541\Debug\Lab2.a(isr_timer.o)
 .text.isr_timer_GetVector
                0x00000000        0xc .\CortexM3\ARM_GCC_541\Debug\Lab2.a(isr_timer.o)
 .text.isr_timer_GetPriority
                0x00000000        0xc .\CortexM3\ARM_GCC_541\Debug\Lab2.a(isr_timer.o)
 .text.isr_timer_GetState
                0x00000000       0x10 .\CortexM3\ARM_GCC_541\Debug\Lab2.a(isr_timer.o)
 .text.isr_timer_Start
                0x00000000       0x1c .\CortexM3\ARM_GCC_541\Debug\Lab2.a(isr_timer.o)
 .text.isr_timer_Stop
                0x00000000       0x14 .\CortexM3\ARM_GCC_541\Debug\Lab2.a(isr_timer.o)
 .text.isr_timer_SetPending
                0x00000000        0xc .\CortexM3\ARM_GCC_541\Debug\Lab2.a(isr_timer.o)
 .text.isr_timer_ClearPending
                0x00000000        0xc .\CortexM3\ARM_GCC_541\Debug\Lab2.a(isr_timer.o)
 .text          0x00000000        0x0 .\CortexM3\ARM_GCC_541\Debug\Lab2.a(ADC.o)
 .text.ADC_Stop
                0x00000000       0xe4 .\CortexM3\ARM_GCC_541\Debug\Lab2.a(ADC.o)
 .text.ADC_SetBufferGain
                0x00000000       0x18 .\CortexM3\ARM_GCC_541\Debug\Lab2.a(ADC.o)
 .text.ADC_SetCoherency
                0x00000000       0x18 .\CortexM3\ARM_GCC_541\Debug\Lab2.a(ADC.o)
 .text.ADC_SetGCOR
                0x00000000       0x74 .\CortexM3\ARM_GCC_541\Debug\Lab2.a(ADC.o)
 .text.ADC_ReadGCOR
                0x00000000       0x24 .\CortexM3\ARM_GCC_541\Debug\Lab2.a(ADC.o)
 .text.ADC_StopConvert
                0x00000000       0x10 .\CortexM3\ARM_GCC_541\Debug\Lab2.a(ADC.o)
 .text.ADC_GetResult8
                0x00000000       0x48 .\CortexM3\ARM_GCC_541\Debug\Lab2.a(ADC.o)
 .text.ADC_GetResult32
                0x00000000       0x6c .\CortexM3\ARM_GCC_541\Debug\Lab2.a(ADC.o)
 .text.ADC_SetOffset
                0x00000000        0xc .\CortexM3\ARM_GCC_541\Debug\Lab2.a(ADC.o)
 .text.ADC_SetGain
                0x00000000        0xc .\CortexM3\ARM_GCC_541\Debug\Lab2.a(ADC.o)
 .text.ADC_CountsTo_mVolts
                0x00000000       0x24 .\CortexM3\ARM_GCC_541\Debug\Lab2.a(ADC.o)
 .text.ADC_CountsTo_Volts
                0x00000000       0x28 .\CortexM3\ARM_GCC_541\Debug\Lab2.a(ADC.o)
 .text.ADC_CountsTo_uVolts
                0x00000000       0x4c .\CortexM3\ARM_GCC_541\Debug\Lab2.a(ADC.o)
 .text.ADC_SelectConfiguration
                0x00000000       0x64 .\CortexM3\ARM_GCC_541\Debug\Lab2.a(ADC.o)
 .text.ADC_Read8
                0x00000000       0x28 .\CortexM3\ARM_GCC_541\Debug\Lab2.a(ADC.o)
 .text.ADC_Read16
                0x00000000       0x28 .\CortexM3\ARM_GCC_541\Debug\Lab2.a(ADC.o)
 .text.ADC_Read32
                0x00000000       0x28 .\CortexM3\ARM_GCC_541\Debug\Lab2.a(ADC.o)
 .text          0x00000000        0x0 .\CortexM3\ARM_GCC_541\Debug\Lab2.a(ADC_INT.o)
 .data          0x00000000        0x0 .\CortexM3\ARM_GCC_541\Debug\Lab2.a(ADC_INT.o)
 .bss           0x00000000        0x0 .\CortexM3\ARM_GCC_541\Debug\Lab2.a(ADC_INT.o)
 .text          0x00000000        0x0 .\CortexM3\ARM_GCC_541\Debug\Lab2.a(ADC_AMux.o)
 .bss           0x00000000        0x0 .\CortexM3\ARM_GCC_541\Debug\Lab2.a(ADC_AMux.o)
 .text.ADC_AMux_FastSelect
                0x00000000       0x20 .\CortexM3\ARM_GCC_541\Debug\Lab2.a(ADC_AMux.o)
 .text          0x00000000        0x0 .\CortexM3\ARM_GCC_541\Debug\Lab2.a(ADC_Ext_CP_Clk.o)
 .data          0x00000000        0x0 .\CortexM3\ARM_GCC_541\Debug\Lab2.a(ADC_Ext_CP_Clk.o)
 .bss           0x00000000        0x0 .\CortexM3\ARM_GCC_541\Debug\Lab2.a(ADC_Ext_CP_Clk.o)
 .text.ADC_Ext_CP_Clk_Start
                0x00000000       0x1c .\CortexM3\ARM_GCC_541\Debug\Lab2.a(ADC_Ext_CP_Clk.o)
 .text.ADC_Ext_CP_Clk_Stop
                0x00000000       0x1c .\CortexM3\ARM_GCC_541\Debug\Lab2.a(ADC_Ext_CP_Clk.o)
 .text.ADC_Ext_CP_Clk_StopBlock
                0x00000000       0x6c .\CortexM3\ARM_GCC_541\Debug\Lab2.a(ADC_Ext_CP_Clk.o)
 .text.ADC_Ext_CP_Clk_StandbyPower
                0x00000000       0x20 .\CortexM3\ARM_GCC_541\Debug\Lab2.a(ADC_Ext_CP_Clk.o)
 .text.ADC_Ext_CP_Clk_ClearModeRegister
                0x00000000       0x18 .\CortexM3\ARM_GCC_541\Debug\Lab2.a(ADC_Ext_CP_Clk.o)
 .text.ADC_Ext_CP_Clk_GetModeRegister
                0x00000000       0x10 .\CortexM3\ARM_GCC_541\Debug\Lab2.a(ADC_Ext_CP_Clk.o)
 .text.ADC_Ext_CP_Clk_SetSourceRegister
                0x00000000       0x5c .\CortexM3\ARM_GCC_541\Debug\Lab2.a(ADC_Ext_CP_Clk.o)
 .text          0x00000000        0x0 .\CortexM3\ARM_GCC_541\Debug\Lab2.a(ADC_theACLK.o)
 .data          0x00000000        0x0 .\CortexM3\ARM_GCC_541\Debug\Lab2.a(ADC_theACLK.o)
 .bss           0x00000000        0x0 .\CortexM3\ARM_GCC_541\Debug\Lab2.a(ADC_theACLK.o)
 .text.ADC_theACLK_Start
                0x00000000       0x1c .\CortexM3\ARM_GCC_541\Debug\Lab2.a(ADC_theACLK.o)
 .text.ADC_theACLK_Stop
                0x00000000       0x1c .\CortexM3\ARM_GCC_541\Debug\Lab2.a(ADC_theACLK.o)
 .text.ADC_theACLK_StopBlock
                0x00000000       0x6c .\CortexM3\ARM_GCC_541\Debug\Lab2.a(ADC_theACLK.o)
 .text.ADC_theACLK_StandbyPower
                0x00000000       0x20 .\CortexM3\ARM_GCC_541\Debug\Lab2.a(ADC_theACLK.o)
 .text.ADC_theACLK_ClearModeRegister
                0x00000000       0x18 .\CortexM3\ARM_GCC_541\Debug\Lab2.a(ADC_theACLK.o)
 .text.ADC_theACLK_GetModeRegister
                0x00000000       0x10 .\CortexM3\ARM_GCC_541\Debug\Lab2.a(ADC_theACLK.o)
 .text.ADC_theACLK_SetSourceRegister
                0x00000000       0x5c .\CortexM3\ARM_GCC_541\Debug\Lab2.a(ADC_theACLK.o)
 .text.ADC_theACLK_SetPhaseRegister
                0x00000000       0x10 .\CortexM3\ARM_GCC_541\Debug\Lab2.a(ADC_theACLK.o)
 .text.ADC_theACLK_GetPhaseRegister
                0x00000000       0x10 .\CortexM3\ARM_GCC_541\Debug\Lab2.a(ADC_theACLK.o)
 .text          0x00000000        0x0 .\CortexM3\ARM_GCC_541\Debug\Lab2.a(CyLib.o)
 .bss           0x00000000       0x1c .\CortexM3\ARM_GCC_541\Debug\Lab2.a(CyLib.o)
 .text.CyUSB_PowerOnCheck
                0x00000000       0x48 .\CortexM3\ARM_GCC_541\Debug\Lab2.a(CyLib.o)
 .text.CyBusClk_Internal_SetDivider
                0x00000000       0x48 .\CortexM3\ARM_GCC_541\Debug\Lab2.a(CyLib.o)
 .text.CyPLL_OUT_Stop
                0x00000000       0x10 .\CortexM3\ARM_GCC_541\Debug\Lab2.a(CyLib.o)
 .text.CyIMO_Stop
                0x00000000       0x1c .\CortexM3\ARM_GCC_541\Debug\Lab2.a(CyLib.o)
 .text.CyIMO_EnableDoubler
                0x00000000       0x10 .\CortexM3\ARM_GCC_541\Debug\Lab2.a(CyLib.o)
 .text.CyIMO_DisableDoubler
                0x00000000       0x10 .\CortexM3\ARM_GCC_541\Debug\Lab2.a(CyLib.o)
 .text.CyMasterClk_SetSource
                0x00000000       0x18 .\CortexM3\ARM_GCC_541\Debug\Lab2.a(CyLib.o)
 .text.CyMasterClk_SetDivider
                0x00000000        0xc .\CortexM3\ARM_GCC_541\Debug\Lab2.a(CyLib.o)
 .text.CyBusClk_SetDivider
                0x00000000       0x70 .\CortexM3\ARM_GCC_541\Debug\Lab2.a(CyLib.o)
 .text.CyUsbClk_SetSource
                0x00000000       0x18 .\CortexM3\ARM_GCC_541\Debug\Lab2.a(CyLib.o)
 .text.CyILO_Start1K
                0x00000000       0x10 .\CortexM3\ARM_GCC_541\Debug\Lab2.a(CyLib.o)
 .text.CyILO_Stop1K
                0x00000000       0x10 .\CortexM3\ARM_GCC_541\Debug\Lab2.a(CyLib.o)
 .text.CyILO_Start100K
                0x00000000       0x10 .\CortexM3\ARM_GCC_541\Debug\Lab2.a(CyLib.o)
 .text.CyILO_Stop100K
                0x00000000       0x10 .\CortexM3\ARM_GCC_541\Debug\Lab2.a(CyLib.o)
 .text.CyPLL_OUT_Start
                0x00000000       0x78 .\CortexM3\ARM_GCC_541\Debug\Lab2.a(CyLib.o)
 .text.CyIMO_Start
                0x00000000       0x60 .\CortexM3\ARM_GCC_541\Debug\Lab2.a(CyLib.o)
 .text.CyILO_Enable33K
                0x00000000       0x10 .\CortexM3\ARM_GCC_541\Debug\Lab2.a(CyLib.o)
 .text.CyILO_Disable33K
                0x00000000       0x10 .\CortexM3\ARM_GCC_541\Debug\Lab2.a(CyLib.o)
 .text.CyILO_SetSource
                0x00000000       0x18 .\CortexM3\ARM_GCC_541\Debug\Lab2.a(CyLib.o)
 .text.CyILO_SetPowerMode
                0x00000000       0x24 .\CortexM3\ARM_GCC_541\Debug\Lab2.a(CyLib.o)
 .text.CyXTAL_32KHZ_Stop
                0x00000000       0x30 .\CortexM3\ARM_GCC_541\Debug\Lab2.a(CyLib.o)
 .text.CyXTAL_32KHZ_ReadStatus
                0x00000000       0x10 .\CortexM3\ARM_GCC_541\Debug\Lab2.a(CyLib.o)
 .text.CyXTAL_Start
                0x00000000       0xac .\CortexM3\ARM_GCC_541\Debug\Lab2.a(CyLib.o)
 .text.CyXTAL_Stop
                0x00000000       0x10 .\CortexM3\ARM_GCC_541\Debug\Lab2.a(CyLib.o)
 .text.CyXTAL_EnableErrStatus
                0x00000000       0x10 .\CortexM3\ARM_GCC_541\Debug\Lab2.a(CyLib.o)
 .text.CyXTAL_DisableErrStatus
                0x00000000       0x10 .\CortexM3\ARM_GCC_541\Debug\Lab2.a(CyLib.o)
 .text.CyXTAL_ReadStatus
                0x00000000       0x18 .\CortexM3\ARM_GCC_541\Debug\Lab2.a(CyLib.o)
 .text.CyXTAL_EnableFaultRecovery
                0x00000000       0x10 .\CortexM3\ARM_GCC_541\Debug\Lab2.a(CyLib.o)
 .text.CyXTAL_DisableFaultRecovery
                0x00000000       0x10 .\CortexM3\ARM_GCC_541\Debug\Lab2.a(CyLib.o)
 .text.CyXTAL_SetStartup
                0x00000000       0x18 .\CortexM3\ARM_GCC_541\Debug\Lab2.a(CyLib.o)
 .text.CyXTAL_SetFbVoltage
                0x00000000       0x18 .\CortexM3\ARM_GCC_541\Debug\Lab2.a(CyLib.o)
 .text.CyXTAL_SetWdVoltage
                0x00000000       0x18 .\CortexM3\ARM_GCC_541\Debug\Lab2.a(CyLib.o)
 .text.CyPLL_OUT_SetPQ
                0x00000000       0x60 .\CortexM3\ARM_GCC_541\Debug\Lab2.a(CyLib.o)
 .text.CyPLL_OUT_SetSource
                0x00000000       0x34 .\CortexM3\ARM_GCC_541\Debug\Lab2.a(CyLib.o)
 .text.CyIMO_SetTrimValue
                0x00000000       0xcc .\CortexM3\ARM_GCC_541\Debug\Lab2.a(CyLib.o)
 .text.CyIMO_SetFreq
                0x00000000       0xf4 .\CortexM3\ARM_GCC_541\Debug\Lab2.a(CyLib.o)
 .text.CyIMO_SetSource
                0x00000000       0x58 .\CortexM3\ARM_GCC_541\Debug\Lab2.a(CyLib.o)
 .text.CySoftwareReset
                0x00000000       0x10 .\CortexM3\ARM_GCC_541\Debug\Lab2.a(CyLib.o)
 .text.CyXTAL_32KHZ_SetPowerMode
                0x00000000       0x84 .\CortexM3\ARM_GCC_541\Debug\Lab2.a(CyLib.o)
 .text.CyXTAL_32KHZ_Start
                0x00000000       0x74 .\CortexM3\ARM_GCC_541\Debug\Lab2.a(CyLib.o)
 .text.CyDelayFreq
                0x00000000       0x4c .\CortexM3\ARM_GCC_541\Debug\Lab2.a(CyLib.o)
 .text.CyWdtStart
                0x00000000       0x40 .\CortexM3\ARM_GCC_541\Debug\Lab2.a(CyLib.o)
 .text.CyWdtClear
                0x00000000        0xc .\CortexM3\ARM_GCC_541\Debug\Lab2.a(CyLib.o)
 .text.CyVdStickyStatus
                0x00000000       0x2c .\CortexM3\ARM_GCC_541\Debug\Lab2.a(CyLib.o)
 .text.CyVdLvDigitEnable
                0x00000000       0x84 .\CortexM3\ARM_GCC_541\Debug\Lab2.a(CyLib.o)
 .text.CyVdLvAnalogEnable
                0x00000000       0x80 .\CortexM3\ARM_GCC_541\Debug\Lab2.a(CyLib.o)
 .text.CyVdLvDigitDisable
                0x00000000       0x30 .\CortexM3\ARM_GCC_541\Debug\Lab2.a(CyLib.o)
 .text.CyVdLvAnalogDisable
                0x00000000       0x28 .\CortexM3\ARM_GCC_541\Debug\Lab2.a(CyLib.o)
 .text.CyVdHvAnalogEnable
                0x00000000       0x54 .\CortexM3\ARM_GCC_541\Debug\Lab2.a(CyLib.o)
 .text.CyVdHvAnalogDisable
                0x00000000       0x20 .\CortexM3\ARM_GCC_541\Debug\Lab2.a(CyLib.o)
 .text.CyVdRealTimeStatus
                0x00000000       0x1c .\CortexM3\ARM_GCC_541\Debug\Lab2.a(CyLib.o)
 .text.CyDisableInts
                0x00000000       0x1c .\CortexM3\ARM_GCC_541\Debug\Lab2.a(CyLib.o)
 .text.CyEnableInts
                0x00000000       0x18 .\CortexM3\ARM_GCC_541\Debug\Lab2.a(CyLib.o)
 .text.CyFlushCache
                0x00000000       0x44 .\CortexM3\ARM_GCC_541\Debug\Lab2.a(CyLib.o)
 .text.CyIntSetSysVector
                0x00000000       0x28 .\CortexM3\ARM_GCC_541\Debug\Lab2.a(CyLib.o)
 .text.CyIntGetSysVector
                0x00000000       0x20 .\CortexM3\ARM_GCC_541\Debug\Lab2.a(CyLib.o)
 .text.CyIntGetVector
                0x00000000       0x24 .\CortexM3\ARM_GCC_541\Debug\Lab2.a(CyLib.o)
 .text.CyIntGetPriority
                0x00000000       0x20 .\CortexM3\ARM_GCC_541\Debug\Lab2.a(CyLib.o)
 .text.CyIntGetState
                0x00000000       0x24 .\CortexM3\ARM_GCC_541\Debug\Lab2.a(CyLib.o)
 .text.CySysTickStop
                0x00000000       0x10 .\CortexM3\ARM_GCC_541\Debug\Lab2.a(CyLib.o)
 .text.CySysTickEnableInterrupt
                0x00000000       0x10 .\CortexM3\ARM_GCC_541\Debug\Lab2.a(CyLib.o)
 .text.CySysTickEnable
                0x00000000       0x18 .\CortexM3\ARM_GCC_541\Debug\Lab2.a(CyLib.o)
 .text.CySysTickDisableInterrupt
                0x00000000       0x10 .\CortexM3\ARM_GCC_541\Debug\Lab2.a(CyLib.o)
 .text.CySysTickSetReload
                0x00000000       0x10 .\CortexM3\ARM_GCC_541\Debug\Lab2.a(CyLib.o)
 .text.CySysTickGetReload
                0x00000000       0x10 .\CortexM3\ARM_GCC_541\Debug\Lab2.a(CyLib.o)
 .text.CySysTickGetValue
                0x00000000       0x10 .\CortexM3\ARM_GCC_541\Debug\Lab2.a(CyLib.o)
 .text.CySysTickSetClockSource
                0x00000000       0x20 .\CortexM3\ARM_GCC_541\Debug\Lab2.a(CyLib.o)
 .text.CySysTickGetClockSource
                0x00000000       0x10 .\CortexM3\ARM_GCC_541\Debug\Lab2.a(CyLib.o)
 .text.CySysTickGetCountFlag
                0x00000000       0x10 .\CortexM3\ARM_GCC_541\Debug\Lab2.a(CyLib.o)
 .text.CySysTickServiceCallbacks
                0x00000000       0x28 .\CortexM3\ARM_GCC_541\Debug\Lab2.a(CyLib.o)
 .text.CySysTickClear
                0x00000000        0xc .\CortexM3\ARM_GCC_541\Debug\Lab2.a(CyLib.o)
 .text.CySysTickInit
                0x00000000       0x58 .\CortexM3\ARM_GCC_541\Debug\Lab2.a(CyLib.o)
 .text.CySysTickStart
                0x00000000       0x1c .\CortexM3\ARM_GCC_541\Debug\Lab2.a(CyLib.o)
 .text.CySysTickSetCallback
                0x00000000       0x10 .\CortexM3\ARM_GCC_541\Debug\Lab2.a(CyLib.o)
 .text.CySysTickGetCallback
                0x00000000       0x10 .\CortexM3\ARM_GCC_541\Debug\Lab2.a(CyLib.o)
 .text.CyGetUniqueId
                0x00000000       0x70 .\CortexM3\ARM_GCC_541\Debug\Lab2.a(CyLib.o)
 .text          0x00000000        0x0 .\CortexM3\ARM_GCC_541\Debug\Lab2.a(cyPm.o)
 .data          0x00000000        0x0 .\CortexM3\ARM_GCC_541\Debug\Lab2.a(cyPm.o)
 .bss           0x00000000       0x43 .\CortexM3\ARM_GCC_541\Debug\Lab2.a(cyPm.o)
 .text.CyPmHibSlpSaveSet
                0x00000000      0x1dc .\CortexM3\ARM_GCC_541\Debug\Lab2.a(cyPm.o)
 .text.CyPmHibSlpRestore
                0x00000000       0xd8 .\CortexM3\ARM_GCC_541\Debug\Lab2.a(cyPm.o)
 .text.CyPmHviLviSaveDisable
                0x00000000       0xa0 .\CortexM3\ARM_GCC_541\Debug\Lab2.a(cyPm.o)
 .text.CyPmHibSaveSet
                0x00000000       0x98 .\CortexM3\ARM_GCC_541\Debug\Lab2.a(cyPm.o)
 .text.CyPmHviLviRestore
                0x00000000       0x48 .\CortexM3\ARM_GCC_541\Debug\Lab2.a(cyPm.o)
 .text.CyPmHibRestore
                0x00000000       0x60 .\CortexM3\ARM_GCC_541\Debug\Lab2.a(cyPm.o)
 .text.CyPmSaveClocks
                0x00000000      0x218 .\CortexM3\ARM_GCC_541\Debug\Lab2.a(cyPm.o)
 .text.CyPmRestoreClocks
                0x00000000      0x24c .\CortexM3\ARM_GCC_541\Debug\Lab2.a(cyPm.o)
 .text.CyPmAltAct
                0x00000000       0x6c .\CortexM3\ARM_GCC_541\Debug\Lab2.a(cyPm.o)
 .text.CyPmSleep
                0x00000000       0xf4 .\CortexM3\ARM_GCC_541\Debug\Lab2.a(cyPm.o)
 .text.CyPmHibernateEx
                0x00000000       0xf4 .\CortexM3\ARM_GCC_541\Debug\Lab2.a(cyPm.o)
 .text.CyPmHibernate
                0x00000000        0xc .\CortexM3\ARM_GCC_541\Debug\Lab2.a(cyPm.o)
 .text.CyPmReadStatus
                0x00000000       0x30 .\CortexM3\ARM_GCC_541\Debug\Lab2.a(cyPm.o)
 .text.CyPmCtwSetInterval
                0x00000000       0x5c .\CortexM3\ARM_GCC_541\Debug\Lab2.a(cyPm.o)
 .text.CyPmOppsSet
                0x00000000       0x2c .\CortexM3\ARM_GCC_541\Debug\Lab2.a(cyPm.o)
 .text.CyPmFtwSetInterval
                0x00000000       0x5c .\CortexM3\ARM_GCC_541\Debug\Lab2.a(cyPm.o)
 .rodata        0x00000000        0xf .\CortexM3\ARM_GCC_541\Debug\Lab2.a(cyPm.o)
 .text          0x00000000        0x0 .\CortexM3\ARM_GCC_541\Debug\Lab2.a(cyutils.o)
 .data          0x00000000        0x0 .\CortexM3\ARM_GCC_541\Debug\Lab2.a(cyutils.o)
 .bss           0x00000000        0x0 .\CortexM3\ARM_GCC_541\Debug\Lab2.a(cyutils.o)
 .data          0x00000000        0x0 .\CortexM3\ARM_GCC_541\Debug\Lab2.a(CyBootAsmGnu.o)
 .bss           0x00000000        0x0 .\CortexM3\ARM_GCC_541\Debug\Lab2.a(CyBootAsmGnu.o)
 .text          0x00000000        0x0 .\CortexM3\ARM_GCC_541\Debug\Lab2.a(CyFlash.o)
 .data          0x00000000        0x0 .\CortexM3\ARM_GCC_541\Debug\Lab2.a(CyFlash.o)
 .bss           0x00000000        0x0 .\CortexM3\ARM_GCC_541\Debug\Lab2.a(CyFlash.o)
 .text.CySetTempInt
                0x00000000       0x60 .\CortexM3\ARM_GCC_541\Debug\Lab2.a(CyFlash.o)
 .text.CyFlash_Start
                0x00000000       0x54 .\CortexM3\ARM_GCC_541\Debug\Lab2.a(CyFlash.o)
 .text.CyFlash_Stop
                0x00000000       0x24 .\CortexM3\ARM_GCC_541\Debug\Lab2.a(CyFlash.o)
 .text.CyFlash_EraseRow
                0x00000000       0x78 .\CortexM3\ARM_GCC_541\Debug\Lab2.a(CyFlash.o)
 .text.CyFlashGetSpcAlgorithm
                0x00000000       0x4c .\CortexM3\ARM_GCC_541\Debug\Lab2.a(CyFlash.o)
 .text.CySetTemp
                0x00000000       0x14 .\CortexM3\ARM_GCC_541\Debug\Lab2.a(CyFlash.o)
 .text.CySetFlashEEBuffer
                0x00000000       0x20 .\CortexM3\ARM_GCC_541\Debug\Lab2.a(CyFlash.o)
 .text.CyWriteRowFull
                0x00000000       0xf8 .\CortexM3\ARM_GCC_541\Debug\Lab2.a(CyFlash.o)
 .text.CyWriteRowData
                0x00000000       0x14 .\CortexM3\ARM_GCC_541\Debug\Lab2.a(CyFlash.o)
 .text.CyFlash_SetWaitCycles
                0x00000000       0x7c .\CortexM3\ARM_GCC_541\Debug\Lab2.a(CyFlash.o)
 .text.CyEEPROM_Start
                0x00000000       0x54 .\CortexM3\ARM_GCC_541\Debug\Lab2.a(CyFlash.o)
 .text.CyEEPROM_Stop
                0x00000000       0x24 .\CortexM3\ARM_GCC_541\Debug\Lab2.a(CyFlash.o)
 .text.CyEEPROM_ReadReserve
                0x00000000       0x1c .\CortexM3\ARM_GCC_541\Debug\Lab2.a(CyFlash.o)
 .text.CyEEPROM_ReadRelease
                0x00000000       0x10 .\CortexM3\ARM_GCC_541\Debug\Lab2.a(CyFlash.o)
 COMMON         0x00000000        0x2 .\CortexM3\ARM_GCC_541\Debug\Lab2.a(CyFlash.o)
 .text          0x00000000        0x0 .\CortexM3\ARM_GCC_541\Debug\Lab2.a(CySpc.o)
 .data          0x00000000        0x0 .\CortexM3\ARM_GCC_541\Debug\Lab2.a(CySpc.o)
 .bss           0x00000000        0x8 .\CortexM3\ARM_GCC_541\Debug\Lab2.a(CySpc.o)
 .text.CySpcStart
                0x00000000       0x24 .\CortexM3\ARM_GCC_541\Debug\Lab2.a(CySpc.o)
 .text.CySpcStop
                0x00000000       0x24 .\CortexM3\ARM_GCC_541\Debug\Lab2.a(CySpc.o)
 .text.CySpcReadData
                0x00000000       0x34 .\CortexM3\ARM_GCC_541\Debug\Lab2.a(CySpc.o)
 .text.CySpcLoadMultiByte
                0x00000000       0x78 .\CortexM3\ARM_GCC_541\Debug\Lab2.a(CySpc.o)
 .text.CySpcLoadRow
                0x00000000       0x50 .\CortexM3\ARM_GCC_541\Debug\Lab2.a(CySpc.o)
 .text.CySpcLoadRowFull
                0x00000000       0x80 .\CortexM3\ARM_GCC_541\Debug\Lab2.a(CySpc.o)
 .text.CySpcWriteRow
                0x00000000       0x4c .\CortexM3\ARM_GCC_541\Debug\Lab2.a(CySpc.o)
 .text.CySpcEraseSector
                0x00000000       0x3c .\CortexM3\ARM_GCC_541\Debug\Lab2.a(CySpc.o)
 .text.CySpcEraseRow
                0x00000000       0x4c .\CortexM3\ARM_GCC_541\Debug\Lab2.a(CySpc.o)
 .text.CySpcGetTemp
                0x00000000       0x3c .\CortexM3\ARM_GCC_541\Debug\Lab2.a(CySpc.o)
 .text.CySpcLock
                0x00000000       0x4c .\CortexM3\ARM_GCC_541\Debug\Lab2.a(CySpc.o)
 .text.CySpcUnlock
                0x00000000       0x38 .\CortexM3\ARM_GCC_541\Debug\Lab2.a(CySpc.o)
 .text.CySpcGetAlgorithm
                0x00000000       0x28 .\CortexM3\ARM_GCC_541\Debug\Lab2.a(CySpc.o)
 .text          0x00000000      0x370 d:/cypress/psoc creator/4.4/psoc creator/import/gnu/arm/5.4.1/bin/../lib/gcc/arm-none-eabi/5.4.1/armv7-m\libgcc.a(_arm_addsubdf3.o)
 .data          0x00000000        0x0 d:/cypress/psoc creator/4.4/psoc creator/import/gnu/arm/5.4.1/bin/../lib/gcc/arm-none-eabi/5.4.1/armv7-m\libgcc.a(_arm_addsubdf3.o)
 .bss           0x00000000        0x0 d:/cypress/psoc creator/4.4/psoc creator/import/gnu/arm/5.4.1/bin/../lib/gcc/arm-none-eabi/5.4.1/armv7-m\libgcc.a(_arm_addsubdf3.o)
 .text          0x00000000      0x110 d:/cypress/psoc creator/4.4/psoc creator/import/gnu/arm/5.4.1/bin/../lib/gcc/arm-none-eabi/5.4.1/armv7-m\libgcc.a(_arm_cmpdf2.o)
 .data          0x00000000        0x0 d:/cypress/psoc creator/4.4/psoc creator/import/gnu/arm/5.4.1/bin/../lib/gcc/arm-none-eabi/5.4.1/armv7-m\libgcc.a(_arm_cmpdf2.o)
 .bss           0x00000000        0x0 d:/cypress/psoc creator/4.4/psoc creator/import/gnu/arm/5.4.1/bin/../lib/gcc/arm-none-eabi/5.4.1/armv7-m\libgcc.a(_arm_cmpdf2.o)
 .text          0x00000000      0x21c d:/cypress/psoc creator/4.4/psoc creator/import/gnu/arm/5.4.1/bin/../lib/gcc/arm-none-eabi/5.4.1/armv7-m\libgcc.a(_arm_addsubsf3.o)
 .data          0x00000000        0x0 d:/cypress/psoc creator/4.4/psoc creator/import/gnu/arm/5.4.1/bin/../lib/gcc/arm-none-eabi/5.4.1/armv7-m\libgcc.a(_arm_addsubsf3.o)
 .bss           0x00000000        0x0 d:/cypress/psoc creator/4.4/psoc creator/import/gnu/arm/5.4.1/bin/../lib/gcc/arm-none-eabi/5.4.1/armv7-m\libgcc.a(_arm_addsubsf3.o)
 .text          0x00000000      0x2a0 d:/cypress/psoc creator/4.4/psoc creator/import/gnu/arm/5.4.1/bin/../lib/gcc/arm-none-eabi/5.4.1/armv7-m\libgcc.a(_arm_muldivsf3.o)
 .data          0x00000000        0x0 d:/cypress/psoc creator/4.4/psoc creator/import/gnu/arm/5.4.1/bin/../lib/gcc/arm-none-eabi/5.4.1/armv7-m\libgcc.a(_arm_muldivsf3.o)
 .bss           0x00000000        0x0 d:/cypress/psoc creator/4.4/psoc creator/import/gnu/arm/5.4.1/bin/../lib/gcc/arm-none-eabi/5.4.1/armv7-m\libgcc.a(_arm_muldivsf3.o)
 .text          0x00000000       0x40 d:/cypress/psoc creator/4.4/psoc creator/import/gnu/arm/5.4.1/bin/../lib/gcc/arm-none-eabi/5.4.1/armv7-m\libgcc.a(_arm_fixunssfsi.o)
 .data          0x00000000        0x0 d:/cypress/psoc creator/4.4/psoc creator/import/gnu/arm/5.4.1/bin/../lib/gcc/arm-none-eabi/5.4.1/armv7-m\libgcc.a(_arm_fixunssfsi.o)
 .bss           0x00000000        0x0 d:/cypress/psoc creator/4.4/psoc creator/import/gnu/arm/5.4.1/bin/../lib/gcc/arm-none-eabi/5.4.1/armv7-m\libgcc.a(_arm_fixunssfsi.o)
 .text          0x00000000        0x0 d:/cypress/psoc creator/4.4/psoc creator/import/gnu/arm/5.4.1/bin/../lib/gcc/arm-none-eabi/5.4.1/../../../../arm-none-eabi/lib/armv7-m\libg_nano.a(lib_a-errno.o)
 .data          0x00000000        0x0 d:/cypress/psoc creator/4.4/psoc creator/import/gnu/arm/5.4.1/bin/../lib/gcc/arm-none-eabi/5.4.1/../../../../arm-none-eabi/lib/armv7-m\libg_nano.a(lib_a-errno.o)
 .bss           0x00000000        0x0 d:/cypress/psoc creator/4.4/psoc creator/import/gnu/arm/5.4.1/bin/../lib/gcc/arm-none-eabi/5.4.1/../../../../arm-none-eabi/lib/armv7-m\libg_nano.a(lib_a-errno.o)
 .text          0x00000000        0x0 d:/cypress/psoc creator/4.4/psoc creator/import/gnu/arm/5.4.1/bin/../lib/gcc/arm-none-eabi/5.4.1/../../../../arm-none-eabi/lib/armv7-m\libg_nano.a(lib_a-exit.o)
 .data          0x00000000        0x0 d:/cypress/psoc creator/4.4/psoc creator/import/gnu/arm/5.4.1/bin/../lib/gcc/arm-none-eabi/5.4.1/../../../../arm-none-eabi/lib/armv7-m\libg_nano.a(lib_a-exit.o)
 .bss           0x00000000        0x0 d:/cypress/psoc creator/4.4/psoc creator/import/gnu/arm/5.4.1/bin/../lib/gcc/arm-none-eabi/5.4.1/../../../../arm-none-eabi/lib/armv7-m\libg_nano.a(lib_a-exit.o)
 .text.exit     0x00000000       0x28 d:/cypress/psoc creator/4.4/psoc creator/import/gnu/arm/5.4.1/bin/../lib/gcc/arm-none-eabi/5.4.1/../../../../arm-none-eabi/lib/armv7-m\libg_nano.a(lib_a-exit.o)
 .text          0x00000000        0x0 d:/cypress/psoc creator/4.4/psoc creator/import/gnu/arm/5.4.1/bin/../lib/gcc/arm-none-eabi/5.4.1/../../../../arm-none-eabi/lib/armv7-m\libg_nano.a(lib_a-impure.o)
 .data          0x00000000        0x0 d:/cypress/psoc creator/4.4/psoc creator/import/gnu/arm/5.4.1/bin/../lib/gcc/arm-none-eabi/5.4.1/../../../../arm-none-eabi/lib/armv7-m\libg_nano.a(lib_a-impure.o)
 .bss           0x00000000        0x0 d:/cypress/psoc creator/4.4/psoc creator/import/gnu/arm/5.4.1/bin/../lib/gcc/arm-none-eabi/5.4.1/../../../../arm-none-eabi/lib/armv7-m\libg_nano.a(lib_a-impure.o)
 .rodata._global_impure_ptr
                0x00000000        0x4 d:/cypress/psoc creator/4.4/psoc creator/import/gnu/arm/5.4.1/bin/../lib/gcc/arm-none-eabi/5.4.1/../../../../arm-none-eabi/lib/armv7-m\libg_nano.a(lib_a-impure.o)
 .text          0x00000000        0x0 d:/cypress/psoc creator/4.4/psoc creator/import/gnu/arm/5.4.1/bin/../lib/gcc/arm-none-eabi/5.4.1/../../../../arm-none-eabi/lib/armv7-m\libg_nano.a(lib_a-init.o)
 .data          0x00000000        0x0 d:/cypress/psoc creator/4.4/psoc creator/import/gnu/arm/5.4.1/bin/../lib/gcc/arm-none-eabi/5.4.1/../../../../arm-none-eabi/lib/armv7-m\libg_nano.a(lib_a-init.o)
 .bss           0x00000000        0x0 d:/cypress/psoc creator/4.4/psoc creator/import/gnu/arm/5.4.1/bin/../lib/gcc/arm-none-eabi/5.4.1/../../../../arm-none-eabi/lib/armv7-m\libg_nano.a(lib_a-init.o)
 .text          0x00000000        0x0 d:/cypress/psoc creator/4.4/psoc creator/import/gnu/arm/5.4.1/bin/../lib/gcc/arm-none-eabi/5.4.1/../../../../arm-none-eabi/lib/armv7-m\libg_nano.a(lib_a-memcpy-stub.o)
 .data          0x00000000        0x0 d:/cypress/psoc creator/4.4/psoc creator/import/gnu/arm/5.4.1/bin/../lib/gcc/arm-none-eabi/5.4.1/../../../../arm-none-eabi/lib/armv7-m\libg_nano.a(lib_a-memcpy-stub.o)
 .bss           0x00000000        0x0 d:/cypress/psoc creator/4.4/psoc creator/import/gnu/arm/5.4.1/bin/../lib/gcc/arm-none-eabi/5.4.1/../../../../arm-none-eabi/lib/armv7-m\libg_nano.a(lib_a-memcpy-stub.o)
 .text          0x00000000        0x0 d:/cypress/psoc creator/4.4/psoc creator/import/gnu/arm/5.4.1/bin/../lib/gcc/arm-none-eabi/5.4.1/../../../../arm-none-eabi/lib/armv7-m\libg_nano.a(lib_a-memset.o)
 .data          0x00000000        0x0 d:/cypress/psoc creator/4.4/psoc creator/import/gnu/arm/5.4.1/bin/../lib/gcc/arm-none-eabi/5.4.1/../../../../arm-none-eabi/lib/armv7-m\libg_nano.a(lib_a-memset.o)
 .bss           0x00000000        0x0 d:/cypress/psoc creator/4.4/psoc creator/import/gnu/arm/5.4.1/bin/../lib/gcc/arm-none-eabi/5.4.1/../../../../arm-none-eabi/lib/armv7-m\libg_nano.a(lib_a-memset.o)
 .text          0x00000000        0x0 d:/cypress/psoc creator/4.4/psoc creator/import/gnu/arm/5.4.1/bin/../lib/gcc/arm-none-eabi/5.4.1/armv7-m/crtend.o
 .data          0x00000000        0x0 d:/cypress/psoc creator/4.4/psoc creator/import/gnu/arm/5.4.1/bin/../lib/gcc/arm-none-eabi/5.4.1/armv7-m/crtend.o
 .bss           0x00000000        0x0 d:/cypress/psoc creator/4.4/psoc creator/import/gnu/arm/5.4.1/bin/../lib/gcc/arm-none-eabi/5.4.1/armv7-m/crtend.o
 .text          0x00000000        0x0 d:/cypress/psoc creator/4.4/psoc creator/import/gnu/arm/5.4.1/bin/../lib/gcc/arm-none-eabi/5.4.1/armv7-m/crtn.o
 .data          0x00000000        0x0 d:/cypress/psoc creator/4.4/psoc creator/import/gnu/arm/5.4.1/bin/../lib/gcc/arm-none-eabi/5.4.1/armv7-m/crtn.o
 .bss           0x00000000        0x0 d:/cypress/psoc creator/4.4/psoc creator/import/gnu/arm/5.4.1/bin/../lib/gcc/arm-none-eabi/5.4.1/armv7-m/crtn.o

Memory Configuration

Name             Origin             Length             Attributes
rom              0x00000000         0x00040000         xr
ram              0x1fff8000         0x00010000         xrw
*default*        0x00000000         0xffffffff

Linker script and memory map

LOAD d:/cypress/psoc creator/4.4/psoc creator/import/gnu/arm/5.4.1/bin/../lib/gcc/arm-none-eabi/5.4.1/armv7-m/crti.o
LOAD d:/cypress/psoc creator/4.4/psoc creator/import/gnu/arm/5.4.1/bin/../lib/gcc/arm-none-eabi/5.4.1/armv7-m/crtbegin.o
LOAD d:/cypress/psoc creator/4.4/psoc creator/import/gnu/arm/5.4.1/bin/../lib/gcc/arm-none-eabi/5.4.1/../../../../arm-none-eabi/lib/armv7-m/crt0.o
START GROUP
LOAD .\CortexM3\ARM_GCC_541\Debug\main.o
LOAD .\CortexM3\ARM_GCC_541\Debug\cyfitter_cfg.o
LOAD .\CortexM3\ARM_GCC_541\Debug\cymetadata.o
LOAD .\CortexM3\ARM_GCC_541\Debug\Cm3Start.o
LOAD .\CortexM3\ARM_GCC_541\Debug\Lab2.a
LOAD D:\Cypress\PSoC Creator\4.4\PSoC Creator\psoc\content\cycomponentlibrary\CyComponentLibrary.cylib\CortexM3\ARM_GCC_541\Debug\CyComponentLibrary.a
END GROUP
START GROUP
LOAD d:/cypress/psoc creator/4.4/psoc creator/import/gnu/arm/5.4.1/bin/../lib/gcc/arm-none-eabi/5.4.1/armv7-m\libgcc.a
LOAD d:/cypress/psoc creator/4.4/psoc creator/import/gnu/arm/5.4.1/bin/../lib/gcc/arm-none-eabi/5.4.1/../../../../arm-none-eabi/lib/armv7-m\libg_nano.a
LOAD d:/cypress/psoc creator/4.4/psoc creator/import/gnu/arm/5.4.1/bin/../lib/gcc/arm-none-eabi/5.4.1/../../../../arm-none-eabi/lib/armv7-m\libc_nano.a
END GROUP
START GROUP
LOAD d:/cypress/psoc creator/4.4/psoc creator/import/gnu/arm/5.4.1/bin/../lib/gcc/arm-none-eabi/5.4.1/armv7-m\libgcc.a
LOAD d:/cypress/psoc creator/4.4/psoc creator/import/gnu/arm/5.4.1/bin/../lib/gcc/arm-none-eabi/5.4.1/../../../../arm-none-eabi/lib/armv7-m\libc_nano.a
END GROUP
LOAD d:/cypress/psoc creator/4.4/psoc creator/import/gnu/arm/5.4.1/bin/../lib/gcc/arm-none-eabi/5.4.1/armv7-m/crtend.o
LOAD d:/cypress/psoc creator/4.4/psoc creator/import/gnu/arm/5.4.1/bin/../lib/gcc/arm-none-eabi/5.4.1/armv7-m/crtn.o
START GROUP
LOAD d:/cypress/psoc creator/4.4/psoc creator/import/gnu/arm/5.4.1/bin/../lib/gcc/arm-none-eabi/5.4.1/armv7-m\libgcc.a
LOAD d:/cypress/psoc creator/4.4/psoc creator/import/gnu/arm/5.4.1/bin/../lib/gcc/arm-none-eabi/5.4.1/../../../../arm-none-eabi/lib/armv7-m\libc.a
LOAD d:/cypress/psoc creator/4.4/psoc creator/import/gnu/arm/5.4.1/bin/../lib/gcc/arm-none-eabi/5.4.1/../../../../arm-none-eabi/lib/armv7-m\libnosys.a
END GROUP
                0x00000000                CY_APPL_ORIGIN = 0x0
                0x00000100                CY_FLASH_ROW_SIZE = 0x100
                0x00000020                CY_ECC_ROW_SIZE = 0x20
                0x00000000                CY_EE_IN_BTLDR = 0x0
                0x00000000                CY_APPL_LOADABLE = 0x0
                0x00000800                CY_EE_SIZE = 0x800
                0x00000001                CY_APPL_NUM = 0x1
                0x00000001                CY_APPL_MAX = 0x1
                0x00000040                CY_METADATA_SIZE = 0x40
                0x00000000                CY_APPL_LOADABLE = 0x0
                0x00000000                CY_CHECKSUM_EXCLUDE_SIZE = ALIGN (0x0, CY_FLASH_ROW_SIZE)
                [!provide]                PROVIDE (__cy_heap_start, _end)
                0x00000001                PROVIDE (__cy_region_num, ((__cy_regions_end - __cy_regions) / 0x10))
                0x20008000                PROVIDE (__cy_stack, (ORIGIN (ram) + LENGTH (ram)))
                [!provide]                PROVIDE (__cy_heap_end, (__cy_stack - 0x800))

.cybootloader   0x00000000        0x0
 *(.cybootloader)
                0x00000000                appl1_start = CY_APPL_ORIGIN?CY_APPL_ORIGIN:ALIGN (CY_FLASH_ROW_SIZE)
                0x0001ff00                appl2_start = (appl1_start + ALIGN ((((LENGTH (rom) - appl1_start) - (0x2 * CY_FLASH_ROW_SIZE)) / 0x2), CY_FLASH_ROW_SIZE))
                0x00000000                appl_start = (CY_APPL_NUM == 0x1)?appl1_start:appl2_start
                0x00000000                ecc_offset = ((appl_start / CY_FLASH_ROW_SIZE) * CY_ECC_ROW_SIZE)
                0x00000000                ee_offset = (CY_APPL_LOADABLE && ! (CY_EE_IN_BTLDR))?((CY_EE_SIZE / CY_APPL_MAX) * (CY_APPL_NUM - 0x1)):0x0
                0x00000800                ee_size = (CY_APPL_LOADABLE && ! (CY_EE_IN_BTLDR))?(CY_EE_SIZE / CY_APPL_MAX):CY_EE_SIZE
                [!provide]                PROVIDE (CY_ECC_OFFSET, ecc_offset)

.text           0x00000000     0x141e
 CREATE_OBJECT_SYMBOLS
                0x00000000                PROVIDE (__cy_interrupt_vector, RomVectors)
 *(.romvectors)
 .romvectors    0x00000000       0x10 .\CortexM3\ARM_GCC_541\Debug\Cm3Start.o
                0x00000000                RomVectors
                0x00000001                ASSERT ((. != __cy_interrupt_vector), No interrupt vector)
                0x00000001                ASSERT (CY_APPL_ORIGIN?(SIZEOF (.cybootloader) <= CY_APPL_ORIGIN):0x1, Wrong image location)
                0x00000010                PROVIDE (__cy_reset, Reset)
 *(.text.Reset)
 .text.Reset    0x00000010       0x18 .\CortexM3\ARM_GCC_541\Debug\Cm3Start.o
                0x00000010                Reset
                0x00000001                ASSERT ((. != __cy_reset), No reset code)
 *(.dma_init)
                0x00000001                ASSERT ((((appl_start + .) <= 0x10000) || 0x1), DMA Init must be within the first 64k of flash)
 *(.text .text.* .gnu.linkonce.t.*)
 .text          0x00000028       0x5c d:/cypress/psoc creator/4.4/psoc creator/import/gnu/arm/5.4.1/bin/../lib/gcc/arm-none-eabi/5.4.1/armv7-m/crtbegin.o
 .text.handler  0x00000084       0x70 .\CortexM3\ARM_GCC_541\Debug\main.o
                0x00000084                handler
 .text.adc_task
                0x000000f4       0x3c .\CortexM3\ARM_GCC_541\Debug\main.o
                0x000000f4                adc_task
 .text.lcd_task
                0x00000130       0xa4 .\CortexM3\ARM_GCC_541\Debug\main.o
                0x00000130                lcd_task
 .text.select_task
                0x000001d4       0x18 .\CortexM3\ARM_GCC_541\Debug\main.o
                0x000001d4                select_task
 .text.main     0x000001ec       0x48 .\CortexM3\ARM_GCC_541\Debug\main.o
                0x000001ec                main
 .text.CyClockStartupError
                0x00000234        0x4 .\CortexM3\ARM_GCC_541\Debug\cyfitter_cfg.o
 .text.cfg_write_bytes32
                0x00000238       0x34 .\CortexM3\ARM_GCC_541\Debug\cyfitter_cfg.o
 .text.AnalogSetDefault
                0x0000026c       0x38 .\CortexM3\ARM_GCC_541\Debug\cyfitter_cfg.o
 .text.CYMEMZERO
                0x000002a4        0xc .\CortexM3\ARM_GCC_541\Debug\cyfitter_cfg.o
 .text.CYCONFIGCPY
                0x000002b0        0x8 .\CortexM3\ARM_GCC_541\Debug\cyfitter_cfg.o
 .text.ClockSetup
                0x000002b8       0xe4 .\CortexM3\ARM_GCC_541\Debug\cyfitter_cfg.o
 .text.ADC_AMux_Set
                0x0000039c       0x1c .\CortexM3\ARM_GCC_541\Debug\cyfitter_cfg.o
                0x0000039c                ADC_AMux_Set
 .text.ADC_AMux_Unset
                0x000003b8       0x1c .\CortexM3\ARM_GCC_541\Debug\cyfitter_cfg.o
                0x000003b8                ADC_AMux_Unset
 .text.cyfitter_cfg
                0x000003d4      0x12c .\CortexM3\ARM_GCC_541\Debug\cyfitter_cfg.o
                0x000003d4                cyfitter_cfg
 .text.IntDefaultHandler
                0x00000500       0x10 .\CortexM3\ARM_GCC_541\Debug\Cm3Start.o
                0x00000500                IntDefaultHandler
 .text.Start_c  0x00000510       0x4c .\CortexM3\ARM_GCC_541\Debug\Cm3Start.o
                0x00000510                Start_c
 .text.initialize_psoc
                0x0000055c       0x68 .\CortexM3\ARM_GCC_541\Debug\Cm3Start.o
                0x0000055c                initialize_psoc
 .text.GPIOJ11_Write
                0x000005c4       0x18 .\CortexM3\ARM_GCC_541\Debug\Lab2.a(GPIOJ11.o)
                0x000005c4                GPIOJ11_Write
 .text.GPIOJ11_Read
                0x000005dc       0x10 .\CortexM3\ARM_GCC_541\Debug\Lab2.a(GPIOJ11.o)
                0x000005dc                GPIOJ11_Read
 .text.GPIOJ12_Write
                0x000005ec       0x18 .\CortexM3\ARM_GCC_541\Debug\Lab2.a(GPIOJ12.o)
                0x000005ec                GPIOJ12_Write
 .text.GPIOJ12_Read
                0x00000604       0x10 .\CortexM3\ARM_GCC_541\Debug\Lab2.a(GPIOJ12.o)
                0x00000604                GPIOJ12_Read
 .text.GPIOJ13_Write
                0x00000614       0x18 .\CortexM3\ARM_GCC_541\Debug\Lab2.a(GPIOJ13.o)
                0x00000614                GPIOJ13_Write
 .text.GPIOJ13_Read
                0x0000062c       0x10 .\CortexM3\ARM_GCC_541\Debug\Lab2.a(GPIOJ13.o)
                0x0000062c                GPIOJ13_Read
 .text.LCD_WrCntrlNib
                0x0000063c       0x34 .\CortexM3\ARM_GCC_541\Debug\Lab2.a(LCD.o)
 .text.LCD_WrDatNib
                0x00000670       0x44 .\CortexM3\ARM_GCC_541\Debug\Lab2.a(LCD.o)
 .text.LCD_IsReady
                0x000006b4       0xe4 .\CortexM3\ARM_GCC_541\Debug\Lab2.a(LCD.o)
                0x000006b4                LCD_IsReady
 .text.LCD_WriteData
                0x00000798       0x18 .\CortexM3\ARM_GCC_541\Debug\Lab2.a(LCD.o)
                0x00000798                LCD_WriteData
 .text.LCD_PutChar
                0x000007b0        0x8 .\CortexM3\ARM_GCC_541\Debug\Lab2.a(LCD.o)
                0x000007b0                LCD_PutChar
 .text.LCD_WriteControl
                0x000007b8       0x18 .\CortexM3\ARM_GCC_541\Debug\Lab2.a(LCD.o)
                0x000007b8                LCD_WriteControl
 .text.LCD_Init
                0x000007d0       0x6c .\CortexM3\ARM_GCC_541\Debug\Lab2.a(LCD.o)
                0x000007d0                LCD_Init
 .text.LCD_Position
                0x0000083c       0x3c .\CortexM3\ARM_GCC_541\Debug\Lab2.a(LCD.o)
                0x0000083c                LCD_Position
 .text.Timer_Enable
                0x00000878       0x10 .\CortexM3\ARM_GCC_541\Debug\Lab2.a(Timer.o)
                0x00000878                Timer_Enable
 .text.Timer_SetInterruptMode
                0x00000888        0xc .\CortexM3\ARM_GCC_541\Debug\Lab2.a(Timer.o)
                0x00000888                Timer_SetInterruptMode
 .text.Timer_ReadStatusRegister
                0x00000894        0xc .\CortexM3\ARM_GCC_541\Debug\Lab2.a(Timer.o)
                0x00000894                Timer_ReadStatusRegister
 .text.Timer_WritePeriod
                0x000008a0       0x10 .\CortexM3\ARM_GCC_541\Debug\Lab2.a(Timer.o)
                0x000008a0                Timer_WritePeriod
 .text.Timer_ReadCapture
                0x000008b0       0x10 .\CortexM3\ARM_GCC_541\Debug\Lab2.a(Timer.o)
                0x000008b0                Timer_ReadCapture
 .text.Timer_WriteCounter
                0x000008c0       0x10 .\CortexM3\ARM_GCC_541\Debug\Lab2.a(Timer.o)
                0x000008c0                Timer_WriteCounter
 .text.Timer_ClearFIFO
                0x000008d0       0x14 .\CortexM3\ARM_GCC_541\Debug\Lab2.a(Timer.o)
                0x000008d0                Timer_ClearFIFO
 .text.Timer_Init
                0x000008e4       0x38 .\CortexM3\ARM_GCC_541\Debug\Lab2.a(Timer.o)
                0x000008e4                Timer_Init
 .text.Timer_Start
                0x0000091c       0x1c .\CortexM3\ARM_GCC_541\Debug\Lab2.a(Timer.o)
                0x0000091c                Timer_Start
 .text.isr_timer_SetVector
                0x00000938        0xc .\CortexM3\ARM_GCC_541\Debug\Lab2.a(isr_timer.o)
                0x00000938                isr_timer_SetVector
 .text.isr_timer_SetPriority
                0x00000944       0x10 .\CortexM3\ARM_GCC_541\Debug\Lab2.a(isr_timer.o)
                0x00000944                isr_timer_SetPriority
 .text.isr_timer_Enable
                0x00000954        0xc .\CortexM3\ARM_GCC_541\Debug\Lab2.a(isr_timer.o)
                0x00000954                isr_timer_Enable
 .text.isr_timer_Disable
                0x00000960        0xc .\CortexM3\ARM_GCC_541\Debug\Lab2.a(isr_timer.o)
                0x00000960                isr_timer_Disable
 .text.isr_timer_StartEx
                0x0000096c       0x1c .\CortexM3\ARM_GCC_541\Debug\Lab2.a(isr_timer.o)
                0x0000096c                isr_timer_StartEx
 .text.ADC_GainCompensation
                0x00000988       0xe0 .\CortexM3\ARM_GCC_541\Debug\Lab2.a(ADC.o)
 .text.ADC_SetDSMRef0Reg
                0x00000a68       0x4c .\CortexM3\ARM_GCC_541\Debug\Lab2.a(ADC.o)
 .text.ADC_InitConfig
                0x00000ab4      0x328 .\CortexM3\ARM_GCC_541\Debug\Lab2.a(ADC.o)
 .text.ADC_Init
                0x00000ddc      0x108 .\CortexM3\ARM_GCC_541\Debug\Lab2.a(ADC.o)
                0x00000ddc                ADC_Init
 .text.ADC_Enable
                0x00000ee4       0xd8 .\CortexM3\ARM_GCC_541\Debug\Lab2.a(ADC.o)
                0x00000ee4                ADC_Enable
 .text.ADC_Start
                0x00000fbc       0x28 .\CortexM3\ARM_GCC_541\Debug\Lab2.a(ADC.o)
                0x00000fbc                ADC_Start
 .text.ADC_StartConvert
                0x00000fe4       0x10 .\CortexM3\ARM_GCC_541\Debug\Lab2.a(ADC.o)
                0x00000fe4                ADC_StartConvert
 .text.ADC_IsEndConversion
                0x00000ff4       0x30 .\CortexM3\ARM_GCC_541\Debug\Lab2.a(ADC.o)
                0x00000ff4                ADC_IsEndConversion
 .text.ADC_GetResult16
                0x00001024       0x50 .\CortexM3\ARM_GCC_541\Debug\Lab2.a(ADC.o)
                0x00001024                ADC_GetResult16
 .text.ADC_ISR1
                0x00001074        0x4 .\CortexM3\ARM_GCC_541\Debug\Lab2.a(ADC_INT.o)
                0x00001074                ADC_ISR1
 .text.ADC_ISR2
                0x00001078        0x4 .\CortexM3\ARM_GCC_541\Debug\Lab2.a(ADC_INT.o)
                0x00001078                ADC_ISR2
 .text.ADC_ISR3
                0x0000107c        0x4 .\CortexM3\ARM_GCC_541\Debug\Lab2.a(ADC_INT.o)
                0x0000107c                ADC_ISR3
 .text.ADC_ISR4
                0x00001080        0x4 .\CortexM3\ARM_GCC_541\Debug\Lab2.a(ADC_INT.o)
                0x00001080                ADC_ISR4
 .text.ADC_AMux_Start
                0x00001084       0x20 .\CortexM3\ARM_GCC_541\Debug\Lab2.a(ADC_AMux.o)
                0x00001084                ADC_AMux_Start
 .text.ADC_AMux_Select
                0x000010a4       0x18 .\CortexM3\ARM_GCC_541\Debug\Lab2.a(ADC_AMux.o)
                0x000010a4                ADC_AMux_Select
 .text.ADC_Ext_CP_Clk_GetDividerRegister
                0x000010bc        0xc .\CortexM3\ARM_GCC_541\Debug\Lab2.a(ADC_Ext_CP_Clk.o)
                0x000010bc                ADC_Ext_CP_Clk_GetDividerRegister
 .text.ADC_Ext_CP_Clk_SetModeRegister
                0x000010c8       0x14 .\CortexM3\ARM_GCC_541\Debug\Lab2.a(ADC_Ext_CP_Clk.o)
                0x000010c8                ADC_Ext_CP_Clk_SetModeRegister
 .text.ADC_Ext_CP_Clk_GetSourceRegister
                0x000010dc       0x10 .\CortexM3\ARM_GCC_541\Debug\Lab2.a(ADC_Ext_CP_Clk.o)
                0x000010dc                ADC_Ext_CP_Clk_GetSourceRegister
 .text.ADC_Ext_CP_Clk_SetDividerRegister
                0x000010ec       0xd8 .\CortexM3\ARM_GCC_541\Debug\Lab2.a(ADC_Ext_CP_Clk.o)
                0x000010ec                ADC_Ext_CP_Clk_SetDividerRegister
 .text.ADC_theACLK_GetDividerRegister
                0x000011c4        0xc .\CortexM3\ARM_GCC_541\Debug\Lab2.a(ADC_theACLK.o)
                0x000011c4                ADC_theACLK_GetDividerRegister
 .text.ADC_theACLK_SetModeRegister
                0x000011d0       0x14 .\CortexM3\ARM_GCC_541\Debug\Lab2.a(ADC_theACLK.o)
                0x000011d0                ADC_theACLK_SetModeRegister
 .text.ADC_theACLK_GetSourceRegister
                0x000011e4       0x10 .\CortexM3\ARM_GCC_541\Debug\Lab2.a(ADC_theACLK.o)
                0x000011e4                ADC_theACLK_GetSourceRegister
 .text.ADC_theACLK_SetDividerRegister
                0x000011f4       0xd8 .\CortexM3\ARM_GCC_541\Debug\Lab2.a(ADC_theACLK.o)
                0x000011f4                ADC_theACLK_SetDividerRegister
 .text.CyHalt   0x000012cc        0x4 .\CortexM3\ARM_GCC_541\Debug\Lab2.a(CyLib.o)
                0x000012cc                CyHalt
 .text.CyDelay  0x000012d0       0x2c .\CortexM3\ARM_GCC_541\Debug\Lab2.a(CyLib.o)
                0x000012d0                CyDelay
 .text.CyDelayUs
                0x000012fc       0x14 .\CortexM3\ARM_GCC_541\Debug\Lab2.a(CyLib.o)
                0x000012fc                CyDelayUs
 .text.CyIntSetVector
                0x00001310       0x28 .\CortexM3\ARM_GCC_541\Debug\Lab2.a(CyLib.o)
                0x00001310                CyIntSetVector
 .text.CyIntSetPriority
                0x00001338       0x30 .\CortexM3\ARM_GCC_541\Debug\Lab2.a(CyLib.o)
                0x00001338                CyIntSetPriority
 .text.CySetReg24
                0x00001368       0x14 .\CortexM3\ARM_GCC_541\Debug\Lab2.a(cyutils.o)
                0x00001368                CySetReg24
 *fill*         0x0000137c        0x4 
 .text          0x00001380       0x20 .\CortexM3\ARM_GCC_541\Debug\Lab2.a(CyBootAsmGnu.o)
                0x00001380                CyDelayCycles
                0x00001390                CyEnterCriticalSection
                0x00001398                CyExitCriticalSection
 .text.__errno  0x000013a0        0xc d:/cypress/psoc creator/4.4/psoc creator/import/gnu/arm/5.4.1/bin/../lib/gcc/arm-none-eabi/5.4.1/../../../../arm-none-eabi/lib/armv7-m\libg_nano.a(lib_a-errno.o)
                0x000013a0                __errno
 .text.__libc_init_array
                0x000013ac       0x4c d:/cypress/psoc creator/4.4/psoc creator/import/gnu/arm/5.4.1/bin/../lib/gcc/arm-none-eabi/5.4.1/../../../../arm-none-eabi/lib/armv7-m\libg_nano.a(lib_a-init.o)
                0x000013ac                __libc_init_array
 .text.memcpy   0x000013f8       0x16 d:/cypress/psoc creator/4.4/psoc creator/import/gnu/arm/5.4.1/bin/../lib/gcc/arm-none-eabi/5.4.1/../../../../arm-none-eabi/lib/armv7-m\libg_nano.a(lib_a-memcpy-stub.o)
                0x000013f8                memcpy
 .text.memset   0x0000140e       0x10 d:/cypress/psoc creator/4.4/psoc creator/import/gnu/arm/5.4.1/bin/../lib/gcc/arm-none-eabi/5.4.1/../../../../arm-none-eabi/lib/armv7-m\libg_nano.a(lib_a-memset.o)
                0x0000140e                memset
 *(.plt)
 *(.gnu.warning)
 *(.glue_7t)
 .glue_7t       0x0000141e        0x0 linker stubs
 *(.glue_7)
 .glue_7        0x0000141e        0x0 linker stubs
 *(.vfp11_veneer)
 .vfp11_veneer  0x0000141e        0x0 linker stubs
 *(.bootloader)
 *(.ARM.extab* .gnu.linkonce.armextab.*)
 *(.gcc_except_table)

.v4_bx          0x00001420        0x0
 .v4_bx         0x00001420        0x0 linker stubs

.iplt           0x00001420        0x0
 .iplt          0x00001420        0x0 d:/cypress/psoc creator/4.4/psoc creator/import/gnu/arm/5.4.1/bin/../lib/gcc/arm-none-eabi/5.4.1/armv7-m/crtbegin.o

.eh_frame_hdr
 *(.eh_frame_hdr)

.eh_frame       0x00001420        0x4
 *(.eh_frame)
 .eh_frame      0x00001420        0x0 d:/cypress/psoc creator/4.4/psoc creator/import/gnu/arm/5.4.1/bin/../lib/gcc/arm-none-eabi/5.4.1/armv7-m/crtbegin.o
 .eh_frame      0x00001420        0x4 d:/cypress/psoc creator/4.4/psoc creator/import/gnu/arm/5.4.1/bin/../lib/gcc/arm-none-eabi/5.4.1/armv7-m/crtend.o
                [!provide]                PROVIDE (__exidx_start, .)

.ARM.exidx
 *(.ARM.exidx* .gnu.linkonce.armexidx.*)
                0x00001424                __exidx_end = .

.rodata         0x00001424       0x6c
 *(.rodata .rodata.* .gnu.linkonce.r.*)
 .rodata        0x00001424       0x30 .\CortexM3\ARM_GCC_541\Debug\cyfitter_cfg.o
                0x00001424                ADC_AMux__addrTable
                0x0000142c                ADC_AMux__maskTable
 .rodata.str1.1
                0x00001454        0x2 d:/cypress/psoc creator/4.4/psoc creator/import/gnu/arm/5.4.1/bin/../lib/gcc/arm-none-eabi/5.4.1/../../../../arm-none-eabi/lib/armv7-m\libg_nano.a(lib_a-impure.o)
                0x00001458                . = ALIGN (0x4)
 *fill*         0x00001456        0x2 
 *(.init)
 .init          0x00001458        0x4 d:/cypress/psoc creator/4.4/psoc creator/import/gnu/arm/5.4.1/bin/../lib/gcc/arm-none-eabi/5.4.1/armv7-m/crti.o
                0x00001458                _init
 .init          0x0000145c        0x8 d:/cypress/psoc creator/4.4/psoc creator/import/gnu/arm/5.4.1/bin/../lib/gcc/arm-none-eabi/5.4.1/armv7-m/crtn.o
                0x00001464                . = ALIGN (0x4)
                0x00001464                __preinit_array_start = .
 *(.preinit_array)
                0x00001464                __preinit_array_end = .
                0x00001464                . = ALIGN (0x4)
                0x00001464                __init_array_start = .
 *(SORT(.init_array.*))
 *(.init_array)
 .init_array    0x00001464        0x4 d:/cypress/psoc creator/4.4/psoc creator/import/gnu/arm/5.4.1/bin/../lib/gcc/arm-none-eabi/5.4.1/armv7-m/crtbegin.o
 .init_array    0x00001468        0x4 .\CortexM3\ARM_GCC_541\Debug\Cm3Start.o
                0x0000146c                __init_array_end = .
                0x0000146c                . = ALIGN (0x4)
 *(.fini)
 .fini          0x0000146c        0x4 d:/cypress/psoc creator/4.4/psoc creator/import/gnu/arm/5.4.1/bin/../lib/gcc/arm-none-eabi/5.4.1/armv7-m/crti.o
                0x0000146c                _fini
 .fini          0x00001470        0x8 d:/cypress/psoc creator/4.4/psoc creator/import/gnu/arm/5.4.1/bin/../lib/gcc/arm-none-eabi/5.4.1/armv7-m/crtn.o
                0x00001478                . = ALIGN (0x4)
                0x00001478                __fini_array_start = .
 *(.fini_array)
 .fini_array    0x00001478        0x4 d:/cypress/psoc creator/4.4/psoc creator/import/gnu/arm/5.4.1/bin/../lib/gcc/arm-none-eabi/5.4.1/armv7-m/crtbegin.o
 *(SORT(.fini_array.*))
                0x0000147c                __fini_array_end = .
                0x0000147c                . = ALIGN (0x4)
 *crtbegin.o(.ctors)
 *(EXCLUDE_FILE(*crtend.o) .ctors)
 *(SORT(.ctors.*))
 *crtend.o(.ctors)
                0x0000147c                . = ALIGN (0x4)
 *crtbegin.o(.dtors)
 *(EXCLUDE_FILE(*crtend.o) .dtors)
 *(SORT(.dtors.*))
 *crtend.o(.dtors)
                0x0000147c                . = ALIGN (0x4)
                0x0000147c                __cy_regions = .
                0x0000147c        0x4 LONG 0x1490 __cy_region_init_ram
                0x00001480        0x4 LONG 0x1fff80c8 __cy_region_start_data
                0x00001484        0x4 LONG 0xa0 __cy_region_init_size_ram
                0x00001488        0x4 LONG 0x48 __cy_region_zero_size_ram
                0x0000148c                __cy_regions_end = .
                0x00001490                . = ALIGN (0x8)
 *fill*         0x0000148c        0x4 
                0x00001490                _etext = .

.cy_checksum_exclude
                0x00001490        0x0
 *(.cy_checksum_exclude)

.ramvectors     0x1fff8000       0xc0
                0x1fff8000                __cy_region_start_ram = .
 *(.ramvectors)
 .ramvectors    0x1fff8000       0xc0 .\CortexM3\ARM_GCC_541\Debug\Cm3Start.o
                0x1fff8000                CyRamVectors

.noinit         0x1fff80c0        0x1
 *(.noinit)
 .noinit        0x1fff80c0        0x1 .\CortexM3\ARM_GCC_541\Debug\Lab2.a(CyLib.o)
                0x1fff80c0                CyResetStatus

.data           0x1fff80c8       0xa0 load address 0x00001490
                0x1fff80c8                __cy_region_start_data = .
 *(.jcr)
 .jcr           0x1fff80c8        0x0 d:/cypress/psoc creator/4.4/psoc creator/import/gnu/arm/5.4.1/bin/../lib/gcc/arm-none-eabi/5.4.1/armv7-m/crtbegin.o
 .jcr           0x1fff80c8        0x4 d:/cypress/psoc creator/4.4/psoc creator/import/gnu/arm/5.4.1/bin/../lib/gcc/arm-none-eabi/5.4.1/armv7-m/crtend.o
 *(.got.plt)
 *(.got)
 *(.shdata)
 *(.data .data.* .gnu.linkonce.d.*)
 .data          0x1fff80cc       0x22 .\CortexM3\ARM_GCC_541\Debug\main.o
                0x1fff80cc                scheduler
                0x1fff80e0                msg
 .data          0x1fff80ee        0x1 .\CortexM3\ARM_GCC_541\Debug\Lab2.a(ADC.o)
                0x1fff80ee                ADC_Config
 .data          0x1fff80ef        0x1 .\CortexM3\ARM_GCC_541\Debug\Lab2.a(ADC_AMux.o)
 .data          0x1fff80f0       0x10 .\CortexM3\ARM_GCC_541\Debug\Lab2.a(CyLib.o)
                0x1fff80f0                cydelay_32k_ms
                0x1fff80f4                cydelay_freq_khz
                0x1fff80f8                cydelay_freq_mhz
                0x1fff80fc                cydelay_freq_hz
 .data.impure_data
                0x1fff8100       0x60 d:/cypress/psoc creator/4.4/psoc creator/import/gnu/arm/5.4.1/bin/../lib/gcc/arm-none-eabi/5.4.1/../../../../arm-none-eabi/lib/armv7-m\libg_nano.a(lib_a-impure.o)
 .data._impure_ptr
                0x1fff8160        0x4 d:/cypress/psoc creator/4.4/psoc creator/import/gnu/arm/5.4.1/bin/../lib/gcc/arm-none-eabi/5.4.1/../../../../arm-none-eabi/lib/armv7-m\libg_nano.a(lib_a-impure.o)
                0x1fff8160                _impure_ptr
                0x1fff8168                . = ALIGN (0x8)
 *fill*         0x1fff8164        0x4 
 *(.ram)
                0x1fff8168                _edata = .

.igot.plt       0x1fff8168        0x0 load address 0x00001530
 .igot.plt      0x1fff8168        0x0 d:/cypress/psoc creator/4.4/psoc creator/import/gnu/arm/5.4.1/bin/../lib/gcc/arm-none-eabi/5.4.1/armv7-m/crtbegin.o

.bss            0x1fff8168       0x48 load address 0x00001530
                0x1fff8168                PROVIDE (__bss_start__, .)
 *(.shbss)
 *(.bss .bss.* .gnu.linkonce.b.*)
 .bss           0x1fff8168       0x1c d:/cypress/psoc creator/4.4/psoc creator/import/gnu/arm/5.4.1/bin/../lib/gcc/arm-none-eabi/5.4.1/armv7-m/crtbegin.o
 .bss           0x1fff8184        0xc .\CortexM3\ARM_GCC_541\Debug\main.o
                0x1fff8184                counter
                0x1fff8188                flags
                0x1fff818c                adc_result
                0x1fff818e                lcd_counter
                0x1fff818f                lcd_shift
 .bss           0x1fff8190        0x1 .\CortexM3\ARM_GCC_541\Debug\Lab2.a(Timer.o)
                0x1fff8190                Timer_initVar
 *fill*         0x1fff8191        0x3 
 .bss           0x1fff8194       0x18 .\CortexM3\ARM_GCC_541\Debug\Lab2.a(ADC.o)
                0x1fff81a4                ADC_stopConversion
                0x1fff81a5                ADC_convDone
                0x1fff81a6                ADC_initVar
                0x1fff81a7                ADC_started
                0x1fff81a8                ADC_Offset
 *(COMMON)
 COMMON         0x1fff81ac        0x4 .\CortexM3\ARM_GCC_541\Debug\Lab2.a(ADC.o)
                0x1fff81ac                ADC_CountsPerVolt
                0x1fff81b0                . = ALIGN (0x8)
 *(.ram.b)
                0x1fff81b0                _end = .
                0x1fff81b0                __end = .
                0x1fff81b0                PROVIDE (end, .)
                0x1fff81b0                PROVIDE (__bss_end__, .)
                0x00001490                __cy_region_init_ram = LOADADDR (.data)
                0x000000a0                __cy_region_init_size_ram = (_edata - ADDR (.data))
                0x00000048                __cy_region_zero_size_ram = (_end - _edata)

.heap           0x1fff81b0       0x80 load address 0x00001530
                0x1fff81b0                . = _end
                0x1fff8230                . = (. + 0x80)
 *fill*         0x1fff81b0       0x80 
                0x1fff8230                __cy_heap_limit = .

.stack          0x20007800      0x800
                0x20007800                __cy_stack_limit = .
                0x20008000                . = (. + 0x800)
 *fill*         0x20007800      0x800 
                0x00000001                ASSERT ((__cy_stack_limit >= __cy_heap_limit), region RAM overflowed with stack)
                0x00000000                cy_checksum_exclude_size = (CY_APPL_LOADABLE == 0x1)?SIZEOF (.cy_checksum_exclude):0x0
                0x00000001                ASSERT ((cy_checksum_exclude_size <= CY_CHECKSUM_EXCLUDE_SIZE), CY_BOOT: Section .cy_checksum_exclude size exceedes specified limit.)

.cyloadermeta
 *(.cyloadermeta)

.cyloadablemeta
 *(.cyloadablemeta)

.cyconfigecc    0x80000000      0x19c
 *(.cyconfigecc)
 .cyconfigecc   0x80000000      0x19c .\CortexM3\ARM_GCC_541\Debug\cymetadata.o
                0x80000000                cy_meta_configecc

.cycustnvl      0x90000000        0x4
 *(.cycustnvl)
 .cycustnvl     0x90000000        0x4 .\CortexM3\ARM_GCC_541\Debug\cymetadata.o
                0x90000000                cy_meta_custnvl

.cywolatch      0x90100000        0x4
 *(.cywolatch)
 .cywolatch     0x90100000        0x4 .\CortexM3\ARM_GCC_541\Debug\cymetadata.o
                0x90100000                cy_meta_wonvl

.cyeeprom       0x90200000        0x0
 *(.cyeeprom)
                0x00000001                ASSERT ((. <= ((0x90200000 + ee_offset) + ee_size)), .cyeeprom data will not fit in EEPROM)

.cyflashprotect
                0x90400000      0x100
 *(.cyflashprotect)
 .cyflashprotect
                0x90400000      0x100 .\CortexM3\ARM_GCC_541\Debug\cymetadata.o
                0x90400000                cy_meta_flashprotect

.cymeta         0x90500000        0xc
 *(.cymeta)
 .cymeta        0x90500000        0xc .\CortexM3\ARM_GCC_541\Debug\cymetadata.o
                0x90500000                cy_metadata

.rel.dyn        0x00001530        0x0 load address 0x9050000c
 .rel.iplt      0x00001530        0x0 d:/cypress/psoc creator/4.4/psoc creator/import/gnu/arm/5.4.1/bin/../lib/gcc/arm-none-eabi/5.4.1/armv7-m/crtbegin.o

.stab
 *(.stab)

.stabstr
 *(.stabstr)

.debug
 *(.debug)

.line
 *(.line)

.debug_srcinfo
 *(.debug_srcinfo)

.debug_sfnames
 *(.debug_sfnames)

.debug_aranges  0x00000000      0xa28
 *(.debug_aranges)
 .debug_aranges
                0x00000000       0x50 .\CortexM3\ARM_GCC_541\Debug\main.o
 .debug_aranges
                0x00000050       0x68 .\CortexM3\ARM_GCC_541\Debug\cyfitter_cfg.o
 .debug_aranges
                0x000000b8       0x18 .\CortexM3\ARM_GCC_541\Debug\cymetadata.o
 .debug_aranges
                0x000000d0       0x48 .\CortexM3\ARM_GCC_541\Debug\Cm3Start.o
 .debug_aranges
                0x00000118       0x38 .\CortexM3\ARM_GCC_541\Debug\Lab2.a(GPIOJ11.o)
 .debug_aranges
                0x00000150       0x38 .\CortexM3\ARM_GCC_541\Debug\Lab2.a(GPIOJ12.o)
 .debug_aranges
                0x00000188       0x38 .\CortexM3\ARM_GCC_541\Debug\Lab2.a(GPIOJ13.o)
 .debug_aranges
                0x000001c0       0x98 .\CortexM3\ARM_GCC_541\Debug\Lab2.a(LCD.o)
 .debug_aranges
                0x00000258       0x90 .\CortexM3\ARM_GCC_541\Debug\Lab2.a(Timer.o)
 .debug_aranges
                0x000002e8       0x80 .\CortexM3\ARM_GCC_541\Debug\Lab2.a(isr_timer.o)
 .debug_aranges
                0x00000368       0xe8 .\CortexM3\ARM_GCC_541\Debug\Lab2.a(ADC.o)
 .debug_aranges
                0x00000450       0x38 .\CortexM3\ARM_GCC_541\Debug\Lab2.a(ADC_INT.o)
 .debug_aranges
                0x00000488       0x30 .\CortexM3\ARM_GCC_541\Debug\Lab2.a(ADC_AMux.o)
 .debug_aranges
                0x000004b8       0x70 .\CortexM3\ARM_GCC_541\Debug\Lab2.a(ADC_Ext_CP_Clk.o)
 .debug_aranges
                0x00000528       0x80 .\CortexM3\ARM_GCC_541\Debug\Lab2.a(ADC_theACLK.o)
 .debug_aranges
                0x000005a8      0x2a0 .\CortexM3\ARM_GCC_541\Debug\Lab2.a(CyLib.o)
 .debug_aranges
                0x00000848       0x98 .\CortexM3\ARM_GCC_541\Debug\Lab2.a(cyPm.o)
 .debug_aranges
                0x000008e0       0x20 .\CortexM3\ARM_GCC_541\Debug\Lab2.a(cyutils.o)
 .debug_aranges
                0x00000900       0x20 .\CortexM3\ARM_GCC_541\Debug\Lab2.a(CyBootAsmGnu.o)
 .debug_aranges
                0x00000920       0x88 .\CortexM3\ARM_GCC_541\Debug\Lab2.a(CyFlash.o)
 .debug_aranges
                0x000009a8       0x80 .\CortexM3\ARM_GCC_541\Debug\Lab2.a(CySpc.o)

.debug_pubnames
 *(.debug_pubnames)

.debug_info     0x00000000     0x5dcc
 *(.debug_info .gnu.linkonce.wi.*)
 .debug_info    0x00000000      0x44a .\CortexM3\ARM_GCC_541\Debug\main.o
 .debug_info    0x0000044a      0x60b .\CortexM3\ARM_GCC_541\Debug\cyfitter_cfg.o
 .debug_info    0x00000a55      0x135 .\CortexM3\ARM_GCC_541\Debug\cymetadata.o
 .debug_info    0x00000b8a      0x3bb .\CortexM3\ARM_GCC_541\Debug\Cm3Start.o
 .debug_info    0x00000f45      0x11f .\CortexM3\ARM_GCC_541\Debug\Lab2.a(GPIOJ11.o)
 .debug_info    0x00001064      0x11f .\CortexM3\ARM_GCC_541\Debug\Lab2.a(GPIOJ12.o)
 .debug_info    0x00001183      0x11f .\CortexM3\ARM_GCC_541\Debug\Lab2.a(GPIOJ13.o)
 .debug_info    0x000012a2      0x715 .\CortexM3\ARM_GCC_541\Debug\Lab2.a(LCD.o)
 .debug_info    0x000019b7      0x332 .\CortexM3\ARM_GCC_541\Debug\Lab2.a(Timer.o)
 .debug_info    0x00001ce9      0x2d2 .\CortexM3\ARM_GCC_541\Debug\Lab2.a(isr_timer.o)
 .debug_info    0x00001fbb      0xbed .\CortexM3\ARM_GCC_541\Debug\Lab2.a(ADC.o)
 .debug_info    0x00002ba8       0xd3 .\CortexM3\ARM_GCC_541\Debug\Lab2.a(ADC_INT.o)
 .debug_info    0x00002c7b      0x165 .\CortexM3\ARM_GCC_541\Debug\Lab2.a(ADC_AMux.o)
 .debug_info    0x00002de0      0x283 .\CortexM3\ARM_GCC_541\Debug\Lab2.a(ADC_Ext_CP_Clk.o)
 .debug_info    0x00003063      0x2c4 .\CortexM3\ARM_GCC_541\Debug\Lab2.a(ADC_theACLK.o)
 .debug_info    0x00003327     0x1374 .\CortexM3\ARM_GCC_541\Debug\Lab2.a(CyLib.o)
 .debug_info    0x0000469b      0xa2a .\CortexM3\ARM_GCC_541\Debug\Lab2.a(cyPm.o)
 .debug_info    0x000050c5       0xee .\CortexM3\ARM_GCC_541\Debug\Lab2.a(cyutils.o)
 .debug_info    0x000051b3       0x7c .\CortexM3\ARM_GCC_541\Debug\Lab2.a(CyBootAsmGnu.o)
 .debug_info    0x0000522f      0x64d .\CortexM3\ARM_GCC_541\Debug\Lab2.a(CyFlash.o)
 .debug_info    0x0000587c      0x550 .\CortexM3\ARM_GCC_541\Debug\Lab2.a(CySpc.o)

.debug_abbrev   0x00000000     0x18bd
 *(.debug_abbrev)
 .debug_abbrev  0x00000000      0x178 .\CortexM3\ARM_GCC_541\Debug\main.o
 .debug_abbrev  0x00000178      0x21e .\CortexM3\ARM_GCC_541\Debug\cyfitter_cfg.o
 .debug_abbrev  0x00000396       0x66 .\CortexM3\ARM_GCC_541\Debug\cymetadata.o
 .debug_abbrev  0x000003fc      0x1e8 .\CortexM3\ARM_GCC_541\Debug\Cm3Start.o
 .debug_abbrev  0x000005e4       0x90 .\CortexM3\ARM_GCC_541\Debug\Lab2.a(GPIOJ11.o)
 .debug_abbrev  0x00000674       0x90 .\CortexM3\ARM_GCC_541\Debug\Lab2.a(GPIOJ12.o)
 .debug_abbrev  0x00000704       0x90 .\CortexM3\ARM_GCC_541\Debug\Lab2.a(GPIOJ13.o)
 .debug_abbrev  0x00000794      0x157 .\CortexM3\ARM_GCC_541\Debug\Lab2.a(LCD.o)
 .debug_abbrev  0x000008eb      0x14b .\CortexM3\ARM_GCC_541\Debug\Lab2.a(Timer.o)
 .debug_abbrev  0x00000a36      0x173 .\CortexM3\ARM_GCC_541\Debug\Lab2.a(isr_timer.o)
 .debug_abbrev  0x00000ba9      0x1eb .\CortexM3\ARM_GCC_541\Debug\Lab2.a(ADC.o)
 .debug_abbrev  0x00000d94       0x42 .\CortexM3\ARM_GCC_541\Debug\Lab2.a(ADC_INT.o)
 .debug_abbrev  0x00000dd6       0xb1 .\CortexM3\ARM_GCC_541\Debug\Lab2.a(ADC_AMux.o)
 .debug_abbrev  0x00000e87      0x139 .\CortexM3\ARM_GCC_541\Debug\Lab2.a(ADC_Ext_CP_Clk.o)
 .debug_abbrev  0x00000fc0      0x121 .\CortexM3\ARM_GCC_541\Debug\Lab2.a(ADC_theACLK.o)
 .debug_abbrev  0x000010e1      0x254 .\CortexM3\ARM_GCC_541\Debug\Lab2.a(CyLib.o)
 .debug_abbrev  0x00001335      0x1ab .\CortexM3\ARM_GCC_541\Debug\Lab2.a(cyPm.o)
 .debug_abbrev  0x000014e0       0x8e .\CortexM3\ARM_GCC_541\Debug\Lab2.a(cyutils.o)
 .debug_abbrev  0x0000156e       0x14 .\CortexM3\ARM_GCC_541\Debug\Lab2.a(CyBootAsmGnu.o)
 .debug_abbrev  0x00001582      0x1a7 .\CortexM3\ARM_GCC_541\Debug\Lab2.a(CyFlash.o)
 .debug_abbrev  0x00001729      0x194 .\CortexM3\ARM_GCC_541\Debug\Lab2.a(CySpc.o)

.debug_line     0x00000000     0x2662
 *(.debug_line)
 .debug_line    0x00000000      0x24a .\CortexM3\ARM_GCC_541\Debug\main.o
 .debug_line    0x0000024a      0x1f1 .\CortexM3\ARM_GCC_541\Debug\cyfitter_cfg.o
 .debug_line    0x0000043b      0x119 .\CortexM3\ARM_GCC_541\Debug\cymetadata.o
 .debug_line    0x00000554      0x20c .\CortexM3\ARM_GCC_541\Debug\Cm3Start.o
 .debug_line    0x00000760       0x94 .\CortexM3\ARM_GCC_541\Debug\Lab2.a(GPIOJ11.o)
 .debug_line    0x000007f4       0x94 .\CortexM3\ARM_GCC_541\Debug\Lab2.a(GPIOJ12.o)
 .debug_line    0x00000888       0x94 .\CortexM3\ARM_GCC_541\Debug\Lab2.a(GPIOJ13.o)
 .debug_line    0x0000091c      0x1dc .\CortexM3\ARM_GCC_541\Debug\Lab2.a(LCD.o)
 .debug_line    0x00000af8      0x170 .\CortexM3\ARM_GCC_541\Debug\Lab2.a(Timer.o)
 .debug_line    0x00000c68      0x136 .\CortexM3\ARM_GCC_541\Debug\Lab2.a(isr_timer.o)
 .debug_line    0x00000d9e      0x3c1 .\CortexM3\ARM_GCC_541\Debug\Lab2.a(ADC.o)
 .debug_line    0x0000115f       0x80 .\CortexM3\ARM_GCC_541\Debug\Lab2.a(ADC_INT.o)
 .debug_line    0x000011df       0xac .\CortexM3\ARM_GCC_541\Debug\Lab2.a(ADC_AMux.o)
 .debug_line    0x0000128b      0x17d .\CortexM3\ARM_GCC_541\Debug\Lab2.a(ADC_Ext_CP_Clk.o)
 .debug_line    0x00001408      0x19d .\CortexM3\ARM_GCC_541\Debug\Lab2.a(ADC_theACLK.o)
 .debug_line    0x000015a5      0x816 .\CortexM3\ARM_GCC_541\Debug\Lab2.a(CyLib.o)
 .debug_line    0x00001dbb      0x367 .\CortexM3\ARM_GCC_541\Debug\Lab2.a(cyPm.o)
 .debug_line    0x00002122       0x60 .\CortexM3\ARM_GCC_541\Debug\Lab2.a(cyutils.o)
 .debug_line    0x00002182       0x66 .\CortexM3\ARM_GCC_541\Debug\Lab2.a(CyBootAsmGnu.o)
 .debug_line    0x000021e8      0x21a .\CortexM3\ARM_GCC_541\Debug\Lab2.a(CyFlash.o)
 .debug_line    0x00002402      0x260 .\CortexM3\ARM_GCC_541\Debug\Lab2.a(CySpc.o)

.debug_frame    0x00000000     0x19cc
 *(.debug_frame)
 .debug_frame   0x00000000       0xc0 .\CortexM3\ARM_GCC_541\Debug\main.o
 .debug_frame   0x000000c0      0x104 .\CortexM3\ARM_GCC_541\Debug\cyfitter_cfg.o
 .debug_frame   0x000001c4       0xb8 .\CortexM3\ARM_GCC_541\Debug\Cm3Start.o
 .debug_frame   0x0000027c       0x50 .\CortexM3\ARM_GCC_541\Debug\Lab2.a(GPIOJ11.o)
 .debug_frame   0x000002cc       0x50 .\CortexM3\ARM_GCC_541\Debug\Lab2.a(GPIOJ12.o)
 .debug_frame   0x0000031c       0x50 .\CortexM3\ARM_GCC_541\Debug\Lab2.a(GPIOJ13.o)
 .debug_frame   0x0000036c      0x1e8 .\CortexM3\ARM_GCC_541\Debug\Lab2.a(LCD.o)
 .debug_frame   0x00000554      0x13c .\CortexM3\ARM_GCC_541\Debug\Lab2.a(Timer.o)
 .debug_frame   0x00000690      0x104 .\CortexM3\ARM_GCC_541\Debug\Lab2.a(isr_timer.o)
 .debug_frame   0x00000794      0x284 .\CortexM3\ARM_GCC_541\Debug\Lab2.a(ADC.o)
 .debug_frame   0x00000a18       0x50 .\CortexM3\ARM_GCC_541\Debug\Lab2.a(ADC_INT.o)
 .debug_frame   0x00000a68       0x64 .\CortexM3\ARM_GCC_541\Debug\Lab2.a(ADC_AMux.o)
 .debug_frame   0x00000acc       0xe0 .\CortexM3\ARM_GCC_541\Debug\Lab2.a(ADC_Ext_CP_Clk.o)
 .debug_frame   0x00000bac      0x100 .\CortexM3\ARM_GCC_541\Debug\Lab2.a(ADC_theACLK.o)
 .debug_frame   0x00000cac      0x738 .\CortexM3\ARM_GCC_541\Debug\Lab2.a(CyLib.o)
 .debug_frame   0x000013e4      0x1f8 .\CortexM3\ARM_GCC_541\Debug\Lab2.a(cyPm.o)
 .debug_frame   0x000015dc       0x20 .\CortexM3\ARM_GCC_541\Debug\Lab2.a(cyutils.o)
 .debug_frame   0x000015fc      0x194 .\CortexM3\ARM_GCC_541\Debug\Lab2.a(CyFlash.o)
 .debug_frame   0x00001790      0x180 .\CortexM3\ARM_GCC_541\Debug\Lab2.a(CySpc.o)
 .debug_frame   0x00001910       0x20 d:/cypress/psoc creator/4.4/psoc creator/import/gnu/arm/5.4.1/bin/../lib/gcc/arm-none-eabi/5.4.1/../../../../arm-none-eabi/lib/armv7-m\libg_nano.a(lib_a-errno.o)
 .debug_frame   0x00001930       0x28 d:/cypress/psoc creator/4.4/psoc creator/import/gnu/arm/5.4.1/bin/../lib/gcc/arm-none-eabi/5.4.1/../../../../arm-none-eabi/lib/armv7-m\libg_nano.a(lib_a-exit.o)
 .debug_frame   0x00001958       0x2c d:/cypress/psoc creator/4.4/psoc creator/import/gnu/arm/5.4.1/bin/../lib/gcc/arm-none-eabi/5.4.1/../../../../arm-none-eabi/lib/armv7-m\libg_nano.a(lib_a-init.o)
 .debug_frame   0x00001984       0x28 d:/cypress/psoc creator/4.4/psoc creator/import/gnu/arm/5.4.1/bin/../lib/gcc/arm-none-eabi/5.4.1/../../../../arm-none-eabi/lib/armv7-m\libg_nano.a(lib_a-memcpy-stub.o)
 .debug_frame   0x000019ac       0x20 d:/cypress/psoc creator/4.4/psoc creator/import/gnu/arm/5.4.1/bin/../lib/gcc/arm-none-eabi/5.4.1/../../../../arm-none-eabi/lib/armv7-m\libg_nano.a(lib_a-memset.o)

.debug_str      0x00000000     0x1fb0
 *(.debug_str)
 .debug_str     0x00000000      0x2d7 .\CortexM3\ARM_GCC_541\Debug\main.o
                                0x327 (size before relaxing)
 .debug_str     0x000002d7      0x1c0 .\CortexM3\ARM_GCC_541\Debug\cyfitter_cfg.o
                                0x347 (size before relaxing)
 .debug_str     0x00000497       0x7f .\CortexM3\ARM_GCC_541\Debug\cymetadata.o
                                0x1d0 (size before relaxing)
 .debug_str     0x00000516      0x144 .\CortexM3\ARM_GCC_541\Debug\Cm3Start.o
                                0x2f6 (size before relaxing)
 .debug_str     0x0000065a       0x5a .\CortexM3\ARM_GCC_541\Debug\Lab2.a(GPIOJ11.o)
                                0x1d8 (size before relaxing)
 .debug_str     0x000006b4       0x4a .\CortexM3\ARM_GCC_541\Debug\Lab2.a(GPIOJ12.o)
                                0x1d8 (size before relaxing)
 .debug_str     0x000006fe       0x4a .\CortexM3\ARM_GCC_541\Debug\Lab2.a(GPIOJ13.o)
                                0x1d8 (size before relaxing)
 .debug_str     0x00000748      0x14a .\CortexM3\ARM_GCC_541\Debug\Lab2.a(LCD.o)
                                0x317 (size before relaxing)
 .debug_str     0x00000892      0x186 .\CortexM3\ARM_GCC_541\Debug\Lab2.a(Timer.o)
                                0x332 (size before relaxing)
 .debug_str     0x00000a18      0x124 .\CortexM3\ARM_GCC_541\Debug\Lab2.a(isr_timer.o)
                                0x2ca (size before relaxing)
 .debug_str     0x00000b3c      0x360 .\CortexM3\ARM_GCC_541\Debug\Lab2.a(ADC.o)
                                0x5b5 (size before relaxing)
 .debug_str     0x00000e9c       0x45 .\CortexM3\ARM_GCC_541\Debug\Lab2.a(ADC_INT.o)
                                0x1ac (size before relaxing)
 .debug_str     0x00000ee1       0x5f .\CortexM3\ARM_GCC_541\Debug\Lab2.a(ADC_AMux.o)
                                0x1eb (size before relaxing)
 .debug_str     0x00000f40      0x173 .\CortexM3\ARM_GCC_541\Debug\Lab2.a(ADC_Ext_CP_Clk.o)
                                0x32e (size before relaxing)
 .debug_str     0x000010b3      0x14f .\CortexM3\ARM_GCC_541\Debug\Lab2.a(ADC_theACLK.o)
                                0x34d (size before relaxing)
 .debug_str     0x00001202      0x7b4 .\CortexM3\ARM_GCC_541\Debug\Lab2.a(CyLib.o)
                                0xa33 (size before relaxing)
 .debug_str     0x000019b6      0x365 .\CortexM3\ARM_GCC_541\Debug\Lab2.a(cyPm.o)
                                0x71f (size before relaxing)
 .debug_str     0x00001d1b       0x2e .\CortexM3\ARM_GCC_541\Debug\Lab2.a(cyutils.o)
                                0x19e (size before relaxing)
 .debug_str     0x00001d49      0x1bb .\CortexM3\ARM_GCC_541\Debug\Lab2.a(CyFlash.o)
                                0x3ac (size before relaxing)
 .debug_str     0x00001f04       0xac .\CortexM3\ARM_GCC_541\Debug\Lab2.a(CySpc.o)
                                0x324 (size before relaxing)

.debug_loc      0x00000000     0x29e6
 *(.debug_loc)
 .debug_loc     0x00000000      0x109 .\CortexM3\ARM_GCC_541\Debug\main.o
 .debug_loc     0x00000109      0x219 .\CortexM3\ARM_GCC_541\Debug\cyfitter_cfg.o
 .debug_loc     0x00000322      0x144 .\CortexM3\ARM_GCC_541\Debug\Cm3Start.o
 .debug_loc     0x00000466       0x42 .\CortexM3\ARM_GCC_541\Debug\Lab2.a(GPIOJ11.o)
 .debug_loc     0x000004a8       0x42 .\CortexM3\ARM_GCC_541\Debug\Lab2.a(GPIOJ12.o)
 .debug_loc     0x000004ea       0x42 .\CortexM3\ARM_GCC_541\Debug\Lab2.a(GPIOJ13.o)
 .debug_loc     0x0000052c      0x3c6 .\CortexM3\ARM_GCC_541\Debug\Lab2.a(LCD.o)
 .debug_loc     0x000008f2       0x6b .\CortexM3\ARM_GCC_541\Debug\Lab2.a(Timer.o)
 .debug_loc     0x0000095d       0x56 .\CortexM3\ARM_GCC_541\Debug\Lab2.a(isr_timer.o)
 .debug_loc     0x000009b3      0x681 .\CortexM3\ARM_GCC_541\Debug\Lab2.a(ADC.o)
 .debug_loc     0x00001034       0x6c .\CortexM3\ARM_GCC_541\Debug\Lab2.a(ADC_AMux.o)
 .debug_loc     0x000010a0      0x12c .\CortexM3\ARM_GCC_541\Debug\Lab2.a(ADC_Ext_CP_Clk.o)
 .debug_loc     0x000011cc      0x14d .\CortexM3\ARM_GCC_541\Debug\Lab2.a(ADC_theACLK.o)
 .debug_loc     0x00001319      0xa11 .\CortexM3\ARM_GCC_541\Debug\Lab2.a(CyLib.o)
 .debug_loc     0x00001d2a      0x1e4 .\CortexM3\ARM_GCC_541\Debug\Lab2.a(cyPm.o)
 .debug_loc     0x00001f0e       0x21 .\CortexM3\ARM_GCC_541\Debug\Lab2.a(cyutils.o)
 .debug_loc     0x00001f2f      0x3b2 .\CortexM3\ARM_GCC_541\Debug\Lab2.a(CyFlash.o)
 .debug_loc     0x000022e1      0x705 .\CortexM3\ARM_GCC_541\Debug\Lab2.a(CySpc.o)

.debug_macinfo
 *(.debug_macinfo)

.debug_ranges   0x00000000      0x8c0
 *(.debug_ranges)
 .debug_ranges  0x00000000       0x40 .\CortexM3\ARM_GCC_541\Debug\main.o
 .debug_ranges  0x00000040       0x58 .\CortexM3\ARM_GCC_541\Debug\cyfitter_cfg.o
 .debug_ranges  0x00000098       0x38 .\CortexM3\ARM_GCC_541\Debug\Cm3Start.o
 .debug_ranges  0x000000d0       0x28 .\CortexM3\ARM_GCC_541\Debug\Lab2.a(GPIOJ11.o)
 .debug_ranges  0x000000f8       0x28 .\CortexM3\ARM_GCC_541\Debug\Lab2.a(GPIOJ12.o)
 .debug_ranges  0x00000120       0x28 .\CortexM3\ARM_GCC_541\Debug\Lab2.a(GPIOJ13.o)
 .debug_ranges  0x00000148       0x88 .\CortexM3\ARM_GCC_541\Debug\Lab2.a(LCD.o)
 .debug_ranges  0x000001d0       0x80 .\CortexM3\ARM_GCC_541\Debug\Lab2.a(Timer.o)
 .debug_ranges  0x00000250       0x70 .\CortexM3\ARM_GCC_541\Debug\Lab2.a(isr_timer.o)
 .debug_ranges  0x000002c0       0xd8 .\CortexM3\ARM_GCC_541\Debug\Lab2.a(ADC.o)
 .debug_ranges  0x00000398       0x28 .\CortexM3\ARM_GCC_541\Debug\Lab2.a(ADC_INT.o)
 .debug_ranges  0x000003c0       0x20 .\CortexM3\ARM_GCC_541\Debug\Lab2.a(ADC_AMux.o)
 .debug_ranges  0x000003e0       0x60 .\CortexM3\ARM_GCC_541\Debug\Lab2.a(ADC_Ext_CP_Clk.o)
 .debug_ranges  0x00000440       0x70 .\CortexM3\ARM_GCC_541\Debug\Lab2.a(ADC_theACLK.o)
 .debug_ranges  0x000004b0      0x290 .\CortexM3\ARM_GCC_541\Debug\Lab2.a(CyLib.o)
 .debug_ranges  0x00000740       0x88 .\CortexM3\ARM_GCC_541\Debug\Lab2.a(cyPm.o)
 .debug_ranges  0x000007c8       0x10 .\CortexM3\ARM_GCC_541\Debug\Lab2.a(cyutils.o)
 .debug_ranges  0x000007d8       0x78 .\CortexM3\ARM_GCC_541\Debug\Lab2.a(CyFlash.o)
 .debug_ranges  0x00000850       0x70 .\CortexM3\ARM_GCC_541\Debug\Lab2.a(CySpc.o)

.comment        0x00000000       0x6e
 .comment       0x00000000       0x6e .\CortexM3\ARM_GCC_541\Debug\main.o
                                 0x6f (size before relaxing)
 .comment       0x0000006e       0x6f .\CortexM3\ARM_GCC_541\Debug\cyfitter_cfg.o
 .comment       0x0000006e       0x6f .\CortexM3\ARM_GCC_541\Debug\cymetadata.o
 .comment       0x0000006e       0x6f .\CortexM3\ARM_GCC_541\Debug\Cm3Start.o
 .comment       0x0000006e       0x6f .\CortexM3\ARM_GCC_541\Debug\Lab2.a(GPIOJ11.o)
 .comment       0x0000006e       0x6f .\CortexM3\ARM_GCC_541\Debug\Lab2.a(GPIOJ12.o)
 .comment       0x0000006e       0x6f .\CortexM3\ARM_GCC_541\Debug\Lab2.a(GPIOJ13.o)
 .comment       0x0000006e       0x6f .\CortexM3\ARM_GCC_541\Debug\Lab2.a(LCD.o)
 .comment       0x0000006e       0x6f .\CortexM3\ARM_GCC_541\Debug\Lab2.a(Timer.o)
 .comment       0x0000006e       0x6f .\CortexM3\ARM_GCC_541\Debug\Lab2.a(isr_timer.o)
 .comment       0x0000006e       0x6f .\CortexM3\ARM_GCC_541\Debug\Lab2.a(ADC.o)
 .comment       0x0000006e       0x6f .\CortexM3\ARM_GCC_541\Debug\Lab2.a(ADC_INT.o)
 .comment       0x0000006e       0x6f .\CortexM3\ARM_GCC_541\Debug\Lab2.a(ADC_AMux.o)
 .comment       0x0000006e       0x6f .\CortexM3\ARM_GCC_541\Debug\Lab2.a(ADC_Ext_CP_Clk.o)
 .comment       0x0000006e       0x6f .\CortexM3\ARM_GCC_541\Debug\Lab2.a(ADC_theACLK.o)
 .comment       0x0000006e       0x6f .\CortexM3\ARM_GCC_541\Debug\Lab2.a(CyLib.o)
 .comment       0x0000006e       0x6f .\CortexM3\ARM_GCC_541\Debug\Lab2.a(cyPm.o)
 .comment       0x0000006e       0x6f .\CortexM3\ARM_GCC_541\Debug\Lab2.a(cyutils.o)
 .comment       0x0000006e       0x6f .\CortexM3\ARM_GCC_541\Debug\Lab2.a(CyFlash.o)
 .comment       0x0000006e       0x6f .\CortexM3\ARM_GCC_541\Debug\Lab2.a(CySpc.o)

.debug_weaknames
 *(.debug_weaknames)

.debug_funcnames
 *(.debug_funcnames)

.debug_typenames
 *(.debug_typenames)

.debug_varnames
 *(.debug_varnames)

.note.gnu.arm.ident
 *(.note.gnu.arm.ident)

.ARM.attributes
                0x00000000       0x29
 *(.ARM.attributes)
 .ARM.attributes
                0x00000000       0x1d d:/cypress/psoc creator/4.4/psoc creator/import/gnu/arm/5.4.1/bin/../lib/gcc/arm-none-eabi/5.4.1/armv7-m/crti.o
 .ARM.attributes
                0x0000001d       0x2d d:/cypress/psoc creator/4.4/psoc creator/import/gnu/arm/5.4.1/bin/../lib/gcc/arm-none-eabi/5.4.1/armv7-m/crtbegin.o
 .ARM.attributes
                0x0000004a       0x1b d:/cypress/psoc creator/4.4/psoc creator/import/gnu/arm/5.4.1/bin/../lib/gcc/arm-none-eabi/5.4.1/../../../../arm-none-eabi/lib/armv7-m/crt0.o
 .ARM.attributes
                0x00000065       0x33 .\CortexM3\ARM_GCC_541\Debug\main.o
 .ARM.attributes
                0x00000098       0x33 .\CortexM3\ARM_GCC_541\Debug\cyfitter_cfg.o
 .ARM.attributes
                0x000000cb       0x33 .\CortexM3\ARM_GCC_541\Debug\cymetadata.o
 .ARM.attributes
                0x000000fe       0x33 .\CortexM3\ARM_GCC_541\Debug\Cm3Start.o
 .ARM.attributes
                0x00000131       0x33 .\CortexM3\ARM_GCC_541\Debug\Lab2.a(GPIOJ11.o)
 .ARM.attributes
                0x00000164       0x33 .\CortexM3\ARM_GCC_541\Debug\Lab2.a(GPIOJ12.o)
 .ARM.attributes
                0x00000197       0x33 .\CortexM3\ARM_GCC_541\Debug\Lab2.a(GPIOJ13.o)
 .ARM.attributes
                0x000001ca       0x33 .\CortexM3\ARM_GCC_541\Debug\Lab2.a(LCD.o)
 .ARM.attributes
                0x000001fd       0x33 .\CortexM3\ARM_GCC_541\Debug\Lab2.a(Timer.o)
 .ARM.attributes
                0x00000230       0x33 .\CortexM3\ARM_GCC_541\Debug\Lab2.a(isr_timer.o)
 .ARM.attributes
                0x00000263       0x33 .\CortexM3\ARM_GCC_541\Debug\Lab2.a(ADC.o)
 .ARM.attributes
                0x00000296       0x33 .\CortexM3\ARM_GCC_541\Debug\Lab2.a(ADC_INT.o)
 .ARM.attributes
                0x000002c9       0x33 .\CortexM3\ARM_GCC_541\Debug\Lab2.a(ADC_AMux.o)
 .ARM.attributes
                0x000002fc       0x33 .\CortexM3\ARM_GCC_541\Debug\Lab2.a(ADC_Ext_CP_Clk.o)
 .ARM.attributes
                0x0000032f       0x33 .\CortexM3\ARM_GCC_541\Debug\Lab2.a(ADC_theACLK.o)
 .ARM.attributes
                0x00000362       0x33 .\CortexM3\ARM_GCC_541\Debug\Lab2.a(CyLib.o)
 .ARM.attributes
                0x00000395       0x33 .\CortexM3\ARM_GCC_541\Debug\Lab2.a(cyPm.o)
 .ARM.attributes
                0x000003c8       0x33 .\CortexM3\ARM_GCC_541\Debug\Lab2.a(cyutils.o)
 .ARM.attributes
                0x000003fb       0x21 .\CortexM3\ARM_GCC_541\Debug\Lab2.a(CyBootAsmGnu.o)
 .ARM.attributes
                0x0000041c       0x33 .\CortexM3\ARM_GCC_541\Debug\Lab2.a(CyFlash.o)
 .ARM.attributes
                0x0000044f       0x33 .\CortexM3\ARM_GCC_541\Debug\Lab2.a(CySpc.o)
 .ARM.attributes
                0x00000482       0x1d d:/cypress/psoc creator/4.4/psoc creator/import/gnu/arm/5.4.1/bin/../lib/gcc/arm-none-eabi/5.4.1/armv7-m\libgcc.a(_arm_addsubdf3.o)
 .ARM.attributes
                0x0000049f       0x1d d:/cypress/psoc creator/4.4/psoc creator/import/gnu/arm/5.4.1/bin/../lib/gcc/arm-none-eabi/5.4.1/armv7-m\libgcc.a(_arm_cmpdf2.o)
 .ARM.attributes
                0x000004bc       0x1d d:/cypress/psoc creator/4.4/psoc creator/import/gnu/arm/5.4.1/bin/../lib/gcc/arm-none-eabi/5.4.1/armv7-m\libgcc.a(_arm_addsubsf3.o)
 .ARM.attributes
                0x000004d9       0x1d d:/cypress/psoc creator/4.4/psoc creator/import/gnu/arm/5.4.1/bin/../lib/gcc/arm-none-eabi/5.4.1/armv7-m\libgcc.a(_arm_muldivsf3.o)
 .ARM.attributes
                0x000004f6       0x1d d:/cypress/psoc creator/4.4/psoc creator/import/gnu/arm/5.4.1/bin/../lib/gcc/arm-none-eabi/5.4.1/armv7-m\libgcc.a(_arm_fixunssfsi.o)
 .ARM.attributes
                0x00000513       0x2d d:/cypress/psoc creator/4.4/psoc creator/import/gnu/arm/5.4.1/bin/../lib/gcc/arm-none-eabi/5.4.1/../../../../arm-none-eabi/lib/armv7-m\libg_nano.a(lib_a-errno.o)
 .ARM.attributes
                0x00000540       0x2d d:/cypress/psoc creator/4.4/psoc creator/import/gnu/arm/5.4.1/bin/../lib/gcc/arm-none-eabi/5.4.1/../../../../arm-none-eabi/lib/armv7-m\libg_nano.a(lib_a-exit.o)
 .ARM.attributes
                0x0000056d       0x2d d:/cypress/psoc creator/4.4/psoc creator/import/gnu/arm/5.4.1/bin/../lib/gcc/arm-none-eabi/5.4.1/../../../../arm-none-eabi/lib/armv7-m\libg_nano.a(lib_a-impure.o)
 .ARM.attributes
                0x0000059a       0x2d d:/cypress/psoc creator/4.4/psoc creator/import/gnu/arm/5.4.1/bin/../lib/gcc/arm-none-eabi/5.4.1/../../../../arm-none-eabi/lib/armv7-m\libg_nano.a(lib_a-init.o)
 .ARM.attributes
                0x000005c7       0x2d d:/cypress/psoc creator/4.4/psoc creator/import/gnu/arm/5.4.1/bin/../lib/gcc/arm-none-eabi/5.4.1/../../../../arm-none-eabi/lib/armv7-m\libg_nano.a(lib_a-memcpy-stub.o)
 .ARM.attributes
                0x000005f4       0x2d d:/cypress/psoc creator/4.4/psoc creator/import/gnu/arm/5.4.1/bin/../lib/gcc/arm-none-eabi/5.4.1/../../../../arm-none-eabi/lib/armv7-m\libg_nano.a(lib_a-memset.o)
 .ARM.attributes
                0x00000621       0x2d d:/cypress/psoc creator/4.4/psoc creator/import/gnu/arm/5.4.1/bin/../lib/gcc/arm-none-eabi/5.4.1/armv7-m/crtend.o
 .ARM.attributes
                0x0000064e       0x1d d:/cypress/psoc creator/4.4/psoc creator/import/gnu/arm/5.4.1/bin/../lib/gcc/arm-none-eabi/5.4.1/armv7-m/crtn.o

/DISCARD/
 *(.note.GNU-stack)
OUTPUT(D:\Notes 202324\ELECH410\Labs\Lab2\Lab2.cydsn\CortexM3\ARM_GCC_541\Debug\Lab2.elf elf32-littlearm)
