Archive member included to satisfy reference by file (symbol)

.\CortexM3\ARM_GCC_541\Debug\Lab2.a(GPIOJ11.o)
                              .\CortexM3\ARM_GCC_541\Debug\main.o (GPIOJ11_Write)
.\CortexM3\ARM_GCC_541\Debug\Lab2.a(GPIOJ12.o)
                              .\CortexM3\ARM_GCC_541\Debug\main.o (GPIOJ12_Write)
.\CortexM3\ARM_GCC_541\Debug\Lab2.a(GPIOJ13.o)
                              .\CortexM3\ARM_GCC_541\Debug\main.o (GPIOJ13_Write)
.\CortexM3\ARM_GCC_541\Debug\Lab2.a(GPIOJ14.o)
                              .\CortexM3\ARM_GCC_541\Debug\main.o (GPIOJ14_Write)
.\CortexM3\ARM_GCC_541\Debug\Lab2.a(SW1.o)
                              .\CortexM3\ARM_GCC_541\Debug\main.o (SW1_ClearInterrupt)
.\CortexM3\ARM_GCC_541\Debug\Lab2.a(LED1.o)
                              .\CortexM3\ARM_GCC_541\Debug\main.o (LED1_Write)
.\CortexM3\ARM_GCC_541\Debug\Lab2.a(LED2.o)
                              .\CortexM3\ARM_GCC_541\Debug\main.o (LED2_Write)
.\CortexM3\ARM_GCC_541\Debug\Lab2.a(LED3.o)
                              .\CortexM3\ARM_GCC_541\Debug\main.o (LED3_Write)
.\CortexM3\ARM_GCC_541\Debug\Lab2.a(LED4.o)
                              .\CortexM3\ARM_GCC_541\Debug\main.o (LED4_Write)
.\CortexM3\ARM_GCC_541\Debug\Lab2.a(LCD.o)
                              .\CortexM3\ARM_GCC_541\Debug\main.o (LCD_PutChar)
.\CortexM3\ARM_GCC_541\Debug\Lab2.a(Timer.o)
                              .\CortexM3\ARM_GCC_541\Debug\main.o (Timer_ReadStatusRegister)
.\CortexM3\ARM_GCC_541\Debug\Lab2.a(isr_timer.o)
                              .\CortexM3\ARM_GCC_541\Debug\main.o (isr_timer_StartEx)
.\CortexM3\ARM_GCC_541\Debug\Lab2.a(ADC.o)
                              .\CortexM3\ARM_GCC_541\Debug\main.o (ADC_Start)
.\CortexM3\ARM_GCC_541\Debug\Lab2.a(ADC_INT.o)
                              .\CortexM3\ARM_GCC_541\Debug\Lab2.a(ADC.o) (ADC_ISR1)
.\CortexM3\ARM_GCC_541\Debug\Lab2.a(ADC_AMux.o)
                              .\CortexM3\ARM_GCC_541\Debug\Lab2.a(ADC.o) (ADC_AMux_Select)
.\CortexM3\ARM_GCC_541\Debug\Lab2.a(ADC_Ext_CP_Clk.o)
                              .\CortexM3\ARM_GCC_541\Debug\Lab2.a(ADC.o) (ADC_Ext_CP_Clk_SetModeRegister)
.\CortexM3\ARM_GCC_541\Debug\Lab2.a(ADC_theACLK.o)
                              .\CortexM3\ARM_GCC_541\Debug\Lab2.a(ADC.o) (ADC_theACLK_SetModeRegister)
.\CortexM3\ARM_GCC_541\Debug\Lab2.a(CyLib.o)
                              .\CortexM3\ARM_GCC_541\Debug\Cm3Start.o (CyHalt)
.\CortexM3\ARM_GCC_541\Debug\Lab2.a(cyPm.o)
                              .\CortexM3\ARM_GCC_541\Debug\main.o (CyPmAltAct)
.\CortexM3\ARM_GCC_541\Debug\Lab2.a(cyutils.o)
                              .\CortexM3\ARM_GCC_541\Debug\Lab2.a(Timer.o) (CySetReg24)
.\CortexM3\ARM_GCC_541\Debug\Lab2.a(CyBootAsmGnu.o)
                              .\CortexM3\ARM_GCC_541\Debug\cyfitter_cfg.o (CyDelayCycles)
.\CortexM3\ARM_GCC_541\Debug\Lab2.a(CyFlash.o)
                              .\CortexM3\ARM_GCC_541\Debug\Lab2.a(cyPm.o) (CyFlash_SetWaitCycles)
.\CortexM3\ARM_GCC_541\Debug\Lab2.a(CySpc.o)
                              .\CortexM3\ARM_GCC_541\Debug\Lab2.a(CyFlash.o) (CySpcStart)
d:/cypress/psoc creator/4.4/psoc creator/import/gnu/arm/5.4.1/bin/../lib/gcc/arm-none-eabi/5.4.1/armv7-m\libgcc.a(_arm_addsubdf3.o)
                              .\CortexM3\ARM_GCC_541\Debug\Lab2.a(ADC.o) (__aeabi_f2d)
d:/cypress/psoc creator/4.4/psoc creator/import/gnu/arm/5.4.1/bin/../lib/gcc/arm-none-eabi/5.4.1/armv7-m\libgcc.a(_arm_cmpdf2.o)
                              .\CortexM3\ARM_GCC_541\Debug\Lab2.a(ADC.o) (__aeabi_dcmpgt)
d:/cypress/psoc creator/4.4/psoc creator/import/gnu/arm/5.4.1/bin/../lib/gcc/arm-none-eabi/5.4.1/armv7-m\libgcc.a(_arm_addsubsf3.o)
                              .\CortexM3\ARM_GCC_541\Debug\Lab2.a(ADC.o) (__aeabi_ui2f)
d:/cypress/psoc creator/4.4/psoc creator/import/gnu/arm/5.4.1/bin/../lib/gcc/arm-none-eabi/5.4.1/armv7-m\libgcc.a(_arm_muldivsf3.o)
                              .\CortexM3\ARM_GCC_541\Debug\Lab2.a(ADC.o) (__aeabi_fmul)
d:/cypress/psoc creator/4.4/psoc creator/import/gnu/arm/5.4.1/bin/../lib/gcc/arm-none-eabi/5.4.1/armv7-m\libgcc.a(_arm_fixunssfsi.o)
                              .\CortexM3\ARM_GCC_541\Debug\Lab2.a(ADC.o) (__aeabi_f2uiz)
d:/cypress/psoc creator/4.4/psoc creator/import/gnu/arm/5.4.1/bin/../lib/gcc/arm-none-eabi/5.4.1/../../../../arm-none-eabi/lib/armv7-m\libg_nano.a(lib_a-errno.o)
                              .\CortexM3\ARM_GCC_541\Debug\Cm3Start.o (__errno)
d:/cypress/psoc creator/4.4/psoc creator/import/gnu/arm/5.4.1/bin/../lib/gcc/arm-none-eabi/5.4.1/../../../../arm-none-eabi/lib/armv7-m\libg_nano.a(lib_a-exit.o)
                              d:/cypress/psoc creator/4.4/psoc creator/import/gnu/arm/5.4.1/bin/../lib/gcc/arm-none-eabi/5.4.1/../../../../arm-none-eabi/lib/armv7-m/crt0.o (exit)
[...]
Memory Configuration

Name             Origin             Length             Attributes
rom              0x00000000         0x00040000         xr
ram              0x1fff8000         0x00010000         xrw
*default*        0x00000000         0xffffffff

Linker script and memory map

LOAD d:/cypress/psoc creator/4.4/psoc creator/import/gnu/arm/5.4.1/bin/../lib/gcc/arm-none-eabi/5.4.1/armv7-m/crti.o
LOAD d:/cypress/psoc creator/4.4/psoc creator/import/gnu/arm/5.4.1/bin/../lib/gcc/arm-none-eabi/5.4.1/armv7-m/crtbegin.o
LOAD d:/cypress/psoc creator/4.4/psoc creator/import/gnu/arm/5.4.1/bin/../lib/gcc/arm-none-eabi/5.4.1/../../../../arm-none-eabi/lib/armv7-m/crt0.o
START GROUP
LOAD .\CortexM3\ARM_GCC_541\Debug\main.o
LOAD .\CortexM3\ARM_GCC_541\Debug\cyfitter_cfg.o
LOAD .\CortexM3\ARM_GCC_541\Debug\cymetadata.o
LOAD .\CortexM3\ARM_GCC_541\Debug\Cm3Start.o
LOAD .\CortexM3\ARM_GCC_541\Debug\Lab2.a
LOAD D:\Cypress\PSoC Creator\4.4\PSoC Creator\psoc\content\cycomponentlibrary\CyComponentLibrary.cylib\CortexM3\ARM_GCC_541\Debug\CyComponentLibrary.a
END GROUP
START GROUP
LOAD d:/cypress/psoc creator/4.4/psoc creator/import/gnu/arm/5.4.1/bin/../lib/gcc/arm-none-eabi/5.4.1/armv7-m\libgcc.a
LOAD d:/cypress/psoc creator/4.4/psoc creator/import/gnu/arm/5.4.1/bin/../lib/gcc/arm-none-eabi/5.4.1/../../../../arm-none-eabi/lib/armv7-m\libg_nano.a
LOAD d:/cypress/psoc creator/4.4/psoc creator/import/gnu/arm/5.4.1/bin/../lib/gcc/arm-none-eabi/5.4.1/../../../../arm-none-eabi/lib/armv7-m\libc_nano.a
END GROUP
START GROUP
LOAD d:/cypress/psoc creator/4.4/psoc creator/import/gnu/arm/5.4.1/bin/../lib/gcc/arm-none-eabi/5.4.1/armv7-m\libgcc.a
LOAD d:/cypress/psoc creator/4.4/psoc creator/import/gnu/arm/5.4.1/bin/../lib/gcc/arm-none-eabi/5.4.1/../../../../arm-none-eabi/lib/armv7-m\libc_nano.a
END GROUP
LOAD d:/cypress/psoc creator/4.4/psoc creator/import/gnu/arm/5.4.1/bin/../lib/gcc/arm-none-eabi/5.4.1/armv7-m/crtend.o
LOAD d:/cypress/psoc creator/4.4/psoc creator/import/gnu/arm/5.4.1/bin/../lib/gcc/arm-none-eabi/5.4.1/armv7-m/crtn.o
START GROUP
LOAD d:/cypress/psoc creator/4.4/psoc creator/import/gnu/arm/5.4.1/bin/../lib/gcc/arm-none-eabi/5.4.1/armv7-m\libgcc.a
LOAD d:/cypress/psoc creator/4.4/psoc creator/import/gnu/arm/5.4.1/bin/../lib/gcc/arm-none-eabi/5.4.1/../../../../arm-none-eabi/lib/armv7-m\libc.a
LOAD d:/cypress/psoc creator/4.4/psoc creator/import/gnu/arm/5.4.1/bin/../lib/gcc/arm-none-eabi/5.4.1/../../../../arm-none-eabi/lib/armv7-m\libnosys.a
END GROUP
                0x00000000                CY_APPL_ORIGIN = 0x0
                0x00000100                CY_FLASH_ROW_SIZE = 0x100
                0x00000020                CY_ECC_ROW_SIZE = 0x20
                0x00000000                CY_EE_IN_BTLDR = 0x0
                0x00000000                CY_APPL_LOADABLE = 0x0
                0x00000800                CY_EE_SIZE = 0x800
                0x00000001                CY_APPL_NUM = 0x1
                0x00000001                CY_APPL_MAX = 0x1
                0x00000040                CY_METADATA_SIZE = 0x40
                0x00000000                CY_APPL_LOADABLE = 0x0
                0x00000000                CY_CHECKSUM_EXCLUDE_SIZE = ALIGN (0x0, CY_FLASH_ROW_SIZE)
                [!provide]                PROVIDE (__cy_heap_start, _end)
                0x00000001                PROVIDE (__cy_region_num, ((__cy_regions_end - __cy_regions) / 0x10))
                0x20008000                PROVIDE (__cy_stack, (ORIGIN (ram) + LENGTH (ram)))
                [!provide]                PROVIDE (__cy_heap_end, (__cy_stack - 0x800))

.cybootloader   0x00000000        0x0
 *(.cybootloader)
                0x00000000                appl1_start = CY_APPL_ORIGIN?CY_APPL_ORIGIN:ALIGN (CY_FLASH_ROW_SIZE)
                0x0001ff00                appl2_start = (appl1_start + ALIGN ((((LENGTH (rom) - appl1_start) - (0x2 * CY_FLASH_ROW_SIZE)) / 0x2), CY_FLASH_ROW_SIZE))
                0x00000000                appl_start = (CY_APPL_NUM == 0x1)?appl1_start:appl2_start
                0x00000000                ecc_offset = ((appl_start / CY_FLASH_ROW_SIZE) * CY_ECC_ROW_SIZE)
                0x00000000                ee_offset = (CY_APPL_LOADABLE && ! (CY_EE_IN_BTLDR))?((CY_EE_SIZE / CY_APPL_MAX) * (CY_APPL_NUM - 0x1)):0x0
                0x00000800                ee_size = (CY_APPL_LOADABLE && ! (CY_EE_IN_BTLDR))?(CY_EE_SIZE / CY_APPL_MAX):CY_EE_SIZE
                [!provide]                PROVIDE (CY_ECC_OFFSET, ecc_offset)

.text           0x00000000     0x165e
 CREATE_OBJECT_SYMBOLS
                0x00000000                PROVIDE (__cy_interrupt_vector, RomVectors)
 *(.romvectors)
 .romvectors    0x00000000       0x10 .\CortexM3\ARM_GCC_541\Debug\Cm3Start.o
                0x00000000                RomVectors
                0x00000001                ASSERT ((. != __cy_interrupt_vector), No interrupt vector)
                0x00000001                ASSERT (CY_APPL_ORIGIN?(SIZEOF (.cybootloader) <= CY_APPL_ORIGIN):0x1, Wrong image location)
                0x00000010                PROVIDE (__cy_reset, Reset)
 *(.text.Reset)
 .text.Reset    0x00000010       0x18 .\CortexM3\ARM_GCC_541\Debug\Cm3Start.o
                0x00000010                Reset
                0x00000001                ASSERT ((. != __cy_reset), No reset code)
 *(.dma_init)
                0x00000001                ASSERT ((((appl_start + .) <= 0x10000) || 0x1), DMA Init must be within the first 64k of flash)
 *(.text .text.* .gnu.linkonce.t.*)
 .text          0x00000028       0x5c d:/cypress/psoc creator/4.4/psoc creator/import/gnu/arm/5.4.1/bin/../lib/gcc/arm-none-eabi/5.4.1/armv7-m/crtbegin.o
 .text.handler  0x00000084       0x70 .\CortexM3\ARM_GCC_541\Debug\main.o
                0x00000084                handler
 .text.adc_task
                0x000000f4       0x1c .\CortexM3\ARM_GCC_541\Debug\main.o
                0x000000f4                adc_task
 .text.led_selector
                0x00000110       0x30 .\CortexM3\ARM_GCC_541\Debug\main.o
                0x00000110                led_selector
 .text.led_task
                0x00000140       0x78 .\CortexM3\ARM_GCC_541\Debug\main.o
                0x00000140                led_task
 .text.lcd_task
                0x000001b8       0xa4 .\CortexM3\ARM_GCC_541\Debug\main.o
                0x000001b8                lcd_task
 .text.select_task
                0x0000025c       0x1c .\CortexM3\ARM_GCC_541\Debug\main.o
                0x0000025c                select_task
 .text.event_sw1_task
                0x00000278       0x24 .\CortexM3\ARM_GCC_541\Debug\main.o
                0x00000278                event_sw1_task
 .text.main     0x0000029c       0x64 .\CortexM3\ARM_GCC_541\Debug\main.o
                0x0000029c                main
 .text.CyClockStartupError
                0x00000300        0x4 .\CortexM3\ARM_GCC_541\Debug\cyfitter_cfg.o
 .text.cfg_write_bytes32
                0x00000304       0x34 .\CortexM3\ARM_GCC_541\Debug\cyfitter_cfg.o
 .text.AnalogSetDefault
                0x00000338       0x38 .\CortexM3\ARM_GCC_541\Debug\cyfitter_cfg.o
 .text.CYMEMZERO
                0x00000370        0xc .\CortexM3\ARM_GCC_541\Debug\cyfitter_cfg.o
 .text.CYCONFIGCPY
                0x0000037c        0x8 .\CortexM3\ARM_GCC_541\Debug\cyfitter_cfg.o
 .text.ClockSetup
                0x00000384       0xe4 .\CortexM3\ARM_GCC_541\Debug\cyfitter_cfg.o
 .text.ADC_AMux_Set
                0x00000468       0x1c .\CortexM3\ARM_GCC_541\Debug\cyfitter_cfg.o
                0x00000468                ADC_AMux_Set
 .text.ADC_AMux_Unset
                0x00000484       0x1c .\CortexM3\ARM_GCC_541\Debug\cyfitter_cfg.o
                0x00000484                ADC_AMux_Unset
 .text.cyfitter_cfg
                0x000004a0      0x12c .\CortexM3\ARM_GCC_541\Debug\cyfitter_cfg.o
                0x000004a0                cyfitter_cfg
 .text.IntDefaultHandler
                0x000005cc       0x10 .\CortexM3\ARM_GCC_541\Debug\Cm3Start.o
                0x000005cc                IntDefaultHandler
 .text.Start_c  0x000005dc       0x4c .\CortexM3\ARM_GCC_541\Debug\Cm3Start.o
                0x000005dc                Start_c
 .text.initialize_psoc
                0x00000628       0x68 .\CortexM3\ARM_GCC_541\Debug\Cm3Start.o
                0x00000628                initialize_psoc
 .text.GPIOJ11_Write
                0x00000690       0x18 .\CortexM3\ARM_GCC_541\Debug\Lab2.a(GPIOJ11.o)
                0x00000690                GPIOJ11_Write
 .text.GPIOJ11_Read
                0x000006a8       0x10 .\CortexM3\ARM_GCC_541\Debug\Lab2.a(GPIOJ11.o)
                0x000006a8                GPIOJ11_Read
 .text.GPIOJ12_Write
                0x000006b8       0x18 .\CortexM3\ARM_GCC_541\Debug\Lab2.a(GPIOJ12.o)
                0x000006b8                GPIOJ12_Write
 .text.GPIOJ13_Write
                0x000006d0       0x18 .\CortexM3\ARM_GCC_541\Debug\Lab2.a(GPIOJ13.o)
                0x000006d0                GPIOJ13_Write
 .text.GPIOJ13_Read
                0x000006e8       0x10 .\CortexM3\ARM_GCC_541\Debug\Lab2.a(GPIOJ13.o)
                0x000006e8                GPIOJ13_Read
 .text.GPIOJ14_Write
                0x000006f8       0x18 .\CortexM3\ARM_GCC_541\Debug\Lab2.a(GPIOJ14.o)
                0x000006f8                GPIOJ14_Write
 .text.GPIOJ14_Read
                0x00000710       0x10 .\CortexM3\ARM_GCC_541\Debug\Lab2.a(GPIOJ14.o)
                0x00000710                GPIOJ14_Read
 .text.SW1_ClearInterrupt
                0x00000720       0x10 .\CortexM3\ARM_GCC_541\Debug\Lab2.a(SW1.o)
                0x00000720                SW1_ClearInterrupt
 .text.LED1_Write
                0x00000730       0x18 .\CortexM3\ARM_GCC_541\Debug\Lab2.a(LED1.o)
                0x00000730                LED1_Write
 .text.LED2_Write
                0x00000748       0x18 .\CortexM3\ARM_GCC_541\Debug\Lab2.a(LED2.o)
                0x00000748                LED2_Write
 .text.LED3_Write
                0x00000760       0x18 .\CortexM3\ARM_GCC_541\Debug\Lab2.a(LED3.o)
                0x00000760                LED3_Write
 .text.LED4_Write
                0x00000778       0x18 .\CortexM3\ARM_GCC_541\Debug\Lab2.a(LED4.o)
                0x00000778                LED4_Write
 .text.LCD_WrCntrlNib
                0x00000790       0x34 .\CortexM3\ARM_GCC_541\Debug\Lab2.a(LCD.o)
 .text.LCD_WrDatNib
                0x000007c4       0x44 .\CortexM3\ARM_GCC_541\Debug\Lab2.a(LCD.o)
 .text.LCD_IsReady
                0x00000808       0xe4 .\CortexM3\ARM_GCC_541\Debug\Lab2.a(LCD.o)
                0x00000808                LCD_IsReady
 .text.LCD_WriteData
                0x000008ec       0x18 .\CortexM3\ARM_GCC_541\Debug\Lab2.a(LCD.o)
                0x000008ec                LCD_WriteData
 .text.LCD_PrintString
                0x00000904       0x1c .\CortexM3\ARM_GCC_541\Debug\Lab2.a(LCD.o)
                0x00000904                LCD_PrintString
 .text.LCD_PutChar
                0x00000920        0x8 .\CortexM3\ARM_GCC_541\Debug\Lab2.a(LCD.o)
                0x00000920                LCD_PutChar
 .text.LCD_WriteControl
                0x00000928       0x18 .\CortexM3\ARM_GCC_541\Debug\Lab2.a(LCD.o)
                0x00000928                LCD_WriteControl
 .text.LCD_Init
                0x00000940       0x6c .\CortexM3\ARM_GCC_541\Debug\Lab2.a(LCD.o)
                0x00000940                LCD_Init
 .text.LCD_Position
                0x000009ac       0x3c .\CortexM3\ARM_GCC_541\Debug\Lab2.a(LCD.o)
                0x000009ac                LCD_Position
 .text.LCD_PrintU32Number
                0x000009e8       0x64 .\CortexM3\ARM_GCC_541\Debug\Lab2.a(LCD.o)
                0x000009e8                LCD_PrintU32Number
 .text.Timer_Enable
                0x00000a4c       0x10 .\CortexM3\ARM_GCC_541\Debug\Lab2.a(Timer.o)
                0x00000a4c                Timer_Enable
 .text.Timer_SetInterruptMode
                0x00000a5c        0xc .\CortexM3\ARM_GCC_541\Debug\Lab2.a(Timer.o)
                0x00000a5c                Timer_SetInterruptMode
 .text.Timer_ReadStatusRegister
                0x00000a68        0xc .\CortexM3\ARM_GCC_541\Debug\Lab2.a(Timer.o)
                0x00000a68                Timer_ReadStatusRegister
 .text.Timer_WritePeriod
                0x00000a74       0x10 .\CortexM3\ARM_GCC_541\Debug\Lab2.a(Timer.o)
                0x00000a74                Timer_WritePeriod
 .text.Timer_ReadCapture
                0x00000a84       0x10 .\CortexM3\ARM_GCC_541\Debug\Lab2.a(Timer.o)
                0x00000a84                Timer_ReadCapture
 .text.Timer_WriteCounter
                0x00000a94       0x10 .\CortexM3\ARM_GCC_541\Debug\Lab2.a(Timer.o)
                0x00000a94                Timer_WriteCounter
 .text.Timer_ClearFIFO
                0x00000aa4       0x14 .\CortexM3\ARM_GCC_541\Debug\Lab2.a(Timer.o)
                0x00000aa4                Timer_ClearFIFO
 .text.Timer_Init
                0x00000ab8       0x38 .\CortexM3\ARM_GCC_541\Debug\Lab2.a(Timer.o)
                0x00000ab8                Timer_Init
 .text.Timer_Start
                0x00000af0       0x1c .\CortexM3\ARM_GCC_541\Debug\Lab2.a(Timer.o)
                0x00000af0                Timer_Start
 .text.isr_timer_SetVector
                0x00000b0c        0xc .\CortexM3\ARM_GCC_541\Debug\Lab2.a(isr_timer.o)
                0x00000b0c                isr_timer_SetVector
 .text.isr_timer_SetPriority
                0x00000b18       0x10 .\CortexM3\ARM_GCC_541\Debug\Lab2.a(isr_timer.o)
                0x00000b18                isr_timer_SetPriority
 .text.isr_timer_Enable
                0x00000b28        0xc .\CortexM3\ARM_GCC_541\Debug\Lab2.a(isr_timer.o)
                0x00000b28                isr_timer_Enable
 .text.isr_timer_Disable
                0x00000b34        0xc .\CortexM3\ARM_GCC_541\Debug\Lab2.a(isr_timer.o)
                0x00000b34                isr_timer_Disable
 .text.isr_timer_StartEx
                0x00000b40       0x1c .\CortexM3\ARM_GCC_541\Debug\Lab2.a(isr_timer.o)
                0x00000b40                isr_timer_StartEx
 .text.ADC_GainCompensation
                0x00000b5c       0xe0 .\CortexM3\ARM_GCC_541\Debug\Lab2.a(ADC.o)
 .text.ADC_SetDSMRef0Reg
                0x00000c3c       0x4c .\CortexM3\ARM_GCC_541\Debug\Lab2.a(ADC.o)
 .text.ADC_InitConfig
                0x00000c88      0x328 .\CortexM3\ARM_GCC_541\Debug\Lab2.a(ADC.o)
 .text.ADC_Init
                0x00000fb0      0x108 .\CortexM3\ARM_GCC_541\Debug\Lab2.a(ADC.o)
                0x00000fb0                ADC_Init
 .text.ADC_Enable
                0x000010b8       0xd8 .\CortexM3\ARM_GCC_541\Debug\Lab2.a(ADC.o)
                0x000010b8                ADC_Enable
 .text.ADC_Start
                0x00001190       0x28 .\CortexM3\ARM_GCC_541\Debug\Lab2.a(ADC.o)
                0x00001190                ADC_Start
 .text.ADC_StartConvert
                0x000011b8       0x10 .\CortexM3\ARM_GCC_541\Debug\Lab2.a(ADC.o)
                0x000011b8                ADC_StartConvert
 .text.ADC_IsEndConversion
                0x000011c8       0x30 .\CortexM3\ARM_GCC_541\Debug\Lab2.a(ADC.o)
                0x000011c8                ADC_IsEndConversion
 .text.ADC_GetResult16
                0x000011f8       0x50 .\CortexM3\ARM_GCC_541\Debug\Lab2.a(ADC.o)
                0x000011f8                ADC_GetResult16
 .text.ADC_ISR1
                0x00001248        0x4 .\CortexM3\ARM_GCC_541\Debug\Lab2.a(ADC_INT.o)
                0x00001248                ADC_ISR1
 .text.ADC_ISR2
                0x0000124c        0x4 .\CortexM3\ARM_GCC_541\Debug\Lab2.a(ADC_INT.o)
                0x0000124c                ADC_ISR2
 .text.ADC_ISR3
                0x00001250        0x4 .\CortexM3\ARM_GCC_541\Debug\Lab2.a(ADC_INT.o)
                0x00001250                ADC_ISR3
 .text.ADC_ISR4
                0x00001254        0x4 .\CortexM3\ARM_GCC_541\Debug\Lab2.a(ADC_INT.o)
                0x00001254                ADC_ISR4
 .text.ADC_AMux_Start
                0x00001258       0x20 .\CortexM3\ARM_GCC_541\Debug\Lab2.a(ADC_AMux.o)
                0x00001258                ADC_AMux_Start
 .text.ADC_AMux_Select
                0x00001278       0x18 .\CortexM3\ARM_GCC_541\Debug\Lab2.a(ADC_AMux.o)
                0x00001278                ADC_AMux_Select
 .text.ADC_Ext_CP_Clk_GetDividerRegister
                0x00001290        0xc .\CortexM3\ARM_GCC_541\Debug\Lab2.a(ADC_Ext_CP_Clk.o)
                0x00001290                ADC_Ext_CP_Clk_GetDividerRegister
 .text.ADC_Ext_CP_Clk_SetModeRegister
                0x0000129c       0x14 .\CortexM3\ARM_GCC_541\Debug\Lab2.a(ADC_Ext_CP_Clk.o)
                0x0000129c                ADC_Ext_CP_Clk_SetModeRegister
 .text.ADC_Ext_CP_Clk_GetSourceRegister
                0x000012b0       0x10 .\CortexM3\ARM_GCC_541\Debug\Lab2.a(ADC_Ext_CP_Clk.o)
                0x000012b0                ADC_Ext_CP_Clk_GetSourceRegister
 .text.ADC_Ext_CP_Clk_SetDividerRegister
                0x000012c0       0xd8 .\CortexM3\ARM_GCC_541\Debug\Lab2.a(ADC_Ext_CP_Clk.o)
                0x000012c0                ADC_Ext_CP_Clk_SetDividerRegister
 .text.ADC_theACLK_GetDividerRegister
                0x00001398        0xc .\CortexM3\ARM_GCC_541\Debug\Lab2.a(ADC_theACLK.o)
                0x00001398                ADC_theACLK_GetDividerRegister
 .text.ADC_theACLK_SetModeRegister
                0x000013a4       0x14 .\CortexM3\ARM_GCC_541\Debug\Lab2.a(ADC_theACLK.o)
                0x000013a4                ADC_theACLK_SetModeRegister
 .text.ADC_theACLK_GetSourceRegister
                0x000013b8       0x10 .\CortexM3\ARM_GCC_541\Debug\Lab2.a(ADC_theACLK.o)
                0x000013b8                ADC_theACLK_GetSourceRegister
 .text.ADC_theACLK_SetDividerRegister
                0x000013c8       0xd8 .\CortexM3\ARM_GCC_541\Debug\Lab2.a(ADC_theACLK.o)
                0x000013c8                ADC_theACLK_SetDividerRegister
 .text.CyHalt   0x000014a0        0x4 .\CortexM3\ARM_GCC_541\Debug\Lab2.a(CyLib.o)
                0x000014a0                CyHalt
 .text.CyDelay  0x000014a4       0x2c .\CortexM3\ARM_GCC_541\Debug\Lab2.a(CyLib.o)
                0x000014a4                CyDelay
 .text.CyDelayUs
                0x000014d0       0x14 .\CortexM3\ARM_GCC_541\Debug\Lab2.a(CyLib.o)
                0x000014d0                CyDelayUs
 .text.CyIntSetVector
                0x000014e4       0x28 .\CortexM3\ARM_GCC_541\Debug\Lab2.a(CyLib.o)
                0x000014e4                CyIntSetVector
 .text.CyIntSetPriority
                0x0000150c       0x30 .\CortexM3\ARM_GCC_541\Debug\Lab2.a(CyLib.o)
                0x0000150c                CyIntSetPriority
 .text.CyPmAltAct
                0x0000153c       0x6c .\CortexM3\ARM_GCC_541\Debug\Lab2.a(cyPm.o)
                0x0000153c                CyPmAltAct
 .text.CySetReg24
                0x000015a8       0x14 .\CortexM3\ARM_GCC_541\Debug\Lab2.a(cyutils.o)
                0x000015a8                CySetReg24
 *fill*         0x000015bc        0x4 
 .text          0x000015c0       0x20 .\CortexM3\ARM_GCC_541\Debug\Lab2.a(CyBootAsmGnu.o)
                0x000015c0                CyDelayCycles
                0x000015d0                CyEnterCriticalSection
                0x000015d8                CyExitCriticalSection
 .text.__errno  0x000015e0        0xc d:/cypress/psoc creator/4.4/psoc creator/import/gnu/arm/5.4.1/bin/../lib/gcc/arm-none-eabi/5.4.1/../../../../arm-none-eabi/lib/armv7-m\libg_nano.a(lib_a-errno.o)
                0x000015e0                __errno
 .text.__libc_init_array
                0x000015ec       0x4c d:/cypress/psoc creator/4.4/psoc creator/import/gnu/arm/5.4.1/bin/../lib/gcc/arm-none-eabi/5.4.1/../../../../arm-none-eabi/lib/armv7-m\libg_nano.a(lib_a-init.o)
                0x000015ec                __libc_init_array
 .text.memcpy   0x00001638       0x16 d:/cypress/psoc creator/4.4/psoc creator/import/gnu/arm/5.4.1/bin/../lib/gcc/arm-none-eabi/5.4.1/../../../../arm-none-eabi/lib/armv7-m\libg_nano.a(lib_a-memcpy-stub.o)
                0x00001638                memcpy
 .text.memset   0x0000164e       0x10 d:/cypress/psoc creator/4.4/psoc creator/import/gnu/arm/5.4.1/bin/../lib/gcc/arm-none-eabi/5.4.1/../../../../arm-none-eabi/lib/armv7-m\libg_nano.a(lib_a-memset.o)
                0x0000164e                memset
 *(.plt)
 *(.gnu.warning)
 *(.glue_7t)
 .glue_7t       0x0000165e        0x0 linker stubs
 *(.glue_7)
 .glue_7        0x0000165e        0x0 linker stubs
 *(.vfp11_veneer)
 .vfp11_veneer  0x0000165e        0x0 linker stubs
 *(.bootloader)
 *(.ARM.extab* .gnu.linkonce.armextab.*)
 *(.gcc_except_table)

.v4_bx          0x00001660        0x0
 .v4_bx         0x00001660        0x0 linker stubs

.iplt           0x00001660        0x0
 .iplt          0x00001660        0x0 d:/cypress/psoc creator/4.4/psoc creator/import/gnu/arm/5.4.1/bin/../lib/gcc/arm-none-eabi/5.4.1/armv7-m/crtbegin.o

.eh_frame_hdr
 *(.eh_frame_hdr)

.eh_frame       0x00001660        0x4
 *(.eh_frame)
 .eh_frame      0x00001660        0x0 d:/cypress/psoc creator/4.4/psoc creator/import/gnu/arm/5.4.1/bin/../lib/gcc/arm-none-eabi/5.4.1/armv7-m/crtbegin.o
 .eh_frame      0x00001660        0x4 d:/cypress/psoc creator/4.4/psoc creator/import/gnu/arm/5.4.1/bin/../lib/gcc/arm-none-eabi/5.4.1/armv7-m/crtend.o
                [!provide]                PROVIDE (__exidx_start, .)

.ARM.exidx
 *(.ARM.exidx* .gnu.linkonce.armexidx.*)
                0x00001664                __exidx_end = .

.rodata         0x00001664       0x6c
 *(.rodata .rodata.* .gnu.linkonce.r.*)
 .rodata        0x00001664       0x30 .\CortexM3\ARM_GCC_541\Debug\cyfitter_cfg.o
                0x00001664                ADC_AMux__addrTable
                0x0000166c                ADC_AMux__maskTable
 .rodata.str1.1
                0x00001694        0x2 d:/cypress/psoc creator/4.4/psoc creator/import/gnu/arm/5.4.1/bin/../lib/gcc/arm-none-eabi/5.4.1/../../../../arm-none-eabi/lib/armv7-m\libg_nano.a(lib_a-impure.o)
                0x00001698                . = ALIGN (0x4)
 *fill*         0x00001696        0x2 
 *(.init)
 .init          0x00001698        0x4 d:/cypress/psoc creator/4.4/psoc creator/import/gnu/arm/5.4.1/bin/../lib/gcc/arm-none-eabi/5.4.1/armv7-m/crti.o
                0x00001698                _init
 .init          0x0000169c        0x8 d:/cypress/psoc creator/4.4/psoc creator/import/gnu/arm/5.4.1/bin/../lib/gcc/arm-none-eabi/5.4.1/armv7-m/crtn.o
                0x000016a4                . = ALIGN (0x4)
                0x000016a4                __preinit_array_start = .
 *(.preinit_array)
                0x000016a4                __preinit_array_end = .
                0x000016a4                . = ALIGN (0x4)
                0x000016a4                __init_array_start = .
 *(SORT(.init_array.*))
 *(.init_array)
 .init_array    0x000016a4        0x4 d:/cypress/psoc creator/4.4/psoc creator/import/gnu/arm/5.4.1/bin/../lib/gcc/arm-none-eabi/5.4.1/armv7-m/crtbegin.o
 .init_array    0x000016a8        0x4 .\CortexM3\ARM_GCC_541\Debug\Cm3Start.o
                0x000016ac                __init_array_end = .
                0x000016ac                . = ALIGN (0x4)
 *(.fini)
 .fini          0x000016ac        0x4 d:/cypress/psoc creator/4.4/psoc creator/import/gnu/arm/5.4.1/bin/../lib/gcc/arm-none-eabi/5.4.1/armv7-m/crti.o
                0x000016ac                _fini
 .fini          0x000016b0        0x8 d:/cypress/psoc creator/4.4/psoc creator/import/gnu/arm/5.4.1/bin/../lib/gcc/arm-none-eabi/5.4.1/armv7-m/crtn.o
                0x000016b8                . = ALIGN (0x4)
                0x000016b8                __fini_array_start = .
 *(.fini_array)
 .fini_array    0x000016b8        0x4 d:/cypress/psoc creator/4.4/psoc creator/import/gnu/arm/5.4.1/bin/../lib/gcc/arm-none-eabi/5.4.1/armv7-m/crtbegin.o
 *(SORT(.fini_array.*))
                0x000016bc                __fini_array_end = .
                0x000016bc                . = ALIGN (0x4)
 *crtbegin.o(.ctors)
 *(EXCLUDE_FILE(*crtend.o) .ctors)
 *(SORT(.ctors.*))
 *crtend.o(.ctors)
                0x000016bc                . = ALIGN (0x4)
 *crtbegin.o(.dtors)
 *(EXCLUDE_FILE(*crtend.o) .dtors)
 *(SORT(.dtors.*))
 *crtend.o(.dtors)
                0x000016bc                . = ALIGN (0x4)
                0x000016bc                __cy_regions = .
                0x000016bc        0x4 LONG 0x16d0 __cy_region_init_ram
                0x000016c0        0x4 LONG 0x1fff80c8 __cy_region_start_data
                0x000016c4        0x4 LONG 0xa0 __cy_region_init_size_ram
                0x000016c8        0x4 LONG 0x90 __cy_region_zero_size_ram
                0x000016cc                __cy_regions_end = .
                0x000016d0                . = ALIGN (0x8)
 *fill*         0x000016cc        0x4 
                0x000016d0                _etext = .

.cy_checksum_exclude
                0x000016d0        0x0
 *(.cy_checksum_exclude)

.ramvectors     0x1fff8000       0xc0
                0x1fff8000                __cy_region_start_ram = .
 *(.ramvectors)
 .ramvectors    0x1fff8000       0xc0 .\CortexM3\ARM_GCC_541\Debug\Cm3Start.o
                0x1fff8000                CyRamVectors

.noinit         0x1fff80c0        0x1
 *(.noinit)
 .noinit        0x1fff80c0        0x1 .\CortexM3\ARM_GCC_541\Debug\Lab2.a(CyLib.o)
                0x1fff80c0                CyResetStatus

.data           0x1fff80c8       0xa0 load address 0x000016d0
                0x1fff80c8                __cy_region_start_data = .
 *(.jcr)
 .jcr           0x1fff80c8        0x0 d:/cypress/psoc creator/4.4/psoc creator/import/gnu/arm/5.4.1/bin/../lib/gcc/arm-none-eabi/5.4.1/armv7-m/crtbegin.o
 .jcr           0x1fff80c8        0x4 d:/cypress/psoc creator/4.4/psoc creator/import/gnu/arm/5.4.1/bin/../lib/gcc/arm-none-eabi/5.4.1/armv7-m/crtend.o
 *(.got.plt)
 *(.got)
 *(.shdata)
 *(.data .data.* .gnu.linkonce.d.*)
 .data          0x1fff80cc       0x22 .\CortexM3\ARM_GCC_541\Debug\main.o
                0x1fff80cc                scheduler
                0x1fff80de                led_nber
                0x1fff80e0                msg
 .data          0x1fff80ee        0x1 .\CortexM3\ARM_GCC_541\Debug\Lab2.a(ADC.o)
                0x1fff80ee                ADC_Config
 .data          0x1fff80ef        0x1 .\CortexM3\ARM_GCC_541\Debug\Lab2.a(ADC_AMux.o)
 .data          0x1fff80f0       0x10 .\CortexM3\ARM_GCC_541\Debug\Lab2.a(CyLib.o)
                0x1fff80f0                cydelay_32k_ms
                0x1fff80f4                cydelay_freq_khz
                0x1fff80f8                cydelay_freq_mhz
                0x1fff80fc                cydelay_freq_hz
 .data.impure_data
                0x1fff8100       0x60 d:/cypress/psoc creator/4.4/psoc creator/import/gnu/arm/5.4.1/bin/../lib/gcc/arm-none-eabi/5.4.1/../../../../arm-none-eabi/lib/armv7-m\libg_nano.a(lib_a-impure.o)
 .data._impure_ptr
                0x1fff8160        0x4 d:/cypress/psoc creator/4.4/psoc creator/import/gnu/arm/5.4.1/bin/../lib/gcc/arm-none-eabi/5.4.1/../../../../arm-none-eabi/lib/armv7-m\libg_nano.a(lib_a-impure.o)
                0x1fff8160                _impure_ptr
                0x1fff8168                . = ALIGN (0x8)
 *fill*         0x1fff8164        0x4 
 *(.ram)
                0x1fff8168                _edata = .

.igot.plt       0x1fff8168        0x0 load address 0x00001770
 .igot.plt      0x1fff8168        0x0 d:/cypress/psoc creator/4.4/psoc creator/import/gnu/arm/5.4.1/bin/../lib/gcc/arm-none-eabi/5.4.1/armv7-m/crtbegin.o

.bss            0x1fff8168       0x90 load address 0x00001770
                0x1fff8168                PROVIDE (__bss_start__, .)
 *(.shbss)
 *(.bss .bss.* .gnu.linkonce.b.*)
 .bss           0x1fff8168       0x1c d:/cypress/psoc creator/4.4/psoc creator/import/gnu/arm/5.4.1/bin/../lib/gcc/arm-none-eabi/5.4.1/armv7-m/crtbegin.o
 .bss           0x1fff8184        0xf .\CortexM3\ARM_GCC_541\Debug\main.o
                0x1fff8184                counter
                0x1fff8188                flags
                0x1fff818c                adc_result
                0x1fff818e                led_count
                0x1fff8190                lcd_counter
                0x1fff8191                lcd_shift
                0x1fff8192                sw_count
 .bss           0x1fff8193        0x1 .\CortexM3\ARM_GCC_541\Debug\Lab2.a(Timer.o)
                0x1fff8193                Timer_initVar
 .bss           0x1fff8194       0x18 .\CortexM3\ARM_GCC_541\Debug\Lab2.a(ADC.o)
                0x1fff81a4                ADC_stopConversion
                0x1fff81a5                ADC_convDone
                0x1fff81a6                ADC_initVar
                0x1fff81a7                ADC_started
                0x1fff81a8                ADC_Offset
 .bss           0x1fff81ac       0x43 .\CortexM3\ARM_GCC_541\Debug\Lab2.a(cyPm.o)
 *(COMMON)
 *fill*         0x1fff81ef        0x1 
 COMMON         0x1fff81f0        0x4 .\CortexM3\ARM_GCC_541\Debug\Lab2.a(ADC.o)
                0x1fff81f0                ADC_CountsPerVolt
                0x1fff81f8                . = ALIGN (0x8)
 *fill*         0x1fff81f4        0x4 
 *(.ram.b)
                0x1fff81f8                _end = .
                0x1fff81f8                __end = .
                0x1fff81f8                PROVIDE (end, .)
                0x1fff81f8                PROVIDE (__bss_end__, .)
                0x000016d0                __cy_region_init_ram = LOADADDR (.data)
                0x000000a0                __cy_region_init_size_ram = (_edata - ADDR (.data))
                0x00000090                __cy_region_zero_size_ram = (_end - _edata)

.heap           0x1fff81f8       0x80 load address 0x00001770
                0x1fff81f8                . = _end
                0x1fff8278                . = (. + 0x80)
 *fill*         0x1fff81f8       0x80 
                0x1fff8278                __cy_heap_limit = .

.stack          0x20007800      0x800
                0x20007800                __cy_stack_limit = .
                0x20008000                . = (. + 0x800)
 *fill*         0x20007800      0x800 
                0x00000001                ASSERT ((__cy_stack_limit >= __cy_heap_limit), region RAM overflowed with stack)
                0x00000000                cy_checksum_exclude_size = (CY_APPL_LOADABLE == 0x1)?SIZEOF (.cy_checksum_exclude):0x0
                0x00000001                ASSERT ((cy_checksum_exclude_size <= CY_CHECKSUM_EXCLUDE_SIZE), CY_BOOT: Section .cy_checksum_exclude size exceedes specified limit.)

.cyloadermeta
 *(.cyloadermeta)

.cyloadablemeta
 *(.cyloadablemeta)

.cyconfigecc    0x80000000      0x19c
 *(.cyconfigecc)
 .cyconfigecc   0x80000000      0x19c .\CortexM3\ARM_GCC_541\Debug\cymetadata.o
                0x80000000                cy_meta_configecc

.cycustnvl      0x90000000        0x4
 *(.cycustnvl)
 .cycustnvl     0x90000000        0x4 .\CortexM3\ARM_GCC_541\Debug\cymetadata.o
                0x90000000                cy_meta_custnvl

.cywolatch      0x90100000        0x4
 *(.cywolatch)
 .cywolatch     0x90100000        0x4 .\CortexM3\ARM_GCC_541\Debug\cymetadata.o
                0x90100000                cy_meta_wonvl

.cyeeprom       0x90200000        0x0
 *(.cyeeprom)
                0x00000001                ASSERT ((. <= ((0x90200000 + ee_offset) + ee_size)), .cyeeprom data will not fit in EEPROM)

.cyflashprotect
                0x90400000      0x100
 *(.cyflashprotect)
 .cyflashprotect
                0x90400000      0x100 .\CortexM3\ARM_GCC_541\Debug\cymetadata.o
                0x90400000                cy_meta_flashprotect

.cymeta         0x90500000        0xc
 *(.cymeta)
 .cymeta        0x90500000        0xc .\CortexM3\ARM_GCC_541\Debug\cymetadata.o
                0x90500000                cy_metadata

.rel.dyn        0x00001770        0x0 load address 0x9050000c
 .rel.iplt      0x00001770        0x0 d:/cypress/psoc creator/4.4/psoc creator/import/gnu/arm/5.4.1/bin/../lib/gcc/arm-none-eabi/5.4.1/armv7-m/crtbegin.o

.stab
 *(.stab)

.stabstr
 *(.stabstr)

.debug
 *(.debug)

.line
 *(.line)

.debug_srcinfo
 *(.debug_srcinfo)

.debug_sfnames
 *(.debug_sfnames)

.debug_aranges  0x00000000      0xb90
 *(.debug_aranges)
 .debug_aranges
                0x00000000       0x58 .\CortexM3\ARM_GCC_541\Debug\main.o
 .debug_aranges
                0x00000058       0x68 .\CortexM3\ARM_GCC_541\Debug\cyfitter_cfg.o
 .debug_aranges
                0x000000c0       0x18 .\CortexM3\ARM_GCC_541\Debug\cymetadata.o
 .debug_aranges
                0x000000d8       0x48 .\CortexM3\ARM_GCC_541\Debug\Cm3Start.o
 .debug_aranges
                0x00000120       0x38 .\CortexM3\ARM_GCC_541\Debug\Lab2.a(GPIOJ11.o)
 .debug_aranges
                0x00000158       0x38 .\CortexM3\ARM_GCC_541\Debug\Lab2.a(GPIOJ12.o)
 .debug_aranges
                0x00000190       0x38 .\CortexM3\ARM_GCC_541\Debug\Lab2.a(GPIOJ13.o)
 .debug_aranges
                0x000001c8       0x38 .\CortexM3\ARM_GCC_541\Debug\Lab2.a(GPIOJ14.o)
 .debug_aranges
                0x00000200       0x48 .\CortexM3\ARM_GCC_541\Debug\Lab2.a(SW1.o)
 .debug_aranges
                0x00000248       0x38 .\CortexM3\ARM_GCC_541\Debug\Lab2.a(LED1.o)
 .debug_aranges
                0x00000280       0x38 .\CortexM3\ARM_GCC_541\Debug\Lab2.a(LED2.o)
 .debug_aranges
                0x000002b8       0x38 .\CortexM3\ARM_GCC_541\Debug\Lab2.a(LED3.o)
 .debug_aranges
                0x000002f0       0x38 .\CortexM3\ARM_GCC_541\Debug\Lab2.a(LED4.o)
 .debug_aranges
                0x00000328       0x98 .\CortexM3\ARM_GCC_541\Debug\Lab2.a(LCD.o)
 .debug_aranges
                0x000003c0       0x90 .\CortexM3\ARM_GCC_541\Debug\Lab2.a(Timer.o)
 .debug_aranges
                0x00000450       0x80 .\CortexM3\ARM_GCC_541\Debug\Lab2.a(isr_timer.o)
 .debug_aranges
                0x000004d0       0xe8 .\CortexM3\ARM_GCC_541\Debug\Lab2.a(ADC.o)
 .debug_aranges
                0x000005b8       0x38 .\CortexM3\ARM_GCC_541\Debug\Lab2.a(ADC_INT.o)
 .debug_aranges
                0x000005f0       0x30 .\CortexM3\ARM_GCC_541\Debug\Lab2.a(ADC_AMux.o)
 .debug_aranges
                0x00000620       0x70 .\CortexM3\ARM_GCC_541\Debug\Lab2.a(ADC_Ext_CP_Clk.o)
 .debug_aranges
                0x00000690       0x80 .\CortexM3\ARM_GCC_541\Debug\Lab2.a(ADC_theACLK.o)
 .debug_aranges
                0x00000710      0x2a0 .\CortexM3\ARM_GCC_541\Debug\Lab2.a(CyLib.o)
 .debug_aranges
                0x000009b0       0x98 .\CortexM3\ARM_GCC_541\Debug\Lab2.a(cyPm.o)
 .debug_aranges
                0x00000a48       0x20 .\CortexM3\ARM_GCC_541\Debug\Lab2.a(cyutils.o)
 .debug_aranges
                0x00000a68       0x20 .\CortexM3\ARM_GCC_541\Debug\Lab2.a(CyBootAsmGnu.o)
 .debug_aranges
                0x00000a88       0x88 .\CortexM3\ARM_GCC_541\Debug\Lab2.a(CyFlash.o)
 .debug_aranges
                0x00000b10       0x80 .\CortexM3\ARM_GCC_541\Debug\Lab2.a(CySpc.o)

.debug_pubnames
 *(.debug_pubnames)

.debug_info     0x00000000     0x6682
 *(.debug_info .gnu.linkonce.wi.*)
 .debug_info    0x00000000      0x5f1 .\CortexM3\ARM_GCC_541\Debug\main.o
 .debug_info    0x000005f1      0x60b .\CortexM3\ARM_GCC_541\Debug\cyfitter_cfg.o
 .debug_info    0x00000bfc      0x135 .\CortexM3\ARM_GCC_541\Debug\cymetadata.o
 .debug_info    0x00000d31      0x3bb .\CortexM3\ARM_GCC_541\Debug\Cm3Start.o
 .debug_info    0x000010ec      0x11f .\CortexM3\ARM_GCC_541\Debug\Lab2.a(GPIOJ11.o)
 .debug_info    0x0000120b      0x11f .\CortexM3\ARM_GCC_541\Debug\Lab2.a(GPIOJ12.o)
 .debug_info    0x0000132a      0x11f .\CortexM3\ARM_GCC_541\Debug\Lab2.a(GPIOJ13.o)
 .debug_info    0x00001449      0x11f .\CortexM3\ARM_GCC_541\Debug\Lab2.a(GPIOJ14.o)
 .debug_info    0x00001568      0x174 .\CortexM3\ARM_GCC_541\Debug\Lab2.a(SW1.o)
 .debug_info    0x000016dc      0x11f .\CortexM3\ARM_GCC_541\Debug\Lab2.a(LED1.o)
 .debug_info    0x000017fb      0x11f .\CortexM3\ARM_GCC_541\Debug\Lab2.a(LED2.o)
 .debug_info    0x0000191a      0x11f .\CortexM3\ARM_GCC_541\Debug\Lab2.a(LED3.o)
 .debug_info    0x00001a39      0x11f .\CortexM3\ARM_GCC_541\Debug\Lab2.a(LED4.o)
 .debug_info    0x00001b58      0x715 .\CortexM3\ARM_GCC_541\Debug\Lab2.a(LCD.o)
 .debug_info    0x0000226d      0x332 .\CortexM3\ARM_GCC_541\Debug\Lab2.a(Timer.o)
 .debug_info    0x0000259f      0x2d2 .\CortexM3\ARM_GCC_541\Debug\Lab2.a(isr_timer.o)
 .debug_info    0x00002871      0xbed .\CortexM3\ARM_GCC_541\Debug\Lab2.a(ADC.o)
 .debug_info    0x0000345e       0xd3 .\CortexM3\ARM_GCC_541\Debug\Lab2.a(ADC_INT.o)
 .debug_info    0x00003531      0x165 .\CortexM3\ARM_GCC_541\Debug\Lab2.a(ADC_AMux.o)
 .debug_info    0x00003696      0x283 .\CortexM3\ARM_GCC_541\Debug\Lab2.a(ADC_Ext_CP_Clk.o)
 .debug_info    0x00003919      0x2c4 .\CortexM3\ARM_GCC_541\Debug\Lab2.a(ADC_theACLK.o)
 .debug_info    0x00003bdd     0x1374 .\CortexM3\ARM_GCC_541\Debug\Lab2.a(CyLib.o)
 .debug_info    0x00004f51      0xa2a .\CortexM3\ARM_GCC_541\Debug\Lab2.a(cyPm.o)
 .debug_info    0x0000597b       0xee .\CortexM3\ARM_GCC_541\Debug\Lab2.a(cyutils.o)
 .debug_info    0x00005a69       0x7c .\CortexM3\ARM_GCC_541\Debug\Lab2.a(CyBootAsmGnu.o)
 .debug_info    0x00005ae5      0x64d .\CortexM3\ARM_GCC_541\Debug\Lab2.a(CyFlash.o)
 .debug_info    0x00006132      0x550 .\CortexM3\ARM_GCC_541\Debug\Lab2.a(CySpc.o)

.debug_abbrev   0x00000000     0x1c16
 *(.debug_abbrev)
 .debug_abbrev  0x00000000      0x171 .\CortexM3\ARM_GCC_541\Debug\main.o
 .debug_abbrev  0x00000171      0x21e .\CortexM3\ARM_GCC_541\Debug\cyfitter_cfg.o
 .debug_abbrev  0x0000038f       0x66 .\CortexM3\ARM_GCC_541\Debug\cymetadata.o
 .debug_abbrev  0x000003f5      0x1e8 .\CortexM3\ARM_GCC_541\Debug\Cm3Start.o
 .debug_abbrev  0x000005dd       0x90 .\CortexM3\ARM_GCC_541\Debug\Lab2.a(GPIOJ11.o)
 .debug_abbrev  0x0000066d       0x90 .\CortexM3\ARM_GCC_541\Debug\Lab2.a(GPIOJ12.o)
 .debug_abbrev  0x000006fd       0x90 .\CortexM3\ARM_GCC_541\Debug\Lab2.a(GPIOJ13.o)
 .debug_abbrev  0x0000078d       0x90 .\CortexM3\ARM_GCC_541\Debug\Lab2.a(GPIOJ14.o)
 .debug_abbrev  0x0000081d       0x90 .\CortexM3\ARM_GCC_541\Debug\Lab2.a(SW1.o)
 .debug_abbrev  0x000008ad       0x90 .\CortexM3\ARM_GCC_541\Debug\Lab2.a(LED1.o)
 .debug_abbrev  0x0000093d       0x90 .\CortexM3\ARM_GCC_541\Debug\Lab2.a(LED2.o)
 .debug_abbrev  0x000009cd       0x90 .\CortexM3\ARM_GCC_541\Debug\Lab2.a(LED3.o)
 .debug_abbrev  0x00000a5d       0x90 .\CortexM3\ARM_GCC_541\Debug\Lab2.a(LED4.o)
 .debug_abbrev  0x00000aed      0x157 .\CortexM3\ARM_GCC_541\Debug\Lab2.a(LCD.o)
 .debug_abbrev  0x00000c44      0x14b .\CortexM3\ARM_GCC_541\Debug\Lab2.a(Timer.o)
 .debug_abbrev  0x00000d8f      0x173 .\CortexM3\ARM_GCC_541\Debug\Lab2.a(isr_timer.o)
 .debug_abbrev  0x00000f02      0x1eb .\CortexM3\ARM_GCC_541\Debug\Lab2.a(ADC.o)
 .debug_abbrev  0x000010ed       0x42 .\CortexM3\ARM_GCC_541\Debug\Lab2.a(ADC_INT.o)
 .debug_abbrev  0x0000112f       0xb1 .\CortexM3\ARM_GCC_541\Debug\Lab2.a(ADC_AMux.o)
 .debug_abbrev  0x000011e0      0x139 .\CortexM3\ARM_GCC_541\Debug\Lab2.a(ADC_Ext_CP_Clk.o)
 .debug_abbrev  0x00001319      0x121 .\CortexM3\ARM_GCC_541\Debug\Lab2.a(ADC_theACLK.o)
 .debug_abbrev  0x0000143a      0x254 .\CortexM3\ARM_GCC_541\Debug\Lab2.a(CyLib.o)
 .debug_abbrev  0x0000168e      0x1ab .\CortexM3\ARM_GCC_541\Debug\Lab2.a(cyPm.o)
 .debug_abbrev  0x00001839       0x8e .\CortexM3\ARM_GCC_541\Debug\Lab2.a(cyutils.o)
 .debug_abbrev  0x000018c7       0x14 .\CortexM3\ARM_GCC_541\Debug\Lab2.a(CyBootAsmGnu.o)
 .debug_abbrev  0x000018db      0x1a7 .\CortexM3\ARM_GCC_541\Debug\Lab2.a(CyFlash.o)
 .debug_abbrev  0x00001a82      0x194 .\CortexM3\ARM_GCC_541\Debug\Lab2.a(CySpc.o)

.debug_line     0x00000000     0x2a6a
 *(.debug_line)
 .debug_line    0x00000000      0x2c6 .\CortexM3\ARM_GCC_541\Debug\main.o
 .debug_line    0x000002c6      0x1f1 .\CortexM3\ARM_GCC_541\Debug\cyfitter_cfg.o
 .debug_line    0x000004b7      0x119 .\CortexM3\ARM_GCC_541\Debug\cymetadata.o
 .debug_line    0x000005d0      0x20c .\CortexM3\ARM_GCC_541\Debug\Cm3Start.o
 .debug_line    0x000007dc       0x94 .\CortexM3\ARM_GCC_541\Debug\Lab2.a(GPIOJ11.o)
 .debug_line    0x00000870       0x94 .\CortexM3\ARM_GCC_541\Debug\Lab2.a(GPIOJ12.o)
 .debug_line    0x00000904       0x94 .\CortexM3\ARM_GCC_541\Debug\Lab2.a(GPIOJ13.o)
 .debug_line    0x00000998       0x94 .\CortexM3\ARM_GCC_541\Debug\Lab2.a(GPIOJ14.o)
 .debug_line    0x00000a2c       0xb4 .\CortexM3\ARM_GCC_541\Debug\Lab2.a(SW1.o)
 .debug_line    0x00000ae0       0x91 .\CortexM3\ARM_GCC_541\Debug\Lab2.a(LED1.o)
 .debug_line    0x00000b71       0x91 .\CortexM3\ARM_GCC_541\Debug\Lab2.a(LED2.o)
 .debug_line    0x00000c02       0x91 .\CortexM3\ARM_GCC_541\Debug\Lab2.a(LED3.o)
 .debug_line    0x00000c93       0x91 .\CortexM3\ARM_GCC_541\Debug\Lab2.a(LED4.o)
 .debug_line    0x00000d24      0x1dc .\CortexM3\ARM_GCC_541\Debug\Lab2.a(LCD.o)
 .debug_line    0x00000f00      0x170 .\CortexM3\ARM_GCC_541\Debug\Lab2.a(Timer.o)
 .debug_line    0x00001070      0x136 .\CortexM3\ARM_GCC_541\Debug\Lab2.a(isr_timer.o)
 .debug_line    0x000011a6      0x3c1 .\CortexM3\ARM_GCC_541\Debug\Lab2.a(ADC.o)
 .debug_line    0x00001567       0x80 .\CortexM3\ARM_GCC_541\Debug\Lab2.a(ADC_INT.o)
 .debug_line    0x000015e7       0xac .\CortexM3\ARM_GCC_541\Debug\Lab2.a(ADC_AMux.o)
 .debug_line    0x00001693      0x17d .\CortexM3\ARM_GCC_541\Debug\Lab2.a(ADC_Ext_CP_Clk.o)
 .debug_line    0x00001810      0x19d .\CortexM3\ARM_GCC_541\Debug\Lab2.a(ADC_theACLK.o)
 .debug_line    0x000019ad      0x816 .\CortexM3\ARM_GCC_541\Debug\Lab2.a(CyLib.o)
 .debug_line    0x000021c3      0x367 .\CortexM3\ARM_GCC_541\Debug\Lab2.a(cyPm.o)
 .debug_line    0x0000252a       0x60 .\CortexM3\ARM_GCC_541\Debug\Lab2.a(cyutils.o)
 .debug_line    0x0000258a       0x66 .\CortexM3\ARM_GCC_541\Debug\Lab2.a(CyBootAsmGnu.o)
 .debug_line    0x000025f0      0x21a .\CortexM3\ARM_GCC_541\Debug\Lab2.a(CyFlash.o)
 .debug_line    0x0000280a      0x260 .\CortexM3\ARM_GCC_541\Debug\Lab2.a(CySpc.o)

.debug_frame    0x00000000     0x1c04
 *(.debug_frame)
 .debug_frame   0x00000000       0xf8 .\CortexM3\ARM_GCC_541\Debug\main.o
 .debug_frame   0x000000f8      0x104 .\CortexM3\ARM_GCC_541\Debug\cyfitter_cfg.o
 .debug_frame   0x000001fc       0xb8 .\CortexM3\ARM_GCC_541\Debug\Cm3Start.o
 .debug_frame   0x000002b4       0x50 .\CortexM3\ARM_GCC_541\Debug\Lab2.a(GPIOJ11.o)
 .debug_frame   0x00000304       0x50 .\CortexM3\ARM_GCC_541\Debug\Lab2.a(GPIOJ12.o)
 .debug_frame   0x00000354       0x50 .\CortexM3\ARM_GCC_541\Debug\Lab2.a(GPIOJ13.o)
 .debug_frame   0x000003a4       0x50 .\CortexM3\ARM_GCC_541\Debug\Lab2.a(GPIOJ14.o)
 .debug_frame   0x000003f4       0x70 .\CortexM3\ARM_GCC_541\Debug\Lab2.a(SW1.o)
 .debug_frame   0x00000464       0x50 .\CortexM3\ARM_GCC_541\Debug\Lab2.a(LED1.o)
 .debug_frame   0x000004b4       0x50 .\CortexM3\ARM_GCC_541\Debug\Lab2.a(LED2.o)
 .debug_frame   0x00000504       0x50 .\CortexM3\ARM_GCC_541\Debug\Lab2.a(LED3.o)
 .debug_frame   0x00000554       0x50 .\CortexM3\ARM_GCC_541\Debug\Lab2.a(LED4.o)
 .debug_frame   0x000005a4      0x1e8 .\CortexM3\ARM_GCC_541\Debug\Lab2.a(LCD.o)
 .debug_frame   0x0000078c      0x13c .\CortexM3\ARM_GCC_541\Debug\Lab2.a(Timer.o)
 .debug_frame   0x000008c8      0x104 .\CortexM3\ARM_GCC_541\Debug\Lab2.a(isr_timer.o)
 .debug_frame   0x000009cc      0x284 .\CortexM3\ARM_GCC_541\Debug\Lab2.a(ADC.o)
 .debug_frame   0x00000c50       0x50 .\CortexM3\ARM_GCC_541\Debug\Lab2.a(ADC_INT.o)
 .debug_frame   0x00000ca0       0x64 .\CortexM3\ARM_GCC_541\Debug\Lab2.a(ADC_AMux.o)
 .debug_frame   0x00000d04       0xe0 .\CortexM3\ARM_GCC_541\Debug\Lab2.a(ADC_Ext_CP_Clk.o)
 .debug_frame   0x00000de4      0x100 .\CortexM3\ARM_GCC_541\Debug\Lab2.a(ADC_theACLK.o)
 .debug_frame   0x00000ee4      0x738 .\CortexM3\ARM_GCC_541\Debug\Lab2.a(CyLib.o)
 .debug_frame   0x0000161c      0x1f8 .\CortexM3\ARM_GCC_541\Debug\Lab2.a(cyPm.o)
 .debug_frame   0x00001814       0x20 .\CortexM3\ARM_GCC_541\Debug\Lab2.a(cyutils.o)
 .debug_frame   0x00001834      0x194 .\CortexM3\ARM_GCC_541\Debug\Lab2.a(CyFlash.o)
 .debug_frame   0x000019c8      0x180 .\CortexM3\ARM_GCC_541\Debug\Lab2.a(CySpc.o)
 .debug_frame   0x00001b48       0x20 d:/cypress/psoc creator/4.4/psoc creator/import/gnu/arm/5.4.1/bin/../lib/gcc/arm-none-eabi/5.4.1/../../../../arm-none-eabi/lib/armv7-m\libg_nano.a(lib_a-errno.o)
 .debug_frame   0x00001b68       0x28 d:/cypress/psoc creator/4.4/psoc creator/import/gnu/arm/5.4.1/bin/../lib/gcc/arm-none-eabi/5.4.1/../../../../arm-none-eabi/lib/armv7-m\libg_nano.a(lib_a-exit.o)
 .debug_frame   0x00001b90       0x2c d:/cypress/psoc creator/4.4/psoc creator/import/gnu/arm/5.4.1/bin/../lib/gcc/arm-none-eabi/5.4.1/../../../../arm-none-eabi/lib/armv7-m\libg_nano.a(lib_a-init.o)
 .debug_frame   0x00001bbc       0x28 d:/cypress/psoc creator/4.4/psoc creator/import/gnu/arm/5.4.1/bin/../lib/gcc/arm-none-eabi/5.4.1/../../../../arm-none-eabi/lib/armv7-m\libg_nano.a(lib_a-memcpy-stub.o)
 .debug_frame   0x00001be4       0x20 d:/cypress/psoc creator/4.4/psoc creator/import/gnu/arm/5.4.1/bin/../lib/gcc/arm-none-eabi/5.4.1/../../../../arm-none-eabi/lib/armv7-m\libg_nano.a(lib_a-memset.o)

.debug_str      0x00000000     0x220d
 *(.debug_str)
 .debug_str     0x00000000      0x366 .\CortexM3\ARM_GCC_541\Debug\main.o
                                0x3c1 (size before relaxing)
 .debug_str     0x00000366      0x1ba .\CortexM3\ARM_GCC_541\Debug\cyfitter_cfg.o
                                0x347 (size before relaxing)
 .debug_str     0x00000520       0x7f .\CortexM3\ARM_GCC_541\Debug\cymetadata.o
                                0x1d0 (size before relaxing)
 .debug_str     0x0000059f      0x144 .\CortexM3\ARM_GCC_541\Debug\Cm3Start.o
                                0x2f6 (size before relaxing)
 .debug_str     0x000006e3       0x5a .\CortexM3\ARM_GCC_541\Debug\Lab2.a(GPIOJ11.o)
                                0x1d8 (size before relaxing)
 .debug_str     0x0000073d       0x57 .\CortexM3\ARM_GCC_541\Debug\Lab2.a(GPIOJ12.o)
                                0x1d8 (size before relaxing)
 .debug_str     0x00000794       0x4a .\CortexM3\ARM_GCC_541\Debug\Lab2.a(GPIOJ13.o)
                                0x1d8 (size before relaxing)
 .debug_str     0x000007de       0x4a .\CortexM3\ARM_GCC_541\Debug\Lab2.a(GPIOJ14.o)
                                0x1d8 (size before relaxing)
 .debug_str     0x00000828       0x6f .\CortexM3\ARM_GCC_541\Debug\Lab2.a(SW1.o)
                                0x1fc (size before relaxing)
 .debug_str     0x00000897       0x4b .\CortexM3\ARM_GCC_541\Debug\Lab2.a(LED1.o)
                                0x1c9 (size before relaxing)
 .debug_str     0x000008e2       0x4b .\CortexM3\ARM_GCC_541\Debug\Lab2.a(LED2.o)
                                0x1c9 (size before relaxing)
 .debug_str     0x0000092d       0x4b .\CortexM3\ARM_GCC_541\Debug\Lab2.a(LED3.o)
                                0x1c9 (size before relaxing)
 .debug_str     0x00000978       0x4b .\CortexM3\ARM_GCC_541\Debug\Lab2.a(LED4.o)
                                0x1c9 (size before relaxing)
 .debug_str     0x000009c3      0x137 .\CortexM3\ARM_GCC_541\Debug\Lab2.a(LCD.o)
                                0x317 (size before relaxing)
 .debug_str     0x00000afa      0x186 .\CortexM3\ARM_GCC_541\Debug\Lab2.a(Timer.o)
                                0x332 (size before relaxing)
 .debug_str     0x00000c80      0x124 .\CortexM3\ARM_GCC_541\Debug\Lab2.a(isr_timer.o)
                                0x2ca (size before relaxing)
 .debug_str     0x00000da4      0x360 .\CortexM3\ARM_GCC_541\Debug\Lab2.a(ADC.o)
                                0x5b5 (size before relaxing)
 .debug_str     0x00001104       0x45 .\CortexM3\ARM_GCC_541\Debug\Lab2.a(ADC_INT.o)
                                0x1ac (size before relaxing)
 .debug_str     0x00001149       0x5f .\CortexM3\ARM_GCC_541\Debug\Lab2.a(ADC_AMux.o)
                                0x1eb (size before relaxing)
 .debug_str     0x000011a8      0x173 .\CortexM3\ARM_GCC_541\Debug\Lab2.a(ADC_Ext_CP_Clk.o)
                                0x32e (size before relaxing)
 .debug_str     0x0000131b      0x14f .\CortexM3\ARM_GCC_541\Debug\Lab2.a(ADC_theACLK.o)
                                0x34d (size before relaxing)
 .debug_str     0x0000146a      0x7b4 .\CortexM3\ARM_GCC_541\Debug\Lab2.a(CyLib.o)
                                0xa33 (size before relaxing)
 .debug_str     0x00001c1e      0x35a .\CortexM3\ARM_GCC_541\Debug\Lab2.a(cyPm.o)
                                0x71f (size before relaxing)
 .debug_str     0x00001f78       0x2e .\CortexM3\ARM_GCC_541\Debug\Lab2.a(cyutils.o)
                                0x19e (size before relaxing)
 .debug_str     0x00001fa6      0x1bb .\CortexM3\ARM_GCC_541\Debug\Lab2.a(CyFlash.o)
                                0x3ac (size before relaxing)
 .debug_str     0x00002161       0xac .\CortexM3\ARM_GCC_541\Debug\Lab2.a(CySpc.o)
                                0x324 (size before relaxing)

.debug_loc      0x00000000     0x2c67
 *(.debug_loc)
 .debug_loc     0x00000000      0x1bc .\CortexM3\ARM_GCC_541\Debug\main.o
 .debug_loc     0x000001bc      0x219 .\CortexM3\ARM_GCC_541\Debug\cyfitter_cfg.o
 .debug_loc     0x000003d5      0x144 .\CortexM3\ARM_GCC_541\Debug\Cm3Start.o
 .debug_loc     0x00000519       0x42 .\CortexM3\ARM_GCC_541\Debug\Lab2.a(GPIOJ11.o)
 .debug_loc     0x0000055b       0x42 .\CortexM3\ARM_GCC_541\Debug\Lab2.a(GPIOJ12.o)
 .debug_loc     0x0000059d       0x42 .\CortexM3\ARM_GCC_541\Debug\Lab2.a(GPIOJ13.o)
 .debug_loc     0x000005df       0x42 .\CortexM3\ARM_GCC_541\Debug\Lab2.a(GPIOJ14.o)
 .debug_loc     0x00000621       0x84 .\CortexM3\ARM_GCC_541\Debug\Lab2.a(SW1.o)
 .debug_loc     0x000006a5       0x42 .\CortexM3\ARM_GCC_541\Debug\Lab2.a(LED1.o)
 .debug_loc     0x000006e7       0x42 .\CortexM3\ARM_GCC_541\Debug\Lab2.a(LED2.o)
 .debug_loc     0x00000729       0x42 .\CortexM3\ARM_GCC_541\Debug\Lab2.a(LED3.o)
 .debug_loc     0x0000076b       0x42 .\CortexM3\ARM_GCC_541\Debug\Lab2.a(LED4.o)
 .debug_loc     0x000007ad      0x3c6 .\CortexM3\ARM_GCC_541\Debug\Lab2.a(LCD.o)
 .debug_loc     0x00000b73       0x6b .\CortexM3\ARM_GCC_541\Debug\Lab2.a(Timer.o)
 .debug_loc     0x00000bde       0x56 .\CortexM3\ARM_GCC_541\Debug\Lab2.a(isr_timer.o)
 .debug_loc     0x00000c34      0x681 .\CortexM3\ARM_GCC_541\Debug\Lab2.a(ADC.o)
 .debug_loc     0x000012b5       0x6c .\CortexM3\ARM_GCC_541\Debug\Lab2.a(ADC_AMux.o)
 .debug_loc     0x00001321      0x12c .\CortexM3\ARM_GCC_541\Debug\Lab2.a(ADC_Ext_CP_Clk.o)
 .debug_loc     0x0000144d      0x14d .\CortexM3\ARM_GCC_541\Debug\Lab2.a(ADC_theACLK.o)
 .debug_loc     0x0000159a      0xa11 .\CortexM3\ARM_GCC_541\Debug\Lab2.a(CyLib.o)
 .debug_loc     0x00001fab      0x1e4 .\CortexM3\ARM_GCC_541\Debug\Lab2.a(cyPm.o)
 .debug_loc     0x0000218f       0x21 .\CortexM3\ARM_GCC_541\Debug\Lab2.a(cyutils.o)
 .debug_loc     0x000021b0      0x3b2 .\CortexM3\ARM_GCC_541\Debug\Lab2.a(CyFlash.o)
 .debug_loc     0x00002562      0x705 .\CortexM3\ARM_GCC_541\Debug\Lab2.a(CySpc.o)

.debug_macinfo
 *(.debug_macinfo)

.debug_ranges   0x00000000      0x9c8
 *(.debug_ranges)
 .debug_ranges  0x00000000       0x48 .\CortexM3\ARM_GCC_541\Debug\main.o
 .debug_ranges  0x00000048       0x58 .\CortexM3\ARM_GCC_541\Debug\cyfitter_cfg.o
 .debug_ranges  0x000000a0       0x38 .\CortexM3\ARM_GCC_541\Debug\Cm3Start.o
 .debug_ranges  0x000000d8       0x28 .\CortexM3\ARM_GCC_541\Debug\Lab2.a(GPIOJ11.o)
 .debug_ranges  0x00000100       0x28 .\CortexM3\ARM_GCC_541\Debug\Lab2.a(GPIOJ12.o)
 .debug_ranges  0x00000128       0x28 .\CortexM3\ARM_GCC_541\Debug\Lab2.a(GPIOJ13.o)
 .debug_ranges  0x00000150       0x28 .\CortexM3\ARM_GCC_541\Debug\Lab2.a(GPIOJ14.o)
 .debug_ranges  0x00000178       0x38 .\CortexM3\ARM_GCC_541\Debug\Lab2.a(SW1.o)
 .debug_ranges  0x000001b0       0x28 .\CortexM3\ARM_GCC_541\Debug\Lab2.a(LED1.o)
 .debug_ranges  0x000001d8       0x28 .\CortexM3\ARM_GCC_541\Debug\Lab2.a(LED2.o)
 .debug_ranges  0x00000200       0x28 .\CortexM3\ARM_GCC_541\Debug\Lab2.a(LED3.o)
 .debug_ranges  0x00000228       0x28 .\CortexM3\ARM_GCC_541\Debug\Lab2.a(LED4.o)
 .debug_ranges  0x00000250       0x88 .\CortexM3\ARM_GCC_541\Debug\Lab2.a(LCD.o)
 .debug_ranges  0x000002d8       0x80 .\CortexM3\ARM_GCC_541\Debug\Lab2.a(Timer.o)
 .debug_ranges  0x00000358       0x70 .\CortexM3\ARM_GCC_541\Debug\Lab2.a(isr_timer.o)
 .debug_ranges  0x000003c8       0xd8 .\CortexM3\ARM_GCC_541\Debug\Lab2.a(ADC.o)
 .debug_ranges  0x000004a0       0x28 .\CortexM3\ARM_GCC_541\Debug\Lab2.a(ADC_INT.o)
 .debug_ranges  0x000004c8       0x20 .\CortexM3\ARM_GCC_541\Debug\Lab2.a(ADC_AMux.o)
 .debug_ranges  0x000004e8       0x60 .\CortexM3\ARM_GCC_541\Debug\Lab2.a(ADC_Ext_CP_Clk.o)
 .debug_ranges  0x00000548       0x70 .\CortexM3\ARM_GCC_541\Debug\Lab2.a(ADC_theACLK.o)
 .debug_ranges  0x000005b8      0x290 .\CortexM3\ARM_GCC_541\Debug\Lab2.a(CyLib.o)
 .debug_ranges  0x00000848       0x88 .\CortexM3\ARM_GCC_541\Debug\Lab2.a(cyPm.o)
 .debug_ranges  0x000008d0       0x10 .\CortexM3\ARM_GCC_541\Debug\Lab2.a(cyutils.o)
 .debug_ranges  0x000008e0       0x78 .\CortexM3\ARM_GCC_541\Debug\Lab2.a(CyFlash.o)
 .debug_ranges  0x00000958       0x70 .\CortexM3\ARM_GCC_541\Debug\Lab2.a(CySpc.o)

.comment        0x00000000       0x6e
 .comment       0x00000000       0x6e .\CortexM3\ARM_GCC_541\Debug\main.o
                                 0x6f (size before relaxing)
 .comment       0x0000006e       0x6f .\CortexM3\ARM_GCC_541\Debug\cyfitter_cfg.o
 .comment       0x0000006e       0x6f .\CortexM3\ARM_GCC_541\Debug\cymetadata.o
 .comment       0x0000006e       0x6f .\CortexM3\ARM_GCC_541\Debug\Cm3Start.o
 .comment       0x0000006e       0x6f .\CortexM3\ARM_GCC_541\Debug\Lab2.a(GPIOJ11.o)
 .comment       0x0000006e       0x6f .\CortexM3\ARM_GCC_541\Debug\Lab2.a(GPIOJ12.o)
 .comment       0x0000006e       0x6f .\CortexM3\ARM_GCC_541\Debug\Lab2.a(GPIOJ13.o)
 .comment       0x0000006e       0x6f .\CortexM3\ARM_GCC_541\Debug\Lab2.a(GPIOJ14.o)
 .comment       0x0000006e       0x6f .\CortexM3\ARM_GCC_541\Debug\Lab2.a(SW1.o)
 .comment       0x0000006e       0x6f .\CortexM3\ARM_GCC_541\Debug\Lab2.a(LED1.o)
 .comment       0x0000006e       0x6f .\CortexM3\ARM_GCC_541\Debug\Lab2.a(LED2.o)
 .comment       0x0000006e       0x6f .\CortexM3\ARM_GCC_541\Debug\Lab2.a(LED3.o)
 .comment       0x0000006e       0x6f .\CortexM3\ARM_GCC_541\Debug\Lab2.a(LED4.o)
 .comment       0x0000006e       0x6f .\CortexM3\ARM_GCC_541\Debug\Lab2.a(LCD.o)
 .comment       0x0000006e       0x6f .\CortexM3\ARM_GCC_541\Debug\Lab2.a(Timer.o)
 .comment       0x0000006e       0x6f .\CortexM3\ARM_GCC_541\Debug\Lab2.a(isr_timer.o)
 .comment       0x0000006e       0x6f .\CortexM3\ARM_GCC_541\Debug\Lab2.a(ADC.o)
 .comment       0x0000006e       0x6f .\CortexM3\ARM_GCC_541\Debug\Lab2.a(ADC_INT.o)
 .comment       0x0000006e       0x6f .\CortexM3\ARM_GCC_541\Debug\Lab2.a(ADC_AMux.o)
 .comment       0x0000006e       0x6f .\CortexM3\ARM_GCC_541\Debug\Lab2.a(ADC_Ext_CP_Clk.o)
 .comment       0x0000006e       0x6f .\CortexM3\ARM_GCC_541\Debug\Lab2.a(ADC_theACLK.o)
 .comment       0x0000006e       0x6f .\CortexM3\ARM_GCC_541\Debug\Lab2.a(CyLib.o)
 .comment       0x0000006e       0x6f .\CortexM3\ARM_GCC_541\Debug\Lab2.a(cyPm.o)
 .comment       0x0000006e       0x6f .\CortexM3\ARM_GCC_541\Debug\Lab2.a(cyutils.o)
 .comment       0x0000006e       0x6f .\CortexM3\ARM_GCC_541\Debug\Lab2.a(CyFlash.o)
 .comment       0x0000006e       0x6f .\CortexM3\ARM_GCC_541\Debug\Lab2.a(CySpc.o)

.debug_weaknames
 *(.debug_weaknames)

.debug_funcnames
 *(.debug_funcnames)

.debug_typenames
 *(.debug_typenames)

.debug_varnames
 *(.debug_varnames)

.note.gnu.arm.ident
 *(.note.gnu.arm.ident)

.ARM.attributes
                0x00000000       0x29
 *(.ARM.attributes)
 .ARM.attributes
                0x00000000       0x1d d:/cypress/psoc creator/4.4/psoc creator/import/gnu/arm/5.4.1/bin/../lib/gcc/arm-none-eabi/5.4.1/armv7-m/crti.o
 .ARM.attributes
                0x0000001d       0x2d d:/cypress/psoc creator/4.4/psoc creator/import/gnu/arm/5.4.1/bin/../lib/gcc/arm-none-eabi/5.4.1/armv7-m/crtbegin.o
 .ARM.attributes
                0x0000004a       0x1b d:/cypress/psoc creator/4.4/psoc creator/import/gnu/arm/5.4.1/bin/../lib/gcc/arm-none-eabi/5.4.1/../../../../arm-none-eabi/lib/armv7-m/crt0.o
 .ARM.attributes
                0x00000065       0x33 .\CortexM3\ARM_GCC_541\Debug\main.o
 .ARM.attributes
                0x00000098       0x33 .\CortexM3\ARM_GCC_541\Debug\cyfitter_cfg.o
 .ARM.attributes
                0x000000cb       0x33 .\CortexM3\ARM_GCC_541\Debug\cymetadata.o
 .ARM.attributes
                0x000000fe       0x33 .\CortexM3\ARM_GCC_541\Debug\Cm3Start.o
 .ARM.attributes
                0x00000131       0x33 .\CortexM3\ARM_GCC_541\Debug\Lab2.a(GPIOJ11.o)
 .ARM.attributes
                0x00000164       0x33 .\CortexM3\ARM_GCC_541\Debug\Lab2.a(GPIOJ12.o)
 .ARM.attributes
                0x00000197       0x33 .\CortexM3\ARM_GCC_541\Debug\Lab2.a(GPIOJ13.o)
 .ARM.attributes
                0x000001ca       0x33 .\CortexM3\ARM_GCC_541\Debug\Lab2.a(GPIOJ14.o)
 .ARM.attributes
                0x000001fd       0x33 .\CortexM3\ARM_GCC_541\Debug\Lab2.a(SW1.o)
 .ARM.attributes
                0x00000230       0x33 .\CortexM3\ARM_GCC_541\Debug\Lab2.a(LED1.o)
 .ARM.attributes
                0x00000263       0x33 .\CortexM3\ARM_GCC_541\Debug\Lab2.a(LED2.o)
 .ARM.attributes
                0x00000296       0x33 .\CortexM3\ARM_GCC_541\Debug\Lab2.a(LED3.o)
 .ARM.attributes
                0x000002c9       0x33 .\CortexM3\ARM_GCC_541\Debug\Lab2.a(LED4.o)
 .ARM.attributes
                0x000002fc       0x33 .\CortexM3\ARM_GCC_541\Debug\Lab2.a(LCD.o)
 .ARM.attributes
                0x0000032f       0x33 .\CortexM3\ARM_GCC_541\Debug\Lab2.a(Timer.o)
 .ARM.attributes
                0x00000362       0x33 .\CortexM3\ARM_GCC_541\Debug\Lab2.a(isr_timer.o)
 .ARM.attributes
                0x00000395       0x33 .\CortexM3\ARM_GCC_541\Debug\Lab2.a(ADC.o)
 .ARM.attributes
                0x000003c8       0x33 .\CortexM3\ARM_GCC_541\Debug\Lab2.a(ADC_INT.o)
 .ARM.attributes
                0x000003fb       0x33 .\CortexM3\ARM_GCC_541\Debug\Lab2.a(ADC_AMux.o)
 .ARM.attributes
                0x0000042e       0x33 .\CortexM3\ARM_GCC_541\Debug\Lab2.a(ADC_Ext_CP_Clk.o)
 .ARM.attributes
                0x00000461       0x33 .\CortexM3\ARM_GCC_541\Debug\Lab2.a(ADC_theACLK.o)
 .ARM.attributes
                0x00000494       0x33 .\CortexM3\ARM_GCC_541\Debug\Lab2.a(CyLib.o)
 .ARM.attributes
                0x000004c7       0x33 .\CortexM3\ARM_GCC_541\Debug\Lab2.a(cyPm.o)
 .ARM.attributes
                0x000004fa       0x33 .\CortexM3\ARM_GCC_541\Debug\Lab2.a(cyutils.o)
 .ARM.attributes
                0x0000052d       0x21 .\CortexM3\ARM_GCC_541\Debug\Lab2.a(CyBootAsmGnu.o)
 .ARM.attributes
                0x0000054e       0x33 .\CortexM3\ARM_GCC_541\Debug\Lab2.a(CyFlash.o)
 .ARM.attributes
                0x00000581       0x33 .\CortexM3\ARM_GCC_541\Debug\Lab2.a(CySpc.o)
 .ARM.attributes
                0x000005b4       0x1d d:/cypress/psoc creator/4.4/psoc creator/import/gnu/arm/5.4.1/bin/../lib/gcc/arm-none-eabi/5.4.1/armv7-m\libgcc.a(_arm_addsubdf3.o)
 .ARM.attributes
                0x000005d1       0x1d d:/cypress/psoc creator/4.4/psoc creator/import/gnu/arm/5.4.1/bin/../lib/gcc/arm-none-eabi/5.4.1/armv7-m\libgcc.a(_arm_cmpdf2.o)
 .ARM.attributes
                0x000005ee       0x1d d:/cypress/psoc creator/4.4/psoc creator/import/gnu/arm/5.4.1/bin/../lib/gcc/arm-none-eabi/5.4.1/armv7-m\libgcc.a(_arm_addsubsf3.o)
 .ARM.attributes
                0x0000060b       0x1d d:/cypress/psoc creator/4.4/psoc creator/import/gnu/arm/5.4.1/bin/../lib/gcc/arm-none-eabi/5.4.1/armv7-m\libgcc.a(_arm_muldivsf3.o)
 .ARM.attributes
                0x00000628       0x1d d:/cypress/psoc creator/4.4/psoc creator/import/gnu/arm/5.4.1/bin/../lib/gcc/arm-none-eabi/5.4.1/armv7-m\libgcc.a(_arm_fixunssfsi.o)
 .ARM.attributes
                0x00000645       0x2d d:/cypress/psoc creator/4.4/psoc creator/import/gnu/arm/5.4.1/bin/../lib/gcc/arm-none-eabi/5.4.1/../../../../arm-none-eabi/lib/armv7-m\libg_nano.a(lib_a-errno.o)
 .ARM.attributes
                0x00000672       0x2d d:/cypress/psoc creator/4.4/psoc creator/import/gnu/arm/5.4.1/bin/../lib/gcc/arm-none-eabi/5.4.1/../../../../arm-none-eabi/lib/armv7-m\libg_nano.a(lib_a-exit.o)
 .ARM.attributes
                0x0000069f       0x2d d:/cypress/psoc creator/4.4/psoc creator/import/gnu/arm/5.4.1/bin/../lib/gcc/arm-none-eabi/5.4.1/../../../../arm-none-eabi/lib/armv7-m\libg_nano.a(lib_a-impure.o)
 .ARM.attributes
                0x000006cc       0x2d d:/cypress/psoc creator/4.4/psoc creator/import/gnu/arm/5.4.1/bin/../lib/gcc/arm-none-eabi/5.4.1/../../../../arm-none-eabi/lib/armv7-m\libg_nano.a(lib_a-init.o)
 .ARM.attributes
                0x000006f9       0x2d d:/cypress/psoc creator/4.4/psoc creator/import/gnu/arm/5.4.1/bin/../lib/gcc/arm-none-eabi/5.4.1/../../../../arm-none-eabi/lib/armv7-m\libg_nano.a(lib_a-memcpy-stub.o)
 .ARM.attributes
                0x00000726       0x2d d:/cypress/psoc creator/4.4/psoc creator/import/gnu/arm/5.4.1/bin/../lib/gcc/arm-none-eabi/5.4.1/../../../../arm-none-eabi/lib/armv7-m\libg_nano.a(lib_a-memset.o)
 .ARM.attributes
                0x00000753       0x2d d:/cypress/psoc creator/4.4/psoc creator/import/gnu/arm/5.4.1/bin/../lib/gcc/arm-none-eabi/5.4.1/armv7-m/crtend.o
 .ARM.attributes
                0x00000780       0x1d d:/cypress/psoc creator/4.4/psoc creator/import/gnu/arm/5.4.1/bin/../lib/gcc/arm-none-eabi/5.4.1/armv7-m/crtn.o

/DISCARD/
 *(.note.GNU-stack)
OUTPUT(D:\Notes 202324\ELECH410\Labs\Lab2\Lab2.cydsn\CortexM3\ARM_GCC_541\Debug\Lab2.elf elf32-littlearm)
